*** Starting uWSGI 2.0.21 (64bit) on [Tue Jun 13 21:56:42 2023] ***
compiled with version: 11.2.0 on 28 March 2023 07:25:39
os: Linux-4.18.0-348.7.1.el8_5.x86_64 #1 SMP Wed Dec 22 13:25:12 UTC 2021
nodename: se-group3
machine: x86_64
clock source: unix
pcre jit disabled
detected number of CPU cores: 2
current working directory: /home/ourProject/soft-ware-project
writing pidfile to /home/ourProject/soft-ware-project/uwsgi.pid
detected binary path: /root/anaconda3/envs/software/bin/uwsgi
uWSGI running as root, you can use --uid/--gid/--chroot options
*** WARNING: you are running uWSGI as root !!! (use the --uid flag) *** 
chdir() to /home/ourProject/soft-ware-project
your processes number limit is 14820
your memory page size is 4096 bytes
detected max file descriptor number: 65535
lock engine: pthread robust mutexes
thunder lock: disabled (you can enable it with --thunder-lock)
probably another instance of uWSGI is running on the same address (127.0.0.1:8001).
bind(): Address already in use [core/socket.c line 769]
VACUUM: pidfile removed.
unlink(): No such file or directory [core/uwsgi.c line 1675]
*** Starting uWSGI 2.0.21 (64bit) on [Tue Jun 13 21:57:05 2023] ***
compiled with version: 11.2.0 on 28 March 2023 07:25:39
os: Linux-4.18.0-348.7.1.el8_5.x86_64 #1 SMP Wed Dec 22 13:25:12 UTC 2021
nodename: se-group3
machine: x86_64
clock source: unix
pcre jit disabled
detected number of CPU cores: 2
current working directory: /home/ourProject/soft-ware-project
writing pidfile to /home/ourProject/soft-ware-project/uwsgi.pid
detected binary path: /root/anaconda3/envs/software/bin/uwsgi
uWSGI running as root, you can use --uid/--gid/--chroot options
*** WARNING: you are running uWSGI as root !!! (use the --uid flag) *** 
chdir() to /home/ourProject/soft-ware-project
your processes number limit is 14820
your memory page size is 4096 bytes
detected max file descriptor number: 65535
lock engine: pthread robust mutexes
thunder lock: disabled (you can enable it with --thunder-lock)
probably another instance of uWSGI is running on the same address (127.0.0.1:8001).
bind(): Address already in use [core/socket.c line 769]
VACUUM: pidfile removed.
unlink(): No such file or directory [core/uwsgi.c line 1675]
SIGINT/SIGTERM received...killing workers...
worker 1 buried after 1 seconds
goodbye to uWSGI.
unlink(): No such file or directory [core/uwsgi.c line 1617]
unlink(): No such file or directory [core/uwsgi.c line 1675]
*** Starting uWSGI 2.0.21 (64bit) on [Tue Jun 13 21:57:21 2023] ***
compiled with version: 11.2.0 on 28 March 2023 07:25:39
os: Linux-4.18.0-348.7.1.el8_5.x86_64 #1 SMP Wed Dec 22 13:25:12 UTC 2021
nodename: se-group3
machine: x86_64
clock source: unix
pcre jit disabled
detected number of CPU cores: 2
current working directory: /home/ourProject/soft-ware-project
writing pidfile to /home/ourProject/soft-ware-project/uwsgi.pid
detected binary path: /root/anaconda3/envs/software/bin/uwsgi
uWSGI running as root, you can use --uid/--gid/--chroot options
*** WARNING: you are running uWSGI as root !!! (use the --uid flag) *** 
chdir() to /home/ourProject/soft-ware-project
your processes number limit is 14820
your memory page size is 4096 bytes
detected max file descriptor number: 65535
lock engine: pthread robust mutexes
thunder lock: disabled (you can enable it with --thunder-lock)
uwsgi socket 0 bound to TCP address 127.0.0.1:8001 fd 6
uWSGI running as root, you can use --uid/--gid/--chroot options
*** WARNING: you are running uWSGI as root !!! (use the --uid flag) *** 
Python version: 3.9.16 (main, Mar  8 2023, 14:00:05)  [GCC 11.2.0]
Python main interpreter initialized at 0x1966790
uWSGI running as root, you can use --uid/--gid/--chroot options
*** WARNING: you are running uWSGI as root !!! (use the --uid flag) *** 
python threads support enabled
your server socket listen backlog is limited to 100 connections
your mercy for graceful operations on workers is 60 seconds
mapped 166752 bytes (162 KB) for 2 cores
*** Operational MODE: threaded ***
WSGI app 0 (mountpoint='') ready in 0 seconds on interpreter 0x1966790 pid: 3799 (default app)
uWSGI running as root, you can use --uid/--gid/--chroot options
*** WARNING: you are running uWSGI as root !!! (use the --uid flag) *** 
*** uWSGI is running in multiple interpreter mode ***
spawned uWSGI master process (pid: 3799)
spawned uWSGI worker 1 (pid: 3800, cores: 2)
*** Stats server enabled on /home/ourProject/soft-ware-project/uwsgi.status fd: 12 ***
[pid: 3800|app: 0|req: 1/1] 219.239.227.168 () {60 vars in 1197 bytes} [Tue Jun 13 13:57:25 2023] GET /admin/ => generated 20780 bytes in 74 msecs (HTTP/1.1 200) 9 headers in 460 bytes (1 switches on core 0)
[pid: 3800|app: 0|req: 2/2] 219.239.227.168 () {58 vars in 1206 bytes} [Tue Jun 13 13:57:25 2023] GET /admin/myApp/user/ => generated 41824 bytes in 47 msecs (HTTP/1.1 200) 9 headers in 483 bytes (1 switches on core 1)
[pid: 3800|app: 0|req: 3/3] 219.239.227.168 () {56 vars in 1041 bytes} [Tue Jun 13 13:57:25 2023] GET /admin/jsi18n/ => generated 8398 bytes in 6 msecs (HTTP/1.1 200) 6 headers in 210 bytes (1 switches on core 0)
[pid: 3800|app: 0|req: 4/4] 219.239.227.168 () {60 vars in 1198 bytes} [Tue Jun 13 13:59:31 2023] GET /admin/ => generated 20780 bytes in 26 msecs (HTTP/1.1 200) 9 headers in 460 bytes (1 switches on core 1)
[pid: 3800|app: 0|req: 5/5] 219.239.227.168 () {58 vars in 1207 bytes} [Tue Jun 13 13:59:32 2023] GET /admin/myApp/user/ => generated 41824 bytes in 41 msecs (HTTP/1.1 200) 9 headers in 483 bytes (1 switches on core 0)
[pid: 3800|app: 0|req: 6/6] 219.239.227.168 () {56 vars in 1042 bytes} [Tue Jun 13 13:59:32 2023] GET /admin/jsi18n/ => generated 8398 bytes in 5 msecs (HTTP/1.1 200) 6 headers in 210 bytes (1 switches on core 1)
[pid: 3800|app: 0|req: 7/7] 219.239.227.168 () {60 vars in 1198 bytes} [Tue Jun 13 14:00:04 2023] GET /admin/ => generated 20780 bytes in 25 msecs (HTTP/1.1 200) 9 headers in 460 bytes (1 switches on core 0)
[pid: 3800|app: 0|req: 8/8] 219.239.227.168 () {60 vars in 1232 bytes} [Tue Jun 13 14:00:04 2023] GET /admin/myApp/user/ => generated 41824 bytes in 40 msecs (HTTP/1.1 200) 9 headers in 483 bytes (1 switches on core 1)
[pid: 3800|app: 0|req: 9/9] 219.239.227.168 () {56 vars in 1042 bytes} [Tue Jun 13 14:00:04 2023] GET /admin/jsi18n/ => generated 8398 bytes in 5 msecs (HTTP/1.1 200) 6 headers in 210 bytes (1 switches on core 0)
[pid: 3800|app: 0|req: 10/10] 219.239.227.168 () {60 vars in 1198 bytes} [Tue Jun 13 14:01:05 2023] GET /admin/ => generated 20780 bytes in 24 msecs (HTTP/1.1 200) 9 headers in 460 bytes (1 switches on core 1)
[pid: 3800|app: 0|req: 11/11] 219.239.227.168 () {58 vars in 1207 bytes} [Tue Jun 13 14:01:05 2023] GET /admin/myApp/user/ => generated 41824 bytes in 40 msecs (HTTP/1.1 200) 9 headers in 483 bytes (1 switches on core 0)
[pid: 3800|app: 0|req: 12/12] 219.239.227.168 () {56 vars in 1042 bytes} [Tue Jun 13 14:01:05 2023] GET /admin/jsi18n/ => generated 8398 bytes in 5 msecs (HTTP/1.1 200) 6 headers in 210 bytes (1 switches on core 1)
[pid: 3800|app: 0|req: 13/13] 219.239.227.168 () {60 vars in 1198 bytes} [Tue Jun 13 14:01:49 2023] GET /admin/ => generated 20780 bytes in 33 msecs (HTTP/1.1 200) 9 headers in 460 bytes (1 switches on core 0)
[pid: 3800|app: 0|req: 14/14] 219.239.227.168 () {58 vars in 1207 bytes} [Tue Jun 13 14:01:49 2023] GET /admin/myApp/user/ => generated 41824 bytes in 40 msecs (HTTP/1.1 200) 9 headers in 483 bytes (1 switches on core 1)
[pid: 3800|app: 0|req: 15/15] 219.239.227.168 () {56 vars in 1042 bytes} [Tue Jun 13 14:01:49 2023] GET /admin/jsi18n/ => generated 8398 bytes in 5 msecs (HTTP/1.1 200) 6 headers in 210 bytes (1 switches on core 0)
[pid: 3800|app: 0|req: 16/16] 219.239.227.168 () {60 vars in 1198 bytes} [Tue Jun 13 14:01:56 2023] GET /admin/ => generated 20780 bytes in 21 msecs (HTTP/1.1 200) 9 headers in 460 bytes (1 switches on core 1)
[pid: 3800|app: 0|req: 17/17] 219.239.227.168 () {58 vars in 1207 bytes} [Tue Jun 13 14:01:56 2023] GET /admin/myApp/user/ => generated 41824 bytes in 44 msecs (HTTP/1.1 200) 9 headers in 483 bytes (1 switches on core 0)
[pid: 3800|app: 0|req: 18/18] 219.239.227.168 () {56 vars in 1042 bytes} [Tue Jun 13 14:01:57 2023] GET /admin/jsi18n/ => generated 8398 bytes in 5 msecs (HTTP/1.1 200) 6 headers in 210 bytes (1 switches on core 1)
[pid: 3800|app: 0|req: 19/19] 219.239.227.168 () {60 vars in 1198 bytes} [Tue Jun 13 14:01:57 2023] GET /admin/ => generated 20780 bytes in 21 msecs (HTTP/1.1 200) 9 headers in 460 bytes (1 switches on core 0)
[pid: 3800|app: 0|req: 20/20] 219.239.227.168 () {58 vars in 1207 bytes} [Tue Jun 13 14:01:57 2023] GET /admin/myApp/user/ => generated 41824 bytes in 38 msecs (HTTP/1.1 200) 9 headers in 483 bytes (1 switches on core 1)
[pid: 3800|app: 0|req: 21/21] 219.239.227.168 () {56 vars in 1042 bytes} [Tue Jun 13 14:01:58 2023] GET /admin/jsi18n/ => generated 8398 bytes in 5 msecs (HTTP/1.1 200) 6 headers in 210 bytes (1 switches on core 0)
-------------------------
-------------------------
Internal Server Error: /myApp/question/recommend/
Traceback (most recent call last):
  File "/root/anaconda3/envs/software/lib/python3.9/site-packages/django/core/handlers/exception.py", line 47, in inner
    response = get_response(request)
  File "/root/anaconda3/envs/software/lib/python3.9/site-packages/django/core/handlers/base.py", line 181, in _get_response
    response = wrapped_callback(request, *callback_args, **callback_kwargs)
  File "/home/ourProject/soft-ware-project/./myApp/views.py", line 293, in recommend_question
    uid = int(request.GET.get('uid'))
TypeError: int() argument must be a string, a bytes-like object or a number, not 'NoneType'
Internal Server Error: /myApp/question/recommend/
Traceback (most recent call last):
  File "/root/anaconda3/envs/software/lib/python3.9/site-packages/django/core/handlers/exception.py", line 47, in inner
    response = get_response(request)
  File "/root/anaconda3/envs/software/lib/python3.9/site-packages/django/core/handlers/base.py", line 181, in _get_response
    response = wrapped_callback(request, *callback_args, **callback_kwargs)
  File "/home/ourProject/soft-ware-project/./myApp/views.py", line 293, in recommend_question
    uid = int(request.GET.get('uid'))
TypeError: int() argument must be a string, a bytes-like object or a number, not 'NoneType'
[pid: 3800|app: 0|req: 23/22] 219.239.227.196 () {42 vars in 966 bytes} [Tue Jun 13 14:02:13 2023] GET /myApp/question/recommend/?tags=%5B%5D => generated 54297 bytes in 54 msecs (HTTP/1.1 500) 6 headers in 207 bytes (1 switches on core 1)
[pid: 3800|app: 0|req: 23/23] 219.239.227.196 () {42 vars in 966 bytes} [Tue Jun 13 14:02:13 2023] GET /myApp/question/recommend/?tags=%5B%5D => generated 54297 bytes in 54 msecs (HTTP/1.1 500) 6 headers in 207 bytes (1 switches on core 0)
otjFq5f3-kgHushuG1TGSHakcfHw
['考研', '活动', '二手', '情感', '好物']
[]
[]
[pid: 3800|app: 0|req: 24/24] 219.239.227.196 () {42 vars in 1006 bytes} [Tue Jun 13 14:02:13 2023] GET /myApp/user/profile/?code=0f34Fq000Z5t9Q18td000ZxCGi14Fq00 => generated 557 bytes in 282 msecs (HTTP/1.1 200) 6 headers in 185 bytes (1 switches on core 1)
-------------------------
Internal Server Error: /myApp/question/recommend/
Traceback (most recent call last):
  File "/root/anaconda3/envs/software/lib/python3.9/site-packages/django/core/handlers/exception.py", line 47, in inner
    response = get_response(request)
  File "/root/anaconda3/envs/software/lib/python3.9/site-packages/django/core/handlers/base.py", line 181, in _get_response
    response = wrapped_callback(request, *callback_args, **callback_kwargs)
  File "/home/ourProject/soft-ware-project/./myApp/views.py", line 293, in recommend_question
    uid = int(request.GET.get('uid'))
TypeError: int() argument must be a string, a bytes-like object or a number, not 'NoneType'
[pid: 3800|app: 0|req: 25/25] 219.239.227.196 () {42 vars in 1230 bytes} [Tue Jun 13 14:02:19 2023] GET /myApp/question/recommend/?tags=%5B%22%E8%80%83%E7%A0%94%22%2C%22%E6%B4%BB%E5%8A%A8%22%2C%22%E4%BA%8C%E6%89%8B%22%2C%22%E6%83%85%E6%84%9F%22%2C%22%E5%A5%BD%E7%89%A9%22%5D => generated 55315 bytes in 16 msecs (HTTP/1.1 500) 6 headers in 207 bytes (1 switches on core 0)
-------------------------
Internal Server Error: /myApp/question/recommend/
Traceback (most recent call last):
  File "/root/anaconda3/envs/software/lib/python3.9/site-packages/django/core/handlers/exception.py", line 47, in inner
    response = get_response(request)
  File "/root/anaconda3/envs/software/lib/python3.9/site-packages/django/core/handlers/base.py", line 181, in _get_response
    response = wrapped_callback(request, *callback_args, **callback_kwargs)
  File "/home/ourProject/soft-ware-project/./myApp/views.py", line 293, in recommend_question
    uid = int(request.GET.get('uid'))
TypeError: int() argument must be a string, a bytes-like object or a number, not 'NoneType'
[pid: 3800|app: 0|req: 26/26] 219.239.227.148 () {50 vars in 974 bytes} [Tue Jun 13 14:02:26 2023] GET /myApp/question/recommend/?tags=%5B%5D => generated 54715 bytes in 16 msecs (HTTP/1.1 500) 6 headers in 207 bytes (1 switches on core 1)
-------------------------
Internal Server Error: /myApp/question/recommend/
Traceback (most recent call last):
  File "/root/anaconda3/envs/software/lib/python3.9/site-packages/django/core/handlers/exception.py", line 47, in inner
    response = get_response(request)
  File "/root/anaconda3/envs/software/lib/python3.9/site-packages/django/core/handlers/base.py", line 181, in _get_response
    response = wrapped_callback(request, *callback_args, **callback_kwargs)
  File "/home/ourProject/soft-ware-project/./myApp/views.py", line 293, in recommend_question
    uid = int(request.GET.get('uid'))
TypeError: int() argument must be a string, a bytes-like object or a number, not 'NoneType'
[pid: 3800|app: 0|req: 28/27] 219.239.227.148 () {50 vars in 974 bytes} [Tue Jun 13 14:02:26 2023] GET /myApp/question/recommend/?tags=%5B%5D => generated 54715 bytes in 16 msecs (HTTP/1.1 500) 6 headers in 207 bytes (1 switches on core 1)
otjFq5QOisOb-9Ze0aV_Qmc9VDwA
Internal Server Error: /myApp/user/profile/
Traceback (most recent call last):
  File "/root/anaconda3/envs/software/lib/python3.9/site-packages/django/core/handlers/exception.py", line 47, in inner
    response = get_response(request)
  File "/root/anaconda3/envs/software/lib/python3.9/site-packages/django/core/handlers/base.py", line 181, in _get_response
    response = wrapped_callback(request, *callback_args, **callback_kwargs)
  File "/home/ourProject/soft-ware-project/./myApp/views.py", line 124, in get_user_all_info
    user.changeName("momo" + user.UID)
TypeError: can only concatenate str (not "int") to str
[pid: 3800|app: 0|req: 28/28] 219.239.227.148 () {50 vars in 1014 bytes} [Tue Jun 13 14:02:26 2023] GET /myApp/user/profile/?code=0a1uCD0w3sq3P03NXQ2w3TyB890uCD0l => generated 56116 bytes in 240 msecs (HTTP/1.1 500) 6 headers in 207 bytes (1 switches on core 0)
[pid: 3800|app: 0|req: 29/29] 219.239.227.168 () {60 vars in 1198 bytes} [Tue Jun 13 14:02:28 2023] GET /admin/ => generated 20780 bytes in 24 msecs (HTTP/1.1 200) 9 headers in 460 bytes (1 switches on core 1)
[pid: 3800|app: 0|req: 30/30] 219.239.227.168 () {58 vars in 1207 bytes} [Tue Jun 13 14:02:28 2023] GET /admin/myApp/user/ => generated 42888 bytes in 41 msecs (HTTP/1.1 200) 9 headers in 483 bytes (1 switches on core 0)
[pid: 3800|app: 0|req: 31/31] 219.239.227.168 () {56 vars in 1042 bytes} [Tue Jun 13 14:02:29 2023] GET /admin/jsi18n/ => generated 8398 bytes in 5 msecs (HTTP/1.1 200) 6 headers in 210 bytes (1 switches on core 1)
[pid: 3800|app: 0|req: 32/32] 219.239.227.168 () {60 vars in 1198 bytes} [Tue Jun 13 14:02:36 2023] GET /admin/ => generated 20780 bytes in 24 msecs (HTTP/1.1 200) 9 headers in 460 bytes (1 switches on core 0)
[pid: 3800|app: 0|req: 33/33] 219.239.227.168 () {60 vars in 1232 bytes} [Tue Jun 13 14:02:36 2023] GET /admin/myApp/user/ => generated 42888 bytes in 39 msecs (HTTP/1.1 200) 9 headers in 483 bytes (1 switches on core 1)
[pid: 3800|app: 0|req: 34/34] 219.239.227.168 () {56 vars in 1042 bytes} [Tue Jun 13 14:02:36 2023] GET /admin/jsi18n/ => generated 8398 bytes in 5 msecs (HTTP/1.1 200) 6 headers in 210 bytes (1 switches on core 0)
[pid: 3800|app: 0|req: 35/35] 219.239.227.168 () {60 vars in 1198 bytes} [Tue Jun 13 14:02:37 2023] GET /admin/ => generated 20780 bytes in 23 msecs (HTTP/1.1 200) 9 headers in 460 bytes (1 switches on core 1)
[pid: 3800|app: 0|req: 36/36] 219.239.227.168 () {60 vars in 1232 bytes} [Tue Jun 13 14:02:37 2023] GET /admin/myApp/user/ => generated 42888 bytes in 41 msecs (HTTP/1.1 200) 9 headers in 483 bytes (1 switches on core 0)
[pid: 3800|app: 0|req: 37/37] 219.239.227.168 () {56 vars in 1042 bytes} [Tue Jun 13 14:02:37 2023] GET /admin/jsi18n/ => generated 8398 bytes in 5 msecs (HTTP/1.1 200) 6 headers in 210 bytes (1 switches on core 1)
[pid: 3800|app: 0|req: 38/38] 219.239.227.168 () {60 vars in 1198 bytes} [Tue Jun 13 14:02:38 2023] GET /admin/ => generated 20780 bytes in 20 msecs (HTTP/1.1 200) 9 headers in 460 bytes (1 switches on core 0)
[pid: 3800|app: 0|req: 39/39] 219.239.227.168 () {60 vars in 1232 bytes} [Tue Jun 13 14:02:38 2023] GET /admin/myApp/user/ => generated 42888 bytes in 41 msecs (HTTP/1.1 200) 9 headers in 483 bytes (1 switches on core 1)
[pid: 3800|app: 0|req: 40/40] 219.239.227.168 () {56 vars in 1042 bytes} [Tue Jun 13 14:02:38 2023] GET /admin/jsi18n/ => generated 8398 bytes in 4 msecs (HTTP/1.1 200) 6 headers in 210 bytes (1 switches on core 0)
[pid: 3800|app: 0|req: 41/41] 219.239.227.168 () {60 vars in 1198 bytes} [Tue Jun 13 14:02:47 2023] GET /admin/ => generated 20780 bytes in 23 msecs (HTTP/1.1 200) 9 headers in 460 bytes (1 switches on core 1)
[pid: 3800|app: 0|req: 42/42] 219.239.227.168 () {58 vars in 1207 bytes} [Tue Jun 13 14:02:47 2023] GET /admin/myApp/user/ => generated 42888 bytes in 53 msecs (HTTP/1.1 200) 9 headers in 483 bytes (1 switches on core 0)
[pid: 3800|app: 0|req: 43/43] 219.239.227.168 () {56 vars in 1042 bytes} [Tue Jun 13 14:02:47 2023] GET /admin/jsi18n/ => generated 8398 bytes in 4 msecs (HTTP/1.1 200) 6 headers in 210 bytes (1 switches on core 1)
[pid: 3800|app: 0|req: 44/44] 219.239.227.168 () {60 vars in 1198 bytes} [Tue Jun 13 14:02:48 2023] GET /admin/ => generated 20780 bytes in 28 msecs (HTTP/1.1 200) 9 headers in 460 bytes (1 switches on core 0)
[pid: 3800|app: 0|req: 45/45] 219.239.227.168 () {58 vars in 1207 bytes} [Tue Jun 13 14:02:48 2023] GET /admin/myApp/user/ => generated 42888 bytes in 42 msecs (HTTP/1.1 200) 9 headers in 483 bytes (1 switches on core 1)
[pid: 3800|app: 0|req: 46/46] 219.239.227.168 () {56 vars in 1042 bytes} [Tue Jun 13 14:02:48 2023] GET /admin/jsi18n/ => generated 8398 bytes in 5 msecs (HTTP/1.1 200) 6 headers in 210 bytes (1 switches on core 0)
0
Internal Server Error: /myApp/user/changeInfo/
Traceback (most recent call last):
  File "/root/anaconda3/envs/software/lib/python3.9/site-packages/django/core/handlers/exception.py", line 47, in inner
    response = get_response(request)
  File "/root/anaconda3/envs/software/lib/python3.9/site-packages/django/core/handlers/base.py", line 181, in _get_response
    response = wrapped_callback(request, *callback_args, **callback_kwargs)
  File "/root/anaconda3/envs/software/lib/python3.9/site-packages/django/views/decorators/csrf.py", line 54, in wrapped_view
    return view_func(*args, **kwargs)
  File "/home/ourProject/soft-ware-project/./myApp/views.py", line 218, in edit_user_info
    user = User.objects.get(UID=uid)
  File "/root/anaconda3/envs/software/lib/python3.9/site-packages/django/db/models/manager.py", line 85, in manager_method
    return getattr(self.get_queryset(), name)(*args, **kwargs)
  File "/root/anaconda3/envs/software/lib/python3.9/site-packages/django/db/models/query.py", line 435, in get
    raise self.model.DoesNotExist(
myApp.models.User.DoesNotExist: User matching query does not exist.
[pid: 3800|app: 0|req: 47/47] 219.239.227.148 () {50 vars in 2480 bytes} [Tue Jun 13 14:02:55 2023] GET /myApp/user/changeInfo/?uid=0&image=https%3A%2F%2Fpicsum.photos%2F200&username=%E5%8C%BF%E5%90%8D%E7%94%A8%E6%88%B7&sex=1&tag=%5B%5D&selfintro=%E6%88%91%E6%98%AF%E6%9D%A5%E8%87%AA%E5%8C%97%E4%BA%AC%E8%88%AA%E7%A9%BA%E8%88%AA%E5%A4%A9%E5%A4%A7%E5%AD%A6%E7%9A%84%E4%B8%80%E5%90%8D%E5%AD%A6%E7%94%9F%2C%E6%88%91%E6%98%AF%E6%9D%A5%E8%87%AA%E5%8C%97%E4%BA%AC%E8%88%AA%E7%A9%BA%E8%88%AA%E5%A4%A9%E5%A4%A7%E5%AD%A6%E7%9A%84%E4%B8%80%E5%90%8D%E5%AD%A6%E7%94%9F%2C%E6%88%91%E6%98%AF%E6%9D%A5%E8%87%AA%E5%8C%97%E4%BA%AC%E8%88%AA%E7%A9%BA%E8%88%AA%E5%A4%A9%E5%A4%A7%E5%AD%A6%E7%9A%84%E4%B8%80%E5%90%8D%E5%AD%A6%E7%94%9F&grade=%E5%A4%A7%E4%B8%80&profession=%E8%AE%A1%E7%AE%97%E6%9C%BA%E7%A7%91%E5%AD%A6%E4%B8%8E%E6%8A%80%E6%9C%AF&displayinfo=%5B%22Tags%22%2C%22Sex%22%2C%22Grade%22%2C%22Profession%22%5D => generated 76771 bytes in 23 msecs (HTTP/1.1 500) 6 headers in 207 bytes (1 switches on core 1)
[pid: 3800|app: 0|req: 48/48] 219.239.227.168 () {60 vars in 1198 bytes} [Tue Jun 13 14:02:57 2023] GET /admin/ => generated 20780 bytes in 22 msecs (HTTP/1.1 200) 9 headers in 460 bytes (1 switches on core 0)
[pid: 3800|app: 0|req: 49/49] 219.239.227.168 () {60 vars in 1232 bytes} [Tue Jun 13 14:02:57 2023] GET /admin/myApp/user/ => generated 42888 bytes in 43 msecs (HTTP/1.1 200) 9 headers in 483 bytes (1 switches on core 1)
[pid: 3800|app: 0|req: 50/50] 219.239.227.168 () {56 vars in 1042 bytes} [Tue Jun 13 14:02:57 2023] GET /admin/jsi18n/ => generated 8398 bytes in 5 msecs (HTTP/1.1 200) 6 headers in 210 bytes (1 switches on core 0)
[pid: 3800|app: 0|req: 51/51] 219.239.227.168 () {60 vars in 1197 bytes} [Tue Jun 13 14:04:36 2023] GET /admin/ => generated 20780 bytes in 24 msecs (HTTP/1.1 200) 9 headers in 460 bytes (1 switches on core 1)
[pid: 3800|app: 0|req: 52/52] 219.239.227.168 () {58 vars in 1206 bytes} [Tue Jun 13 14:04:37 2023] GET /admin/myApp/user/ => generated 42888 bytes in 43 msecs (HTTP/1.1 200) 9 headers in 483 bytes (1 switches on core 0)
[pid: 3800|app: 0|req: 53/53] 219.239.227.168 () {56 vars in 1041 bytes} [Tue Jun 13 14:04:37 2023] GET /admin/jsi18n/ => generated 8398 bytes in 4 msecs (HTTP/1.1 200) 6 headers in 210 bytes (1 switches on core 1)
[pid: 3800|app: 0|req: 54/54] 219.239.227.168 () {68 vars in 1427 bytes} [Tue Jun 13 14:04:41 2023] POST /admin/myApp/user/ => generated 6240 bytes in 25 msecs (HTTP/1.1 200) 9 headers in 482 bytes (1 switches on core 0)
[pid: 3800|app: 0|req: 55/55] 219.239.227.168 () {68 vars in 1427 bytes} [Tue Jun 13 14:04:42 2023] POST /admin/myApp/user/ => generated 0 bytes in 32 msecs (HTTP/1.1 302) 10 headers in 547 bytes (1 switches on core 1)
[pid: 3800|app: 0|req: 56/56] 219.239.227.168 () {62 vars in 1431 bytes} [Tue Jun 13 14:04:42 2023] GET /admin/myApp/user/ => generated 41897 bytes in 47 msecs (HTTP/1.1 200) 10 headers in 581 bytes (1 switches on core 0)
[pid: 3800|app: 0|req: 57/57] 219.239.227.168 () {56 vars in 1041 bytes} [Tue Jun 13 14:04:42 2023] GET /admin/jsi18n/ => generated 8398 bytes in 4 msecs (HTTP/1.1 200) 6 headers in 210 bytes (1 switches on core 1)
[pid: 3800|app: 0|req: 58/58] 219.239.227.168 () {60 vars in 1197 bytes} [Tue Jun 13 14:04:45 2023] GET /admin/ => generated 20780 bytes in 23 msecs (HTTP/1.1 200) 9 headers in 460 bytes (1 switches on core 0)
[pid: 3800|app: 0|req: 59/59] 219.239.227.168 () {60 vars in 1231 bytes} [Tue Jun 13 14:04:46 2023] GET /admin/myApp/user/ => generated 41824 bytes in 59 msecs (HTTP/1.1 200) 9 headers in 483 bytes (1 switches on core 1)
[pid: 3800|app: 0|req: 60/60] 219.239.227.168 () {56 vars in 1041 bytes} [Tue Jun 13 14:04:46 2023] GET /admin/jsi18n/ => generated 8398 bytes in 5 msecs (HTTP/1.1 200) 6 headers in 210 bytes (1 switches on core 0)
SIGINT/SIGTERM received...killing workers...
worker 1 buried after 1 seconds
goodbye to uWSGI.
VACUUM: pidfile removed.
VACUUM: unix socket /home/ourProject/soft-ware-project/uwsgi.status (stats) removed.
*** Starting uWSGI 2.0.21 (64bit) on [Tue Jun 13 22:04:56 2023] ***
compiled with version: 11.2.0 on 28 March 2023 07:25:39
os: Linux-4.18.0-348.7.1.el8_5.x86_64 #1 SMP Wed Dec 22 13:25:12 UTC 2021
nodename: se-group3
machine: x86_64
clock source: unix
pcre jit disabled
detected number of CPU cores: 2
current working directory: /home/ourProject/soft-ware-project
writing pidfile to /home/ourProject/soft-ware-project/uwsgi.pid
detected binary path: /root/anaconda3/envs/software/bin/uwsgi
uWSGI running as root, you can use --uid/--gid/--chroot options
*** WARNING: you are running uWSGI as root !!! (use the --uid flag) *** 
chdir() to /home/ourProject/soft-ware-project
your processes number limit is 14820
your memory page size is 4096 bytes
detected max file descriptor number: 65535
lock engine: pthread robust mutexes
thunder lock: disabled (you can enable it with --thunder-lock)
uwsgi socket 0 bound to TCP address 127.0.0.1:8001 fd 6
uWSGI running as root, you can use --uid/--gid/--chroot options
*** WARNING: you are running uWSGI as root !!! (use the --uid flag) *** 
Python version: 3.9.16 (main, Mar  8 2023, 14:00:05)  [GCC 11.2.0]
Python main interpreter initialized at 0xea5790
uWSGI running as root, you can use --uid/--gid/--chroot options
*** WARNING: you are running uWSGI as root !!! (use the --uid flag) *** 
python threads support enabled
your server socket listen backlog is limited to 100 connections
your mercy for graceful operations on workers is 60 seconds
mapped 166752 bytes (162 KB) for 2 cores
*** Operational MODE: threaded ***
WSGI app 0 (mountpoint='') ready in 0 seconds on interpreter 0xea5790 pid: 4189 (default app)
uWSGI running as root, you can use --uid/--gid/--chroot options
*** WARNING: you are running uWSGI as root !!! (use the --uid flag) *** 
*** uWSGI is running in multiple interpreter mode ***
spawned uWSGI master process (pid: 4189)
spawned uWSGI worker 1 (pid: 4190, cores: 2)
*** Stats server enabled on /home/ourProject/soft-ware-project/uwsgi.status fd: 12 ***
[pid: 4190|app: 0|req: 1/1] 219.239.227.168 () {60 vars in 1197 bytes} [Tue Jun 13 14:05:06 2023] GET /admin/ => generated 20780 bytes in 69 msecs (HTTP/1.1 200) 9 headers in 460 bytes (1 switches on core 0)
[pid: 4190|app: 0|req: 2/2] 219.239.227.168 () {58 vars in 1206 bytes} [Tue Jun 13 14:05:07 2023] GET /admin/myApp/user/ => generated 41824 bytes in 48 msecs (HTTP/1.1 200) 9 headers in 483 bytes (1 switches on core 1)
[pid: 4190|app: 0|req: 3/3] 219.239.227.168 () {56 vars in 1041 bytes} [Tue Jun 13 14:05:07 2023] GET /admin/jsi18n/ => generated 8398 bytes in 5 msecs (HTTP/1.1 200) 6 headers in 210 bytes (1 switches on core 0)
-------------------------
Internal Server Error: /myApp/question/recommend/
Traceback (most recent call last):
  File "/root/anaconda3/envs/software/lib/python3.9/site-packages/django/core/handlers/exception.py", line 47, in inner
    response = get_response(request)
  File "/root/anaconda3/envs/software/lib/python3.9/site-packages/django/core/handlers/base.py", line 181, in _get_response
    response = wrapped_callback(request, *callback_args, **callback_kwargs)
  File "/home/ourProject/soft-ware-project/./myApp/views.py", line 294, in recommend_question
    uid = int(request.GET.get('uid'))
TypeError: int() argument must be a string, a bytes-like object or a number, not 'NoneType'
[pid: 4190|app: 0|req: 4/4] 219.239.227.148 () {50 vars in 974 bytes} [Tue Jun 13 14:05:25 2023] GET /myApp/question/recommend/?tags=%5B%5D => generated 54715 bytes in 18 msecs (HTTP/1.1 500) 6 headers in 207 bytes (1 switches on core 1)
-------------------------
Internal Server Error: /myApp/question/recommend/
Traceback (most recent call last):
  File "/root/anaconda3/envs/software/lib/python3.9/site-packages/django/core/handlers/exception.py", line 47, in inner
    response = get_response(request)
  File "/root/anaconda3/envs/software/lib/python3.9/site-packages/django/core/handlers/base.py", line 181, in _get_response
    response = wrapped_callback(request, *callback_args, **callback_kwargs)
  File "/home/ourProject/soft-ware-project/./myApp/views.py", line 294, in recommend_question
    uid = int(request.GET.get('uid'))
TypeError: int() argument must be a string, a bytes-like object or a number, not 'NoneType'
[pid: 4190|app: 0|req: 6/5] 219.239.227.148 () {50 vars in 974 bytes} [Tue Jun 13 14:05:25 2023] GET /myApp/question/recommend/?tags=%5B%5D => generated 54715 bytes in 16 msecs (HTTP/1.1 500) 6 headers in 207 bytes (1 switches on core 1)
otjFq5QOisOb-9Ze0aV_Qmc9VDwA
Internal Server Error: /myApp/user/profile/
Traceback (most recent call last):
  File "/root/anaconda3/envs/software/lib/python3.9/site-packages/django/core/handlers/exception.py", line 47, in inner
    response = get_response(request)
  File "/root/anaconda3/envs/software/lib/python3.9/site-packages/django/core/handlers/base.py", line 181, in _get_response
    response = wrapped_callback(request, *callback_args, **callback_kwargs)
  File "/home/ourProject/soft-ware-project/./myApp/views.py", line 124, in get_user_all_info
    user.changeName("momo" + user.UID)
TypeError: can only concatenate str (not "int") to str
[pid: 4190|app: 0|req: 6/6] 219.239.227.148 () {50 vars in 1014 bytes} [Tue Jun 13 14:05:25 2023] GET /myApp/user/profile/?code=0c1fXY000w41aQ1NVC100ahIvL2fXY0c => generated 56092 bytes in 248 msecs (HTTP/1.1 500) 6 headers in 207 bytes (1 switches on core 0)
[pid: 4190|app: 0|req: 7/7] 219.239.227.168 () {60 vars in 1197 bytes} [Tue Jun 13 14:05:34 2023] GET /admin/ => generated 20780 bytes in 27 msecs (HTTP/1.1 200) 9 headers in 460 bytes (1 switches on core 1)
[pid: 4190|app: 0|req: 8/8] 219.239.227.168 () {58 vars in 1206 bytes} [Tue Jun 13 14:05:35 2023] GET /admin/myApp/user/ => generated 42888 bytes in 42 msecs (HTTP/1.1 200) 9 headers in 483 bytes (1 switches on core 0)
[pid: 4190|app: 0|req: 9/9] 219.239.227.168 () {56 vars in 1041 bytes} [Tue Jun 13 14:05:35 2023] GET /admin/jsi18n/ => generated 8398 bytes in 5 msecs (HTTP/1.1 200) 6 headers in 210 bytes (1 switches on core 1)
[pid: 4190|app: 0|req: 10/10] 219.239.227.168 () {68 vars in 1427 bytes} [Tue Jun 13 14:05:40 2023] POST /admin/myApp/user/ => generated 6240 bytes in 25 msecs (HTTP/1.1 200) 9 headers in 482 bytes (1 switches on core 0)
[pid: 4190|app: 0|req: 11/11] 219.239.227.168 () {68 vars in 1427 bytes} [Tue Jun 13 14:05:41 2023] POST /admin/myApp/user/ => generated 0 bytes in 33 msecs (HTTP/1.1 302) 10 headers in 547 bytes (1 switches on core 1)
[pid: 4190|app: 0|req: 12/12] 219.239.227.168 () {62 vars in 1431 bytes} [Tue Jun 13 14:05:41 2023] GET /admin/myApp/user/ => generated 41897 bytes in 55 msecs (HTTP/1.1 200) 10 headers in 581 bytes (1 switches on core 0)
[pid: 4190|app: 0|req: 13/13] 219.239.227.168 () {56 vars in 1041 bytes} [Tue Jun 13 14:05:41 2023] GET /admin/jsi18n/ => generated 8398 bytes in 5 msecs (HTTP/1.1 200) 6 headers in 210 bytes (1 switches on core 1)
[pid: 4190|app: 0|req: 14/14] 219.239.227.168 () {60 vars in 1197 bytes} [Tue Jun 13 14:05:43 2023] GET /admin/ => generated 20780 bytes in 20 msecs (HTTP/1.1 200) 9 headers in 460 bytes (1 switches on core 0)
[pid: 4190|app: 0|req: 15/15] 219.239.227.168 () {60 vars in 1231 bytes} [Tue Jun 13 14:05:43 2023] GET /admin/myApp/user/ => generated 41824 bytes in 44 msecs (HTTP/1.1 200) 9 headers in 483 bytes (1 switches on core 1)
[pid: 4190|app: 0|req: 16/16] 219.239.227.168 () {56 vars in 1041 bytes} [Tue Jun 13 14:05:43 2023] GET /admin/jsi18n/ => generated 8398 bytes in 5 msecs (HTTP/1.1 200) 6 headers in 210 bytes (1 switches on core 0)
[pid: 4190|app: 0|req: 17/17] 219.239.227.168 () {60 vars in 1197 bytes} [Tue Jun 13 14:10:28 2023] GET /admin/ => generated 20780 bytes in 26 msecs (HTTP/1.1 200) 9 headers in 460 bytes (1 switches on core 1)
[pid: 4190|app: 0|req: 18/18] 219.239.227.168 () {58 vars in 1206 bytes} [Tue Jun 13 14:10:28 2023] GET /admin/myApp/user/ => generated 41824 bytes in 44 msecs (HTTP/1.1 200) 9 headers in 483 bytes (1 switches on core 0)
[pid: 4190|app: 0|req: 19/19] 219.239.227.168 () {56 vars in 1041 bytes} [Tue Jun 13 14:10:28 2023] GET /admin/jsi18n/ => generated 8398 bytes in 4 msecs (HTTP/1.1 200) 6 headers in 210 bytes (1 switches on core 1)
[pid: 4190|app: 0|req: 20/20] 219.239.227.168 () {60 vars in 1197 bytes} [Tue Jun 13 14:10:44 2023] GET /admin/ => generated 20780 bytes in 29 msecs (HTTP/1.1 200) 9 headers in 460 bytes (1 switches on core 0)
[pid: 4190|app: 0|req: 21/21] 219.239.227.168 () {58 vars in 1206 bytes} [Tue Jun 13 14:10:44 2023] GET /admin/myApp/user/ => generated 41824 bytes in 41 msecs (HTTP/1.1 200) 9 headers in 483 bytes (1 switches on core 1)
[pid: 4190|app: 0|req: 22/22] 219.239.227.168 () {56 vars in 1041 bytes} [Tue Jun 13 14:10:44 2023] GET /admin/jsi18n/ => generated 8398 bytes in 5 msecs (HTTP/1.1 200) 6 headers in 210 bytes (1 switches on core 0)
[pid: 4190|app: 0|req: 23/23] 219.239.227.168 () {60 vars in 1197 bytes} [Tue Jun 13 14:11:50 2023] GET /admin/ => generated 20780 bytes in 28 msecs (HTTP/1.1 200) 9 headers in 460 bytes (1 switches on core 1)
[pid: 4190|app: 0|req: 24/24] 219.239.227.168 () {58 vars in 1206 bytes} [Tue Jun 13 14:11:51 2023] GET /admin/myApp/user/ => generated 41824 bytes in 72 msecs (HTTP/1.1 200) 9 headers in 483 bytes (1 switches on core 0)
[pid: 4190|app: 0|req: 25/25] 219.239.227.168 () {56 vars in 1041 bytes} [Tue Jun 13 14:11:51 2023] GET /admin/jsi18n/ => generated 8398 bytes in 5 msecs (HTTP/1.1 200) 6 headers in 210 bytes (1 switches on core 1)
-------------------------
Internal Server Error: /myApp/question/recommend/
Traceback (most recent call last):
  File "/root/anaconda3/envs/software/lib/python3.9/site-packages/django/core/handlers/exception.py", line 47, in inner
    response = get_response(request)
  File "/root/anaconda3/envs/software/lib/python3.9/site-packages/django/core/handlers/base.py", line 181, in _get_response
    response = wrapped_callback(request, *callback_args, **callback_kwargs)
  File "/home/ourProject/soft-ware-project/./myApp/views.py", line 294, in recommend_question
    print(uid)
TypeError: int() argument must be a string, a bytes-like object or a number, not 'NoneType'
[pid: 4190|app: 0|req: 26/26] 219.239.227.148 () {50 vars in 974 bytes} [Tue Jun 13 14:12:07 2023] GET /myApp/question/recommend/?tags=%5B%5D => generated 54702 bytes in 17 msecs (HTTP/1.1 500) 6 headers in 207 bytes (1 switches on core 0)
-------------------------
Internal Server Error: /myApp/question/recommend/
Traceback (most recent call last):
  File "/root/anaconda3/envs/software/lib/python3.9/site-packages/django/core/handlers/exception.py", line 47, in inner
    response = get_response(request)
  File "/root/anaconda3/envs/software/lib/python3.9/site-packages/django/core/handlers/base.py", line 181, in _get_response
    response = wrapped_callback(request, *callback_args, **callback_kwargs)
  File "/home/ourProject/soft-ware-project/./myApp/views.py", line 294, in recommend_question
    print(uid)
TypeError: int() argument must be a string, a bytes-like object or a number, not 'NoneType'
[pid: 4190|app: 0|req: 27/27] 219.239.227.148 () {50 vars in 974 bytes} [Tue Jun 13 14:12:07 2023] GET /myApp/question/recommend/?tags=%5B%5D => generated 54702 bytes in 16 msecs (HTTP/1.1 500) 6 headers in 207 bytes (1 switches on core 1)
[pid: 4190|app: 0|req: 28/28] 219.239.227.168 () {60 vars in 1197 bytes} [Tue Jun 13 14:12:07 2023] GET /admin/ => generated 20780 bytes in 21 msecs (HTTP/1.1 200) 9 headers in 460 bytes (1 switches on core 0)
[pid: 4190|app: 0|req: 29/29] 219.239.227.168 () {58 vars in 1206 bytes} [Tue Jun 13 14:12:08 2023] GET /admin/myApp/user/ => generated 41824 bytes in 44 msecs (HTTP/1.1 200) 9 headers in 483 bytes (1 switches on core 1)
[pid: 4190|app: 0|req: 30/30] 219.239.227.168 () {56 vars in 1041 bytes} [Tue Jun 13 14:12:08 2023] GET /admin/jsi18n/ => generated 8398 bytes in 5 msecs (HTTP/1.1 200) 6 headers in 210 bytes (1 switches on core 0)
[pid: 4190|app: 0|req: 31/31] 219.239.227.168 () {60 vars in 1197 bytes} [Tue Jun 13 14:12:08 2023] GET /admin/ => generated 20780 bytes in 24 msecs (HTTP/1.1 200) 9 headers in 460 bytes (1 switches on core 1)
[pid: 4190|app: 0|req: 32/32] 219.239.227.168 () {58 vars in 1206 bytes} [Tue Jun 13 14:12:09 2023] GET /admin/myApp/user/ => generated 41824 bytes in 42 msecs (HTTP/1.1 200) 9 headers in 483 bytes (1 switches on core 0)
[pid: 4190|app: 0|req: 33/33] 219.239.227.168 () {56 vars in 1041 bytes} [Tue Jun 13 14:12:09 2023] GET /admin/jsi18n/ => generated 8398 bytes in 6 msecs (HTTP/1.1 200) 6 headers in 210 bytes (1 switches on core 1)
[pid: 4190|app: 0|req: 34/34] 219.239.227.168 () {60 vars in 1197 bytes} [Tue Jun 13 14:12:09 2023] GET /admin/ => generated 20780 bytes in 101 msecs (HTTP/1.1 200) 9 headers in 460 bytes (1 switches on core 0)
[pid: 4190|app: 0|req: 35/35] 219.239.227.168 () {58 vars in 1206 bytes} [Tue Jun 13 14:12:10 2023] GET /admin/myApp/user/ => generated 41824 bytes in 42 msecs (HTTP/1.1 200) 9 headers in 483 bytes (1 switches on core 1)
[pid: 4190|app: 0|req: 36/36] 219.239.227.168 () {56 vars in 1041 bytes} [Tue Jun 13 14:12:10 2023] GET /admin/jsi18n/ => generated 8398 bytes in 6 msecs (HTTP/1.1 200) 6 headers in 210 bytes (1 switches on core 0)
[pid: 4190|app: 0|req: 37/37] 219.239.227.168 () {60 vars in 1197 bytes} [Tue Jun 13 14:12:13 2023] GET /admin/ => generated 20780 bytes in 21 msecs (HTTP/1.1 200) 9 headers in 460 bytes (1 switches on core 1)
[pid: 4190|app: 0|req: 38/38] 219.239.227.168 () {58 vars in 1206 bytes} [Tue Jun 13 14:12:13 2023] GET /admin/myApp/user/ => generated 41824 bytes in 38 msecs (HTTP/1.1 200) 9 headers in 483 bytes (1 switches on core 0)
[pid: 4190|app: 0|req: 39/39] 219.239.227.168 () {56 vars in 1041 bytes} [Tue Jun 13 14:12:13 2023] GET /admin/jsi18n/ => generated 8398 bytes in 5 msecs (HTTP/1.1 200) 6 headers in 210 bytes (1 switches on core 1)
[pid: 4190|app: 0|req: 40/40] 219.239.227.168 () {60 vars in 1197 bytes} [Tue Jun 13 14:12:15 2023] GET /admin/ => generated 20780 bytes in 25 msecs (HTTP/1.1 200) 9 headers in 460 bytes (1 switches on core 0)
-------------------------
Internal Server Error: /myApp/question/recommend/
Traceback (most recent call last):
  File "/root/anaconda3/envs/software/lib/python3.9/site-packages/django/core/handlers/exception.py", line 47, in inner
    response = get_response(request)
  File "/root/anaconda3/envs/software/lib/python3.9/site-packages/django/core/handlers/base.py", line 181, in _get_response
    response = wrapped_callback(request, *callback_args, **callback_kwargs)
  File "/home/ourProject/soft-ware-project/./myApp/views.py", line 294, in recommend_question
    print(uid)
TypeError: int() argument must be a string, a bytes-like object or a number, not 'NoneType'
[pid: 4190|app: 0|req: 41/41] 219.239.227.148 () {50 vars in 974 bytes} [Tue Jun 13 14:12:15 2023] GET /myApp/question/recommend/?tags=%5B%5D => generated 54702 bytes in 16 msecs (HTTP/1.1 500) 6 headers in 207 bytes (1 switches on core 1)
[pid: 4190|app: 0|req: 42/42] 219.239.227.168 () {58 vars in 1206 bytes} [Tue Jun 13 14:12:15 2023] GET /admin/myApp/user/ => generated 41824 bytes in 42 msecs (HTTP/1.1 200) 9 headers in 483 bytes (1 switches on core 0)
[pid: 4190|app: 0|req: 43/43] 219.239.227.168 () {56 vars in 1041 bytes} [Tue Jun 13 14:12:15 2023] GET /admin/jsi18n/ => generated 8398 bytes in 5 msecs (HTTP/1.1 200) 6 headers in 210 bytes (1 switches on core 1)
[pid: 4190|app: 0|req: 44/44] 219.239.227.168 () {60 vars in 1197 bytes} [Tue Jun 13 14:12:16 2023] GET /admin/ => generated 20780 bytes in 22 msecs (HTTP/1.1 200) 9 headers in 460 bytes (1 switches on core 0)
[pid: 4190|app: 0|req: 45/45] 219.239.227.168 () {58 vars in 1206 bytes} [Tue Jun 13 14:12:16 2023] GET /admin/myApp/user/ => generated 41824 bytes in 41 msecs (HTTP/1.1 200) 9 headers in 483 bytes (1 switches on core 1)
[pid: 4190|app: 0|req: 46/46] 219.239.227.168 () {56 vars in 1041 bytes} [Tue Jun 13 14:12:16 2023] GET /admin/jsi18n/ => generated 8398 bytes in 5 msecs (HTTP/1.1 200) 6 headers in 210 bytes (1 switches on core 0)
[pid: 4190|app: 0|req: 47/47] 219.239.227.168 () {60 vars in 1197 bytes} [Tue Jun 13 14:12:18 2023] GET /admin/ => generated 20780 bytes in 21 msecs (HTTP/1.1 200) 9 headers in 460 bytes (1 switches on core 1)
[pid: 4190|app: 0|req: 48/48] 219.239.227.168 () {58 vars in 1206 bytes} [Tue Jun 13 14:12:18 2023] GET /admin/myApp/user/ => generated 41824 bytes in 47 msecs (HTTP/1.1 200) 9 headers in 483 bytes (1 switches on core 0)
[pid: 4190|app: 0|req: 49/49] 219.239.227.168 () {56 vars in 1041 bytes} [Tue Jun 13 14:12:18 2023] GET /admin/jsi18n/ => generated 8398 bytes in 5 msecs (HTTP/1.1 200) 6 headers in 210 bytes (1 switches on core 1)
-------------------------
Internal Server Error: /myApp/question/recommend/
Traceback (most recent call last):
  File "/root/anaconda3/envs/software/lib/python3.9/site-packages/django/core/handlers/exception.py", line 47, in inner
    response = get_response(request)
  File "/root/anaconda3/envs/software/lib/python3.9/site-packages/django/core/handlers/base.py", line 181, in _get_response
    response = wrapped_callback(request, *callback_args, **callback_kwargs)
  File "/home/ourProject/soft-ware-project/./myApp/views.py", line 294, in recommend_question
    print(uid)
TypeError: int() argument must be a string, a bytes-like object or a number, not 'NoneType'
[pid: 4190|app: 0|req: 50/50] 219.239.227.148 () {50 vars in 974 bytes} [Tue Jun 13 14:12:19 2023] GET /myApp/question/recommend/?tags=%5B%5D => generated 54702 bytes in 16 msecs (HTTP/1.1 500) 6 headers in 207 bytes (1 switches on core 0)
-------------------------
Internal Server Error: /myApp/question/recommend/
Traceback (most recent call last):
  File "/root/anaconda3/envs/software/lib/python3.9/site-packages/django/core/handlers/exception.py", line 47, in inner
    response = get_response(request)
  File "/root/anaconda3/envs/software/lib/python3.9/site-packages/django/core/handlers/base.py", line 181, in _get_response
    response = wrapped_callback(request, *callback_args, **callback_kwargs)
  File "/home/ourProject/soft-ware-project/./myApp/views.py", line 294, in recommend_question
    print(uid)
TypeError: int() argument must be a string, a bytes-like object or a number, not 'NoneType'
[pid: 4190|app: 0|req: 51/51] 219.239.227.148 () {50 vars in 974 bytes} [Tue Jun 13 14:12:19 2023] GET /myApp/question/recommend/?tags=%5B%5D => generated 54702 bytes in 16 msecs (HTTP/1.1 500) 6 headers in 207 bytes (1 switches on core 1)
otjFq5QOisOb-9Ze0aV_Qmc9VDwA
Internal Server Error: /myApp/user/profile/
Traceback (most recent call last):
  File "/root/anaconda3/envs/software/lib/python3.9/site-packages/django/core/handlers/exception.py", line 47, in inner
    response = get_response(request)
  File "/root/anaconda3/envs/software/lib/python3.9/site-packages/django/core/handlers/base.py", line 181, in _get_response
    response = wrapped_callback(request, *callback_args, **callback_kwargs)
  File "/home/ourProject/soft-ware-project/./myApp/views.py", line 124, in get_user_all_info
    a = []
TypeError: can only concatenate str (not "int") to str
[pid: 4190|app: 0|req: 52/52] 219.239.227.148 () {50 vars in 1014 bytes} [Tue Jun 13 14:12:19 2023] GET /myApp/user/profile/?code=0b1jkI000EKJ9Q1E0t200Q9ASC3jkI0x => generated 56000 bytes in 301 msecs (HTTP/1.1 500) 6 headers in 207 bytes (1 switches on core 0)
Internal Server Error: /myApp/user/logoff/
Traceback (most recent call last):
  File "/root/anaconda3/envs/software/lib/python3.9/site-packages/django/core/handlers/exception.py", line 47, in inner
    response = get_response(request)
  File "/root/anaconda3/envs/software/lib/python3.9/site-packages/django/core/handlers/base.py", line 181, in _get_response
    response = wrapped_callback(request, *callback_args, **callback_kwargs)
  File "/home/ourProject/soft-ware-project/./myApp/views.py", line 256, in delete_user
    user.delete()
  File "/root/anaconda3/envs/software/lib/python3.9/site-packages/django/db/models/manager.py", line 85, in manager_method
    return getattr(self.get_queryset(), name)(*args, **kwargs)
  File "/root/anaconda3/envs/software/lib/python3.9/site-packages/django/db/models/query.py", line 435, in get
    raise self.model.DoesNotExist(
myApp.models.User.DoesNotExist: User matching query does not exist.
[pid: 4190|app: 0|req: 53/53] 219.239.227.148 () {50 vars in 948 bytes} [Tue Jun 13 14:12:24 2023] GET /myApp/user/logoff/?uid=0 => generated 63716 bytes in 21 msecs (HTTP/1.1 500) 6 headers in 207 bytes (1 switches on core 1)
-------------------------
Internal Server Error: /myApp/question/recommend/
Traceback (most recent call last):
  File "/root/anaconda3/envs/software/lib/python3.9/site-packages/django/core/handlers/exception.py", line 47, in inner
    response = get_response(request)
  File "/root/anaconda3/envs/software/lib/python3.9/site-packages/django/core/handlers/base.py", line 181, in _get_response
    response = wrapped_callback(request, *callback_args, **callback_kwargs)
  File "/home/ourProject/soft-ware-project/./myApp/views.py", line 294, in recommend_question
    print(uid)
TypeError: int() argument must be a string, a bytes-like object or a number, not 'NoneType'
[pid: 4190|app: 0|req: 54/54] 219.239.227.148 () {50 vars in 974 bytes} [Tue Jun 13 14:12:25 2023] GET /myApp/question/recommend/?tags=%5B%5D => generated 54702 bytes in 16 msecs (HTTP/1.1 500) 6 headers in 207 bytes (1 switches on core 0)
-------------------------
Internal Server Error: /myApp/question/recommend/
Traceback (most recent call last):
  File "/root/anaconda3/envs/software/lib/python3.9/site-packages/django/core/handlers/exception.py", line 47, in inner
    response = get_response(request)
  File "/root/anaconda3/envs/software/lib/python3.9/site-packages/django/core/handlers/base.py", line 181, in _get_response
    response = wrapped_callback(request, *callback_args, **callback_kwargs)
  File "/home/ourProject/soft-ware-project/./myApp/views.py", line 294, in recommend_question
    print(uid)
TypeError: int() argument must be a string, a bytes-like object or a number, not 'NoneType'
[pid: 4190|app: 0|req: 55/55] 219.239.227.148 () {50 vars in 974 bytes} [Tue Jun 13 14:12:25 2023] GET /myApp/question/recommend/?tags=%5B%5D => generated 54702 bytes in 16 msecs (HTTP/1.1 500) 6 headers in 207 bytes (1 switches on core 1)
otjFq5QOisOb-9Ze0aV_Qmc9VDwA
['失招', '二手', '情感', 'TD', '航学']
[]
[]
[pid: 4190|app: 0|req: 56/56] 219.239.227.148 () {50 vars in 1014 bytes} [Tue Jun 13 14:12:25 2023] GET /myApp/user/profile/?code=0a1R7rml2mysvb4508ol2Y7Lyj3R7rmT => generated 432 bytes in 194 msecs (HTTP/1.1 200) 6 headers in 185 bytes (1 switches on core 0)
[pid: 4190|app: 0|req: 57/57] 219.239.227.168 () {60 vars in 1197 bytes} [Tue Jun 13 14:12:32 2023] GET /admin/ => generated 20780 bytes in 29 msecs (HTTP/1.1 200) 9 headers in 460 bytes (1 switches on core 1)
[pid: 4190|app: 0|req: 58/58] 219.239.227.168 () {58 vars in 1206 bytes} [Tue Jun 13 14:12:32 2023] GET /admin/myApp/user/ => generated 42888 bytes in 42 msecs (HTTP/1.1 200) 9 headers in 483 bytes (1 switches on core 0)
[pid: 4190|app: 0|req: 59/59] 219.239.227.168 () {56 vars in 1041 bytes} [Tue Jun 13 14:12:32 2023] GET /admin/jsi18n/ => generated 8398 bytes in 4 msecs (HTTP/1.1 200) 6 headers in 210 bytes (1 switches on core 1)
-------------------------
-------------------------
Internal Server Error: /myApp/question/recommend/
Traceback (most recent call last):
  File "/root/anaconda3/envs/software/lib/python3.9/site-packages/django/core/handlers/exception.py", line 47, in inner
    response = get_response(request)
  File "/root/anaconda3/envs/software/lib/python3.9/site-packages/django/core/handlers/base.py", line 181, in _get_response
    response = wrapped_callback(request, *callback_args, **callback_kwargs)
  File "/home/ourProject/soft-ware-project/./myApp/views.py", line 294, in recommend_question
    print(uid)
TypeError: int() argument must be a string, a bytes-like object or a number, not 'NoneType'
[pid: 4190|app: 0|req: 61/60] 219.239.227.146 () {40 vars in 795 bytes} [Tue Jun 13 14:12:41 2023] GET /myApp/question/recommend/?tags=%5B%5D => generated 53979 bytes in 46 msecs (HTTP/1.1 500) 6 headers in 207 bytes (1 switches on core 0)
Internal Server Error: /myApp/question/recommend/
Traceback (most recent call last):
  File "/root/anaconda3/envs/software/lib/python3.9/site-packages/django/core/handlers/exception.py", line 47, in inner
    response = get_response(request)
  File "/root/anaconda3/envs/software/lib/python3.9/site-packages/django/core/handlers/base.py", line 181, in _get_response
    response = wrapped_callback(request, *callback_args, **callback_kwargs)
  File "/home/ourProject/soft-ware-project/./myApp/views.py", line 294, in recommend_question
    print(uid)
TypeError: int() argument must be a string, a bytes-like object or a number, not 'NoneType'
[pid: 4190|app: 0|req: 61/61] 219.239.227.146 () {40 vars in 795 bytes} [Tue Jun 13 14:12:41 2023] GET /myApp/question/recommend/?tags=%5B%5D => generated 53979 bytes in 37 msecs (HTTP/1.1 500) 6 headers in 207 bytes (1 switches on core 1)
otjFq5QOisOb-9Ze0aV_Qmc9VDwA
['失招', '二手', '情感', 'TD', '航学']
[]
[]
[pid: 4190|app: 0|req: 62/62] 219.239.227.146 () {40 vars in 835 bytes} [Tue Jun 13 14:12:41 2023] GET /myApp/user/profile/?code=0a1Mrg100ZPhaQ17SG200TKG9b2Mrg10 => generated 432 bytes in 259 msecs (HTTP/1.1 200) 6 headers in 185 bytes (1 switches on core 0)
SIGINT/SIGTERM received...killing workers...
worker 1 buried after 1 seconds
goodbye to uWSGI.
VACUUM: pidfile removed.
VACUUM: unix socket /home/ourProject/soft-ware-project/uwsgi.status (stats) removed.
*** Starting uWSGI 2.0.21 (64bit) on [Tue Jun 13 22:13:02 2023] ***
compiled with version: 11.2.0 on 28 March 2023 07:25:39
os: Linux-4.18.0-348.7.1.el8_5.x86_64 #1 SMP Wed Dec 22 13:25:12 UTC 2021
nodename: se-group3
machine: x86_64
clock source: unix
pcre jit disabled
detected number of CPU cores: 2
current working directory: /home/ourProject/soft-ware-project
writing pidfile to /home/ourProject/soft-ware-project/uwsgi.pid
detected binary path: /root/anaconda3/envs/software/bin/uwsgi
uWSGI running as root, you can use --uid/--gid/--chroot options
*** WARNING: you are running uWSGI as root !!! (use the --uid flag) *** 
chdir() to /home/ourProject/soft-ware-project
your processes number limit is 14820
your memory page size is 4096 bytes
detected max file descriptor number: 65535
lock engine: pthread robust mutexes
thunder lock: disabled (you can enable it with --thunder-lock)
uwsgi socket 0 bound to TCP address 127.0.0.1:8001 fd 6
uWSGI running as root, you can use --uid/--gid/--chroot options
*** WARNING: you are running uWSGI as root !!! (use the --uid flag) *** 
Python version: 3.9.16 (main, Mar  8 2023, 14:00:05)  [GCC 11.2.0]
Python main interpreter initialized at 0x121c790
uWSGI running as root, you can use --uid/--gid/--chroot options
*** WARNING: you are running uWSGI as root !!! (use the --uid flag) *** 
python threads support enabled
your server socket listen backlog is limited to 100 connections
your mercy for graceful operations on workers is 60 seconds
mapped 166752 bytes (162 KB) for 2 cores
*** Operational MODE: threaded ***
WSGI app 0 (mountpoint='') ready in 0 seconds on interpreter 0x121c790 pid: 4561 (default app)
uWSGI running as root, you can use --uid/--gid/--chroot options
*** WARNING: you are running uWSGI as root !!! (use the --uid flag) *** 
*** uWSGI is running in multiple interpreter mode ***
spawned uWSGI master process (pid: 4561)
spawned uWSGI worker 1 (pid: 4562, cores: 2)
*** Stats server enabled on /home/ourProject/soft-ware-project/uwsgi.status fd: 12 ***
[pid: 4562|app: 0|req: 1/1] 219.239.227.168 () {60 vars in 1197 bytes} [Tue Jun 13 14:13:04 2023] GET /admin/ => generated 20780 bytes in 70 msecs (HTTP/1.1 200) 9 headers in 460 bytes (1 switches on core 0)
[pid: 4562|app: 0|req: 2/2] 219.239.227.168 () {60 vars in 1231 bytes} [Tue Jun 13 14:13:05 2023] GET /admin/myApp/user/ => generated 42888 bytes in 51 msecs (HTTP/1.1 200) 9 headers in 483 bytes (1 switches on core 1)
[pid: 4562|app: 0|req: 3/3] 219.239.227.168 () {56 vars in 1041 bytes} [Tue Jun 13 14:13:05 2023] GET /admin/jsi18n/ => generated 8398 bytes in 5 msecs (HTTP/1.1 200) 6 headers in 210 bytes (1 switches on core 0)
[pid: 4562|app: 0|req: 4/4] 219.239.227.168 () {68 vars in 1427 bytes} [Tue Jun 13 14:13:10 2023] POST /admin/myApp/user/ => generated 6240 bytes in 30 msecs (HTTP/1.1 200) 9 headers in 482 bytes (1 switches on core 1)
[pid: 4562|app: 0|req: 5/5] 219.239.227.168 () {68 vars in 1427 bytes} [Tue Jun 13 14:13:11 2023] POST /admin/myApp/user/ => generated 0 bytes in 33 msecs (HTTP/1.1 302) 10 headers in 547 bytes (1 switches on core 0)
[pid: 4562|app: 0|req: 6/6] 219.239.227.168 () {62 vars in 1431 bytes} [Tue Jun 13 14:13:11 2023] GET /admin/myApp/user/ => generated 41897 bytes in 52 msecs (HTTP/1.1 200) 10 headers in 581 bytes (1 switches on core 1)
[pid: 4562|app: 0|req: 7/7] 219.239.227.168 () {56 vars in 1041 bytes} [Tue Jun 13 14:13:11 2023] GET /admin/jsi18n/ => generated 8398 bytes in 5 msecs (HTTP/1.1 200) 6 headers in 210 bytes (1 switches on core 0)
[pid: 4562|app: 0|req: 8/8] 219.239.227.168 () {60 vars in 1197 bytes} [Tue Jun 13 14:13:13 2023] GET /admin/ => generated 20780 bytes in 23 msecs (HTTP/1.1 200) 9 headers in 460 bytes (1 switches on core 1)
[pid: 4562|app: 0|req: 9/9] 219.239.227.168 () {60 vars in 1231 bytes} [Tue Jun 13 14:13:13 2023] GET /admin/myApp/user/ => generated 41824 bytes in 41 msecs (HTTP/1.1 200) 9 headers in 483 bytes (1 switches on core 0)
[pid: 4562|app: 0|req: 10/10] 219.239.227.168 () {56 vars in 1041 bytes} [Tue Jun 13 14:13:13 2023] GET /admin/jsi18n/ => generated 8398 bytes in 5 msecs (HTTP/1.1 200) 6 headers in 210 bytes (1 switches on core 1)
-------------------------
-------------------------
Internal Server Error: /myApp/question/recommend/
Traceback (most recent call last):
  File "/root/anaconda3/envs/software/lib/python3.9/site-packages/django/core/handlers/exception.py", line 47, in inner
    response = get_response(request)
  File "/root/anaconda3/envs/software/lib/python3.9/site-packages/django/core/handlers/base.py", line 181, in _get_response
    response = wrapped_callback(request, *callback_args, **callback_kwargs)
  File "/home/ourProject/soft-ware-project/./myApp/views.py", line 293, in recommend_question
    uid = int(request.GET.get('uid'))
TypeError: int() argument must be a string, a bytes-like object or a number, not 'NoneType'
[pid: 4562|app: 0|req: 12/11] 219.239.227.146 () {40 vars in 795 bytes} [Tue Jun 13 14:13:30 2023] GET /myApp/question/recommend/?tags=%5B%5D => generated 53992 bytes in 27 msecs (HTTP/1.1 500) 6 headers in 207 bytes (1 switches on core 0)
Internal Server Error: /myApp/question/recommend/
Traceback (most recent call last):
  File "/root/anaconda3/envs/software/lib/python3.9/site-packages/django/core/handlers/exception.py", line 47, in inner
    response = get_response(request)
  File "/root/anaconda3/envs/software/lib/python3.9/site-packages/django/core/handlers/base.py", line 181, in _get_response
    response = wrapped_callback(request, *callback_args, **callback_kwargs)
  File "/home/ourProject/soft-ware-project/./myApp/views.py", line 293, in recommend_question
    uid = int(request.GET.get('uid'))
TypeError: int() argument must be a string, a bytes-like object or a number, not 'NoneType'
[pid: 4562|app: 0|req: 12/12] 219.239.227.146 () {40 vars in 795 bytes} [Tue Jun 13 14:13:30 2023] GET /myApp/question/recommend/?tags=%5B%5D => generated 53992 bytes in 29 msecs (HTTP/1.1 500) 6 headers in 207 bytes (1 switches on core 1)
[pid: 4562|app: 0|req: 14/13] 219.239.227.168 () {60 vars in 1197 bytes} [Tue Jun 13 14:13:31 2023] GET /admin/ => generated 20780 bytes in 20 msecs (HTTP/1.1 200) 9 headers in 460 bytes (1 switches on core 1)
otjFq5QOisOb-9Ze0aV_Qmc9VDwA
Internal Server Error: /myApp/user/profile/
Traceback (most recent call last):
  File "/root/anaconda3/envs/software/lib/python3.9/site-packages/django/core/handlers/exception.py", line 47, in inner
    response = get_response(request)
  File "/root/anaconda3/envs/software/lib/python3.9/site-packages/django/core/handlers/base.py", line 181, in _get_response
    response = wrapped_callback(request, *callback_args, **callback_kwargs)
  File "/home/ourProject/soft-ware-project/./myApp/views.py", line 129, in get_user_all_info
    "UserName": user.name,
AttributeError: 'User' object has no attribute 'name'
[pid: 4562|app: 0|req: 14/14] 219.239.227.146 () {40 vars in 835 bytes} [Tue Jun 13 14:13:31 2023] GET /myApp/user/profile/?code=0b1S2Cll2wyDub4GEfol2ZTLYm3S2ClP => generated 55681 bytes in 242 msecs (HTTP/1.1 500) 6 headers in 207 bytes (1 switches on core 0)
[pid: 4562|app: 0|req: 15/15] 219.239.227.168 () {58 vars in 1206 bytes} [Tue Jun 13 14:13:31 2023] GET /admin/myApp/user/ => generated 42882 bytes in 40 msecs (HTTP/1.1 200) 9 headers in 483 bytes (1 switches on core 1)
[pid: 4562|app: 0|req: 16/16] 219.239.227.168 () {56 vars in 1041 bytes} [Tue Jun 13 14:13:31 2023] GET /admin/jsi18n/ => generated 8398 bytes in 5 msecs (HTTP/1.1 200) 6 headers in 210 bytes (1 switches on core 0)
SIGINT/SIGTERM received...killing workers...
worker 1 buried after 1 seconds
goodbye to uWSGI.
VACUUM: pidfile removed.
VACUUM: unix socket /home/ourProject/soft-ware-project/uwsgi.status (stats) removed.
*** Starting uWSGI 2.0.21 (64bit) on [Tue Jun 13 22:15:41 2023] ***
compiled with version: 11.2.0 on 28 March 2023 07:25:39
os: Linux-4.18.0-348.7.1.el8_5.x86_64 #1 SMP Wed Dec 22 13:25:12 UTC 2021
nodename: se-group3
machine: x86_64
clock source: unix
pcre jit disabled
detected number of CPU cores: 2
current working directory: /home/ourProject/soft-ware-project
writing pidfile to /home/ourProject/soft-ware-project/uwsgi.pid
detected binary path: /root/anaconda3/envs/software/bin/uwsgi
uWSGI running as root, you can use --uid/--gid/--chroot options
*** WARNING: you are running uWSGI as root !!! (use the --uid flag) *** 
chdir() to /home/ourProject/soft-ware-project
your processes number limit is 14820
your memory page size is 4096 bytes
detected max file descriptor number: 65535
lock engine: pthread robust mutexes
thunder lock: disabled (you can enable it with --thunder-lock)
uwsgi socket 0 bound to TCP address 127.0.0.1:8001 fd 6
uWSGI running as root, you can use --uid/--gid/--chroot options
*** WARNING: you are running uWSGI as root !!! (use the --uid flag) *** 
Python version: 3.9.16 (main, Mar  8 2023, 14:00:05)  [GCC 11.2.0]
Python main interpreter initialized at 0x2070790
uWSGI running as root, you can use --uid/--gid/--chroot options
*** WARNING: you are running uWSGI as root !!! (use the --uid flag) *** 
python threads support enabled
your server socket listen backlog is limited to 100 connections
your mercy for graceful operations on workers is 60 seconds
mapped 166752 bytes (162 KB) for 2 cores
*** Operational MODE: threaded ***
WSGI app 0 (mountpoint='') ready in 1 seconds on interpreter 0x2070790 pid: 4703 (default app)
uWSGI running as root, you can use --uid/--gid/--chroot options
*** WARNING: you are running uWSGI as root !!! (use the --uid flag) *** 
*** uWSGI is running in multiple interpreter mode ***
spawned uWSGI master process (pid: 4703)
spawned uWSGI worker 1 (pid: 4704, cores: 2)
*** Stats server enabled on /home/ourProject/soft-ware-project/uwsgi.status fd: 12 ***
Gracefully killing worker 1 (pid: 4704)...
...gracefully killing workers...
worker 1 buried after 1 seconds
binary reloading uWSGI...
chdir() to /home/ourProject/soft-ware-project
closing all non-uwsgi socket fds > 2 (max_fd = 65535)...
found fd 6 mapped to socket 0 (127.0.0.1:8001)
running /root/anaconda3/envs/software/bin/uwsgi
[uWSGI] getting INI configuration from uwsgi.ini
*** Starting uWSGI 2.0.21 (64bit) on [Tue Jun 13 14:15:47 2023] ***
compiled with version: 11.2.0 on 28 March 2023 07:25:39
os: Linux-4.18.0-348.7.1.el8_5.x86_64 #1 SMP Wed Dec 22 13:25:12 UTC 2021
nodename: se-group3
machine: x86_64
clock source: unix
pcre jit disabled
detected number of CPU cores: 2
current working directory: /home/ourProject/soft-ware-project
detected binary path: /root/anaconda3/envs/software/bin/uwsgi
uWSGI running as root, you can use --uid/--gid/--chroot options
*** WARNING: you are running uWSGI as root !!! (use the --uid flag) *** 
chdir() to /home/ourProject/soft-ware-project
your processes number limit is 14820
your memory page size is 4096 bytes
detected max file descriptor number: 65535
lock engine: pthread robust mutexes
thunder lock: disabled (you can enable it with --thunder-lock)
uwsgi socket 0 inherited INET address 127.0.0.1:8001 fd 6
uWSGI running as root, you can use --uid/--gid/--chroot options
*** WARNING: you are running uWSGI as root !!! (use the --uid flag) *** 
Python version: 3.9.16 (main, Mar  8 2023, 14:00:05)  [GCC 11.2.0]
Python main interpreter initialized at 0x2369db0
uWSGI running as root, you can use --uid/--gid/--chroot options
*** WARNING: you are running uWSGI as root !!! (use the --uid flag) *** 
python threads support enabled
your server socket listen backlog is limited to 100 connections
your mercy for graceful operations on workers is 60 seconds
mapped 166752 bytes (162 KB) for 2 cores
*** Operational MODE: threaded ***
WSGI app 0 (mountpoint='') ready in 1 seconds on interpreter 0x2369db0 pid: 4703 (default app)
uWSGI running as root, you can use --uid/--gid/--chroot options
*** WARNING: you are running uWSGI as root !!! (use the --uid flag) *** 
*** uWSGI is running in multiple interpreter mode ***
gracefully (RE)spawned uWSGI master process (pid: 4703)
spawned uWSGI worker 1 (pid: 4731, cores: 2)
*** Stats server enabled on /home/ourProject/soft-ware-project/uwsgi.status fd: 9 ***
Not Found: /
[pid: 4731|app: 0|req: 1/1] 198.199.119.88 () {36 vars in 410 bytes} [Tue Jun 13 14:33:00 2023] GET / => generated 2061 bytes in 16 msecs (HTTP/1.1 404) 6 headers in 186 bytes (1 switches on core 0)
Invalid HTTP_HOST header: 'app.jumptask.io'. You may need to add 'app.jumptask.io' to ALLOWED_HOSTS.
Bad Request: /
[pid: 4731|app: 0|req: 2/2] 84.54.50.61 () {36 vars in 407 bytes} [Tue Jun 13 14:45:45 2023] GET / => generated 56899 bytes in 19 msecs (HTTP/1.1 400) 5 headers in 166 bytes (1 switches on core 1)
-------------------------
-------------------------
Internal Server Error: /myApp/question/recommend/
Traceback (most recent call last):
  File "/root/anaconda3/envs/software/lib/python3.9/site-packages/django/core/handlers/exception.py", line 47, in inner
    response = get_response(request)
  File "/root/anaconda3/envs/software/lib/python3.9/site-packages/django/core/handlers/base.py", line 181, in _get_response
    response = wrapped_callback(request, *callback_args, **callback_kwargs)
  File "/home/ourProject/soft-ware-project/./myApp/views.py", line 293, in recommend_question
    uid = int(request.GET.get('uid'))
TypeError: int() argument must be a string, a bytes-like object or a number, not 'NoneType'
Internal Server Error: /myApp/question/recommend/
Traceback (most recent call last):
  File "/root/anaconda3/envs/software/lib/python3.9/site-packages/django/core/handlers/exception.py", line 47, in inner
    response = get_response(request)
  File "/root/anaconda3/envs/software/lib/python3.9/site-packages/django/core/handlers/base.py", line 181, in _get_response
    response = wrapped_callback(request, *callback_args, **callback_kwargs)
  File "/home/ourProject/soft-ware-project/./myApp/views.py", line 293, in recommend_question
    uid = int(request.GET.get('uid'))
TypeError: int() argument must be a string, a bytes-like object or a number, not 'NoneType'
[pid: 4731|app: 0|req: 4/3] 223.104.41.167 () {42 vars in 964 bytes} [Tue Jun 13 14:51:14 2023] GET /myApp/question/recommend/?tags=%5B%5D => generated 53659 bytes in 35 msecs (HTTP/1.1 500) 6 headers in 207 bytes (1 switches on core 0)
[pid: 4731|app: 0|req: 4/4] 223.104.41.167 () {42 vars in 964 bytes} [Tue Jun 13 14:51:14 2023] GET /myApp/question/recommend/?tags=%5B%5D => generated 53659 bytes in 33 msecs (HTTP/1.1 500) 6 headers in 207 bytes (1 switches on core 1)
otjFq5WU3S5Fx7mHdini-yjwDQ38
['情感', 'TD', '航学', '好物']
[]
[84, 129, 124, 8]
[pid: 4731|app: 0|req: 5/5] 223.104.41.167 () {42 vars in 1004 bytes} [Tue Jun 13 14:51:15 2023] GET /myApp/user/profile/?code=0a1TTvFa1lBHtF0WNCIa1m5UD11TTvFD => generated 538 bytes in 197 msecs (HTTP/1.1 200) 6 headers in 185 bytes (1 switches on core 0)
-------------------------
-------------------------
Internal Server Error: /myApp/question/recommend/
Traceback (most recent call last):
  File "/root/anaconda3/envs/software/lib/python3.9/site-packages/django/core/handlers/exception.py", line 47, in inner
    response = get_response(request)
  File "/root/anaconda3/envs/software/lib/python3.9/site-packages/django/core/handlers/base.py", line 181, in _get_response
    response = wrapped_callback(request, *callback_args, **callback_kwargs)
  File "/home/ourProject/soft-ware-project/./myApp/views.py", line 293, in recommend_question
    uid = int(request.GET.get('uid'))
TypeError: int() argument must be a string, a bytes-like object or a number, not 'NoneType'
[pid: 4731|app: 0|req: 7/6] 219.239.227.119 () {40 vars in 797 bytes} [Tue Jun 13 14:51:17 2023] GET /myApp/question/recommend/?tags=%5B%5D => generated 53358 bytes in 21 msecs (HTTP/1.1 500) 6 headers in 207 bytes (1 switches on core 1)
Internal Server Error: /myApp/question/recommend/
Traceback (most recent call last):
  File "/root/anaconda3/envs/software/lib/python3.9/site-packages/django/core/handlers/exception.py", line 47, in inner
    response = get_response(request)
  File "/root/anaconda3/envs/software/lib/python3.9/site-packages/django/core/handlers/base.py", line 181, in _get_response
    response = wrapped_callback(request, *callback_args, **callback_kwargs)
  File "/home/ourProject/soft-ware-project/./myApp/views.py", line 293, in recommend_question
    uid = int(request.GET.get('uid'))
TypeError: int() argument must be a string, a bytes-like object or a number, not 'NoneType'
[pid: 4731|app: 0|req: 7/7] 219.239.227.119 () {40 vars in 797 bytes} [Tue Jun 13 14:51:17 2023] GET /myApp/question/recommend/?tags=%5B%5D => generated 53358 bytes in 24 msecs (HTTP/1.1 500) 6 headers in 207 bytes (1 switches on core 0)
-------------------------
Internal Server Error: /myApp/question/recommend/
Traceback (most recent call last):
  File "/root/anaconda3/envs/software/lib/python3.9/site-packages/django/core/handlers/exception.py", line 47, in inner
    response = get_response(request)
  File "/root/anaconda3/envs/software/lib/python3.9/site-packages/django/core/handlers/base.py", line 181, in _get_response
    response = wrapped_callback(request, *callback_args, **callback_kwargs)
  File "/home/ourProject/soft-ware-project/./myApp/views.py", line 293, in recommend_question
    uid = int(request.GET.get('uid'))
TypeError: int() argument must be a string, a bytes-like object or a number, not 'NoneType'
[pid: 4731|app: 0|req: 9/8] 223.104.41.167 () {42 vars in 1142 bytes} [Tue Jun 13 14:51:18 2023] GET /myApp/question/recommend/?tags=%5B%22%E6%83%85%E6%84%9F%22%2C%22TD%22%2C%22%E8%88%AA%E5%AD%A6%22%2C%22%E5%A5%BD%E7%89%A9%22%5D => generated 54353 bytes in 16 msecs (HTTP/1.1 500) 6 headers in 207 bytes (1 switches on core 0)
otjFq5epzwFAHEpyp1cqUcrwWvpc
Internal Server Error: /myApp/user/profile/
Traceback (most recent call last):
  File "/root/anaconda3/envs/software/lib/python3.9/site-packages/django/core/handlers/exception.py", line 47, in inner
    response = get_response(request)
  File "/root/anaconda3/envs/software/lib/python3.9/site-packages/django/core/handlers/base.py", line 181, in _get_response
    response = wrapped_callback(request, *callback_args, **callback_kwargs)
  File "/home/ourProject/soft-ware-project/./myApp/views.py", line 129, in get_user_all_info
    "UserName": user.name,
AttributeError: 'User' object has no attribute 'name'
[pid: 4731|app: 0|req: 9/9] 219.239.227.119 () {40 vars in 837 bytes} [Tue Jun 13 14:51:17 2023] GET /myApp/user/profile/?code=0b37XMFa1yDYtF0fQVIa1weZ9U17XMFC => generated 55050 bytes in 269 msecs (HTTP/1.1 500) 6 headers in 207 bytes (1 switches on core 1)
-------------------------
Internal Server Error: /myApp/question/recommend/
Traceback (most recent call last):
  File "/root/anaconda3/envs/software/lib/python3.9/site-packages/django/core/handlers/exception.py", line 47, in inner
    response = get_response(request)
  File "/root/anaconda3/envs/software/lib/python3.9/site-packages/django/core/handlers/base.py", line 181, in _get_response
    response = wrapped_callback(request, *callback_args, **callback_kwargs)
  File "/home/ourProject/soft-ware-project/./myApp/views.py", line 293, in recommend_question
    uid = int(request.GET.get('uid'))
TypeError: int() argument must be a string, a bytes-like object or a number, not 'NoneType'
[pid: 4731|app: 0|req: 10/10] 223.104.41.167 () {42 vars in 1142 bytes} [Tue Jun 13 14:51:20 2023] GET /myApp/question/recommend/?tags=%5B%22%E6%83%85%E6%84%9F%22%2C%22TD%22%2C%22%E8%88%AA%E5%AD%A6%22%2C%22%E5%A5%BD%E7%89%A9%22%5D => generated 54353 bytes in 16 msecs (HTTP/1.1 500) 6 headers in 207 bytes (1 switches on core 0)
[pid: 4731|app: 0|req: 11/11] 223.104.41.167 () {42 vars in 1008 bytes} [Tue Jun 13 14:51:22 2023] GET /myApp/question/sort/?tag=%E6%B1%82%E8%81%8C&sortBy=ClikeNum => generated 3821 bytes in 9 msecs (HTTP/1.1 200) 6 headers in 186 bytes (1 switches on core 1)
-------------------------
Internal Server Error: /myApp/question/recommend/
Traceback (most recent call last):
  File "/root/anaconda3/envs/software/lib/python3.9/site-packages/django/core/handlers/exception.py", line 47, in inner
    response = get_response(request)
  File "/root/anaconda3/envs/software/lib/python3.9/site-packages/django/core/handlers/base.py", line 181, in _get_response
    response = wrapped_callback(request, *callback_args, **callback_kwargs)
  File "/home/ourProject/soft-ware-project/./myApp/views.py", line 293, in recommend_question
    uid = int(request.GET.get('uid'))
TypeError: int() argument must be a string, a bytes-like object or a number, not 'NoneType'
[pid: 4731|app: 0|req: 12/12] 219.239.227.119 () {40 vars in 797 bytes} [Tue Jun 13 14:51:24 2023] GET /myApp/question/recommend/?tags=%5B%5D => generated 53358 bytes in 17 msecs (HTTP/1.1 500) 6 headers in 207 bytes (1 switches on core 0)
-------------------------
Internal Server Error: /myApp/question/recommend/
Traceback (most recent call last):
  File "/root/anaconda3/envs/software/lib/python3.9/site-packages/django/core/handlers/exception.py", line 47, in inner
    response = get_response(request)
  File "/root/anaconda3/envs/software/lib/python3.9/site-packages/django/core/handlers/base.py", line 181, in _get_response
    response = wrapped_callback(request, *callback_args, **callback_kwargs)
  File "/home/ourProject/soft-ware-project/./myApp/views.py", line 293, in recommend_question
    uid = int(request.GET.get('uid'))
TypeError: int() argument must be a string, a bytes-like object or a number, not 'NoneType'
[pid: 4731|app: 0|req: 13/13] 223.104.41.167 () {42 vars in 1142 bytes} [Tue Jun 13 14:51:25 2023] GET /myApp/question/recommend/?tags=%5B%22%E6%83%85%E6%84%9F%22%2C%22TD%22%2C%22%E8%88%AA%E5%AD%A6%22%2C%22%E5%A5%BD%E7%89%A9%22%5D => generated 54353 bytes in 15 msecs (HTTP/1.1 500) 6 headers in 207 bytes (1 switches on core 1)
[pid: 4731|app: 0|req: 14/14] 223.104.41.167 () {42 vars in 1008 bytes} [Tue Jun 13 14:51:26 2023] GET /myApp/question/sort/?tag=%E6%B1%82%E8%81%8C&sortBy=ClikeNum => generated 3821 bytes in 8 msecs (HTTP/1.1 200) 6 headers in 186 bytes (1 switches on core 0)
[pid: 4731|app: 0|req: 15/15] 223.104.41.167 () {42 vars in 1008 bytes} [Tue Jun 13 14:51:26 2023] GET /myApp/question/sort/?tag=%E8%80%83%E7%A0%94&sortBy=ClikeNum => generated 2401 bytes in 7 msecs (HTTP/1.1 200) 6 headers in 186 bytes (1 switches on core 1)
[pid: 4731|app: 0|req: 16/16] 219.239.227.119 () {40 vars in 841 bytes} [Tue Jun 13 14:51:27 2023] GET /myApp/question/sort/?tag=%E8%80%83%E7%A0%94&sortBy=ClikeNum => generated 2401 bytes in 7 msecs (HTTP/1.1 200) 6 headers in 186 bytes (1 switches on core 0)
[pid: 4731|app: 0|req: 17/17] 223.104.41.167 () {42 vars in 1008 bytes} [Tue Jun 13 14:51:27 2023] GET /myApp/question/sort/?tag=%E6%B1%82%E8%81%8C&sortBy=ClikeNum => generated 3821 bytes in 8 msecs (HTTP/1.1 200) 6 headers in 186 bytes (1 switches on core 1)
-----in hot----
[pid: 4731|app: 0|req: 18/18] 223.104.41.167 () {42 vars in 929 bytes} [Tue Jun 13 14:51:28 2023] GET /myApp/question/hot/ => generated 5330 bytes in 11 msecs (HTTP/1.1 200) 6 headers in 186 bytes (1 switches on core 0)
[pid: 4731|app: 0|req: 19/19] 223.104.41.167 () {42 vars in 1008 bytes} [Tue Jun 13 14:51:29 2023] GET /myApp/question/sort/?tag=%E8%80%83%E7%A0%94&sortBy=ClikeNum => generated 2401 bytes in 7 msecs (HTTP/1.1 200) 6 headers in 186 bytes (1 switches on core 1)
into
into
-----qid----------
39
-----qid----------
39
[pid: 4731|app: 0|req: 21/20] 219.239.227.119 () {40 vars in 777 bytes} [Tue Jun 13 14:51:30 2023] GET /myApp/question/show/?qid=39 => generated 36 bytes in 16 msecs (HTTP/1.1 200) 6 headers in 184 bytes (1 switches on core 0)
[pid: 4731|app: 0|req: 21/21] 219.239.227.119 () {40 vars in 777 bytes} [Tue Jun 13 14:51:30 2023] GET /myApp/question/show/?qid=39 => generated 36 bytes in 16 msecs (HTTP/1.1 200) 6 headers in 184 bytes (1 switches on core 1)
[pid: 4731|app: 0|req: 22/22] 223.104.41.167 () {42 vars in 1008 bytes} [Tue Jun 13 14:51:31 2023] GET /myApp/question/sort/?tag=%E6%B1%82%E8%81%8C&sortBy=ClikeNum => generated 3821 bytes in 9 msecs (HTTP/1.1 200) 6 headers in 186 bytes (1 switches on core 0)
[pid: 4731|app: 0|req: 23/23] 219.239.227.119 () {40 vars in 841 bytes} [Tue Jun 13 14:51:31 2023] GET /myApp/question/sort/?tag=%E8%80%83%E7%A0%94&sortBy=ClikeNum => generated 2401 bytes in 7 msecs (HTTP/1.1 200) 6 headers in 186 bytes (1 switches on core 1)
[pid: 4731|app: 0|req: 24/24] 219.239.227.119 () {40 vars in 841 bytes} [Tue Jun 13 14:51:32 2023] GET /myApp/question/sort/?tag=%E8%80%83%E7%A0%94&sortBy=ClikeNum => generated 2401 bytes in 7 msecs (HTTP/1.1 200) 6 headers in 186 bytes (1 switches on core 0)
[pid: 4731|app: 0|req: 25/25] 223.104.41.167 () {42 vars in 1008 bytes} [Tue Jun 13 14:51:32 2023] GET /myApp/question/sort/?tag=%E8%80%83%E7%A0%94&sortBy=ClikeNum => generated 2401 bytes in 7 msecs (HTTP/1.1 200) 6 headers in 186 bytes (1 switches on core 1)
[pid: 4731|app: 0|req: 26/26] 223.104.41.167 () {42 vars in 1008 bytes} [Tue Jun 13 14:51:33 2023] GET /myApp/question/sort/?tag=%E6%B1%82%E8%81%8C&sortBy=ClikeNum => generated 3821 bytes in 8 msecs (HTTP/1.1 200) 6 headers in 186 bytes (1 switches on core 0)
into
into
-----qid----------
26
-----qid----------
26
[pid: 4731|app: 0|req: 28/27] 219.239.227.119 () {40 vars in 777 bytes} [Tue Jun 13 14:51:34 2023] GET /myApp/question/show/?qid=26 => generated 36 bytes in 12 msecs (HTTP/1.1 200) 6 headers in 184 bytes (1 switches on core 0)
[pid: 4731|app: 0|req: 28/28] 219.239.227.119 () {40 vars in 777 bytes} [Tue Jun 13 14:51:34 2023] GET /myApp/question/show/?qid=26 => generated 36 bytes in 13 msecs (HTTP/1.1 200) 6 headers in 184 bytes (1 switches on core 1)
[pid: 4731|app: 0|req: 29/29] 219.239.227.119 () {40 vars in 841 bytes} [Tue Jun 13 14:51:35 2023] GET /myApp/question/sort/?tag=%E8%80%83%E7%A0%94&sortBy=ClikeNum => generated 2401 bytes in 7 msecs (HTTP/1.1 200) 6 headers in 186 bytes (1 switches on core 0)
[pid: 4731|app: 0|req: 30/30] 219.239.227.119 () {40 vars in 841 bytes} [Tue Jun 13 14:51:40 2023] GET /myApp/question/sort/?tag=%E4%BF%9D%E7%A0%94&sortBy=ClikeNum => generated 12 bytes in 3 msecs (HTTP/1.1 200) 6 headers in 184 bytes (1 switches on core 1)
[pid: 4731|app: 0|req: 31/31] 219.239.227.119 () {40 vars in 841 bytes} [Tue Jun 13 14:51:41 2023] GET /myApp/question/sort/?tag=%E6%8C%87%E5%8D%97&sortBy=ClikeNum => generated 17960 bytes in 26 msecs (HTTP/1.1 200) 6 headers in 187 bytes (1 switches on core 0)
[pid: 4731|app: 0|req: 32/32] 223.104.41.167 () {42 vars in 1008 bytes} [Tue Jun 13 14:51:42 2023] GET /myApp/question/sort/?tag=%E6%B1%82%E8%81%8C&sortBy=ClikeNum => generated 3821 bytes in 8 msecs (HTTP/1.1 200) 6 headers in 186 bytes (1 switches on core 1)
-----in hot----
[pid: 4731|app: 0|req: 33/33] 223.104.41.167 () {42 vars in 929 bytes} [Tue Jun 13 14:51:43 2023] GET /myApp/question/hot/ => generated 5330 bytes in 11 msecs (HTTP/1.1 200) 6 headers in 186 bytes (1 switches on core 0)
[pid: 4731|app: 0|req: 34/34] 219.239.227.119 () {40 vars in 841 bytes} [Tue Jun 13 14:51:50 2023] GET /myApp/question/sort/?tag=%E8%80%83%E7%A0%94&sortBy=ClikeNum => generated 2401 bytes in 7 msecs (HTTP/1.1 200) 6 headers in 186 bytes (1 switches on core 1)
[pid: 4731|app: 0|req: 35/35] 219.239.227.119 () {40 vars in 841 bytes} [Tue Jun 13 14:51:50 2023] GET /myApp/question/sort/?tag=%E8%80%83%E7%A0%94&sortBy=ClikeNum => generated 2401 bytes in 7 msecs (HTTP/1.1 200) 6 headers in 186 bytes (1 switches on core 0)
-------------------------
Internal Server Error: /myApp/question/recommend/
Traceback (most recent call last):
  File "/root/anaconda3/envs/software/lib/python3.9/site-packages/django/core/handlers/exception.py", line 47, in inner
    response = get_response(request)
  File "/root/anaconda3/envs/software/lib/python3.9/site-packages/django/core/handlers/base.py", line 181, in _get_response
    response = wrapped_callback(request, *callback_args, **callback_kwargs)
  File "/home/ourProject/soft-ware-project/./myApp/views.py", line 293, in recommend_question
    uid = int(request.GET.get('uid'))
TypeError: int() argument must be a string, a bytes-like object or a number, not 'NoneType'
[pid: 4731|app: 0|req: 36/36] 219.239.227.119 () {40 vars in 797 bytes} [Tue Jun 13 14:51:51 2023] GET /myApp/question/recommend/?tags=%5B%5D => generated 53358 bytes in 16 msecs (HTTP/1.1 500) 6 headers in 207 bytes (1 switches on core 1)
-----in hot----
[pid: 4731|app: 0|req: 37/37] 219.239.227.119 () {40 vars in 762 bytes} [Tue Jun 13 14:51:52 2023] GET /myApp/question/hot/ => generated 5330 bytes in 11 msecs (HTTP/1.1 200) 6 headers in 186 bytes (1 switches on core 0)
-----in hot----
[pid: 4731|app: 0|req: 38/38] 219.239.227.119 () {40 vars in 762 bytes} [Tue Jun 13 14:51:52 2023] GET /myApp/question/hot/ => generated 5330 bytes in 10 msecs (HTTP/1.1 200) 6 headers in 186 bytes (1 switches on core 1)
-----in hot----
[pid: 4731|app: 0|req: 39/39] 223.104.41.167 () {42 vars in 929 bytes} [Tue Jun 13 14:51:54 2023] GET /myApp/question/hot/ => generated 5330 bytes in 12 msecs (HTTP/1.1 200) 6 headers in 186 bytes (1 switches on core 0)
-------------------------
Internal Server Error: /myApp/question/recommend/
Traceback (most recent call last):
  File "/root/anaconda3/envs/software/lib/python3.9/site-packages/django/core/handlers/exception.py", line 47, in inner
    response = get_response(request)
  File "/root/anaconda3/envs/software/lib/python3.9/site-packages/django/core/handlers/base.py", line 181, in _get_response
    response = wrapped_callback(request, *callback_args, **callback_kwargs)
  File "/home/ourProject/soft-ware-project/./myApp/views.py", line 293, in recommend_question
    uid = int(request.GET.get('uid'))
TypeError: int() argument must be a string, a bytes-like object or a number, not 'NoneType'
[pid: 4731|app: 0|req: 40/40] 223.104.41.167 () {42 vars in 1142 bytes} [Tue Jun 13 14:52:00 2023] GET /myApp/question/recommend/?tags=%5B%22%E6%83%85%E6%84%9F%22%2C%22TD%22%2C%22%E8%88%AA%E5%AD%A6%22%2C%22%E5%A5%BD%E7%89%A9%22%5D => generated 54353 bytes in 18 msecs (HTTP/1.1 500) 6 headers in 207 bytes (1 switches on core 1)
[pid: 4731|app: 0|req: 41/41] 223.104.41.167 () {42 vars in 1008 bytes} [Tue Jun 13 14:52:00 2023] GET /myApp/question/sort/?tag=%E6%B1%82%E8%81%8C&sortBy=ClikeNum => generated 3821 bytes in 8 msecs (HTTP/1.1 200) 6 headers in 186 bytes (1 switches on core 0)
-------------------------
Internal Server Error: /myApp/question/recommend/
Traceback (most recent call last):
  File "/root/anaconda3/envs/software/lib/python3.9/site-packages/django/core/handlers/exception.py", line 47, in inner
    response = get_response(request)
  File "/root/anaconda3/envs/software/lib/python3.9/site-packages/django/core/handlers/base.py", line 181, in _get_response
    response = wrapped_callback(request, *callback_args, **callback_kwargs)
  File "/home/ourProject/soft-ware-project/./myApp/views.py", line 293, in recommend_question
    uid = int(request.GET.get('uid'))
TypeError: int() argument must be a string, a bytes-like object or a number, not 'NoneType'
[pid: 4731|app: 0|req: 42/42] 223.104.41.167 () {42 vars in 1142 bytes} [Tue Jun 13 14:52:01 2023] GET /myApp/question/recommend/?tags=%5B%22%E6%83%85%E6%84%9F%22%2C%22TD%22%2C%22%E8%88%AA%E5%AD%A6%22%2C%22%E5%A5%BD%E7%89%A9%22%5D => generated 54353 bytes in 16 msecs (HTTP/1.1 500) 6 headers in 207 bytes (1 switches on core 1)
-----in hot----
[pid: 4731|app: 0|req: 43/43] 219.239.227.119 () {40 vars in 762 bytes} [Tue Jun 13 14:52:19 2023] GET /myApp/question/hot/ => generated 5330 bytes in 11 msecs (HTTP/1.1 200) 6 headers in 186 bytes (1 switches on core 0)
-----in hot----
[pid: 4731|app: 0|req: 44/44] 219.239.227.119 () {40 vars in 762 bytes} [Tue Jun 13 15:05:16 2023] GET /myApp/question/hot/ => generated 5330 bytes in 11 msecs (HTTP/1.1 200) 6 headers in 186 bytes (1 switches on core 1)
-------------------------
-------------------------
Internal Server Error: /myApp/question/recommend/
Traceback (most recent call last):
  File "/root/anaconda3/envs/software/lib/python3.9/site-packages/django/core/handlers/exception.py", line 47, in inner
    response = get_response(request)
  File "/root/anaconda3/envs/software/lib/python3.9/site-packages/django/core/handlers/base.py", line 181, in _get_response
    response = wrapped_callback(request, *callback_args, **callback_kwargs)
  File "/home/ourProject/soft-ware-project/./myApp/views.py", line 293, in recommend_question
    uid = int(request.GET.get('uid'))
TypeError: int() argument must be a string, a bytes-like object or a number, not 'NoneType'
[pid: 4731|app: 0|req: 46/45] 219.239.227.231 () {42 vars in 965 bytes} [Tue Jun 13 15:10:20 2023] GET /myApp/question/recommend/?tags=%5B%5D => generated 53660 bytes in 28 msecs (HTTP/1.1 500) 6 headers in 207 bytes (1 switches on core 0)
Internal Server Error: /myApp/question/recommend/
Traceback (most recent call last):
  File "/root/anaconda3/envs/software/lib/python3.9/site-packages/django/core/handlers/exception.py", line 47, in inner
    response = get_response(request)
  File "/root/anaconda3/envs/software/lib/python3.9/site-packages/django/core/handlers/base.py", line 181, in _get_response
    response = wrapped_callback(request, *callback_args, **callback_kwargs)
  File "/home/ourProject/soft-ware-project/./myApp/views.py", line 293, in recommend_question
    uid = int(request.GET.get('uid'))
TypeError: int() argument must be a string, a bytes-like object or a number, not 'NoneType'
[pid: 4731|app: 0|req: 47/46] 219.239.227.231 () {42 vars in 965 bytes} [Tue Jun 13 15:10:20 2023] GET /myApp/question/recommend/?tags=%5B%5D => generated 53660 bytes in 33 msecs (HTTP/1.1 500) 6 headers in 207 bytes (1 switches on core 1)
otjFq5Y9GFfbIiTp-tgFnOXLgznw
['二手', '情感', '航学']
[27]
[8, 133, 78]
[pid: 4731|app: 0|req: 47/47] 219.239.227.231 () {42 vars in 1005 bytes} [Tue Jun 13 15:10:20 2023] GET /myApp/user/profile/?code=0c16a5Ga1NiguF0dDhJa13U1XJ16a5GC => generated 503 bytes in 198 msecs (HTTP/1.1 200) 6 headers in 185 bytes (1 switches on core 0)
Not Found: /robots.txt
[pid: 4731|app: 0|req: 48/48] 138.246.253.24 () {32 vars in 479 bytes} [Tue Jun 13 15:10:58 2023] GET /robots.txt => generated 2109 bytes in 2 msecs (HTTP/1.1 404) 6 headers in 186 bytes (1 switches on core 1)
Not Found: /
[pid: 4731|app: 0|req: 49/49] 83.97.73.89 () {36 vars in 511 bytes} [Tue Jun 13 21:20:16 2023] GET / => generated 2065 bytes in 2 msecs (HTTP/1.1 404) 6 headers in 186 bytes (1 switches on core 0)
Not Found: /autodiscover/autodiscover.json
[pid: 4731|app: 0|req: 50/50] 162.243.140.31 () {36 vars in 501 bytes} [Tue Jun 13 22:06:34 2023] GET /autodiscover/autodiscover.json?@zdi/Powershell => generated 2185 bytes in 2 msecs (HTTP/1.1 404) 6 headers in 186 bytes (1 switches on core 1)
Not Found: /Autodiscover/Autodiscover.xml
[pid: 4731|app: 0|req: 51/51] 83.97.73.89 () {40 vars in 650 bytes} [Tue Jun 13 22:25:05 2023] POST /Autodiscover/Autodiscover.xml => generated 2171 bytes in 2 msecs (HTTP/1.1 404) 6 headers in 186 bytes (1 switches on core 0)
Not Found: /vendor/phpunit/phpunit/src/Util/PHP/eval-stdin.php
[pid: 4731|app: 0|req: 52/52] 83.97.73.89 () {40 vars in 726 bytes} [Tue Jun 13 23:14:43 2023] POST /vendor/phpunit/phpunit/src/Util/PHP/eval-stdin.php => generated 2234 bytes in 2 msecs (HTTP/1.1 404) 6 headers in 186 bytes (1 switches on core 1)
Not Found: /
[pid: 4731|app: 0|req: 53/53] 35.216.237.60 () {34 vars in 380 bytes} [Wed Jun 14 00:07:24 2023] GET / => generated 2061 bytes in 2 msecs (HTTP/1.1 404) 6 headers in 186 bytes (1 switches on core 0)
Not Found: /.git/config
[pid: 4731|app: 0|req: 54/54] 35.216.237.60 () {36 vars in 514 bytes} [Wed Jun 14 00:07:25 2023] GET /.git/config => generated 2112 bytes in 3 msecs (HTTP/1.1 404) 6 headers in 186 bytes (1 switches on core 1)
Not Found: /server-status
[pid: 4731|app: 0|req: 55/55] 35.216.237.60 () {36 vars in 518 bytes} [Wed Jun 14 00:07:26 2023] GET /server-status => generated 2118 bytes in 2 msecs (HTTP/1.1 404) 6 headers in 186 bytes (1 switches on core 0)
Not Found: /config.json
[pid: 4731|app: 0|req: 56/56] 35.216.237.60 () {36 vars in 514 bytes} [Wed Jun 14 00:07:27 2023] GET /config.json => generated 2112 bytes in 2 msecs (HTTP/1.1 404) 6 headers in 186 bytes (1 switches on core 1)
Not Found: /.env
[pid: 4731|app: 0|req: 57/57] 35.216.237.60 () {36 vars in 500 bytes} [Wed Jun 14 00:07:28 2023] GET /.env => generated 2091 bytes in 4 msecs (HTTP/1.1 404) 6 headers in 186 bytes (1 switches on core 0)
Not Found: /telescope/requests
[pid: 4731|app: 0|req: 58/58] 35.216.237.60 () {36 vars in 528 bytes} [Wed Jun 14 00:07:28 2023] GET /telescope/requests => generated 2133 bytes in 2 msecs (HTTP/1.1 404) 6 headers in 186 bytes (1 switches on core 1)
Not Found: /info.php
[pid: 4731|app: 0|req: 59/59] 35.216.237.60 () {36 vars in 508 bytes} [Wed Jun 14 00:07:29 2023] GET /info.php => generated 2103 bytes in 2 msecs (HTTP/1.1 404) 6 headers in 186 bytes (1 switches on core 0)
-------------------------
-------------------------
Internal Server Error: /myApp/question/recommend/
Traceback (most recent call last):
  File "/root/anaconda3/envs/software/lib/python3.9/site-packages/django/core/handlers/exception.py", line 47, in inner
    response = get_response(request)
  File "/root/anaconda3/envs/software/lib/python3.9/site-packages/django/core/handlers/base.py", line 181, in _get_response
    response = wrapped_callback(request, *callback_args, **callback_kwargs)
  File "/home/ourProject/soft-ware-project/./myApp/views.py", line 293, in recommend_question
    uid = int(request.GET.get('uid'))
TypeError: int() argument must be a string, a bytes-like object or a number, not 'NoneType'
[pid: 4731|app: 0|req: 61/60] 223.104.41.88 () {42 vars in 961 bytes} [Wed Jun 14 00:25:43 2023] GET /myApp/question/recommend/?tags=%5B%5D => generated 53656 bytes in 21 msecs (HTTP/1.1 500) 6 headers in 207 bytes (1 switches on core 1)
Internal Server Error: /myApp/question/recommend/
Traceback (most recent call last):
  File "/root/anaconda3/envs/software/lib/python3.9/site-packages/django/core/handlers/exception.py", line 47, in inner
    response = get_response(request)
  File "/root/anaconda3/envs/software/lib/python3.9/site-packages/django/core/handlers/base.py", line 181, in _get_response
    response = wrapped_callback(request, *callback_args, **callback_kwargs)
  File "/home/ourProject/soft-ware-project/./myApp/views.py", line 293, in recommend_question
    uid = int(request.GET.get('uid'))
TypeError: int() argument must be a string, a bytes-like object or a number, not 'NoneType'
[pid: 4731|app: 0|req: 62/61] 223.104.41.88 () {42 vars in 961 bytes} [Wed Jun 14 00:25:43 2023] GET /myApp/question/recommend/?tags=%5B%5D => generated 53656 bytes in 28 msecs (HTTP/1.1 500) 6 headers in 207 bytes (1 switches on core 0)
otjFq5Y9GFfbIiTp-tgFnOXLgznw
['二手', '情感', '航学']
[27]
[8, 133, 78]
[pid: 4731|app: 0|req: 62/62] 223.104.41.88 () {42 vars in 1001 bytes} [Wed Jun 14 00:25:43 2023] GET /myApp/user/profile/?code=0c1xSNFa1AjQtF0i8vIa1Qn5GC0xSNFL => generated 503 bytes in 221 msecs (HTTP/1.1 200) 6 headers in 185 bytes (1 switches on core 1)
-------------------------
Internal Server Error: /myApp/question/recommend/
Traceback (most recent call last):
  File "/root/anaconda3/envs/software/lib/python3.9/site-packages/django/core/handlers/exception.py", line 47, in inner
    response = get_response(request)
  File "/root/anaconda3/envs/software/lib/python3.9/site-packages/django/core/handlers/base.py", line 181, in _get_response
    response = wrapped_callback(request, *callback_args, **callback_kwargs)
  File "/home/ourProject/soft-ware-project/./myApp/views.py", line 293, in recommend_question
    uid = int(request.GET.get('uid'))
TypeError: int() argument must be a string, a bytes-like object or a number, not 'NoneType'
[pid: 4731|app: 0|req: 63/63] 223.104.41.88 () {42 vars in 1117 bytes} [Wed Jun 14 00:25:50 2023] GET /myApp/question/recommend/?tags=%5B%22%E4%BA%8C%E6%89%8B%22%2C%22%E6%83%85%E6%84%9F%22%2C%22%E8%88%AA%E5%AD%A6%22%5D => generated 54258 bytes in 16 msecs (HTTP/1.1 500) 6 headers in 207 bytes (1 switches on core 0)
-----in hot----
[pid: 4731|app: 0|req: 64/64] 223.104.41.88 () {42 vars in 926 bytes} [Wed Jun 14 00:25:52 2023] GET /myApp/question/hot/ => generated 5330 bytes in 11 msecs (HTTP/1.1 200) 6 headers in 186 bytes (1 switches on core 1)
-------------------------
Internal Server Error: /myApp/question/recommend/
Traceback (most recent call last):
  File "/root/anaconda3/envs/software/lib/python3.9/site-packages/django/core/handlers/exception.py", line 47, in inner
    response = get_response(request)
  File "/root/anaconda3/envs/software/lib/python3.9/site-packages/django/core/handlers/base.py", line 181, in _get_response
    response = wrapped_callback(request, *callback_args, **callback_kwargs)
  File "/home/ourProject/soft-ware-project/./myApp/views.py", line 293, in recommend_question
    uid = int(request.GET.get('uid'))
TypeError: int() argument must be a string, a bytes-like object or a number, not 'NoneType'
[pid: 4731|app: 0|req: 65/65] 223.104.41.88 () {42 vars in 1117 bytes} [Wed Jun 14 00:25:54 2023] GET /myApp/question/recommend/?tags=%5B%22%E4%BA%8C%E6%89%8B%22%2C%22%E6%83%85%E6%84%9F%22%2C%22%E8%88%AA%E5%AD%A6%22%5D => generated 54258 bytes in 16 msecs (HTTP/1.1 500) 6 headers in 207 bytes (1 switches on core 0)
[pid: 4731|app: 0|req: 66/66] 223.104.41.88 () {42 vars in 1005 bytes} [Wed Jun 14 00:25:56 2023] GET /myApp/question/sort/?tag=%E6%B1%82%E8%81%8C&sortBy=ClikeNum => generated 3821 bytes in 9 msecs (HTTP/1.1 200) 6 headers in 186 bytes (1 switches on core 1)
[pid: 4731|app: 0|req: 67/67] 223.104.41.88 () {42 vars in 1005 bytes} [Wed Jun 14 00:25:57 2023] GET /myApp/question/sort/?tag=%E8%80%83%E7%A0%94&sortBy=ClikeNum => generated 2401 bytes in 7 msecs (HTTP/1.1 200) 6 headers in 186 bytes (1 switches on core 0)
-------------------------
Internal Server Error: /myApp/question/recommend/
Traceback (most recent call last):
  File "/root/anaconda3/envs/software/lib/python3.9/site-packages/django/core/handlers/exception.py", line 47, in inner
    response = get_response(request)
  File "/root/anaconda3/envs/software/lib/python3.9/site-packages/django/core/handlers/base.py", line 181, in _get_response
    response = wrapped_callback(request, *callback_args, **callback_kwargs)
  File "/home/ourProject/soft-ware-project/./myApp/views.py", line 293, in recommend_question
    uid = int(request.GET.get('uid'))
TypeError: int() argument must be a string, a bytes-like object or a number, not 'NoneType'
[pid: 4731|app: 0|req: 68/68] 223.104.41.88 () {42 vars in 1117 bytes} [Wed Jun 14 00:25:58 2023] GET /myApp/question/recommend/?tags=%5B%22%E4%BA%8C%E6%89%8B%22%2C%22%E6%83%85%E6%84%9F%22%2C%22%E8%88%AA%E5%AD%A6%22%5D => generated 54258 bytes in 16 msecs (HTTP/1.1 500) 6 headers in 207 bytes (1 switches on core 1)
-----in hot----
[pid: 4731|app: 0|req: 69/69] 223.104.41.88 () {42 vars in 926 bytes} [Wed Jun 14 00:25:59 2023] GET /myApp/question/hot/ => generated 5330 bytes in 11 msecs (HTTP/1.1 200) 6 headers in 186 bytes (1 switches on core 0)
-----in hot----
[pid: 4731|app: 0|req: 70/70] 223.104.41.88 () {42 vars in 926 bytes} [Wed Jun 14 00:26:01 2023] GET /myApp/question/hot/ => generated 5330 bytes in 11 msecs (HTTP/1.1 200) 6 headers in 186 bytes (1 switches on core 1)
-----in hot----
[pid: 4731|app: 0|req: 71/71] 223.104.41.88 () {42 vars in 926 bytes} [Wed Jun 14 00:26:10 2023] GET /myApp/question/hot/ => generated 5330 bytes in 11 msecs (HTTP/1.1 200) 6 headers in 186 bytes (1 switches on core 0)
[pid: 4731|app: 0|req: 72/72] 223.104.41.88 () {42 vars in 1005 bytes} [Wed Jun 14 00:26:12 2023] GET /myApp/question/sort/?tag=%E6%B1%82%E8%81%8C&sortBy=ClikeNum => generated 3821 bytes in 8 msecs (HTTP/1.1 200) 6 headers in 186 bytes (1 switches on core 1)
-------------------------
Internal Server Error: /myApp/question/recommend/
Traceback (most recent call last):
  File "/root/anaconda3/envs/software/lib/python3.9/site-packages/django/core/handlers/exception.py", line 47, in inner
    response = get_response(request)
  File "/root/anaconda3/envs/software/lib/python3.9/site-packages/django/core/handlers/base.py", line 181, in _get_response
    response = wrapped_callback(request, *callback_args, **callback_kwargs)
  File "/home/ourProject/soft-ware-project/./myApp/views.py", line 293, in recommend_question
    uid = int(request.GET.get('uid'))
TypeError: int() argument must be a string, a bytes-like object or a number, not 'NoneType'
[pid: 4731|app: 0|req: 73/73] 223.104.41.88 () {42 vars in 1117 bytes} [Wed Jun 14 00:26:13 2023] GET /myApp/question/recommend/?tags=%5B%22%E4%BA%8C%E6%89%8B%22%2C%22%E6%83%85%E6%84%9F%22%2C%22%E8%88%AA%E5%AD%A6%22%5D => generated 54258 bytes in 34 msecs (HTTP/1.1 500) 6 headers in 207 bytes (1 switches on core 0)
[pid: 4731|app: 0|req: 74/74] 223.104.41.88 () {42 vars in 1005 bytes} [Wed Jun 14 00:26:14 2023] GET /myApp/question/sort/?tag=%E8%80%83%E7%A0%94&sortBy=ClikeNum => generated 2401 bytes in 7 msecs (HTTP/1.1 200) 6 headers in 186 bytes (1 switches on core 1)
-------------------------
Internal Server Error: /myApp/question/recommend/
Traceback (most recent call last):
  File "/root/anaconda3/envs/software/lib/python3.9/site-packages/django/core/handlers/exception.py", line 47, in inner
    response = get_response(request)
  File "/root/anaconda3/envs/software/lib/python3.9/site-packages/django/core/handlers/base.py", line 181, in _get_response
    response = wrapped_callback(request, *callback_args, **callback_kwargs)
  File "/home/ourProject/soft-ware-project/./myApp/views.py", line 293, in recommend_question
    uid = int(request.GET.get('uid'))
TypeError: int() argument must be a string, a bytes-like object or a number, not 'NoneType'
[pid: 4731|app: 0|req: 75/75] 223.104.41.88 () {42 vars in 1117 bytes} [Wed Jun 14 00:26:15 2023] GET /myApp/question/recommend/?tags=%5B%22%E4%BA%8C%E6%89%8B%22%2C%22%E6%83%85%E6%84%9F%22%2C%22%E8%88%AA%E5%AD%A6%22%5D => generated 54258 bytes in 15 msecs (HTTP/1.1 500) 6 headers in 207 bytes (1 switches on core 0)
[pid: 4731|app: 0|req: 76/76] 223.104.41.88 () {42 vars in 1005 bytes} [Wed Jun 14 00:26:16 2023] GET /myApp/question/sort/?tag=%E6%B1%82%E8%81%8C&sortBy=ClikeNum => generated 3821 bytes in 8 msecs (HTTP/1.1 200) 6 headers in 186 bytes (1 switches on core 1)
-------------------------
Internal Server Error: /myApp/question/recommend/
Traceback (most recent call last):
  File "/root/anaconda3/envs/software/lib/python3.9/site-packages/django/core/handlers/exception.py", line 47, in inner
    response = get_response(request)
  File "/root/anaconda3/envs/software/lib/python3.9/site-packages/django/core/handlers/base.py", line 181, in _get_response
    response = wrapped_callback(request, *callback_args, **callback_kwargs)
  File "/home/ourProject/soft-ware-project/./myApp/views.py", line 293, in recommend_question
    uid = int(request.GET.get('uid'))
TypeError: int() argument must be a string, a bytes-like object or a number, not 'NoneType'
[pid: 4731|app: 0|req: 77/77] 223.104.41.88 () {42 vars in 1117 bytes} [Wed Jun 14 00:26:17 2023] GET /myApp/question/recommend/?tags=%5B%22%E4%BA%8C%E6%89%8B%22%2C%22%E6%83%85%E6%84%9F%22%2C%22%E8%88%AA%E5%AD%A6%22%5D => generated 54258 bytes in 16 msecs (HTTP/1.1 500) 6 headers in 207 bytes (1 switches on core 0)
-----in hot----
[pid: 4731|app: 0|req: 78/78] 223.104.41.88 () {42 vars in 926 bytes} [Wed Jun 14 00:26:18 2023] GET /myApp/question/hot/ => generated 5330 bytes in 11 msecs (HTTP/1.1 200) 6 headers in 186 bytes (1 switches on core 1)
-------------------------
Internal Server Error: /myApp/question/recommend/
Traceback (most recent call last):
  File "/root/anaconda3/envs/software/lib/python3.9/site-packages/django/core/handlers/exception.py", line 47, in inner
    response = get_response(request)
  File "/root/anaconda3/envs/software/lib/python3.9/site-packages/django/core/handlers/base.py", line 181, in _get_response
    response = wrapped_callback(request, *callback_args, **callback_kwargs)
  File "/home/ourProject/soft-ware-project/./myApp/views.py", line 293, in recommend_question
    uid = int(request.GET.get('uid'))
TypeError: int() argument must be a string, a bytes-like object or a number, not 'NoneType'
[pid: 4731|app: 0|req: 79/79] 223.104.41.88 () {42 vars in 1117 bytes} [Wed Jun 14 00:26:19 2023] GET /myApp/question/recommend/?tags=%5B%22%E4%BA%8C%E6%89%8B%22%2C%22%E6%83%85%E6%84%9F%22%2C%22%E8%88%AA%E5%AD%A6%22%5D => generated 54258 bytes in 15 msecs (HTTP/1.1 500) 6 headers in 207 bytes (1 switches on core 0)
[pid: 4731|app: 0|req: 80/80] 223.104.41.88 () {42 vars in 1005 bytes} [Wed Jun 14 00:26:21 2023] GET /myApp/question/sort/?tag=%E6%B1%82%E8%81%8C&sortBy=ClikeNum => generated 3821 bytes in 8 msecs (HTTP/1.1 200) 6 headers in 186 bytes (1 switches on core 1)
-------------------------
Internal Server Error: /myApp/question/recommend/
Traceback (most recent call last):
  File "/root/anaconda3/envs/software/lib/python3.9/site-packages/django/core/handlers/exception.py", line 47, in inner
    response = get_response(request)
  File "/root/anaconda3/envs/software/lib/python3.9/site-packages/django/core/handlers/base.py", line 181, in _get_response
    response = wrapped_callback(request, *callback_args, **callback_kwargs)
  File "/home/ourProject/soft-ware-project/./myApp/views.py", line 293, in recommend_question
    uid = int(request.GET.get('uid'))
TypeError: int() argument must be a string, a bytes-like object or a number, not 'NoneType'
[pid: 4731|app: 0|req: 81/81] 223.104.41.88 () {42 vars in 1117 bytes} [Wed Jun 14 00:26:22 2023] GET /myApp/question/recommend/?tags=%5B%22%E4%BA%8C%E6%89%8B%22%2C%22%E6%83%85%E6%84%9F%22%2C%22%E8%88%AA%E5%AD%A6%22%5D => generated 54258 bytes in 16 msecs (HTTP/1.1 500) 6 headers in 207 bytes (1 switches on core 0)
[pid: 4731|app: 0|req: 82/82] 223.104.41.88 () {42 vars in 1005 bytes} [Wed Jun 14 00:26:23 2023] GET /myApp/question/sort/?tag=%E6%B1%82%E8%81%8C&sortBy=ClikeNum => generated 3821 bytes in 8 msecs (HTTP/1.1 200) 6 headers in 186 bytes (1 switches on core 1)
[pid: 4731|app: 0|req: 83/83] 223.104.41.88 () {42 vars in 1005 bytes} [Wed Jun 14 00:26:24 2023] GET /myApp/question/sort/?tag=%E8%80%83%E7%A0%94&sortBy=ClikeNum => generated 2401 bytes in 7 msecs (HTTP/1.1 200) 6 headers in 186 bytes (1 switches on core 0)
[pid: 4731|app: 0|req: 84/84] 223.104.41.88 () {42 vars in 1005 bytes} [Wed Jun 14 00:26:25 2023] GET /myApp/question/sort/?tag=%E4%BF%9D%E7%A0%94&sortBy=ClikeNum => generated 12 bytes in 3 msecs (HTTP/1.1 200) 6 headers in 184 bytes (1 switches on core 1)
[pid: 4731|app: 0|req: 85/85] 223.104.41.88 () {42 vars in 1005 bytes} [Wed Jun 14 00:26:26 2023] GET /myApp/question/sort/?tag=%E6%8C%87%E5%8D%97&sortBy=ClikeNum => generated 17960 bytes in 26 msecs (HTTP/1.1 200) 6 headers in 187 bytes (1 switches on core 0)
[pid: 4731|app: 0|req: 86/86] 223.104.41.88 () {42 vars in 1005 bytes} [Wed Jun 14 00:26:26 2023] GET /myApp/question/sort/?tag=%E6%B4%BB%E5%8A%A8&sortBy=ClikeNum => generated 22167 bytes in 32 msecs (HTTP/1.1 200) 6 headers in 187 bytes (1 switches on core 1)
Not Found: /index.php
[pid: 4731|app: 0|req: 87/87] 83.97.73.89 () {36 vars in 734 bytes} [Wed Jun 14 00:51:54 2023] GET /index.php?s=/Index/\think\app/invokefunction&function=call_user_func_array&vars[0]=md5&vars[1][]=HelloThinkPHP21 => generated 2229 bytes in 2 msecs (HTTP/1.1 404) 6 headers in 186 bytes (1 switches on core 0)
Not Found: /
[pid: 4731|app: 0|req: 88/88] 35.233.62.116 () {44 vars in 578 bytes} [Wed Jun 14 01:43:14 2023] GET / => generated 2061 bytes in 2 msecs (HTTP/1.1 404) 6 headers in 186 bytes (1 switches on core 1)
Not Found: /
[pid: 4731|app: 0|req: 89/89] 83.97.73.89 () {36 vars in 570 bytes} [Wed Jun 14 02:13:39 2023] GET /?XDEBUG_SESSION_START=phpstorm => generated 2095 bytes in 2 msecs (HTTP/1.1 404) 6 headers in 186 bytes (1 switches on core 0)
Not Found: /
[pid: 4731|app: 0|req: 90/90] 172.104.11.4 () {36 vars in 501 bytes} [Wed Jun 14 03:29:05 2023] GET / => generated 2061 bytes in 3 msecs (HTTP/1.1 404) 6 headers in 186 bytes (1 switches on core 1)
Not Found: /owa/auth/logon.aspx
[pid: 4731|app: 0|req: 91/91] 198.199.92.121 () {36 vars in 448 bytes} [Wed Jun 14 03:44:28 2023] GET /owa/auth/logon.aspx => generated 2136 bytes in 2 msecs (HTTP/1.1 404) 6 headers in 186 bytes (1 switches on core 0)
Not Found: /ecp/Current/exporttool/microsoft.exchange.ediscovery.exporttool.application
[pid: 4731|app: 0|req: 92/92] 198.199.111.75 () {36 vars in 560 bytes} [Wed Jun 14 03:45:21 2023] GET /ecp/Current/exporttool/microsoft.exchange.ediscovery.exporttool.application => generated 2304 bytes in 2 msecs (HTTP/1.1 404) 6 headers in 186 bytes (1 switches on core 1)
Not Found: /owa/auth/x.js
[pid: 4731|app: 0|req: 93/93] 107.170.192.16 () {38 vars in 571 bytes} [Wed Jun 14 03:46:50 2023] GET /owa/auth/x.js => generated 2118 bytes in 2 msecs (HTTP/1.1 404) 6 headers in 186 bytes (1 switches on core 0)
Not Found: /mifs/.;/services/LogService
[pid: 4731|app: 0|req: 94/94] 83.97.73.89 () {42 vars in 697 bytes} [Wed Jun 14 04:34:05 2023] POST /mifs/.;/services/LogService => generated 2167 bytes in 2 msecs (HTTP/1.1 404) 6 headers in 186 bytes (1 switches on core 1)
-------------------------
-------------------------
Internal Server Error: /myApp/question/recommend/
Traceback (most recent call last):
  File "/root/anaconda3/envs/software/lib/python3.9/site-packages/django/core/handlers/exception.py", line 47, in inner
    response = get_response(request)
  File "/root/anaconda3/envs/software/lib/python3.9/site-packages/django/core/handlers/base.py", line 181, in _get_response
    response = wrapped_callback(request, *callback_args, **callback_kwargs)
  File "/home/ourProject/soft-ware-project/./myApp/views.py", line 293, in recommend_question
    uid = int(request.GET.get('uid'))
TypeError: int() argument must be a string, a bytes-like object or a number, not 'NoneType'
Internal Server Error: /myApp/question/recommend/
Traceback (most recent call last):
  File "/root/anaconda3/envs/software/lib/python3.9/site-packages/django/core/handlers/exception.py", line 47, in inner
    response = get_response(request)
  File "/root/anaconda3/envs/software/lib/python3.9/site-packages/django/core/handlers/base.py", line 181, in _get_response
    response = wrapped_callback(request, *callback_args, **callback_kwargs)
  File "/home/ourProject/soft-ware-project/./myApp/views.py", line 293, in recommend_question
    uid = int(request.GET.get('uid'))
TypeError: int() argument must be a string, a bytes-like object or a number, not 'NoneType'
[pid: 4731|app: 0|req: 96/95] 219.239.227.231 () {42 vars in 965 bytes} [Wed Jun 14 05:47:08 2023] GET /myApp/question/recommend/?tags=%5B%5D => generated 53660 bytes in 32 msecs (HTTP/1.1 500) 6 headers in 207 bytes (1 switches on core 0)
[pid: 4731|app: 0|req: 97/96] 219.239.227.231 () {42 vars in 965 bytes} [Wed Jun 14 05:47:08 2023] GET /myApp/question/recommend/?tags=%5B%5D => generated 53660 bytes in 33 msecs (HTTP/1.1 500) 6 headers in 207 bytes (1 switches on core 1)
otjFq5Y9GFfbIiTp-tgFnOXLgznw
['二手', '情感', '航学']
[27]
[8, 133, 78]
[pid: 4731|app: 0|req: 97/97] 219.239.227.231 () {42 vars in 1005 bytes} [Wed Jun 14 05:47:08 2023] GET /myApp/user/profile/?code=0b1Bdz1w3YaxP03m3a1w35Xhwm2Bdz1l => generated 503 bytes in 246 msecs (HTTP/1.1 200) 6 headers in 185 bytes (1 switches on core 0)
[pid: 4731|app: 0|req: 98/98] 219.239.227.231 () {42 vars in 1009 bytes} [Wed Jun 14 05:47:11 2023] GET /myApp/question/sort/?tag=%E6%B1%82%E8%81%8C&sortBy=ClikeNum => generated 3821 bytes in 8 msecs (HTTP/1.1 200) 6 headers in 186 bytes (1 switches on core 1)
-------------------------
Internal Server Error: /myApp/question/recommend/
Traceback (most recent call last):
  File "/root/anaconda3/envs/software/lib/python3.9/site-packages/django/core/handlers/exception.py", line 47, in inner
    response = get_response(request)
  File "/root/anaconda3/envs/software/lib/python3.9/site-packages/django/core/handlers/base.py", line 181, in _get_response
    response = wrapped_callback(request, *callback_args, **callback_kwargs)
  File "/home/ourProject/soft-ware-project/./myApp/views.py", line 293, in recommend_question
    uid = int(request.GET.get('uid'))
TypeError: int() argument must be a string, a bytes-like object or a number, not 'NoneType'
[pid: 4731|app: 0|req: 99/99] 219.239.227.231 () {42 vars in 1121 bytes} [Wed Jun 14 05:47:12 2023] GET /myApp/question/recommend/?tags=%5B%22%E4%BA%8C%E6%89%8B%22%2C%22%E6%83%85%E6%84%9F%22%2C%22%E8%88%AA%E5%AD%A6%22%5D => generated 54262 bytes in 16 msecs (HTTP/1.1 500) 6 headers in 207 bytes (1 switches on core 0)
-----in hot----
[pid: 4731|app: 0|req: 100/100] 219.239.227.231 () {42 vars in 930 bytes} [Wed Jun 14 05:47:13 2023] GET /myApp/question/hot/ => generated 5330 bytes in 11 msecs (HTTP/1.1 200) 6 headers in 186 bytes (1 switches on core 1)
-------------------------
Internal Server Error: /myApp/question/recommend/
Traceback (most recent call last):
  File "/root/anaconda3/envs/software/lib/python3.9/site-packages/django/core/handlers/exception.py", line 47, in inner
    response = get_response(request)
  File "/root/anaconda3/envs/software/lib/python3.9/site-packages/django/core/handlers/base.py", line 181, in _get_response
    response = wrapped_callback(request, *callback_args, **callback_kwargs)
  File "/home/ourProject/soft-ware-project/./myApp/views.py", line 293, in recommend_question
    uid = int(request.GET.get('uid'))
TypeError: int() argument must be a string, a bytes-like object or a number, not 'NoneType'
[pid: 4731|app: 0|req: 101/101] 219.239.227.231 () {42 vars in 1121 bytes} [Wed Jun 14 05:47:13 2023] GET /myApp/question/recommend/?tags=%5B%22%E4%BA%8C%E6%89%8B%22%2C%22%E6%83%85%E6%84%9F%22%2C%22%E8%88%AA%E5%AD%A6%22%5D => generated 54262 bytes in 15 msecs (HTTP/1.1 500) 6 headers in 207 bytes (1 switches on core 0)
-----in hot----
[pid: 4731|app: 0|req: 102/102] 219.239.227.231 () {42 vars in 930 bytes} [Wed Jun 14 05:47:16 2023] GET /myApp/question/hot/ => generated 5330 bytes in 11 msecs (HTTP/1.1 200) 6 headers in 186 bytes (1 switches on core 1)
-------------------------
Internal Server Error: /myApp/question/recommend/
Traceback (most recent call last):
  File "/root/anaconda3/envs/software/lib/python3.9/site-packages/django/core/handlers/exception.py", line 47, in inner
    response = get_response(request)
  File "/root/anaconda3/envs/software/lib/python3.9/site-packages/django/core/handlers/base.py", line 181, in _get_response
    response = wrapped_callback(request, *callback_args, **callback_kwargs)
  File "/home/ourProject/soft-ware-project/./myApp/views.py", line 293, in recommend_question
    uid = int(request.GET.get('uid'))
TypeError: int() argument must be a string, a bytes-like object or a number, not 'NoneType'
[pid: 4731|app: 0|req: 103/103] 219.239.227.231 () {42 vars in 1121 bytes} [Wed Jun 14 05:47:17 2023] GET /myApp/question/recommend/?tags=%5B%22%E4%BA%8C%E6%89%8B%22%2C%22%E6%83%85%E6%84%9F%22%2C%22%E8%88%AA%E5%AD%A6%22%5D => generated 54262 bytes in 15 msecs (HTTP/1.1 500) 6 headers in 207 bytes (1 switches on core 0)
-------------------------
Internal Server Error: /myApp/question/recommend/
Traceback (most recent call last):
  File "/root/anaconda3/envs/software/lib/python3.9/site-packages/django/core/handlers/exception.py", line 47, in inner
    response = get_response(request)
  File "/root/anaconda3/envs/software/lib/python3.9/site-packages/django/core/handlers/base.py", line 181, in _get_response
    response = wrapped_callback(request, *callback_args, **callback_kwargs)
  File "/home/ourProject/soft-ware-project/./myApp/views.py", line 293, in recommend_question
    uid = int(request.GET.get('uid'))
TypeError: int() argument must be a string, a bytes-like object or a number, not 'NoneType'
[pid: 4731|app: 0|req: 104/104] 219.239.227.231 () {42 vars in 1121 bytes} [Wed Jun 14 05:47:21 2023] GET /myApp/question/recommend/?tags=%5B%22%E4%BA%8C%E6%89%8B%22%2C%22%E6%83%85%E6%84%9F%22%2C%22%E8%88%AA%E5%AD%A6%22%5D => generated 54262 bytes in 15 msecs (HTTP/1.1 500) 6 headers in 207 bytes (1 switches on core 1)
[pid: 4731|app: 0|req: 105/105] 219.239.227.231 () {42 vars in 1009 bytes} [Wed Jun 14 05:47:24 2023] GET /myApp/question/sort/?tag=%E6%B1%82%E8%81%8C&sortBy=ClikeNum => generated 3821 bytes in 8 msecs (HTTP/1.1 200) 6 headers in 186 bytes (1 switches on core 0)
-------------------------
Internal Server Error: /myApp/question/recommend/
Traceback (most recent call last):
  File "/root/anaconda3/envs/software/lib/python3.9/site-packages/django/core/handlers/exception.py", line 47, in inner
    response = get_response(request)
  File "/root/anaconda3/envs/software/lib/python3.9/site-packages/django/core/handlers/base.py", line 181, in _get_response
    response = wrapped_callback(request, *callback_args, **callback_kwargs)
  File "/home/ourProject/soft-ware-project/./myApp/views.py", line 293, in recommend_question
    uid = int(request.GET.get('uid'))
TypeError: int() argument must be a string, a bytes-like object or a number, not 'NoneType'
[pid: 4731|app: 0|req: 106/106] 219.239.227.231 () {42 vars in 1121 bytes} [Wed Jun 14 05:47:25 2023] GET /myApp/question/recommend/?tags=%5B%22%E4%BA%8C%E6%89%8B%22%2C%22%E6%83%85%E6%84%9F%22%2C%22%E8%88%AA%E5%AD%A6%22%5D => generated 54262 bytes in 15 msecs (HTTP/1.1 500) 6 headers in 207 bytes (1 switches on core 1)
[pid: 4731|app: 0|req: 107/107] 219.239.227.231 () {42 vars in 1009 bytes} [Wed Jun 14 05:47:26 2023] GET /myApp/question/sort/?tag=%E6%B1%82%E8%81%8C&sortBy=ClikeNum => generated 3821 bytes in 9 msecs (HTTP/1.1 200) 6 headers in 186 bytes (1 switches on core 0)
[pid: 4731|app: 0|req: 108/108] 219.239.227.231 () {42 vars in 1009 bytes} [Wed Jun 14 05:47:26 2023] GET /myApp/question/sort/?tag=%E6%B1%82%E8%81%8C&sortBy=ClikeNum => generated 3821 bytes in 8 msecs (HTTP/1.1 200) 6 headers in 186 bytes (1 switches on core 1)
[pid: 4731|app: 0|req: 109/109] 219.239.227.231 () {42 vars in 1009 bytes} [Wed Jun 14 05:47:28 2023] GET /myApp/question/sort/?tag=%E6%B1%82%E8%81%8C&sortBy=ClikeNum => generated 3821 bytes in 8 msecs (HTTP/1.1 200) 6 headers in 186 bytes (1 switches on core 0)
-------------------------
Internal Server Error: /myApp/question/recommend/
Traceback (most recent call last):
  File "/root/anaconda3/envs/software/lib/python3.9/site-packages/django/core/handlers/exception.py", line 47, in inner
    response = get_response(request)
  File "/root/anaconda3/envs/software/lib/python3.9/site-packages/django/core/handlers/base.py", line 181, in _get_response
    response = wrapped_callback(request, *callback_args, **callback_kwargs)
  File "/home/ourProject/soft-ware-project/./myApp/views.py", line 293, in recommend_question
    uid = int(request.GET.get('uid'))
TypeError: int() argument must be a string, a bytes-like object or a number, not 'NoneType'
[pid: 4731|app: 0|req: 110/110] 219.239.227.231 () {42 vars in 1121 bytes} [Wed Jun 14 05:47:30 2023] GET /myApp/question/recommend/?tags=%5B%22%E4%BA%8C%E6%89%8B%22%2C%22%E6%83%85%E6%84%9F%22%2C%22%E8%88%AA%E5%AD%A6%22%5D => generated 54262 bytes in 20 msecs (HTTP/1.1 500) 6 headers in 207 bytes (1 switches on core 1)
-------------------------
Internal Server Error: /myApp/question/recommend/
Traceback (most recent call last):
  File "/root/anaconda3/envs/software/lib/python3.9/site-packages/django/core/handlers/exception.py", line 47, in inner
    response = get_response(request)
  File "/root/anaconda3/envs/software/lib/python3.9/site-packages/django/core/handlers/base.py", line 181, in _get_response
    response = wrapped_callback(request, *callback_args, **callback_kwargs)
  File "/home/ourProject/soft-ware-project/./myApp/views.py", line 293, in recommend_question
    uid = int(request.GET.get('uid'))
TypeError: int() argument must be a string, a bytes-like object or a number, not 'NoneType'
[pid: 4731|app: 0|req: 111/111] 219.239.227.231 () {42 vars in 1121 bytes} [Wed Jun 14 05:47:31 2023] GET /myApp/question/recommend/?tags=%5B%22%E4%BA%8C%E6%89%8B%22%2C%22%E6%83%85%E6%84%9F%22%2C%22%E8%88%AA%E5%AD%A6%22%5D => generated 54262 bytes in 16 msecs (HTTP/1.1 500) 6 headers in 207 bytes (1 switches on core 0)
-----in hot----
[pid: 4731|app: 0|req: 112/112] 219.239.227.231 () {42 vars in 930 bytes} [Wed Jun 14 05:47:32 2023] GET /myApp/question/hot/ => generated 5330 bytes in 11 msecs (HTTP/1.1 200) 6 headers in 186 bytes (1 switches on core 1)
-----in hot----
[pid: 4731|app: 0|req: 113/113] 219.239.227.231 () {42 vars in 930 bytes} [Wed Jun 14 05:47:33 2023] GET /myApp/question/hot/ => generated 5330 bytes in 11 msecs (HTTP/1.1 200) 6 headers in 186 bytes (1 switches on core 0)
-------------------------
Internal Server Error: /myApp/question/recommend/
Traceback (most recent call last):
  File "/root/anaconda3/envs/software/lib/python3.9/site-packages/django/core/handlers/exception.py", line 47, in inner
    response = get_response(request)
  File "/root/anaconda3/envs/software/lib/python3.9/site-packages/django/core/handlers/base.py", line 181, in _get_response
    response = wrapped_callback(request, *callback_args, **callback_kwargs)
  File "/home/ourProject/soft-ware-project/./myApp/views.py", line 293, in recommend_question
    uid = int(request.GET.get('uid'))
TypeError: int() argument must be a string, a bytes-like object or a number, not 'NoneType'
[pid: 4731|app: 0|req: 114/114] 219.239.227.231 () {42 vars in 1121 bytes} [Wed Jun 14 05:47:34 2023] GET /myApp/question/recommend/?tags=%5B%22%E4%BA%8C%E6%89%8B%22%2C%22%E6%83%85%E6%84%9F%22%2C%22%E8%88%AA%E5%AD%A6%22%5D => generated 54262 bytes in 16 msecs (HTTP/1.1 500) 6 headers in 207 bytes (1 switches on core 1)
-------------------------
Internal Server Error: /myApp/question/recommend/
Traceback (most recent call last):
  File "/root/anaconda3/envs/software/lib/python3.9/site-packages/django/core/handlers/exception.py", line 47, in inner
    response = get_response(request)
  File "/root/anaconda3/envs/software/lib/python3.9/site-packages/django/core/handlers/base.py", line 181, in _get_response
    response = wrapped_callback(request, *callback_args, **callback_kwargs)
  File "/home/ourProject/soft-ware-project/./myApp/views.py", line 293, in recommend_question
    uid = int(request.GET.get('uid'))
TypeError: int() argument must be a string, a bytes-like object or a number, not 'NoneType'
[pid: 4731|app: 0|req: 115/115] 219.239.227.231 () {42 vars in 1121 bytes} [Wed Jun 14 05:47:35 2023] GET /myApp/question/recommend/?tags=%5B%22%E4%BA%8C%E6%89%8B%22%2C%22%E6%83%85%E6%84%9F%22%2C%22%E8%88%AA%E5%AD%A6%22%5D => generated 54262 bytes in 15 msecs (HTTP/1.1 500) 6 headers in 207 bytes (1 switches on core 0)
----------This is search_question------
searchword:小
sortBy:LikeNum
[pid: 4731|app: 0|req: 116/116] 219.239.227.231 () {42 vars in 1007 bytes} [Wed Jun 14 05:47:40 2023] GET /myApp/question/search/?searchword=%E5%B0%8F&sortBy=LikeNum => generated 13348 bytes in 19 msecs (HTTP/1.1 200) 6 headers in 187 bytes (1 switches on core 1)
into
into
-----qid----------
18
-----qid----------
18
[pid: 4731|app: 0|req: 118/117] 219.239.227.231 () {42 vars in 945 bytes} [Wed Jun 14 05:47:48 2023] GET /myApp/question/show/?qid=18 => generated 36 bytes in 11 msecs (HTTP/1.1 200) 6 headers in 184 bytes (1 switches on core 0)
[pid: 4731|app: 0|req: 118/118] 219.239.227.231 () {42 vars in 945 bytes} [Wed Jun 14 05:47:48 2023] GET /myApp/question/show/?qid=18 => generated 36 bytes in 11 msecs (HTTP/1.1 200) 6 headers in 184 bytes (1 switches on core 1)
into
into
-----qid----------
18
-----qid----------
18
[pid: 4731|app: 0|req: 120/119] 219.239.227.231 () {42 vars in 945 bytes} [Wed Jun 14 05:47:52 2023] GET /myApp/question/show/?qid=18 => generated 36 bytes in 11 msecs (HTTP/1.1 200) 6 headers in 184 bytes (1 switches on core 1)
[pid: 4731|app: 0|req: 120/120] 219.239.227.231 () {42 vars in 945 bytes} [Wed Jun 14 05:47:52 2023] GET /myApp/question/show/?qid=18 => generated 36 bytes in 12 msecs (HTTP/1.1 200) 6 headers in 184 bytes (1 switches on core 0)
15
['Sex', 'Profession', 'Grade', 'Tags']
[pid: 4731|app: 0|req: 122/121] 219.239.227.231 () {42 vars in 941 bytes} [Wed Jun 14 05:47:54 2023] GET /myApp/user/display/?uid=9 => generated 396 bytes in 4 msecs (HTTP/1.1 200) 6 headers in 185 bytes (1 switches on core 1)
15
['Sex', 'Profession', 'Grade', 'Tags']
[pid: 4731|app: 0|req: 122/122] 219.239.227.231 () {42 vars in 941 bytes} [Wed Jun 14 05:47:54 2023] GET /myApp/user/display/?uid=9 => generated 396 bytes in 3 msecs (HTTP/1.1 200) 6 headers in 185 bytes (1 switches on core 0)
into
-----qid----------
18
[pid: 4731|app: 0|req: 123/123] 219.239.227.231 () {42 vars in 945 bytes} [Wed Jun 14 05:47:55 2023] GET /myApp/question/show/?qid=18 => generated 36 bytes in 13 msecs (HTTP/1.1 200) 6 headers in 184 bytes (1 switches on core 1)
-------------------------
-------------------------
Internal Server Error: /myApp/question/recommend/
Traceback (most recent call last):
  File "/root/anaconda3/envs/software/lib/python3.9/site-packages/django/core/handlers/exception.py", line 47, in inner
    response = get_response(request)
  File "/root/anaconda3/envs/software/lib/python3.9/site-packages/django/core/handlers/base.py", line 181, in _get_response
    response = wrapped_callback(request, *callback_args, **callback_kwargs)
  File "/home/ourProject/soft-ware-project/./myApp/views.py", line 293, in recommend_question
    uid = int(request.GET.get('uid'))
TypeError: int() argument must be a string, a bytes-like object or a number, not 'NoneType'
[pid: 4731|app: 0|req: 125/124] 219.239.227.231 () {42 vars in 1121 bytes} [Wed Jun 14 05:48:03 2023] GET /myApp/question/recommend/?tags=%5B%22%E4%BA%8C%E6%89%8B%22%2C%22%E6%83%85%E6%84%9F%22%2C%22%E8%88%AA%E5%AD%A6%22%5D => generated 54262 bytes in 28 msecs (HTTP/1.1 500) 6 headers in 207 bytes (1 switches on core 0)
Internal Server Error: /myApp/question/recommend/
Traceback (most recent call last):
  File "/root/anaconda3/envs/software/lib/python3.9/site-packages/django/core/handlers/exception.py", line 47, in inner
    response = get_response(request)
  File "/root/anaconda3/envs/software/lib/python3.9/site-packages/django/core/handlers/base.py", line 181, in _get_response
    response = wrapped_callback(request, *callback_args, **callback_kwargs)
  File "/home/ourProject/soft-ware-project/./myApp/views.py", line 293, in recommend_question
    uid = int(request.GET.get('uid'))
TypeError: int() argument must be a string, a bytes-like object or a number, not 'NoneType'
[pid: 4731|app: 0|req: 125/125] 219.239.227.231 () {42 vars in 1121 bytes} [Wed Jun 14 05:48:03 2023] GET /myApp/question/recommend/?tags=%5B%22%E4%BA%8C%E6%89%8B%22%2C%22%E6%83%85%E6%84%9F%22%2C%22%E8%88%AA%E5%AD%A6%22%5D => generated 54262 bytes in 32 msecs (HTTP/1.1 500) 6 headers in 207 bytes (1 switches on core 1)
Not Found: /console/
[pid: 4731|app: 0|req: 126/126] 83.97.73.89 () {36 vars in 527 bytes} [Wed Jun 14 05:57:15 2023] GET /console/ => generated 2107 bytes in 2 msecs (HTTP/1.1 404) 6 headers in 186 bytes (1 switches on core 0)
Not Found: /ab2g
[pid: 4731|app: 0|req: 127/127] 178.128.43.238 () {36 vars in 418 bytes} [Wed Jun 14 07:03:39 2023] GET /ab2g => generated 2091 bytes in 2 msecs (HTTP/1.1 404) 6 headers in 186 bytes (1 switches on core 1)
Not Found: /ab2h
[pid: 4731|app: 0|req: 128/128] 178.128.43.238 () {36 vars in 418 bytes} [Wed Jun 14 07:03:40 2023] GET /ab2h => generated 2091 bytes in 2 msecs (HTTP/1.1 404) 6 headers in 186 bytes (1 switches on core 0)
Not Found: /
[pid: 4731|app: 0|req: 129/129] 178.128.43.238 () {36 vars in 500 bytes} [Wed Jun 14 07:03:49 2023] GET / => generated 2061 bytes in 2 msecs (HTTP/1.1 404) 6 headers in 186 bytes (1 switches on core 1)
Not Found: /t4
[pid: 4731|app: 0|req: 130/130] 178.128.43.238 () {36 vars in 404 bytes} [Wed Jun 14 07:03:51 2023] GET /t4 => generated 2085 bytes in 2 msecs (HTTP/1.1 404) 6 headers in 186 bytes (1 switches on core 0)
Not Found: /favicon.ico
[pid: 4731|app: 0|req: 131/131] 178.128.43.238 () {36 vars in 522 bytes} [Wed Jun 14 07:03:53 2023] GET /favicon.ico => generated 2112 bytes in 2 msecs (HTTP/1.1 404) 6 headers in 186 bytes (1 switches on core 1)
Not Found: /
[pid: 4731|app: 0|req: 132/132] 178.128.43.238 () {40 vars in 582 bytes} [Wed Jun 14 07:03:54 2023] GET / => generated 2061 bytes in 2 msecs (HTTP/1.1 404) 6 headers in 186 bytes (1 switches on core 0)
-------------------------
Internal Server Error: /myApp/question/recommend/
Traceback (most recent call last):
  File "/root/anaconda3/envs/software/lib/python3.9/site-packages/django/core/handlers/exception.py", line 47, in inner
    response = get_response(request)
  File "/root/anaconda3/envs/software/lib/python3.9/site-packages/django/core/handlers/base.py", line 181, in _get_response
    response = wrapped_callback(request, *callback_args, **callback_kwargs)
  File "/home/ourProject/soft-ware-project/./myApp/views.py", line 293, in recommend_question
    uid = int(request.GET.get('uid'))
TypeError: int() argument must be a string, a bytes-like object or a number, not 'NoneType'
[pid: 4731|app: 0|req: 134/133] 219.239.227.231 () {42 vars in 965 bytes} [Wed Jun 14 08:33:55 2023] GET /myApp/question/recommend/?tags=%5B%5D => generated 53660 bytes in 18 msecs (HTTP/1.1 500) 6 headers in 207 bytes (1 switches on core 1)
-------------------------
Internal Server Error: /myApp/question/recommend/
Traceback (most recent call last):
  File "/root/anaconda3/envs/software/lib/python3.9/site-packages/django/core/handlers/exception.py", line 47, in inner
    response = get_response(request)
  File "/root/anaconda3/envs/software/lib/python3.9/site-packages/django/core/handlers/base.py", line 181, in _get_response
    response = wrapped_callback(request, *callback_args, **callback_kwargs)
  File "/home/ourProject/soft-ware-project/./myApp/views.py", line 293, in recommend_question
    uid = int(request.GET.get('uid'))
TypeError: int() argument must be a string, a bytes-like object or a number, not 'NoneType'
[pid: 4731|app: 0|req: 135/134] 219.239.227.231 () {42 vars in 965 bytes} [Wed Jun 14 08:33:55 2023] GET /myApp/question/recommend/?tags=%5B%5D => generated 53660 bytes in 15 msecs (HTTP/1.1 500) 6 headers in 207 bytes (1 switches on core 1)
otjFq5Y9GFfbIiTp-tgFnOXLgznw
['二手', '情感', '航学']
[27]
[8, 133, 78]
[pid: 4731|app: 0|req: 135/135] 219.239.227.231 () {42 vars in 1005 bytes} [Wed Jun 14 08:33:55 2023] GET /myApp/user/profile/?code=0b16ls1w3lfCP03yTh1w3D9jT316ls1Q => generated 503 bytes in 274 msecs (HTTP/1.1 200) 6 headers in 185 bytes (1 switches on core 0)
-----in hot----
[pid: 4731|app: 0|req: 136/136] 219.239.227.231 () {42 vars in 930 bytes} [Wed Jun 14 08:33:58 2023] GET /myApp/question/hot/ => generated 5330 bytes in 11 msecs (HTTP/1.1 200) 6 headers in 186 bytes (1 switches on core 1)
-------------------------
Internal Server Error: /myApp/question/recommend/
Traceback (most recent call last):
  File "/root/anaconda3/envs/software/lib/python3.9/site-packages/django/core/handlers/exception.py", line 47, in inner
    response = get_response(request)
  File "/root/anaconda3/envs/software/lib/python3.9/site-packages/django/core/handlers/base.py", line 181, in _get_response
    response = wrapped_callback(request, *callback_args, **callback_kwargs)
  File "/home/ourProject/soft-ware-project/./myApp/views.py", line 293, in recommend_question
    uid = int(request.GET.get('uid'))
TypeError: int() argument must be a string, a bytes-like object or a number, not 'NoneType'
[pid: 4731|app: 0|req: 137/137] 219.239.227.231 () {42 vars in 1121 bytes} [Wed Jun 14 08:33:58 2023] GET /myApp/question/recommend/?tags=%5B%22%E4%BA%8C%E6%89%8B%22%2C%22%E6%83%85%E6%84%9F%22%2C%22%E8%88%AA%E5%AD%A6%22%5D => generated 54262 bytes in 16 msecs (HTTP/1.1 500) 6 headers in 207 bytes (1 switches on core 0)
-------------------------
Internal Server Error: /myApp/question/recommend/
Traceback (most recent call last):
  File "/root/anaconda3/envs/software/lib/python3.9/site-packages/django/core/handlers/exception.py", line 47, in inner
    response = get_response(request)
  File "/root/anaconda3/envs/software/lib/python3.9/site-packages/django/core/handlers/base.py", line 181, in _get_response
    response = wrapped_callback(request, *callback_args, **callback_kwargs)
  File "/home/ourProject/soft-ware-project/./myApp/views.py", line 293, in recommend_question
    uid = int(request.GET.get('uid'))
TypeError: int() argument must be a string, a bytes-like object or a number, not 'NoneType'
[pid: 4731|app: 0|req: 138/138] 219.239.227.231 () {42 vars in 1121 bytes} [Wed Jun 14 08:34:00 2023] GET /myApp/question/recommend/?tags=%5B%22%E4%BA%8C%E6%89%8B%22%2C%22%E6%83%85%E6%84%9F%22%2C%22%E8%88%AA%E5%AD%A6%22%5D => generated 54262 bytes in 16 msecs (HTTP/1.1 500) 6 headers in 207 bytes (1 switches on core 1)
[pid: 4731|app: 0|req: 139/139] 219.239.227.231 () {42 vars in 1009 bytes} [Wed Jun 14 08:34:02 2023] GET /myApp/question/sort/?tag=%E6%B1%82%E8%81%8C&sortBy=ClikeNum => generated 3821 bytes in 8 msecs (HTTP/1.1 200) 6 headers in 186 bytes (1 switches on core 0)
-----in hot----
[pid: 4731|app: 0|req: 140/140] 219.239.227.231 () {42 vars in 930 bytes} [Wed Jun 14 08:34:03 2023] GET /myApp/question/hot/ => generated 5330 bytes in 11 msecs (HTTP/1.1 200) 6 headers in 186 bytes (1 switches on core 1)
-------------------------
Internal Server Error: /myApp/question/recommend/
Traceback (most recent call last):
  File "/root/anaconda3/envs/software/lib/python3.9/site-packages/django/core/handlers/exception.py", line 47, in inner
    response = get_response(request)
  File "/root/anaconda3/envs/software/lib/python3.9/site-packages/django/core/handlers/base.py", line 181, in _get_response
    response = wrapped_callback(request, *callback_args, **callback_kwargs)
  File "/home/ourProject/soft-ware-project/./myApp/views.py", line 293, in recommend_question
    uid = int(request.GET.get('uid'))
TypeError: int() argument must be a string, a bytes-like object or a number, not 'NoneType'
[pid: 4731|app: 0|req: 141/141] 219.239.227.231 () {42 vars in 1121 bytes} [Wed Jun 14 08:34:04 2023] GET /myApp/question/recommend/?tags=%5B%22%E4%BA%8C%E6%89%8B%22%2C%22%E6%83%85%E6%84%9F%22%2C%22%E8%88%AA%E5%AD%A6%22%5D => generated 54262 bytes in 16 msecs (HTTP/1.1 500) 6 headers in 207 bytes (1 switches on core 0)
[pid: 4731|app: 0|req: 142/142] 219.239.227.231 () {42 vars in 1009 bytes} [Wed Jun 14 08:34:05 2023] GET /myApp/question/sort/?tag=%E6%B1%82%E8%81%8C&sortBy=ClikeNum => generated 3821 bytes in 9 msecs (HTTP/1.1 200) 6 headers in 186 bytes (1 switches on core 1)
-------------------------
Internal Server Error: /myApp/question/recommend/
Traceback (most recent call last):
  File "/root/anaconda3/envs/software/lib/python3.9/site-packages/django/core/handlers/exception.py", line 47, in inner
    response = get_response(request)
  File "/root/anaconda3/envs/software/lib/python3.9/site-packages/django/core/handlers/base.py", line 181, in _get_response
    response = wrapped_callback(request, *callback_args, **callback_kwargs)
  File "/home/ourProject/soft-ware-project/./myApp/views.py", line 293, in recommend_question
    uid = int(request.GET.get('uid'))
TypeError: int() argument must be a string, a bytes-like object or a number, not 'NoneType'
[pid: 4731|app: 0|req: 143/143] 219.239.227.231 () {42 vars in 1121 bytes} [Wed Jun 14 08:34:05 2023] GET /myApp/question/recommend/?tags=%5B%22%E4%BA%8C%E6%89%8B%22%2C%22%E6%83%85%E6%84%9F%22%2C%22%E8%88%AA%E5%AD%A6%22%5D => generated 54262 bytes in 16 msecs (HTTP/1.1 500) 6 headers in 207 bytes (1 switches on core 0)
-------------------------
Internal Server Error: /myApp/question/recommend/
Traceback (most recent call last):
  File "/root/anaconda3/envs/software/lib/python3.9/site-packages/django/core/handlers/exception.py", line 47, in inner
    response = get_response(request)
  File "/root/anaconda3/envs/software/lib/python3.9/site-packages/django/core/handlers/base.py", line 181, in _get_response
    response = wrapped_callback(request, *callback_args, **callback_kwargs)
  File "/home/ourProject/soft-ware-project/./myApp/views.py", line 293, in recommend_question
    uid = int(request.GET.get('uid'))
TypeError: int() argument must be a string, a bytes-like object or a number, not 'NoneType'
[pid: 4731|app: 0|req: 144/144] 219.239.227.231 () {42 vars in 1121 bytes} [Wed Jun 14 08:34:07 2023] GET /myApp/question/recommend/?tags=%5B%22%E4%BA%8C%E6%89%8B%22%2C%22%E6%83%85%E6%84%9F%22%2C%22%E8%88%AA%E5%AD%A6%22%5D => generated 54262 bytes in 15 msecs (HTTP/1.1 500) 6 headers in 207 bytes (1 switches on core 1)
Not Found: /
[pid: 4731|app: 0|req: 145/145] 83.97.73.89 () {38 vars in 564 bytes} [Wed Jun 14 08:50:41 2023] GET / => generated 2065 bytes in 2 msecs (HTTP/1.1 404) 6 headers in 186 bytes (1 switches on core 0)
Not Found: /
[pid: 4731|app: 0|req: 146/146] 64.62.197.135 () {36 vars in 499 bytes} [Wed Jun 14 09:26:42 2023] GET / => generated 2061 bytes in 2 msecs (HTTP/1.1 404) 6 headers in 186 bytes (1 switches on core 1)
Not Found: /favicon.ico
[pid: 4731|app: 0|req: 147/147] 64.62.197.125 () {36 vars in 490 bytes} [Wed Jun 14 09:32:53 2023] GET /favicon.ico => generated 2112 bytes in 2 msecs (HTTP/1.1 404) 6 headers in 186 bytes (1 switches on core 0)
Not Found: /dns-query
[pid: 4731|app: 0|req: 148/148] 64.62.197.127 () {36 vars in 602 bytes} [Wed Jun 14 09:33:52 2023] GET /dns-query?name=dnsscan.shadowserver.org&type=A => generated 2147 bytes in 2 msecs (HTTP/1.1 404) 6 headers in 186 bytes (1 switches on core 1)
Not Found: /
[pid: 4731|app: 0|req: 149/149] 64.62.197.134 () {36 vars in 499 bytes} [Wed Jun 14 09:34:10 2023] GET / => generated 2061 bytes in 2 msecs (HTTP/1.1 404) 6 headers in 186 bytes (1 switches on core 0)
Not Found: /geoserver/web/
[pid: 4731|app: 0|req: 150/150] 64.62.197.136 () {36 vars in 496 bytes} [Wed Jun 14 09:35:54 2023] GET /geoserver/web/ => generated 2121 bytes in 2 msecs (HTTP/1.1 404) 6 headers in 186 bytes (1 switches on core 1)
Not Found: /.git/config
[pid: 4731|app: 0|req: 151/151] 64.62.197.130 () {36 vars in 539 bytes} [Wed Jun 14 09:36:26 2023] GET /.git/config => generated 2112 bytes in 2 msecs (HTTP/1.1 404) 6 headers in 186 bytes (1 switches on core 0)
Not Found: /
[pid: 4731|app: 0|req: 152/152] 223.111.175.18 () {34 vars in 371 bytes} [Wed Jun 14 10:17:10 2023] GET / => generated 2060 bytes in 2 msecs (HTTP/1.1 404) 6 headers in 186 bytes (1 switches on core 1)
Not Found: /
[pid: 4731|app: 0|req: 153/153] 83.97.73.89 () {36 vars in 511 bytes} [Wed Jun 14 10:24:27 2023] GET / => generated 2065 bytes in 3 msecs (HTTP/1.1 404) 6 headers in 186 bytes (1 switches on core 0)
Not Found: /
[pid: 4731|app: 0|req: 154/154] 185.180.140.4 () {36 vars in 503 bytes} [Wed Jun 14 10:48:38 2023] GET / => generated 2061 bytes in 2 msecs (HTTP/1.1 404) 6 headers in 186 bytes (1 switches on core 1)
Not Found: /
[pid: 4731|app: 0|req: 155/155] 103.149.192.225 () {36 vars in 505 bytes} [Wed Jun 14 11:39:51 2023] GET / => generated 2061 bytes in 2 msecs (HTTP/1.1 404) 6 headers in 186 bytes (1 switches on core 0)
Not Found: /
[pid: 4731|app: 0|req: 156/156] 106.75.63.211 () {40 vars in 683 bytes} [Wed Jun 14 12:09:43 2023] GET / => generated 2060 bytes in 2 msecs (HTTP/1.1 404) 6 headers in 186 bytes (1 switches on core 1)
Not Found: /favicon.ico
[pid: 4731|app: 0|req: 157/157] 106.75.63.211 () {40 vars in 702 bytes} [Wed Jun 14 12:09:43 2023] GET /favicon.ico => generated 2111 bytes in 2 msecs (HTTP/1.1 404) 6 headers in 186 bytes (1 switches on core 0)
Not Found: /robots.txt
Not Found: /sitemap.xml
[pid: 4731|app: 0|req: 159/158] 106.75.63.211 () {40 vars in 698 bytes} [Wed Jun 14 12:09:43 2023] GET /robots.txt => generated 2108 bytes in 5 msecs (HTTP/1.1 404) 6 headers in 186 bytes (1 switches on core 1)
[pid: 4731|app: 0|req: 159/159] 106.75.63.211 () {40 vars in 705 bytes} [Wed Jun 14 12:09:43 2023] GET /sitemap.xml => generated 2111 bytes in 5 msecs (HTTP/1.1 404) 6 headers in 186 bytes (1 switches on core 0)
Not Found: /
[pid: 4731|app: 0|req: 160/160] 103.45.107.44 () {34 vars in 490 bytes} [Wed Jun 14 12:49:39 2023] GET / => generated 2061 bytes in 2 msecs (HTTP/1.1 404) 6 headers in 186 bytes (1 switches on core 1)
Not Found: /
[pid: 4731|app: 0|req: 161/161] 162.216.150.81 () {32 vars in 616 bytes} [Wed Jun 14 13:08:47 2023] GET / => generated 2065 bytes in 2 msecs (HTTP/1.1 404) 6 headers in 186 bytes (1 switches on core 0)
-------------------------
0
Internal Server Error: /myApp/question/recommend/
Traceback (most recent call last):
  File "/root/anaconda3/envs/software/lib/python3.9/site-packages/django/core/handlers/exception.py", line 47, in inner
    response = get_response(request)
  File "/root/anaconda3/envs/software/lib/python3.9/site-packages/django/core/handlers/base.py", line 181, in _get_response
    response = wrapped_callback(request, *callback_args, **callback_kwargs)
  File "/home/ourProject/soft-ware-project/./myApp/views.py", line 295, in recommend_question
    user = User.objects.get(UID=uid)
  File "/root/anaconda3/envs/software/lib/python3.9/site-packages/django/db/models/manager.py", line 85, in manager_method
    return getattr(self.get_queryset(), name)(*args, **kwargs)
  File "/root/anaconda3/envs/software/lib/python3.9/site-packages/django/db/models/query.py", line 435, in get
    raise self.model.DoesNotExist(
myApp.models.User.DoesNotExist: User matching query does not exist.
[pid: 4731|app: 0|req: 162/162] 219.239.227.168 () {48 vars in 926 bytes} [Wed Jun 14 13:17:45 2023] GET /myApp/question/recommend/?uid=0 => generated 63035 bytes in 21 msecs (HTTP/1.1 500) 6 headers in 207 bytes (1 switches on core 1)
-------------------------
0
Internal Server Error: /myApp/question/recommend/
Traceback (most recent call last):
  File "/root/anaconda3/envs/software/lib/python3.9/site-packages/django/core/handlers/exception.py", line 47, in inner
    response = get_response(request)
  File "/root/anaconda3/envs/software/lib/python3.9/site-packages/django/core/handlers/base.py", line 181, in _get_response
    response = wrapped_callback(request, *callback_args, **callback_kwargs)
  File "/home/ourProject/soft-ware-project/./myApp/views.py", line 295, in recommend_question
    user = User.objects.get(UID=uid)
  File "/root/anaconda3/envs/software/lib/python3.9/site-packages/django/db/models/manager.py", line 85, in manager_method
    return getattr(self.get_queryset(), name)(*args, **kwargs)
  File "/root/anaconda3/envs/software/lib/python3.9/site-packages/django/db/models/query.py", line 435, in get
    raise self.model.DoesNotExist(
myApp.models.User.DoesNotExist: User matching query does not exist.
[pid: 4731|app: 0|req: 163/163] 219.239.227.168 () {48 vars in 925 bytes} [Wed Jun 14 13:17:45 2023] GET /myApp/question/recommend/?uid=0 => generated 63034 bytes in 20 msecs (HTTP/1.1 500) 6 headers in 207 bytes (1 switches on core 0)
otjFq5YvlRyDe-PaUKmDm2dFXG6w
['求职', '活动', '情感', '好物']
[]
[21, 11, 8]
[pid: 4731|app: 0|req: 164/164] 219.239.227.168 () {48 vars in 977 bytes} [Wed Jun 14 13:17:45 2023] GET /myApp/user/profile/?code=0a3Vom0w3irjO03Cb62w3BPuD62Vom0l => generated 519 bytes in 264 msecs (HTTP/1.1 200) 6 headers in 185 bytes (1 switches on core 1)
-----in hot----
[pid: 4731|app: 0|req: 165/165] 219.239.227.168 () {48 vars in 902 bytes} [Wed Jun 14 13:17:48 2023] GET /myApp/question/hot/ => generated 5330 bytes in 11 msecs (HTTP/1.1 200) 6 headers in 186 bytes (1 switches on core 0)
-------------------------
8
['求职', '活动', '情感', '好物']
[pid: 4731|app: 0|req: 166/166] 219.239.227.168 () {48 vars in 925 bytes} [Wed Jun 14 13:17:49 2023] GET /myApp/question/recommend/?uid=8 => generated 12 bytes in 4 msecs (HTTP/1.1 200) 6 headers in 184 bytes (1 switches on core 1)
[pid: 4731|app: 0|req: 167/167] 219.239.227.168 () {48 vars in 981 bytes} [Wed Jun 14 13:17:50 2023] GET /myApp/question/sort/?tag=%E6%B1%82%E8%81%8C&sortBy=ClikeNum => generated 3821 bytes in 8 msecs (HTTP/1.1 200) 6 headers in 186 bytes (1 switches on core 0)
[pid: 4731|app: 0|req: 169/168] 219.239.227.168 () {48 vars in 981 bytes} [Wed Jun 14 13:17:53 2023] GET /myApp/question/sort/?tag=%E8%80%83%E7%A0%94&sortBy=ClikeNum => generated 2401 bytes in 12 msecs (HTTP/1.1 200) 6 headers in 186 bytes (1 switches on core 1)
[pid: 4731|app: 0|req: 169/169] 219.239.227.168 () {48 vars in 982 bytes} [Wed Jun 14 13:17:53 2023] GET /myApp/question/sort/?tag=%E6%B1%82%E8%81%8C&sortBy=ClikeNum => generated 3821 bytes in 13 msecs (HTTP/1.1 200) 6 headers in 186 bytes (1 switches on core 0)
-------------------------
8
['求职', '活动', '情感', '好物']
[pid: 4731|app: 0|req: 170/170] 219.239.227.168 () {48 vars in 926 bytes} [Wed Jun 14 13:17:55 2023] GET /myApp/question/recommend/?uid=8 => generated 12 bytes in 4 msecs (HTTP/1.1 200) 6 headers in 184 bytes (1 switches on core 1)
-----in hot----
[pid: 4731|app: 0|req: 171/171] 219.239.227.168 () {48 vars in 903 bytes} [Wed Jun 14 13:17:56 2023] GET /myApp/question/hot/ => generated 5330 bytes in 11 msecs (HTTP/1.1 200) 6 headers in 186 bytes (1 switches on core 0)
Not Found: /
[pid: 4731|app: 0|req: 172/172] 167.94.138.50 () {30 vars in 327 bytes} [Wed Jun 14 13:19:28 2023] GET / => generated 2065 bytes in 2 msecs (HTTP/1.1 404) 6 headers in 186 bytes (1 switches on core 1)
Not Found: /
[pid: 4731|app: 0|req: 173/173] 167.94.138.50 () {36 vars in 457 bytes} [Wed Jun 14 13:19:29 2023] GET / => generated 2060 bytes in 2 msecs (HTTP/1.1 404) 6 headers in 186 bytes (1 switches on core 1)
Not Found: /owa/auth/logon.aspx
[pid: 4731|app: 0|req: 174/174] 162.243.148.64 () {36 vars in 505 bytes} [Wed Jun 14 14:15:21 2023] GET /owa/auth/logon.aspx?url=https%3a%2f%2f1%2fecp%2f => generated 2165 bytes in 2 msecs (HTTP/1.1 404) 6 headers in 186 bytes (1 switches on core 1)
Not Found: /
[pid: 4731|app: 0|req: 175/175] 107.170.252.15 () {36 vars in 410 bytes} [Wed Jun 14 14:33:47 2023] GET / => generated 2061 bytes in 2 msecs (HTTP/1.1 404) 6 headers in 186 bytes (1 switches on core 0)
Not Found: /
[pid: 4731|app: 0|req: 176/176] 162.142.125.14 () {36 vars in 459 bytes} [Wed Jun 14 14:39:38 2023] GET / => generated 2061 bytes in 2 msecs (HTTP/1.1 404) 6 headers in 186 bytes (1 switches on core 1)
Not Found: /
[pid: 4731|app: 0|req: 177/177] 167.94.138.124 () {30 vars in 328 bytes} [Wed Jun 14 15:47:15 2023] GET / => generated 2065 bytes in 2 msecs (HTTP/1.1 404) 6 headers in 186 bytes (1 switches on core 0)
Not Found: /
[pid: 4731|app: 0|req: 178/178] 167.94.138.124 () {36 vars in 459 bytes} [Wed Jun 14 15:47:15 2023] GET / => generated 2061 bytes in 2 msecs (HTTP/1.1 404) 6 headers in 186 bytes (1 switches on core 1)
Not Found: /
[pid: 4731|app: 0|req: 179/179] 185.233.19.116 () {32 vars in 346 bytes} [Wed Jun 14 16:23:29 2023] GET / => generated 2065 bytes in 2 msecs (HTTP/1.1 404) 6 headers in 186 bytes (1 switches on core 0)
Not Found: /
[pid: 4731|app: 0|req: 180/180] 85.92.119.155 () {42 vars in 563 bytes} [Wed Jun 14 16:56:43 2023] POST / => generated 2062 bytes in 2 msecs (HTTP/1.1 404) 6 headers in 186 bytes (1 switches on core 1)
Not Found: /
[pid: 4731|app: 0|req: 181/181] 106.75.166.179 () {36 vars in 417 bytes} [Wed Jun 14 18:11:57 2023] GET / => generated 2065 bytes in 2 msecs (HTTP/1.1 404) 6 headers in 186 bytes (1 switches on core 0)
Not Found: /version
[pid: 4731|app: 0|req: 182/182] 107.170.230.9 () {36 vars in 423 bytes} [Wed Jun 14 18:45:35 2023] GET /version => generated 2100 bytes in 2 msecs (HTTP/1.1 404) 6 headers in 186 bytes (1 switches on core 1)
Not Found: /favicon.ico
[pid: 4731|app: 0|req: 183/183] 185.180.143.18 () {36 vars in 526 bytes} [Wed Jun 14 20:56:07 2023] GET /favicon.ico => generated 2112 bytes in 2 msecs (HTTP/1.1 404) 6 headers in 186 bytes (1 switches on core 0)
Not Found: /.env
[pid: 4731|app: 0|req: 184/184] 85.92.119.155 () {38 vars in 456 bytes} [Wed Jun 14 22:22:00 2023] GET /.env => generated 2091 bytes in 2 msecs (HTTP/1.1 404) 6 headers in 186 bytes (1 switches on core 1)
Not Found: /
[pid: 4731|app: 0|req: 185/185] 167.94.138.51 () {36 vars in 458 bytes} [Wed Jun 14 22:42:11 2023] GET / => generated 2061 bytes in 2 msecs (HTTP/1.1 404) 6 headers in 186 bytes (1 switches on core 0)
Not Found: /.git/config
[pid: 4731|app: 0|req: 186/186] 44.203.93.32 () {38 vars in 556 bytes} [Wed Jun 14 23:34:03 2023] GET /.git/config => generated 2112 bytes in 2 msecs (HTTP/1.1 404) 6 headers in 186 bytes (1 switches on core 1)
Not Found: /
[pid: 4731|app: 0|req: 187/187] 35.187.98.121 () {44 vars in 578 bytes} [Thu Jun 15 01:46:36 2023] GET / => generated 2061 bytes in 2 msecs (HTTP/1.1 404) 6 headers in 186 bytes (1 switches on core 0)
Not Found: /favicon.ico
[pid: 4731|app: 0|req: 188/188] 185.180.143.48 () {36 vars in 526 bytes} [Thu Jun 15 02:17:01 2023] GET /favicon.ico => generated 2112 bytes in 2 msecs (HTTP/1.1 404) 6 headers in 186 bytes (1 switches on core 1)
Not Found: /ReportServer
[pid: 4731|app: 0|req: 189/189] 107.170.253.7 () {36 vars in 433 bytes} [Thu Jun 15 03:22:51 2023] GET /ReportServer => generated 2115 bytes in 2 msecs (HTTP/1.1 404) 6 headers in 186 bytes (1 switches on core 0)
Not Found: /
[pid: 4731|app: 0|req: 190/190] 185.180.143.137 () {36 vars in 505 bytes} [Thu Jun 15 03:27:37 2023] GET / => generated 2061 bytes in 2 msecs (HTTP/1.1 404) 6 headers in 186 bytes (1 switches on core 1)
Not Found: /login
[pid: 4731|app: 0|req: 191/191] 162.243.140.11 () {36 vars in 420 bytes} [Thu Jun 15 04:16:01 2023] GET /login => generated 2094 bytes in 2 msecs (HTTP/1.1 404) 6 headers in 186 bytes (1 switches on core 0)
Not Found: /
[pid: 4731|app: 0|req: 192/192] 167.248.133.36 () {30 vars in 328 bytes} [Thu Jun 15 05:02:43 2023] GET / => generated 2065 bytes in 2 msecs (HTTP/1.1 404) 6 headers in 186 bytes (1 switches on core 1)
Not Found: /
[pid: 4731|app: 0|req: 193/193] 167.248.133.36 () {36 vars in 459 bytes} [Thu Jun 15 05:02:44 2023] GET / => generated 2061 bytes in 2 msecs (HTTP/1.1 404) 6 headers in 186 bytes (1 switches on core 0)
Not Found: /
[pid: 4731|app: 0|req: 194/194] 172.105.128.11 () {36 vars in 502 bytes} [Thu Jun 15 05:34:13 2023] GET / => generated 2061 bytes in 2 msecs (HTTP/1.1 404) 6 headers in 186 bytes (1 switches on core 1)
Not Found: /IISStart
[pid: 4731|app: 0|req: 195/195] 142.93.146.198 () {36 vars in 412 bytes} [Thu Jun 15 06:04:48 2023] GET /IISStart => generated 2103 bytes in 2 msecs (HTTP/1.1 404) 6 headers in 186 bytes (1 switches on core 0)
Not Found: /
[pid: 4731|app: 0|req: 196/196] 183.136.225.31 () {36 vars in 476 bytes} [Thu Jun 15 06:06:43 2023] GET / => generated 2065 bytes in 2 msecs (HTTP/1.1 404) 6 headers in 186 bytes (1 switches on core 1)
Not Found: /
[pid: 4731|app: 0|req: 197/197] 107.150.127.188 () {32 vars in 396 bytes} [Thu Jun 15 06:22:19 2023] GET / => generated 2061 bytes in 2 msecs (HTTP/1.1 404) 6 headers in 186 bytes (1 switches on core 0)
Not Found: /favicon.ico
[pid: 4731|app: 0|req: 198/198] 107.150.127.188 () {34 vars in 512 bytes} [Thu Jun 15 06:22:38 2023] GET /favicon.ico => generated 2112 bytes in 2 msecs (HTTP/1.1 404) 6 headers in 186 bytes (1 switches on core 1)
Not Found: /robots.txt
[pid: 4731|app: 0|req: 199/199] 107.150.127.188 () {34 vars in 510 bytes} [Thu Jun 15 06:22:39 2023] GET /robots.txt => generated 2109 bytes in 3 msecs (HTTP/1.1 404) 6 headers in 186 bytes (1 switches on core 0)
Not Found: /sitemap.xml
[pid: 4731|app: 0|req: 200/200] 107.150.127.188 () {34 vars in 512 bytes} [Thu Jun 15 06:22:41 2023] GET /sitemap.xml => generated 2112 bytes in 2 msecs (HTTP/1.1 404) 6 headers in 186 bytes (1 switches on core 1)
Not Found: /
[pid: 4731|app: 0|req: 201/201] 162.216.150.228 () {32 vars in 617 bytes} [Thu Jun 15 06:52:08 2023] GET / => generated 2065 bytes in 2 msecs (HTTP/1.1 404) 6 headers in 186 bytes (1 switches on core 0)
Invalid HTTP_HOST header: '[2407:c080:17ef:ffff::7274:db9d]'. You may need to add '[2407:c080:17ef:ffff::7274:db9d]' to ALLOWED_HOSTS.
Bad Request: /
[pid: 4731|app: 0|req: 202/202] 198.19.0.165 () {36 vars in 514 bytes} [Thu Jun 15 06:54:05 2023] GET / => generated 57366 bytes in 16 msecs (HTTP/1.1 400) 5 headers in 166 bytes (1 switches on core 1)
Invalid HTTP_HOST header: '[2407:c080:17ef:ffff::7274:db9d]'. You may need to add '[2407:c080:17ef:ffff::7274:db9d]' to ALLOWED_HOSTS.
Bad Request: /
[pid: 4731|app: 0|req: 203/203] 198.19.0.165 () {36 vars in 514 bytes} [Thu Jun 15 06:54:08 2023] GET / => generated 57366 bytes in 16 msecs (HTTP/1.1 400) 5 headers in 166 bytes (1 switches on core 0)
Invalid HTTP_HOST header: '[2407:c080:17ef:ffff::7274:db9d]'. You may need to add '[2407:c080:17ef:ffff::7274:db9d]' to ALLOWED_HOSTS.
Bad Request: /
[pid: 4731|app: 0|req: 204/204] 198.19.80.165 () {36 vars in 515 bytes} [Thu Jun 15 06:54:13 2023] GET / => generated 57367 bytes in 16 msecs (HTTP/1.1 400) 5 headers in 166 bytes (1 switches on core 1)
Not Found: /
[pid: 4731|app: 0|req: 205/205] 65.49.20.69 () {36 vars in 456 bytes} [Thu Jun 15 09:22:46 2023] GET / => generated 2061 bytes in 2 msecs (HTTP/1.1 404) 6 headers in 186 bytes (1 switches on core 0)
Not Found: /
[pid: 4731|app: 0|req: 206/206] 117.187.173.98 () {34 vars in 371 bytes} [Thu Jun 15 09:32:44 2023] GET / => generated 2060 bytes in 2 msecs (HTTP/1.1 404) 6 headers in 186 bytes (1 switches on core 1)
Not Found: /favicon.ico
[pid: 4731|app: 0|req: 207/207] 65.49.20.69 () {36 vars in 537 bytes} [Thu Jun 15 09:33:25 2023] GET /favicon.ico => generated 2112 bytes in 2 msecs (HTTP/1.1 404) 6 headers in 186 bytes (1 switches on core 0)
Not Found: /dns-query
[pid: 4731|app: 0|req: 208/208] 65.49.20.69 () {36 vars in 562 bytes} [Thu Jun 15 09:35:09 2023] GET /dns-query?name=dnsscan.shadowserver.org&type=A => generated 2147 bytes in 2 msecs (HTTP/1.1 404) 6 headers in 186 bytes (1 switches on core 1)
Not Found: /
[pid: 4731|app: 0|req: 209/209] 65.49.20.69 () {36 vars in 456 bytes} [Thu Jun 15 09:35:53 2023] GET / => generated 2061 bytes in 2 msecs (HTTP/1.1 404) 6 headers in 186 bytes (1 switches on core 0)
Not Found: /geoserver/web/
[pid: 4731|app: 0|req: 210/210] 65.49.20.69 () {36 vars in 531 bytes} [Thu Jun 15 09:39:22 2023] GET /geoserver/web/ => generated 2121 bytes in 2 msecs (HTTP/1.1 404) 6 headers in 186 bytes (1 switches on core 1)
Not Found: /.git/config
[pid: 4731|app: 0|req: 211/211] 65.49.20.69 () {36 vars in 522 bytes} [Thu Jun 15 09:41:07 2023] GET /.git/config => generated 2112 bytes in 2 msecs (HTTP/1.1 404) 6 headers in 186 bytes (1 switches on core 0)
Not Found: /
[pid: 4731|app: 0|req: 212/212] 106.75.70.38 () {40 vars in 682 bytes} [Thu Jun 15 10:04:25 2023] GET / => generated 2060 bytes in 2 msecs (HTTP/1.1 404) 6 headers in 186 bytes (1 switches on core 1)
Not Found: /favicon.ico
[pid: 4731|app: 0|req: 213/213] 106.75.70.38 () {40 vars in 702 bytes} [Thu Jun 15 10:04:25 2023] GET /favicon.ico => generated 2111 bytes in 2 msecs (HTTP/1.1 404) 6 headers in 186 bytes (1 switches on core 0)
Not Found: /sitemap.xml
[pid: 4731|app: 0|req: 214/214] 106.75.70.38 () {40 vars in 702 bytes} [Thu Jun 15 10:04:25 2023] GET /sitemap.xml => generated 2111 bytes in 2 msecs (HTTP/1.1 404) 6 headers in 186 bytes (1 switches on core 1)
Not Found: /robots.txt
[pid: 4731|app: 0|req: 215/215] 106.75.70.38 () {40 vars in 699 bytes} [Thu Jun 15 10:04:25 2023] GET /robots.txt => generated 2108 bytes in 2 msecs (HTTP/1.1 404) 6 headers in 186 bytes (1 switches on core 0)
Not Found: /
[pid: 4731|app: 0|req: 216/216] 117.62.218.192 () {38 vars in 541 bytes} [Thu Jun 15 11:08:13 2023] GET / => generated 2061 bytes in 2 msecs (HTTP/1.1 404) 6 headers in 186 bytes (1 switches on core 1)
Not Found: /
[pid: 4731|app: 0|req: 217/217] 106.3.146.202 () {40 vars in 732 bytes} [Thu Jun 15 13:38:36 2023] GET / => generated 2061 bytes in 2 msecs (HTTP/1.1 404) 6 headers in 186 bytes (1 switches on core 0)
Not Found: /
[pid: 4731|app: 0|req: 218/218] 106.3.146.202 () {40 vars in 761 bytes} [Thu Jun 15 13:38:39 2023] GET / => generated 2061 bytes in 3 msecs (HTTP/1.1 404) 6 headers in 186 bytes (1 switches on core 1)
Not Found: /favicon.ico
[pid: 4731|app: 0|req: 219/219] 106.3.146.202 () {40 vars in 754 bytes} [Thu Jun 15 13:38:43 2023] GET /favicon.ico => generated 2112 bytes in 2 msecs (HTTP/1.1 404) 6 headers in 186 bytes (1 switches on core 0)
Not Found: /favicon.ico
[pid: 4731|app: 0|req: 220/220] 106.3.146.202 () {40 vars in 783 bytes} [Thu Jun 15 13:38:49 2023] GET /favicon.ico => generated 2112 bytes in 2 msecs (HTTP/1.1 404) 6 headers in 186 bytes (1 switches on core 1)
Not Found: /actuator/health
[pid: 4731|app: 0|req: 221/221] 192.241.223.18 () {36 vars in 440 bytes} [Thu Jun 15 13:41:40 2023] GET /actuator/health => generated 2124 bytes in 3 msecs (HTTP/1.1 404) 6 headers in 186 bytes (1 switches on core 0)
Not Found: /
[pid: 4731|app: 0|req: 222/222] 123.160.221.18 () {34 vars in 376 bytes} [Thu Jun 15 14:13:31 2023] GET / => generated 2065 bytes in 2 msecs (HTTP/1.1 404) 6 headers in 186 bytes (1 switches on core 1)
Not Found: /owa/auth/logon.aspx
[pid: 4731|app: 0|req: 223/223] 198.199.116.50 () {36 vars in 505 bytes} [Thu Jun 15 14:13:42 2023] GET /owa/auth/logon.aspx?url=https%3a%2f%2f1%2fecp%2f => generated 2165 bytes in 4 msecs (HTTP/1.1 404) 6 headers in 186 bytes (1 switches on core 0)
Not Found: /
[pid: 4731|app: 0|req: 224/224] 111.7.96.155 () {48 vars in 797 bytes} [Thu Jun 15 14:31:56 2023] GET / => generated 2061 bytes in 56 msecs (HTTP/1.1 404) 6 headers in 181 bytes (1 switches on core 1)
Not Found: /
[pid: 4731|app: 0|req: 225/225] 111.7.96.155 () {48 vars in 796 bytes} [Thu Jun 15 14:31:58 2023] GET / => generated 2060 bytes in 2 msecs (HTTP/1.1 404) 6 headers in 181 bytes (1 switches on core 0)
Not Found: /
[pid: 4731|app: 0|req: 226/226] 36.99.136.128 () {48 vars in 797 bytes} [Thu Jun 15 14:32:00 2023] GET / => generated 2060 bytes in 2 msecs (HTTP/1.1 404) 6 headers in 181 bytes (1 switches on core 1)
Not Found: /
[pid: 4731|app: 0|req: 227/227] 107.170.234.14 () {36 vars in 410 bytes} [Thu Jun 15 14:32:48 2023] GET / => generated 2061 bytes in 3 msecs (HTTP/1.1 404) 6 headers in 186 bytes (1 switches on core 0)
Not Found: /
[pid: 4731|app: 0|req: 228/228] 162.221.192.26 () {36 vars in 504 bytes} [Thu Jun 15 15:11:16 2023] GET / => generated 2061 bytes in 2 msecs (HTTP/1.1 404) 6 headers in 186 bytes (1 switches on core 1)
Not Found: /
[pid: 4731|app: 0|req: 229/229] 87.236.176.215 () {38 vars in 498 bytes} [Thu Jun 15 16:38:33 2023] GET / => generated 2061 bytes in 2 msecs (HTTP/1.1 404) 6 headers in 186 bytes (1 switches on core 0)
Not Found: /favicon.ico
[pid: 4731|app: 0|req: 230/230] 185.180.143.141 () {36 vars in 527 bytes} [Thu Jun 15 16:43:44 2023] GET /favicon.ico => generated 2112 bytes in 2 msecs (HTTP/1.1 404) 6 headers in 186 bytes (1 switches on core 1)
Not Found: /
[pid: 4731|app: 0|req: 231/231] 106.75.164.148 () {36 vars in 417 bytes} [Thu Jun 15 18:11:43 2023] GET / => generated 2065 bytes in 2 msecs (HTTP/1.1 404) 6 headers in 186 bytes (1 switches on core 0)
Not Found: /
[pid: 4731|app: 0|req: 232/232] 172.104.131.24 () {36 vars in 461 bytes} [Thu Jun 15 19:57:45 2023] GET /?20628182016134805143312Ex => generated 2087 bytes in 2 msecs (HTTP/1.1 404) 6 headers in 186 bytes (1 switches on core 1)
Not Found: /
[pid: 4731|app: 0|req: 233/233] 159.203.102.54 () {38 vars in 486 bytes} [Thu Jun 15 20:09:42 2023] GET / => generated 2061 bytes in 2 msecs (HTTP/1.1 404) 6 headers in 186 bytes (1 switches on core 0)
Not Found: /favicon.ico
[pid: 4731|app: 0|req: 234/234] 159.203.102.54 () {46 vars in 640 bytes} [Thu Jun 15 20:09:43 2023] GET /favicon.ico => generated 2112 bytes in 2 msecs (HTTP/1.1 404) 6 headers in 186 bytes (1 switches on core 1)
Not Found: /
[pid: 4731|app: 0|req: 235/235] 162.221.192.26 () {36 vars in 504 bytes} [Thu Jun 15 23:08:09 2023] GET / => generated 2061 bytes in 2 msecs (HTTP/1.1 404) 6 headers in 186 bytes (1 switches on core 0)
Not Found: /
[pid: 4731|app: 0|req: 236/236] 205.210.31.104 () {32 vars in 616 bytes} [Thu Jun 15 23:35:05 2023] GET / => generated 2065 bytes in 2 msecs (HTTP/1.1 404) 6 headers in 186 bytes (1 switches on core 1)
Invalid HTTP_HOST header: '[2407:c080:17ef:ffff::7274:db9d]'. You may need to add '[2407:c080:17ef:ffff::7274:db9d]' to ALLOWED_HOSTS.
Bad Request: /
[pid: 4731|app: 0|req: 237/237] 198.19.6.234 () {36 vars in 515 bytes} [Fri Jun 16 00:15:27 2023] GET / => generated 57367 bytes in 33 msecs (HTTP/1.1 400) 5 headers in 166 bytes (1 switches on core 0)
Invalid HTTP_HOST header: '[2407:c080:17ef:ffff::7274:db9d]'. You may need to add '[2407:c080:17ef:ffff::7274:db9d]' to ALLOWED_HOSTS.
Bad Request: /
[pid: 4731|app: 0|req: 238/238] 198.19.6.234 () {36 vars in 515 bytes} [Fri Jun 16 00:15:29 2023] GET / => generated 57367 bytes in 16 msecs (HTTP/1.1 400) 5 headers in 166 bytes (1 switches on core 1)
Invalid HTTP_HOST header: '[2407:c080:17ef:ffff::7274:db9d]'. You may need to add '[2407:c080:17ef:ffff::7274:db9d]' to ALLOWED_HOSTS.
Bad Request: /
[pid: 4731|app: 0|req: 239/239] 198.19.86.234 () {36 vars in 515 bytes} [Fri Jun 16 00:15:34 2023] GET / => generated 57367 bytes in 15 msecs (HTTP/1.1 400) 5 headers in 166 bytes (1 switches on core 0)
Invalid HTTP_HOST header: '[2407:c080:17ef:ffff::7274:db9d]'. You may need to add '[2407:c080:17ef:ffff::7274:db9d]' to ALLOWED_HOSTS.
Bad Request: /
[pid: 4731|app: 0|req: 240/240] 198.19.6.234 () {36 vars in 515 bytes} [Fri Jun 16 00:15:42 2023] GET / => generated 57367 bytes in 15 msecs (HTTP/1.1 400) 5 headers in 166 bytes (1 switches on core 1)
Not Found: /
[pid: 4731|app: 0|req: 241/241] 185.180.143.136 () {36 vars in 505 bytes} [Fri Jun 16 00:26:32 2023] GET / => generated 2061 bytes in 2 msecs (HTTP/1.1 404) 6 headers in 186 bytes (1 switches on core 0)
Not Found: /
[pid: 4731|app: 0|req: 242/242] 43.229.212.2 () {40 vars in 580 bytes} [Fri Jun 16 00:34:18 2023] GET / => generated 2061 bytes in 2 msecs (HTTP/1.1 404) 6 headers in 186 bytes (1 switches on core 1)
Not Found: /
[pid: 4731|app: 0|req: 243/243] 34.79.162.186 () {44 vars in 578 bytes} [Fri Jun 16 01:42:06 2023] GET / => generated 2061 bytes in 2 msecs (HTTP/1.1 404) 6 headers in 186 bytes (1 switches on core 0)
Not Found: /
[pid: 4731|app: 0|req: 244/244] 64.62.197.228 () {36 vars in 505 bytes} [Fri Jun 16 01:47:47 2023] GET / => generated 2061 bytes in 2 msecs (HTTP/1.1 404) 6 headers in 186 bytes (1 switches on core 1)
Not Found: /favicon.ico
[pid: 4731|app: 0|req: 245/245] 64.62.197.232 () {36 vars in 520 bytes} [Fri Jun 16 01:54:33 2023] GET /favicon.ico => generated 2112 bytes in 2 msecs (HTTP/1.1 404) 6 headers in 186 bytes (1 switches on core 0)
Not Found: /dns-query
[pid: 4731|app: 0|req: 246/246] 64.62.197.238 () {36 vars in 620 bytes} [Fri Jun 16 01:55:49 2023] GET /dns-query?name=dnsscan.shadowserver.org&type=A => generated 2147 bytes in 3 msecs (HTTP/1.1 404) 6 headers in 186 bytes (1 switches on core 1)
Not Found: /
[pid: 4731|app: 0|req: 247/247] 64.62.197.233 () {36 vars in 505 bytes} [Fri Jun 16 01:56:13 2023] GET / => generated 2061 bytes in 2 msecs (HTTP/1.1 404) 6 headers in 186 bytes (1 switches on core 0)
Not Found: /auth.html
[pid: 4731|app: 0|req: 248/248] 161.35.68.123 () {36 vars in 537 bytes} [Fri Jun 16 01:59:17 2023] GET /auth.html => generated 2110 bytes in 2 msecs (HTTP/1.1 404) 6 headers in 186 bytes (1 switches on core 1)
Not Found: /api/sonicos/tfa
[pid: 4731|app: 0|req: 249/249] 161.35.68.123 () {36 vars in 549 bytes} [Fri Jun 16 01:59:17 2023] GET /api/sonicos/tfa => generated 2128 bytes in 2 msecs (HTTP/1.1 404) 6 headers in 186 bytes (1 switches on core 0)
Not Found: /
[pid: 4731|app: 0|req: 250/250] 161.35.68.123 () {36 vars in 519 bytes} [Fri Jun 16 01:59:17 2023] GET / => generated 2065 bytes in 2 msecs (HTTP/1.1 404) 6 headers in 186 bytes (1 switches on core 1)
Not Found: /api/sonicos/auth
[pid: 4731|app: 0|req: 251/251] 161.35.68.123 () {36 vars in 551 bytes} [Fri Jun 16 01:59:18 2023] GET /api/sonicos/auth => generated 2131 bytes in 2 msecs (HTTP/1.1 404) 6 headers in 186 bytes (1 switches on core 0)
Not Found: /auth1.html
[pid: 4731|app: 0|req: 252/252] 161.35.68.123 () {36 vars in 539 bytes} [Fri Jun 16 01:59:23 2023] GET /auth1.html => generated 2113 bytes in 2 msecs (HTTP/1.1 404) 6 headers in 186 bytes (1 switches on core 1)
Not Found: /geoserver/web/
[pid: 4731|app: 0|req: 253/253] 64.62.197.234 () {36 vars in 545 bytes} [Fri Jun 16 01:59:43 2023] GET /geoserver/web/ => generated 2121 bytes in 2 msecs (HTTP/1.1 404) 6 headers in 186 bytes (1 switches on core 0)
Not Found: /.git/config
[pid: 4731|app: 0|req: 254/254] 64.62.197.237 () {36 vars in 516 bytes} [Fri Jun 16 02:01:29 2023] GET /.git/config => generated 2112 bytes in 2 msecs (HTTP/1.1 404) 6 headers in 186 bytes (1 switches on core 1)
Not Found: /
[pid: 4731|app: 0|req: 255/255] 128.14.133.58 () {36 vars in 503 bytes} [Fri Jun 16 02:40:02 2023] GET / => generated 2061 bytes in 2 msecs (HTTP/1.1 404) 6 headers in 186 bytes (1 switches on core 0)
Not Found: /showLogin.cc
[pid: 4731|app: 0|req: 256/256] 128.14.133.58 () {36 vars in 527 bytes} [Fri Jun 16 02:40:08 2023] GET /showLogin.cc => generated 2115 bytes in 3 msecs (HTTP/1.1 404) 6 headers in 186 bytes (1 switches on core 1)
Not Found: /
[pid: 4731|app: 0|req: 257/257] 20.89.88.34 () {38 vars in 537 bytes} [Fri Jun 16 02:47:07 2023] GET / => generated 2065 bytes in 2 msecs (HTTP/1.1 404) 6 headers in 186 bytes (1 switches on core 0)
Not Found: /
[pid: 4731|app: 0|req: 258/258] 162.216.150.178 () {32 vars in 617 bytes} [Fri Jun 16 03:05:57 2023] GET / => generated 2065 bytes in 2 msecs (HTTP/1.1 404) 6 headers in 186 bytes (1 switches on core 1)
-------------------------
-------------------------
Internal Server Error: /myApp/question/recommend/
Traceback (most recent call last):
  File "/root/anaconda3/envs/software/lib/python3.9/site-packages/django/core/handlers/exception.py", line 47, in inner
    response = get_response(request)
  File "/root/anaconda3/envs/software/lib/python3.9/site-packages/django/core/handlers/base.py", line 181, in _get_response
    response = wrapped_callback(request, *callback_args, **callback_kwargs)
  File "/home/ourProject/soft-ware-project/./myApp/views.py", line 293, in recommend_question
    uid = int(request.GET.get('uid'))
TypeError: int() argument must be a string, a bytes-like object or a number, not 'NoneType'
Internal Server Error: /myApp/question/recommend/
Traceback (most recent call last):
  File "/root/anaconda3/envs/software/lib/python3.9/site-packages/django/core/handlers/exception.py", line 47, in inner
    response = get_response(request)
  File "/root/anaconda3/envs/software/lib/python3.9/site-packages/django/core/handlers/base.py", line 181, in _get_response
    response = wrapped_callback(request, *callback_args, **callback_kwargs)
  File "/home/ourProject/soft-ware-project/./myApp/views.py", line 293, in recommend_question
    uid = int(request.GET.get('uid'))
TypeError: int() argument must be a string, a bytes-like object or a number, not 'NoneType'
[pid: 4731|app: 0|req: 260/259] 219.239.227.231 () {42 vars in 965 bytes} [Fri Jun 16 03:49:13 2023] GET /myApp/question/recommend/?tags=%5B%5D => generated 53660 bytes in 32 msecs (HTTP/1.1 500) 6 headers in 207 bytes (1 switches on core 0)
[pid: 4731|app: 0|req: 260/260] 219.239.227.231 () {42 vars in 965 bytes} [Fri Jun 16 03:49:13 2023] GET /myApp/question/recommend/?tags=%5B%5D => generated 53660 bytes in 31 msecs (HTTP/1.1 500) 6 headers in 207 bytes (1 switches on core 1)
otjFq5Y9GFfbIiTp-tgFnOXLgznw
['二手', '情感', '航学']
[27]
[8, 133, 78]
[pid: 4731|app: 0|req: 261/261] 219.239.227.231 () {42 vars in 1005 bytes} [Fri Jun 16 03:49:13 2023] GET /myApp/user/profile/?code=0f1ZZd000KsM9Q1OER100nBFAU2ZZd02 => generated 503 bytes in 244 msecs (HTTP/1.1 200) 6 headers in 185 bytes (1 switches on core 0)
-------------------------
Internal Server Error: /myApp/question/recommend/
Traceback (most recent call last):
  File "/root/anaconda3/envs/software/lib/python3.9/site-packages/django/core/handlers/exception.py", line 47, in inner
    response = get_response(request)
  File "/root/anaconda3/envs/software/lib/python3.9/site-packages/django/core/handlers/base.py", line 181, in _get_response
    response = wrapped_callback(request, *callback_args, **callback_kwargs)
  File "/home/ourProject/soft-ware-project/./myApp/views.py", line 293, in recommend_question
    uid = int(request.GET.get('uid'))
TypeError: int() argument must be a string, a bytes-like object or a number, not 'NoneType'
[pid: 4731|app: 0|req: 262/262] 219.239.227.231 () {42 vars in 1121 bytes} [Fri Jun 16 03:49:16 2023] GET /myApp/question/recommend/?tags=%5B%22%E4%BA%8C%E6%89%8B%22%2C%22%E6%83%85%E6%84%9F%22%2C%22%E8%88%AA%E5%AD%A6%22%5D => generated 54262 bytes in 16 msecs (HTTP/1.1 500) 6 headers in 207 bytes (1 switches on core 1)
-----in hot----
[pid: 4731|app: 0|req: 263/263] 219.239.227.231 () {42 vars in 930 bytes} [Fri Jun 16 03:49:17 2023] GET /myApp/question/hot/ => generated 5330 bytes in 12 msecs (HTTP/1.1 200) 6 headers in 186 bytes (1 switches on core 0)
-------------------------
Internal Server Error: /myApp/question/recommend/
Traceback (most recent call last):
  File "/root/anaconda3/envs/software/lib/python3.9/site-packages/django/core/handlers/exception.py", line 47, in inner
    response = get_response(request)
  File "/root/anaconda3/envs/software/lib/python3.9/site-packages/django/core/handlers/base.py", line 181, in _get_response
    response = wrapped_callback(request, *callback_args, **callback_kwargs)
  File "/home/ourProject/soft-ware-project/./myApp/views.py", line 293, in recommend_question
    uid = int(request.GET.get('uid'))
TypeError: int() argument must be a string, a bytes-like object or a number, not 'NoneType'
[pid: 4731|app: 0|req: 264/264] 219.239.227.231 () {42 vars in 1121 bytes} [Fri Jun 16 03:49:18 2023] GET /myApp/question/recommend/?tags=%5B%22%E4%BA%8C%E6%89%8B%22%2C%22%E6%83%85%E6%84%9F%22%2C%22%E8%88%AA%E5%AD%A6%22%5D => generated 54262 bytes in 16 msecs (HTTP/1.1 500) 6 headers in 207 bytes (1 switches on core 1)
[pid: 4731|app: 0|req: 265/265] 219.239.227.231 () {42 vars in 1009 bytes} [Fri Jun 16 03:49:19 2023] GET /myApp/question/sort/?tag=%E6%B1%82%E8%81%8C&sortBy=ClikeNum => generated 3821 bytes in 9 msecs (HTTP/1.1 200) 6 headers in 186 bytes (1 switches on core 0)
-------------------------
Internal Server Error: /myApp/question/recommend/
Traceback (most recent call last):
  File "/root/anaconda3/envs/software/lib/python3.9/site-packages/django/core/handlers/exception.py", line 47, in inner
    response = get_response(request)
  File "/root/anaconda3/envs/software/lib/python3.9/site-packages/django/core/handlers/base.py", line 181, in _get_response
    response = wrapped_callback(request, *callback_args, **callback_kwargs)
  File "/home/ourProject/soft-ware-project/./myApp/views.py", line 293, in recommend_question
    uid = int(request.GET.get('uid'))
TypeError: int() argument must be a string, a bytes-like object or a number, not 'NoneType'
[pid: 4731|app: 0|req: 266/266] 219.239.227.231 () {42 vars in 1121 bytes} [Fri Jun 16 03:49:19 2023] GET /myApp/question/recommend/?tags=%5B%22%E4%BA%8C%E6%89%8B%22%2C%22%E6%83%85%E6%84%9F%22%2C%22%E8%88%AA%E5%AD%A6%22%5D => generated 54262 bytes in 15 msecs (HTTP/1.1 500) 6 headers in 207 bytes (1 switches on core 1)
-----in hot----
[pid: 4731|app: 0|req: 267/267] 219.239.227.231 () {42 vars in 930 bytes} [Fri Jun 16 03:49:20 2023] GET /myApp/question/hot/ => generated 5330 bytes in 11 msecs (HTTP/1.1 200) 6 headers in 186 bytes (1 switches on core 0)
-------------------------
Internal Server Error: /myApp/question/recommend/
Traceback (most recent call last):
  File "/root/anaconda3/envs/software/lib/python3.9/site-packages/django/core/handlers/exception.py", line 47, in inner
    response = get_response(request)
  File "/root/anaconda3/envs/software/lib/python3.9/site-packages/django/core/handlers/base.py", line 181, in _get_response
    response = wrapped_callback(request, *callback_args, **callback_kwargs)
  File "/home/ourProject/soft-ware-project/./myApp/views.py", line 293, in recommend_question
    uid = int(request.GET.get('uid'))
TypeError: int() argument must be a string, a bytes-like object or a number, not 'NoneType'
[pid: 4731|app: 0|req: 268/268] 219.239.227.231 () {42 vars in 1121 bytes} [Fri Jun 16 03:49:21 2023] GET /myApp/question/recommend/?tags=%5B%22%E4%BA%8C%E6%89%8B%22%2C%22%E6%83%85%E6%84%9F%22%2C%22%E8%88%AA%E5%AD%A6%22%5D => generated 54262 bytes in 16 msecs (HTTP/1.1 500) 6 headers in 207 bytes (1 switches on core 1)
[pid: 4731|app: 0|req: 269/269] 219.239.227.231 () {42 vars in 1009 bytes} [Fri Jun 16 03:49:22 2023] GET /myApp/question/sort/?tag=%E6%B1%82%E8%81%8C&sortBy=ClikeNum => generated 3821 bytes in 9 msecs (HTTP/1.1 200) 6 headers in 186 bytes (1 switches on core 0)
-----in hot----
[pid: 4731|app: 0|req: 270/270] 219.239.227.231 () {42 vars in 930 bytes} [Fri Jun 16 03:49:22 2023] GET /myApp/question/hot/ => generated 5330 bytes in 11 msecs (HTTP/1.1 200) 6 headers in 186 bytes (1 switches on core 1)
-------------------------
Internal Server Error: /myApp/question/recommend/
Traceback (most recent call last):
  File "/root/anaconda3/envs/software/lib/python3.9/site-packages/django/core/handlers/exception.py", line 47, in inner
    response = get_response(request)
  File "/root/anaconda3/envs/software/lib/python3.9/site-packages/django/core/handlers/base.py", line 181, in _get_response
    response = wrapped_callback(request, *callback_args, **callback_kwargs)
  File "/home/ourProject/soft-ware-project/./myApp/views.py", line 293, in recommend_question
    uid = int(request.GET.get('uid'))
TypeError: int() argument must be a string, a bytes-like object or a number, not 'NoneType'
[pid: 4731|app: 0|req: 271/271] 219.239.227.231 () {42 vars in 1121 bytes} [Fri Jun 16 03:49:23 2023] GET /myApp/question/recommend/?tags=%5B%22%E4%BA%8C%E6%89%8B%22%2C%22%E6%83%85%E6%84%9F%22%2C%22%E8%88%AA%E5%AD%A6%22%5D => generated 54262 bytes in 16 msecs (HTTP/1.1 500) 6 headers in 207 bytes (1 switches on core 0)
[pid: 4731|app: 0|req: 272/272] 219.239.227.231 () {42 vars in 1009 bytes} [Fri Jun 16 03:49:24 2023] GET /myApp/question/sort/?tag=%E6%B1%82%E8%81%8C&sortBy=ClikeNum => generated 3821 bytes in 8 msecs (HTTP/1.1 200) 6 headers in 186 bytes (1 switches on core 1)
-------------------------
Internal Server Error: /myApp/question/recommend/
Traceback (most recent call last):
  File "/root/anaconda3/envs/software/lib/python3.9/site-packages/django/core/handlers/exception.py", line 47, in inner
    response = get_response(request)
  File "/root/anaconda3/envs/software/lib/python3.9/site-packages/django/core/handlers/base.py", line 181, in _get_response
    response = wrapped_callback(request, *callback_args, **callback_kwargs)
  File "/home/ourProject/soft-ware-project/./myApp/views.py", line 293, in recommend_question
    uid = int(request.GET.get('uid'))
TypeError: int() argument must be a string, a bytes-like object or a number, not 'NoneType'
[pid: 4731|app: 0|req: 273/273] 219.239.227.231 () {42 vars in 1121 bytes} [Fri Jun 16 03:49:25 2023] GET /myApp/question/recommend/?tags=%5B%22%E4%BA%8C%E6%89%8B%22%2C%22%E6%83%85%E6%84%9F%22%2C%22%E8%88%AA%E5%AD%A6%22%5D => generated 54262 bytes in 16 msecs (HTTP/1.1 500) 6 headers in 207 bytes (1 switches on core 0)
[pid: 4731|app: 0|req: 274/274] 219.239.227.231 () {42 vars in 1009 bytes} [Fri Jun 16 03:49:26 2023] GET /myApp/question/sort/?tag=%E6%B1%82%E8%81%8C&sortBy=ClikeNum => generated 3821 bytes in 9 msecs (HTTP/1.1 200) 6 headers in 186 bytes (1 switches on core 1)
-------------------------
Internal Server Error: /myApp/question/recommend/
Traceback (most recent call last):
  File "/root/anaconda3/envs/software/lib/python3.9/site-packages/django/core/handlers/exception.py", line 47, in inner
    response = get_response(request)
  File "/root/anaconda3/envs/software/lib/python3.9/site-packages/django/core/handlers/base.py", line 181, in _get_response
    response = wrapped_callback(request, *callback_args, **callback_kwargs)
  File "/home/ourProject/soft-ware-project/./myApp/views.py", line 293, in recommend_question
    uid = int(request.GET.get('uid'))
TypeError: int() argument must be a string, a bytes-like object or a number, not 'NoneType'
[pid: 4731|app: 0|req: 275/275] 219.239.227.231 () {42 vars in 1121 bytes} [Fri Jun 16 03:49:26 2023] GET /myApp/question/recommend/?tags=%5B%22%E4%BA%8C%E6%89%8B%22%2C%22%E6%83%85%E6%84%9F%22%2C%22%E8%88%AA%E5%AD%A6%22%5D => generated 54262 bytes in 17 msecs (HTTP/1.1 500) 6 headers in 207 bytes (1 switches on core 0)
[pid: 4731|app: 0|req: 276/276] 219.239.227.231 () {42 vars in 1009 bytes} [Fri Jun 16 03:49:27 2023] GET /myApp/question/sort/?tag=%E8%80%83%E7%A0%94&sortBy=ClikeNum => generated 2401 bytes in 9 msecs (HTTP/1.1 200) 6 headers in 186 bytes (1 switches on core 1)
[pid: 4731|app: 0|req: 277/277] 219.239.227.231 () {42 vars in 1009 bytes} [Fri Jun 16 03:49:28 2023] GET /myApp/question/sort/?tag=%E6%B1%82%E8%81%8C&sortBy=ClikeNum => generated 3821 bytes in 8 msecs (HTTP/1.1 200) 6 headers in 186 bytes (1 switches on core 0)
-------------------------
Internal Server Error: /myApp/question/recommend/
Traceback (most recent call last):
  File "/root/anaconda3/envs/software/lib/python3.9/site-packages/django/core/handlers/exception.py", line 47, in inner
    response = get_response(request)
  File "/root/anaconda3/envs/software/lib/python3.9/site-packages/django/core/handlers/base.py", line 181, in _get_response
    response = wrapped_callback(request, *callback_args, **callback_kwargs)
  File "/home/ourProject/soft-ware-project/./myApp/views.py", line 293, in recommend_question
    uid = int(request.GET.get('uid'))
TypeError: int() argument must be a string, a bytes-like object or a number, not 'NoneType'
[pid: 4731|app: 0|req: 278/278] 219.239.227.231 () {42 vars in 1121 bytes} [Fri Jun 16 03:49:29 2023] GET /myApp/question/recommend/?tags=%5B%22%E4%BA%8C%E6%89%8B%22%2C%22%E6%83%85%E6%84%9F%22%2C%22%E8%88%AA%E5%AD%A6%22%5D => generated 54262 bytes in 15 msecs (HTTP/1.1 500) 6 headers in 207 bytes (1 switches on core 1)
[pid: 4731|app: 0|req: 279/279] 219.239.227.231 () {42 vars in 1009 bytes} [Fri Jun 16 03:49:30 2023] GET /myApp/question/sort/?tag=%E8%80%83%E7%A0%94&sortBy=ClikeNum => generated 2401 bytes in 7 msecs (HTTP/1.1 200) 6 headers in 186 bytes (1 switches on core 0)
-------------------------
Internal Server Error: /myApp/question/recommend/
Traceback (most recent call last):
  File "/root/anaconda3/envs/software/lib/python3.9/site-packages/django/core/handlers/exception.py", line 47, in inner
    response = get_response(request)
  File "/root/anaconda3/envs/software/lib/python3.9/site-packages/django/core/handlers/base.py", line 181, in _get_response
    response = wrapped_callback(request, *callback_args, **callback_kwargs)
  File "/home/ourProject/soft-ware-project/./myApp/views.py", line 293, in recommend_question
    uid = int(request.GET.get('uid'))
TypeError: int() argument must be a string, a bytes-like object or a number, not 'NoneType'
[pid: 4731|app: 0|req: 280/280] 219.239.227.231 () {42 vars in 1121 bytes} [Fri Jun 16 03:49:30 2023] GET /myApp/question/recommend/?tags=%5B%22%E4%BA%8C%E6%89%8B%22%2C%22%E6%83%85%E6%84%9F%22%2C%22%E8%88%AA%E5%AD%A6%22%5D => generated 54262 bytes in 16 msecs (HTTP/1.1 500) 6 headers in 207 bytes (1 switches on core 1)
-----in hot----
[pid: 4731|app: 0|req: 281/281] 219.239.227.231 () {42 vars in 930 bytes} [Fri Jun 16 03:49:33 2023] GET /myApp/question/hot/ => generated 5330 bytes in 11 msecs (HTTP/1.1 200) 6 headers in 186 bytes (1 switches on core 0)
-------------------------
Internal Server Error: /myApp/question/recommend/
Traceback (most recent call last):
  File "/root/anaconda3/envs/software/lib/python3.9/site-packages/django/core/handlers/exception.py", line 47, in inner
    response = get_response(request)
  File "/root/anaconda3/envs/software/lib/python3.9/site-packages/django/core/handlers/base.py", line 181, in _get_response
    response = wrapped_callback(request, *callback_args, **callback_kwargs)
  File "/home/ourProject/soft-ware-project/./myApp/views.py", line 293, in recommend_question
    uid = int(request.GET.get('uid'))
TypeError: int() argument must be a string, a bytes-like object or a number, not 'NoneType'
[pid: 4731|app: 0|req: 282/282] 219.239.227.231 () {42 vars in 1121 bytes} [Fri Jun 16 03:49:34 2023] GET /myApp/question/recommend/?tags=%5B%22%E4%BA%8C%E6%89%8B%22%2C%22%E6%83%85%E6%84%9F%22%2C%22%E8%88%AA%E5%AD%A6%22%5D => generated 54262 bytes in 17 msecs (HTTP/1.1 500) 6 headers in 207 bytes (1 switches on core 1)
-------------------------
Internal Server Error: /myApp/question/recommend/
Traceback (most recent call last):
  File "/root/anaconda3/envs/software/lib/python3.9/site-packages/django/core/handlers/exception.py", line 47, in inner
    response = get_response(request)
  File "/root/anaconda3/envs/software/lib/python3.9/site-packages/django/core/handlers/base.py", line 181, in _get_response
    response = wrapped_callback(request, *callback_args, **callback_kwargs)
  File "/home/ourProject/soft-ware-project/./myApp/views.py", line 293, in recommend_question
    uid = int(request.GET.get('uid'))
TypeError: int() argument must be a string, a bytes-like object or a number, not 'NoneType'
[pid: 4731|app: 0|req: 283/283] 219.239.227.231 () {42 vars in 1121 bytes} [Fri Jun 16 03:49:35 2023] GET /myApp/question/recommend/?tags=%5B%22%E4%BA%8C%E6%89%8B%22%2C%22%E6%83%85%E6%84%9F%22%2C%22%E8%88%AA%E5%AD%A6%22%5D => generated 54262 bytes in 16 msecs (HTTP/1.1 500) 6 headers in 207 bytes (1 switches on core 0)
-------------------------
Internal Server Error: /myApp/question/recommend/
Traceback (most recent call last):
  File "/root/anaconda3/envs/software/lib/python3.9/site-packages/django/core/handlers/exception.py", line 47, in inner
    response = get_response(request)
  File "/root/anaconda3/envs/software/lib/python3.9/site-packages/django/core/handlers/base.py", line 181, in _get_response
    response = wrapped_callback(request, *callback_args, **callback_kwargs)
  File "/home/ourProject/soft-ware-project/./myApp/views.py", line 293, in recommend_question
    uid = int(request.GET.get('uid'))
TypeError: int() argument must be a string, a bytes-like object or a number, not 'NoneType'
[pid: 4731|app: 0|req: 284/284] 219.239.227.231 () {42 vars in 1121 bytes} [Fri Jun 16 03:49:42 2023] GET /myApp/question/recommend/?tags=%5B%22%E4%BA%8C%E6%89%8B%22%2C%22%E6%83%85%E6%84%9F%22%2C%22%E8%88%AA%E5%AD%A6%22%5D => generated 54262 bytes in 16 msecs (HTTP/1.1 500) 6 headers in 207 bytes (1 switches on core 1)
15
['Sex', 'Profession', 'Grade', 'Tags']
15
['Sex', 'Profession', 'Grade', 'Tags']
[pid: 4731|app: 0|req: 286/285] 219.239.227.231 () {42 vars in 941 bytes} [Fri Jun 16 03:49:43 2023] GET /myApp/user/display/?uid=9 => generated 396 bytes in 4 msecs (HTTP/1.1 200) 6 headers in 185 bytes (1 switches on core 1)
[pid: 4731|app: 0|req: 286/286] 219.239.227.231 () {42 vars in 941 bytes} [Fri Jun 16 03:49:43 2023] GET /myApp/user/display/?uid=9 => generated 396 bytes in 5 msecs (HTTP/1.1 200) 6 headers in 185 bytes (1 switches on core 0)
-------------------------
Internal Server Error: /myApp/question/recommend/
Traceback (most recent call last):
  File "/root/anaconda3/envs/software/lib/python3.9/site-packages/django/core/handlers/exception.py", line 47, in inner
    response = get_response(request)
  File "/root/anaconda3/envs/software/lib/python3.9/site-packages/django/core/handlers/base.py", line 181, in _get_response
    response = wrapped_callback(request, *callback_args, **callback_kwargs)
  File "/home/ourProject/soft-ware-project/./myApp/views.py", line 293, in recommend_question
    uid = int(request.GET.get('uid'))
TypeError: int() argument must be a string, a bytes-like object or a number, not 'NoneType'
[pid: 4731|app: 0|req: 287/287] 219.239.227.231 () {42 vars in 1121 bytes} [Fri Jun 16 03:49:45 2023] GET /myApp/question/recommend/?tags=%5B%22%E4%BA%8C%E6%89%8B%22%2C%22%E6%83%85%E6%84%9F%22%2C%22%E8%88%AA%E5%AD%A6%22%5D => generated 54262 bytes in 16 msecs (HTTP/1.1 500) 6 headers in 207 bytes (1 switches on core 1)
-------------------------
-------------------------
Internal Server Error: /myApp/question/recommend/
Traceback (most recent call last):
  File "/root/anaconda3/envs/software/lib/python3.9/site-packages/django/core/handlers/exception.py", line 47, in inner
    response = get_response(request)
  File "/root/anaconda3/envs/software/lib/python3.9/site-packages/django/core/handlers/base.py", line 181, in _get_response
    response = wrapped_callback(request, *callback_args, **callback_kwargs)
  File "/home/ourProject/soft-ware-project/./myApp/views.py", line 293, in recommend_question
    uid = int(request.GET.get('uid'))
TypeError: int() argument must be a string, a bytes-like object or a number, not 'NoneType'
[pid: 4731|app: 0|req: 289/288] 221.216.116.15 () {42 vars in 963 bytes} [Fri Jun 16 03:51:06 2023] GET /myApp/question/recommend/?tags=%5B%5D => generated 53658 bytes in 16 msecs (HTTP/1.1 500) 6 headers in 207 bytes (1 switches on core 0)
Internal Server Error: /myApp/question/recommend/
Traceback (most recent call last):
  File "/root/anaconda3/envs/software/lib/python3.9/site-packages/django/core/handlers/exception.py", line 47, in inner
    response = get_response(request)
  File "/root/anaconda3/envs/software/lib/python3.9/site-packages/django/core/handlers/base.py", line 181, in _get_response
    response = wrapped_callback(request, *callback_args, **callback_kwargs)
  File "/home/ourProject/soft-ware-project/./myApp/views.py", line 293, in recommend_question
    uid = int(request.GET.get('uid'))
TypeError: int() argument must be a string, a bytes-like object or a number, not 'NoneType'
[pid: 4731|app: 0|req: 289/289] 221.216.116.15 () {42 vars in 963 bytes} [Fri Jun 16 03:51:06 2023] GET /myApp/question/recommend/?tags=%5B%5D => generated 53658 bytes in 22 msecs (HTTP/1.1 500) 6 headers in 207 bytes (1 switches on core 1)
otjFq5YvlRyDe-PaUKmDm2dFXG6w
['求职', '活动', '情感', '好物']
[]
[21, 11, 8]
[pid: 4731|app: 0|req: 290/290] 221.216.116.15 () {42 vars in 1003 bytes} [Fri Jun 16 03:51:06 2023] GET /myApp/user/profile/?code=0a3cg3100EJX8Q1Ocr000gzRxc0cg31- => generated 519 bytes in 342 msecs (HTTP/1.1 200) 6 headers in 185 bytes (1 switches on core 0)
-----in hot----
[pid: 4731|app: 0|req: 291/291] 221.216.116.15 () {42 vars in 928 bytes} [Fri Jun 16 03:51:08 2023] GET /myApp/question/hot/ => generated 5330 bytes in 11 msecs (HTTP/1.1 200) 6 headers in 186 bytes (1 switches on core 1)
-------------------------
Internal Server Error: /myApp/question/recommend/
Traceback (most recent call last):
  File "/root/anaconda3/envs/software/lib/python3.9/site-packages/django/core/handlers/exception.py", line 47, in inner
    response = get_response(request)
  File "/root/anaconda3/envs/software/lib/python3.9/site-packages/django/core/handlers/base.py", line 181, in _get_response
    response = wrapped_callback(request, *callback_args, **callback_kwargs)
  File "/home/ourProject/soft-ware-project/./myApp/views.py", line 293, in recommend_question
    uid = int(request.GET.get('uid'))
TypeError: int() argument must be a string, a bytes-like object or a number, not 'NoneType'
[pid: 4731|app: 0|req: 292/292] 221.216.116.15 () {42 vars in 1173 bytes} [Fri Jun 16 03:51:09 2023] GET /myApp/question/recommend/?tags=%5B%22%E6%B1%82%E8%81%8C%22%2C%22%E6%B4%BB%E5%8A%A8%22%2C%22%E6%83%85%E6%84%9F%22%2C%22%E5%A5%BD%E7%89%A9%22%5D => generated 54468 bytes in 15 msecs (HTTP/1.1 500) 6 headers in 207 bytes (1 switches on core 0)
-------------------------
Internal Server Error: /myApp/question/recommend/
Traceback (most recent call last):
  File "/root/anaconda3/envs/software/lib/python3.9/site-packages/django/core/handlers/exception.py", line 47, in inner
    response = get_response(request)
  File "/root/anaconda3/envs/software/lib/python3.9/site-packages/django/core/handlers/base.py", line 181, in _get_response
    response = wrapped_callback(request, *callback_args, **callback_kwargs)
  File "/home/ourProject/soft-ware-project/./myApp/views.py", line 293, in recommend_question
    uid = int(request.GET.get('uid'))
TypeError: int() argument must be a string, a bytes-like object or a number, not 'NoneType'
[pid: 4731|app: 0|req: 293/293] 221.216.116.15 () {42 vars in 1173 bytes} [Fri Jun 16 03:51:23 2023] GET /myApp/question/recommend/?tags=%5B%22%E6%B1%82%E8%81%8C%22%2C%22%E6%B4%BB%E5%8A%A8%22%2C%22%E6%83%85%E6%84%9F%22%2C%22%E5%A5%BD%E7%89%A9%22%5D => generated 54468 bytes in 16 msecs (HTTP/1.1 500) 6 headers in 207 bytes (1 switches on core 1)
[pid: 4731|app: 0|req: 294/294] 221.216.116.15 () {42 vars in 1007 bytes} [Fri Jun 16 03:51:24 2023] GET /myApp/question/sort/?tag=%E6%B1%82%E8%81%8C&sortBy=ClikeNum => generated 3821 bytes in 8 msecs (HTTP/1.1 200) 6 headers in 186 bytes (1 switches on core 0)
-------------------------
Internal Server Error: /myApp/question/recommend/
Traceback (most recent call last):
  File "/root/anaconda3/envs/software/lib/python3.9/site-packages/django/core/handlers/exception.py", line 47, in inner
    response = get_response(request)
  File "/root/anaconda3/envs/software/lib/python3.9/site-packages/django/core/handlers/base.py", line 181, in _get_response
    response = wrapped_callback(request, *callback_args, **callback_kwargs)
  File "/home/ourProject/soft-ware-project/./myApp/views.py", line 293, in recommend_question
    uid = int(request.GET.get('uid'))
TypeError: int() argument must be a string, a bytes-like object or a number, not 'NoneType'
[pid: 4731|app: 0|req: 295/295] 221.216.116.15 () {42 vars in 1173 bytes} [Fri Jun 16 03:51:25 2023] GET /myApp/question/recommend/?tags=%5B%22%E6%B1%82%E8%81%8C%22%2C%22%E6%B4%BB%E5%8A%A8%22%2C%22%E6%83%85%E6%84%9F%22%2C%22%E5%A5%BD%E7%89%A9%22%5D => generated 54468 bytes in 15 msecs (HTTP/1.1 500) 6 headers in 207 bytes (1 switches on core 1)
-----in hot----
[pid: 4731|app: 0|req: 296/296] 221.216.116.15 () {42 vars in 928 bytes} [Fri Jun 16 03:51:26 2023] GET /myApp/question/hot/ => generated 5330 bytes in 11 msecs (HTTP/1.1 200) 6 headers in 186 bytes (1 switches on core 0)
----------This is search_question------
searchword:keight
sortBy:LikeNum
[pid: 4731|app: 0|req: 297/297] 221.216.116.15 () {42 vars in 999 bytes} [Fri Jun 16 03:51:39 2023] GET /myApp/question/search/?searchword=keight&sortBy=LikeNum => generated 389 bytes in 4 msecs (HTTP/1.1 200) 6 headers in 185 bytes (1 switches on core 1)
-----in hot----
[pid: 4731|app: 0|req: 298/298] 221.216.116.15 () {42 vars in 928 bytes} [Fri Jun 16 03:51:43 2023] GET /myApp/question/hot/ => generated 5330 bytes in 11 msecs (HTTP/1.1 200) 6 headers in 186 bytes (1 switches on core 0)
Not Found: /
[pid: 4731|app: 0|req: 299/299] 192.241.212.9 () {36 vars in 409 bytes} [Fri Jun 16 04:02:35 2023] GET / => generated 2061 bytes in 2 msecs (HTTP/1.1 404) 6 headers in 186 bytes (1 switches on core 1)
Not Found: /
[pid: 4731|app: 0|req: 300/300] 192.241.238.27 () {36 vars in 410 bytes} [Fri Jun 16 04:02:35 2023] GET / => generated 2061 bytes in 2 msecs (HTTP/1.1 404) 6 headers in 186 bytes (1 switches on core 0)
Not Found: /
[pid: 4731|app: 0|req: 301/301] 94.102.61.70 () {36 vars in 502 bytes} [Fri Jun 16 04:04:59 2023] GET / => generated 2061 bytes in 2 msecs (HTTP/1.1 404) 6 headers in 186 bytes (1 switches on core 1)
-------------------------
Internal Server Error: /myApp/question/recommend/
Traceback (most recent call last):
  File "/root/anaconda3/envs/software/lib/python3.9/site-packages/django/core/handlers/exception.py", line 47, in inner
    response = get_response(request)
  File "/root/anaconda3/envs/software/lib/python3.9/site-packages/django/core/handlers/base.py", line 181, in _get_response
    response = wrapped_callback(request, *callback_args, **callback_kwargs)
  File "/home/ourProject/soft-ware-project/./myApp/views.py", line 293, in recommend_question
    uid = int(request.GET.get('uid'))
TypeError: int() argument must be a string, a bytes-like object or a number, not 'NoneType'
[pid: 4731|app: 0|req: 302/302] 219.239.227.231 () {42 vars in 1121 bytes} [Fri Jun 16 04:10:05 2023] GET /myApp/question/recommend/?tags=%5B%22%E4%BA%8C%E6%89%8B%22%2C%22%E6%83%85%E6%84%9F%22%2C%22%E8%88%AA%E5%AD%A6%22%5D => generated 54262 bytes in 16 msecs (HTTP/1.1 500) 6 headers in 207 bytes (1 switches on core 0)
-----in hot----
[pid: 4731|app: 0|req: 303/303] 219.239.227.231 () {42 vars in 930 bytes} [Fri Jun 16 04:10:07 2023] GET /myApp/question/hot/ => generated 5330 bytes in 11 msecs (HTTP/1.1 200) 6 headers in 186 bytes (1 switches on core 1)
-------------------------
Internal Server Error: /myApp/question/recommend/
Traceback (most recent call last):
  File "/root/anaconda3/envs/software/lib/python3.9/site-packages/django/core/handlers/exception.py", line 47, in inner
    response = get_response(request)
  File "/root/anaconda3/envs/software/lib/python3.9/site-packages/django/core/handlers/base.py", line 181, in _get_response
    response = wrapped_callback(request, *callback_args, **callback_kwargs)
  File "/home/ourProject/soft-ware-project/./myApp/views.py", line 293, in recommend_question
    uid = int(request.GET.get('uid'))
TypeError: int() argument must be a string, a bytes-like object or a number, not 'NoneType'
[pid: 4731|app: 0|req: 304/304] 219.239.227.231 () {42 vars in 1121 bytes} [Fri Jun 16 04:10:08 2023] GET /myApp/question/recommend/?tags=%5B%22%E4%BA%8C%E6%89%8B%22%2C%22%E6%83%85%E6%84%9F%22%2C%22%E8%88%AA%E5%AD%A6%22%5D => generated 54262 bytes in 16 msecs (HTTP/1.1 500) 6 headers in 207 bytes (1 switches on core 0)
-------------------------
Internal Server Error: /myApp/question/recommend/
Traceback (most recent call last):
  File "/root/anaconda3/envs/software/lib/python3.9/site-packages/django/core/handlers/exception.py", line 47, in inner
    response = get_response(request)
  File "/root/anaconda3/envs/software/lib/python3.9/site-packages/django/core/handlers/base.py", line 181, in _get_response
    response = wrapped_callback(request, *callback_args, **callback_kwargs)
  File "/home/ourProject/soft-ware-project/./myApp/views.py", line 293, in recommend_question
    uid = int(request.GET.get('uid'))
TypeError: int() argument must be a string, a bytes-like object or a number, not 'NoneType'
[pid: 4731|app: 0|req: 305/305] 219.239.227.231 () {42 vars in 1121 bytes} [Fri Jun 16 04:10:09 2023] GET /myApp/question/recommend/?tags=%5B%22%E4%BA%8C%E6%89%8B%22%2C%22%E6%83%85%E6%84%9F%22%2C%22%E8%88%AA%E5%AD%A6%22%5D => generated 54262 bytes in 15 msecs (HTTP/1.1 500) 6 headers in 207 bytes (1 switches on core 1)
-------------------------
Internal Server Error: /myApp/question/recommend/
Traceback (most recent call last):
  File "/root/anaconda3/envs/software/lib/python3.9/site-packages/django/core/handlers/exception.py", line 47, in inner
    response = get_response(request)
  File "/root/anaconda3/envs/software/lib/python3.9/site-packages/django/core/handlers/base.py", line 181, in _get_response
    response = wrapped_callback(request, *callback_args, **callback_kwargs)
  File "/home/ourProject/soft-ware-project/./myApp/views.py", line 293, in recommend_question
    uid = int(request.GET.get('uid'))
TypeError: int() argument must be a string, a bytes-like object or a number, not 'NoneType'
[pid: 4731|app: 0|req: 306/306] 219.239.227.231 () {42 vars in 1121 bytes} [Fri Jun 16 04:10:10 2023] GET /myApp/question/recommend/?tags=%5B%22%E4%BA%8C%E6%89%8B%22%2C%22%E6%83%85%E6%84%9F%22%2C%22%E8%88%AA%E5%AD%A6%22%5D => generated 54262 bytes in 17 msecs (HTTP/1.1 500) 6 headers in 207 bytes (1 switches on core 0)
-------------------------
Internal Server Error: /myApp/question/recommend/
Traceback (most recent call last):
  File "/root/anaconda3/envs/software/lib/python3.9/site-packages/django/core/handlers/exception.py", line 47, in inner
    response = get_response(request)
  File "/root/anaconda3/envs/software/lib/python3.9/site-packages/django/core/handlers/base.py", line 181, in _get_response
    response = wrapped_callback(request, *callback_args, **callback_kwargs)
  File "/home/ourProject/soft-ware-project/./myApp/views.py", line 293, in recommend_question
    uid = int(request.GET.get('uid'))
TypeError: int() argument must be a string, a bytes-like object or a number, not 'NoneType'
[pid: 4731|app: 0|req: 307/307] 219.239.227.231 () {42 vars in 1121 bytes} [Fri Jun 16 04:10:12 2023] GET /myApp/question/recommend/?tags=%5B%22%E4%BA%8C%E6%89%8B%22%2C%22%E6%83%85%E6%84%9F%22%2C%22%E8%88%AA%E5%AD%A6%22%5D => generated 54262 bytes in 16 msecs (HTTP/1.1 500) 6 headers in 207 bytes (1 switches on core 1)
[pid: 4731|app: 0|req: 308/308] 219.239.227.231 () {42 vars in 1009 bytes} [Fri Jun 16 04:10:13 2023] GET /myApp/question/sort/?tag=%E6%B1%82%E8%81%8C&sortBy=ClikeNum => generated 3821 bytes in 8 msecs (HTTP/1.1 200) 6 headers in 186 bytes (1 switches on core 0)
-------------------------
Internal Server Error: /myApp/question/recommend/
Traceback (most recent call last):
  File "/root/anaconda3/envs/software/lib/python3.9/site-packages/django/core/handlers/exception.py", line 47, in inner
    response = get_response(request)
  File "/root/anaconda3/envs/software/lib/python3.9/site-packages/django/core/handlers/base.py", line 181, in _get_response
    response = wrapped_callback(request, *callback_args, **callback_kwargs)
  File "/home/ourProject/soft-ware-project/./myApp/views.py", line 293, in recommend_question
    uid = int(request.GET.get('uid'))
TypeError: int() argument must be a string, a bytes-like object or a number, not 'NoneType'
[pid: 4731|app: 0|req: 309/309] 219.239.227.231 () {42 vars in 1121 bytes} [Fri Jun 16 04:10:14 2023] GET /myApp/question/recommend/?tags=%5B%22%E4%BA%8C%E6%89%8B%22%2C%22%E6%83%85%E6%84%9F%22%2C%22%E8%88%AA%E5%AD%A6%22%5D => generated 54262 bytes in 16 msecs (HTTP/1.1 500) 6 headers in 207 bytes (1 switches on core 1)
-------------------------
-------------------------
Internal Server Error: /myApp/question/recommend/
Traceback (most recent call last):
  File "/root/anaconda3/envs/software/lib/python3.9/site-packages/django/core/handlers/exception.py", line 47, in inner
    response = get_response(request)
  File "/root/anaconda3/envs/software/lib/python3.9/site-packages/django/core/handlers/base.py", line 181, in _get_response
    response = wrapped_callback(request, *callback_args, **callback_kwargs)
  File "/home/ourProject/soft-ware-project/./myApp/views.py", line 293, in recommend_question
    uid = int(request.GET.get('uid'))
TypeError: int() argument must be a string, a bytes-like object or a number, not 'NoneType'
[pid: 4731|app: 0|req: 311/310] 221.216.116.15 () {42 vars in 963 bytes} [Fri Jun 16 04:10:30 2023] GET /myApp/question/recommend/?tags=%5B%5D => generated 53658 bytes in 28 msecs (HTTP/1.1 500) 6 headers in 207 bytes (1 switches on core 0)
Internal Server Error: /myApp/question/recommend/
Traceback (most recent call last):
  File "/root/anaconda3/envs/software/lib/python3.9/site-packages/django/core/handlers/exception.py", line 47, in inner
    response = get_response(request)
  File "/root/anaconda3/envs/software/lib/python3.9/site-packages/django/core/handlers/base.py", line 181, in _get_response
    response = wrapped_callback(request, *callback_args, **callback_kwargs)
  File "/home/ourProject/soft-ware-project/./myApp/views.py", line 293, in recommend_question
    uid = int(request.GET.get('uid'))
TypeError: int() argument must be a string, a bytes-like object or a number, not 'NoneType'
[pid: 4731|app: 0|req: 312/311] 221.216.116.15 () {42 vars in 963 bytes} [Fri Jun 16 04:10:30 2023] GET /myApp/question/recommend/?tags=%5B%5D => generated 53658 bytes in 31 msecs (HTTP/1.1 500) 6 headers in 207 bytes (1 switches on core 1)
otjFq5YvlRyDe-PaUKmDm2dFXG6w
['求职', '活动', '情感', '好物']
[]
[21, 11, 8]
[pid: 4731|app: 0|req: 312/312] 221.216.116.15 () {42 vars in 1003 bytes} [Fri Jun 16 04:10:30 2023] GET /myApp/user/profile/?code=0f3wr4100U0X8Q1LfF000QkeGs3wr41U => generated 519 bytes in 261 msecs (HTTP/1.1 200) 6 headers in 185 bytes (1 switches on core 0)
-----in hot----
[pid: 4731|app: 0|req: 313/313] 221.216.116.15 () {42 vars in 928 bytes} [Fri Jun 16 04:10:31 2023] GET /myApp/question/hot/ => generated 5330 bytes in 11 msecs (HTTP/1.1 200) 6 headers in 186 bytes (1 switches on core 1)
-------------------------
Internal Server Error: /myApp/question/recommend/
Traceback (most recent call last):
  File "/root/anaconda3/envs/software/lib/python3.9/site-packages/django/core/handlers/exception.py", line 47, in inner
    response = get_response(request)
  File "/root/anaconda3/envs/software/lib/python3.9/site-packages/django/core/handlers/base.py", line 181, in _get_response
    response = wrapped_callback(request, *callback_args, **callback_kwargs)
  File "/home/ourProject/soft-ware-project/./myApp/views.py", line 293, in recommend_question
    uid = int(request.GET.get('uid'))
TypeError: int() argument must be a string, a bytes-like object or a number, not 'NoneType'
[pid: 4731|app: 0|req: 314/314] 221.216.116.15 () {42 vars in 1173 bytes} [Fri Jun 16 04:10:32 2023] GET /myApp/question/recommend/?tags=%5B%22%E6%B1%82%E8%81%8C%22%2C%22%E6%B4%BB%E5%8A%A8%22%2C%22%E6%83%85%E6%84%9F%22%2C%22%E5%A5%BD%E7%89%A9%22%5D => generated 54468 bytes in 15 msecs (HTTP/1.1 500) 6 headers in 207 bytes (1 switches on core 0)
[pid: 4731|app: 0|req: 315/315] 221.216.116.15 () {42 vars in 1007 bytes} [Fri Jun 16 04:10:33 2023] GET /myApp/question/sort/?tag=%E6%B1%82%E8%81%8C&sortBy=ClikeNum => generated 3821 bytes in 8 msecs (HTTP/1.1 200) 6 headers in 186 bytes (1 switches on core 1)
-------------------------
Internal Server Error: /myApp/question/recommend/
Traceback (most recent call last):
  File "/root/anaconda3/envs/software/lib/python3.9/site-packages/django/core/handlers/exception.py", line 47, in inner
    response = get_response(request)
  File "/root/anaconda3/envs/software/lib/python3.9/site-packages/django/core/handlers/base.py", line 181, in _get_response
    response = wrapped_callback(request, *callback_args, **callback_kwargs)
  File "/home/ourProject/soft-ware-project/./myApp/views.py", line 293, in recommend_question
    uid = int(request.GET.get('uid'))
TypeError: int() argument must be a string, a bytes-like object or a number, not 'NoneType'
[pid: 4731|app: 0|req: 316/316] 221.216.116.15 () {42 vars in 1173 bytes} [Fri Jun 16 04:10:34 2023] GET /myApp/question/recommend/?tags=%5B%22%E6%B1%82%E8%81%8C%22%2C%22%E6%B4%BB%E5%8A%A8%22%2C%22%E6%83%85%E6%84%9F%22%2C%22%E5%A5%BD%E7%89%A9%22%5D => generated 54468 bytes in 15 msecs (HTTP/1.1 500) 6 headers in 207 bytes (1 switches on core 0)
[pid: 4731|app: 0|req: 317/317] 221.216.116.15 () {42 vars in 1007 bytes} [Fri Jun 16 04:10:36 2023] GET /myApp/question/sort/?tag=%E6%B1%82%E8%81%8C&sortBy=ClikeNum => generated 3821 bytes in 8 msecs (HTTP/1.1 200) 6 headers in 186 bytes (1 switches on core 1)
-------------------------
Internal Server Error: /myApp/question/recommend/
Traceback (most recent call last):
  File "/root/anaconda3/envs/software/lib/python3.9/site-packages/django/core/handlers/exception.py", line 47, in inner
    response = get_response(request)
  File "/root/anaconda3/envs/software/lib/python3.9/site-packages/django/core/handlers/base.py", line 181, in _get_response
    response = wrapped_callback(request, *callback_args, **callback_kwargs)
  File "/home/ourProject/soft-ware-project/./myApp/views.py", line 293, in recommend_question
    uid = int(request.GET.get('uid'))
TypeError: int() argument must be a string, a bytes-like object or a number, not 'NoneType'
[pid: 4731|app: 0|req: 318/318] 221.216.116.15 () {42 vars in 1173 bytes} [Fri Jun 16 04:10:37 2023] GET /myApp/question/recommend/?tags=%5B%22%E6%B1%82%E8%81%8C%22%2C%22%E6%B4%BB%E5%8A%A8%22%2C%22%E6%83%85%E6%84%9F%22%2C%22%E5%A5%BD%E7%89%A9%22%5D => generated 54468 bytes in 15 msecs (HTTP/1.1 500) 6 headers in 207 bytes (1 switches on core 0)
-----in hot----
[pid: 4731|app: 0|req: 319/319] 221.216.116.15 () {42 vars in 928 bytes} [Fri Jun 16 04:10:38 2023] GET /myApp/question/hot/ => generated 5330 bytes in 11 msecs (HTTP/1.1 200) 6 headers in 186 bytes (1 switches on core 1)
-------------------------
Internal Server Error: /myApp/question/recommend/
Traceback (most recent call last):
  File "/root/anaconda3/envs/software/lib/python3.9/site-packages/django/core/handlers/exception.py", line 47, in inner
    response = get_response(request)
  File "/root/anaconda3/envs/software/lib/python3.9/site-packages/django/core/handlers/base.py", line 181, in _get_response
    response = wrapped_callback(request, *callback_args, **callback_kwargs)
  File "/home/ourProject/soft-ware-project/./myApp/views.py", line 293, in recommend_question
    uid = int(request.GET.get('uid'))
TypeError: int() argument must be a string, a bytes-like object or a number, not 'NoneType'
[pid: 4731|app: 0|req: 320/320] 221.216.116.15 () {42 vars in 1173 bytes} [Fri Jun 16 04:10:38 2023] GET /myApp/question/recommend/?tags=%5B%22%E6%B1%82%E8%81%8C%22%2C%22%E6%B4%BB%E5%8A%A8%22%2C%22%E6%83%85%E6%84%9F%22%2C%22%E5%A5%BD%E7%89%A9%22%5D => generated 54468 bytes in 16 msecs (HTTP/1.1 500) 6 headers in 207 bytes (1 switches on core 0)
[pid: 4731|app: 0|req: 321/321] 221.216.116.15 () {42 vars in 1007 bytes} [Fri Jun 16 04:10:39 2023] GET /myApp/question/sort/?tag=%E6%B1%82%E8%81%8C&sortBy=ClikeNum => generated 3821 bytes in 8 msecs (HTTP/1.1 200) 6 headers in 186 bytes (1 switches on core 1)
-------------------------
Internal Server Error: /myApp/question/recommend/
Traceback (most recent call last):
  File "/root/anaconda3/envs/software/lib/python3.9/site-packages/django/core/handlers/exception.py", line 47, in inner
    response = get_response(request)
  File "/root/anaconda3/envs/software/lib/python3.9/site-packages/django/core/handlers/base.py", line 181, in _get_response
    response = wrapped_callback(request, *callback_args, **callback_kwargs)
  File "/home/ourProject/soft-ware-project/./myApp/views.py", line 293, in recommend_question
    uid = int(request.GET.get('uid'))
TypeError: int() argument must be a string, a bytes-like object or a number, not 'NoneType'
[pid: 4731|app: 0|req: 322/322] 221.216.116.15 () {42 vars in 1173 bytes} [Fri Jun 16 04:10:40 2023] GET /myApp/question/recommend/?tags=%5B%22%E6%B1%82%E8%81%8C%22%2C%22%E6%B4%BB%E5%8A%A8%22%2C%22%E6%83%85%E6%84%9F%22%2C%22%E5%A5%BD%E7%89%A9%22%5D => generated 54468 bytes in 16 msecs (HTTP/1.1 500) 6 headers in 207 bytes (1 switches on core 0)
-------------------------
Internal Server Error: /myApp/question/recommend/
Traceback (most recent call last):
  File "/root/anaconda3/envs/software/lib/python3.9/site-packages/django/core/handlers/exception.py", line 47, in inner
    response = get_response(request)
  File "/root/anaconda3/envs/software/lib/python3.9/site-packages/django/core/handlers/base.py", line 181, in _get_response
    response = wrapped_callback(request, *callback_args, **callback_kwargs)
  File "/home/ourProject/soft-ware-project/./myApp/views.py", line 293, in recommend_question
    uid = int(request.GET.get('uid'))
TypeError: int() argument must be a string, a bytes-like object or a number, not 'NoneType'
[pid: 4731|app: 0|req: 323/323] 221.216.116.15 () {42 vars in 1173 bytes} [Fri Jun 16 04:10:47 2023] GET /myApp/question/recommend/?tags=%5B%22%E6%B1%82%E8%81%8C%22%2C%22%E6%B4%BB%E5%8A%A8%22%2C%22%E6%83%85%E6%84%9F%22%2C%22%E5%A5%BD%E7%89%A9%22%5D => generated 54468 bytes in 15 msecs (HTTP/1.1 500) 6 headers in 207 bytes (1 switches on core 1)
-------------------------
Internal Server Error: /myApp/question/recommend/
Traceback (most recent call last):
  File "/root/anaconda3/envs/software/lib/python3.9/site-packages/django/core/handlers/exception.py", line 47, in inner
    response = get_response(request)
  File "/root/anaconda3/envs/software/lib/python3.9/site-packages/django/core/handlers/base.py", line 181, in _get_response
    response = wrapped_callback(request, *callback_args, **callback_kwargs)
  File "/home/ourProject/soft-ware-project/./myApp/views.py", line 293, in recommend_question
    uid = int(request.GET.get('uid'))
TypeError: int() argument must be a string, a bytes-like object or a number, not 'NoneType'
[pid: 4731|app: 0|req: 325/324] 219.239.227.231 () {42 vars in 965 bytes} [Fri Jun 16 06:01:32 2023] GET /myApp/question/recommend/?tags=%5B%5D => generated 53660 bytes in 17 msecs (HTTP/1.1 500) 6 headers in 207 bytes (1 switches on core 0)
-------------------------
Internal Server Error: /myApp/question/recommend/
Traceback (most recent call last):
  File "/root/anaconda3/envs/software/lib/python3.9/site-packages/django/core/handlers/exception.py", line 47, in inner
    response = get_response(request)
  File "/root/anaconda3/envs/software/lib/python3.9/site-packages/django/core/handlers/base.py", line 181, in _get_response
    response = wrapped_callback(request, *callback_args, **callback_kwargs)
  File "/home/ourProject/soft-ware-project/./myApp/views.py", line 293, in recommend_question
    uid = int(request.GET.get('uid'))
TypeError: int() argument must be a string, a bytes-like object or a number, not 'NoneType'
[pid: 4731|app: 0|req: 326/325] 219.239.227.231 () {42 vars in 965 bytes} [Fri Jun 16 06:01:32 2023] GET /myApp/question/recommend/?tags=%5B%5D => generated 53660 bytes in 15 msecs (HTTP/1.1 500) 6 headers in 207 bytes (1 switches on core 0)
otjFq5Y9GFfbIiTp-tgFnOXLgznw
['二手', '情感', '航学']
[27]
[8, 133, 78]
[pid: 4731|app: 0|req: 326/326] 219.239.227.231 () {42 vars in 1005 bytes} [Fri Jun 16 06:01:32 2023] GET /myApp/user/profile/?code=0f1b7D000Lzp9Q1eRy000yuEjX3b7D0l => generated 503 bytes in 300 msecs (HTTP/1.1 200) 6 headers in 185 bytes (1 switches on core 1)
-----in hot----
[pid: 4731|app: 0|req: 327/327] 219.239.227.231 () {42 vars in 930 bytes} [Fri Jun 16 06:01:35 2023] GET /myApp/question/hot/ => generated 5330 bytes in 11 msecs (HTTP/1.1 200) 6 headers in 186 bytes (1 switches on core 0)
-------------------------
Internal Server Error: /myApp/question/recommend/
Traceback (most recent call last):
  File "/root/anaconda3/envs/software/lib/python3.9/site-packages/django/core/handlers/exception.py", line 47, in inner
    response = get_response(request)
  File "/root/anaconda3/envs/software/lib/python3.9/site-packages/django/core/handlers/base.py", line 181, in _get_response
    response = wrapped_callback(request, *callback_args, **callback_kwargs)
  File "/home/ourProject/soft-ware-project/./myApp/views.py", line 293, in recommend_question
    uid = int(request.GET.get('uid'))
TypeError: int() argument must be a string, a bytes-like object or a number, not 'NoneType'
[pid: 4731|app: 0|req: 328/328] 219.239.227.231 () {42 vars in 1121 bytes} [Fri Jun 16 06:01:35 2023] GET /myApp/question/recommend/?tags=%5B%22%E4%BA%8C%E6%89%8B%22%2C%22%E6%83%85%E6%84%9F%22%2C%22%E8%88%AA%E5%AD%A6%22%5D => generated 54262 bytes in 16 msecs (HTTP/1.1 500) 6 headers in 207 bytes (1 switches on core 1)
[pid: 4731|app: 0|req: 329/329] 219.239.227.231 () {42 vars in 1009 bytes} [Fri Jun 16 06:01:36 2023] GET /myApp/question/sort/?tag=%E6%B1%82%E8%81%8C&sortBy=ClikeNum => generated 3821 bytes in 8 msecs (HTTP/1.1 200) 6 headers in 186 bytes (1 switches on core 0)
-------------------------
Internal Server Error: /myApp/question/recommend/
Traceback (most recent call last):
  File "/root/anaconda3/envs/software/lib/python3.9/site-packages/django/core/handlers/exception.py", line 47, in inner
    response = get_response(request)
  File "/root/anaconda3/envs/software/lib/python3.9/site-packages/django/core/handlers/base.py", line 181, in _get_response
    response = wrapped_callback(request, *callback_args, **callback_kwargs)
  File "/home/ourProject/soft-ware-project/./myApp/views.py", line 293, in recommend_question
    uid = int(request.GET.get('uid'))
TypeError: int() argument must be a string, a bytes-like object or a number, not 'NoneType'
[pid: 4731|app: 0|req: 330/330] 219.239.227.231 () {42 vars in 1121 bytes} [Fri Jun 16 06:01:37 2023] GET /myApp/question/recommend/?tags=%5B%22%E4%BA%8C%E6%89%8B%22%2C%22%E6%83%85%E6%84%9F%22%2C%22%E8%88%AA%E5%AD%A6%22%5D => generated 54262 bytes in 16 msecs (HTTP/1.1 500) 6 headers in 207 bytes (1 switches on core 1)
-------------------------
Internal Server Error: /myApp/question/recommend/
Traceback (most recent call last):
  File "/root/anaconda3/envs/software/lib/python3.9/site-packages/django/core/handlers/exception.py", line 47, in inner
    response = get_response(request)
  File "/root/anaconda3/envs/software/lib/python3.9/site-packages/django/core/handlers/base.py", line 181, in _get_response
    response = wrapped_callback(request, *callback_args, **callback_kwargs)
  File "/home/ourProject/soft-ware-project/./myApp/views.py", line 293, in recommend_question
    uid = int(request.GET.get('uid'))
TypeError: int() argument must be a string, a bytes-like object or a number, not 'NoneType'
[pid: 4731|app: 0|req: 332/331] 219.239.227.210 () {42 vars in 966 bytes} [Fri Jun 16 06:07:00 2023] GET /myApp/question/recommend/?tags=%5B%5D => generated 53661 bytes in 18 msecs (HTTP/1.1 500) 6 headers in 207 bytes (1 switches on core 0)
-------------------------
Internal Server Error: /myApp/question/recommend/
Traceback (most recent call last):
  File "/root/anaconda3/envs/software/lib/python3.9/site-packages/django/core/handlers/exception.py", line 47, in inner
    response = get_response(request)
  File "/root/anaconda3/envs/software/lib/python3.9/site-packages/django/core/handlers/base.py", line 181, in _get_response
    response = wrapped_callback(request, *callback_args, **callback_kwargs)
  File "/home/ourProject/soft-ware-project/./myApp/views.py", line 293, in recommend_question
    uid = int(request.GET.get('uid'))
TypeError: int() argument must be a string, a bytes-like object or a number, not 'NoneType'
[pid: 4731|app: 0|req: 333/332] 219.239.227.210 () {42 vars in 966 bytes} [Fri Jun 16 06:07:00 2023] GET /myApp/question/recommend/?tags=%5B%5D => generated 53661 bytes in 15 msecs (HTTP/1.1 500) 6 headers in 207 bytes (1 switches on core 0)
otjFq5YvlRyDe-PaUKmDm2dFXG6w
['求职', '活动', '情感', '好物']
[]
[21, 11, 8]
[pid: 4731|app: 0|req: 333/333] 219.239.227.210 () {42 vars in 1006 bytes} [Fri Jun 16 06:07:00 2023] GET /myApp/user/profile/?code=0d3Oom000TfG9Q13vi400JaDPq4Oom0i => generated 519 bytes in 378 msecs (HTTP/1.1 200) 6 headers in 185 bytes (1 switches on core 1)
-----in hot----
[pid: 4731|app: 0|req: 334/334] 219.239.227.210 () {42 vars in 931 bytes} [Fri Jun 16 06:07:02 2023] GET /myApp/question/hot/ => generated 5330 bytes in 11 msecs (HTTP/1.1 200) 6 headers in 186 bytes (1 switches on core 0)
-------------------------
Internal Server Error: /myApp/question/recommend/
Traceback (most recent call last):
  File "/root/anaconda3/envs/software/lib/python3.9/site-packages/django/core/handlers/exception.py", line 47, in inner
    response = get_response(request)
  File "/root/anaconda3/envs/software/lib/python3.9/site-packages/django/core/handlers/base.py", line 181, in _get_response
    response = wrapped_callback(request, *callback_args, **callback_kwargs)
  File "/home/ourProject/soft-ware-project/./myApp/views.py", line 293, in recommend_question
    uid = int(request.GET.get('uid'))
TypeError: int() argument must be a string, a bytes-like object or a number, not 'NoneType'
[pid: 4731|app: 0|req: 335/335] 219.239.227.210 () {42 vars in 1176 bytes} [Fri Jun 16 06:07:03 2023] GET /myApp/question/recommend/?tags=%5B%22%E6%B1%82%E8%81%8C%22%2C%22%E6%B4%BB%E5%8A%A8%22%2C%22%E6%83%85%E6%84%9F%22%2C%22%E5%A5%BD%E7%89%A9%22%5D => generated 54471 bytes in 16 msecs (HTTP/1.1 500) 6 headers in 207 bytes (1 switches on core 1)
[pid: 4731|app: 0|req: 336/336] 219.239.227.210 () {42 vars in 1010 bytes} [Fri Jun 16 06:07:04 2023] GET /myApp/question/sort/?tag=%E6%B1%82%E8%81%8C&sortBy=ClikeNum => generated 3821 bytes in 8 msecs (HTTP/1.1 200) 6 headers in 186 bytes (1 switches on core 0)
-------------------------
Internal Server Error: /myApp/question/recommend/
Traceback (most recent call last):
  File "/root/anaconda3/envs/software/lib/python3.9/site-packages/django/core/handlers/exception.py", line 47, in inner
    response = get_response(request)
  File "/root/anaconda3/envs/software/lib/python3.9/site-packages/django/core/handlers/base.py", line 181, in _get_response
    response = wrapped_callback(request, *callback_args, **callback_kwargs)
  File "/home/ourProject/soft-ware-project/./myApp/views.py", line 293, in recommend_question
    uid = int(request.GET.get('uid'))
TypeError: int() argument must be a string, a bytes-like object or a number, not 'NoneType'
[pid: 4731|app: 0|req: 337/337] 219.239.227.210 () {42 vars in 1176 bytes} [Fri Jun 16 06:07:04 2023] GET /myApp/question/recommend/?tags=%5B%22%E6%B1%82%E8%81%8C%22%2C%22%E6%B4%BB%E5%8A%A8%22%2C%22%E6%83%85%E6%84%9F%22%2C%22%E5%A5%BD%E7%89%A9%22%5D => generated 54471 bytes in 16 msecs (HTTP/1.1 500) 6 headers in 207 bytes (1 switches on core 1)
-------------------------
0
Internal Server Error: /myApp/question/recommend/
Traceback (most recent call last):
  File "/root/anaconda3/envs/software/lib/python3.9/site-packages/django/core/handlers/exception.py", line 47, in inner
    response = get_response(request)
  File "/root/anaconda3/envs/software/lib/python3.9/site-packages/django/core/handlers/base.py", line 181, in _get_response
    response = wrapped_callback(request, *callback_args, **callback_kwargs)
  File "/home/ourProject/soft-ware-project/./myApp/views.py", line 295, in recommend_question
    user = User.objects.get(UID=uid)
  File "/root/anaconda3/envs/software/lib/python3.9/site-packages/django/db/models/manager.py", line 85, in manager_method
    return getattr(self.get_queryset(), name)(*args, **kwargs)
  File "/root/anaconda3/envs/software/lib/python3.9/site-packages/django/db/models/query.py", line 435, in get
    raise self.model.DoesNotExist(
myApp.models.User.DoesNotExist: User matching query does not exist.
[pid: 4731|app: 0|req: 338/338] 219.239.227.203 () {48 vars in 926 bytes} [Fri Jun 16 06:13:34 2023] GET /myApp/question/recommend/?uid=0 => generated 63035 bytes in 21 msecs (HTTP/1.1 500) 6 headers in 207 bytes (1 switches on core 0)
-------------------------
0
Internal Server Error: /myApp/question/recommend/
Traceback (most recent call last):
  File "/root/anaconda3/envs/software/lib/python3.9/site-packages/django/core/handlers/exception.py", line 47, in inner
    response = get_response(request)
  File "/root/anaconda3/envs/software/lib/python3.9/site-packages/django/core/handlers/base.py", line 181, in _get_response
    response = wrapped_callback(request, *callback_args, **callback_kwargs)
  File "/home/ourProject/soft-ware-project/./myApp/views.py", line 295, in recommend_question
    user = User.objects.get(UID=uid)
  File "/root/anaconda3/envs/software/lib/python3.9/site-packages/django/db/models/manager.py", line 85, in manager_method
    return getattr(self.get_queryset(), name)(*args, **kwargs)
  File "/root/anaconda3/envs/software/lib/python3.9/site-packages/django/db/models/query.py", line 435, in get
    raise self.model.DoesNotExist(
myApp.models.User.DoesNotExist: User matching query does not exist.
[pid: 4731|app: 0|req: 339/339] 219.239.227.203 () {48 vars in 926 bytes} [Fri Jun 16 06:13:34 2023] GET /myApp/question/recommend/?uid=0 => generated 63035 bytes in 19 msecs (HTTP/1.1 500) 6 headers in 207 bytes (1 switches on core 1)
otjFq5YvlRyDe-PaUKmDm2dFXG6w
['求职', '活动', '情感', '好物']
[]
[21, 11, 8]
[pid: 4731|app: 0|req: 340/340] 219.239.227.203 () {48 vars in 978 bytes} [Fri Jun 16 06:13:34 2023] GET /myApp/user/profile/?code=0b3dE10w3JzgP03G5i3w3INBFn2dE10C => generated 519 bytes in 342 msecs (HTTP/1.1 200) 6 headers in 185 bytes (1 switches on core 0)
Not Found: /
[pid: 4731|app: 0|req: 341/341] 103.219.154.186 () {42 vars in 736 bytes} [Fri Jun 16 06:14:52 2023] GET / => generated 2061 bytes in 2 msecs (HTTP/1.1 404) 6 headers in 181 bytes (1 switches on core 1)
Not Found: /
[pid: 4731|app: 0|req: 342/342] 103.219.154.186 () {48 vars in 927 bytes} [Fri Jun 16 06:14:57 2023] POST / => generated 2062 bytes in 2 msecs (HTTP/1.1 404) 6 headers in 181 bytes (1 switches on core 0)
Not Found: /
[pid: 4731|app: 0|req: 343/343] 103.219.154.186 () {48 vars in 939 bytes} [Fri Jun 16 06:14:59 2023] POST / => generated 2062 bytes in 2 msecs (HTTP/1.1 404) 6 headers in 181 bytes (1 switches on core 1)
Not Found: /WuEL
[pid: 4731|app: 0|req: 344/344] 103.219.154.186 () {36 vars in 497 bytes} [Fri Jun 16 06:15:01 2023] GET /WuEL => generated 2091 bytes in 2 msecs (HTTP/1.1 404) 6 headers in 186 bytes (1 switches on core 0)
Not Found: /a
[pid: 4731|app: 0|req: 345/345] 103.219.154.186 () {42 vars in 738 bytes} [Fri Jun 16 06:15:09 2023] GET /a => generated 2082 bytes in 2 msecs (HTTP/1.1 404) 6 headers in 181 bytes (1 switches on core 1)
Not Found: /download/file.ext
[pid: 4731|app: 0|req: 346/346] 103.219.154.186 () {42 vars in 770 bytes} [Fri Jun 16 06:15:12 2023] GET /download/file.ext => generated 2130 bytes in 2 msecs (HTTP/1.1 404) 6 headers in 181 bytes (1 switches on core 0)
Not Found: /SiteLoader
[pid: 4731|app: 0|req: 347/347] 103.219.154.186 () {42 vars in 756 bytes} [Fri Jun 16 06:15:13 2023] GET /SiteLoader => generated 2109 bytes in 2 msecs (HTTP/1.1 404) 6 headers in 181 bytes (1 switches on core 1)
Not Found: /mPlayer
[pid: 4731|app: 0|req: 348/348] 103.219.154.186 () {42 vars in 750 bytes} [Fri Jun 16 06:15:15 2023] GET /mPlayer => generated 2100 bytes in 2 msecs (HTTP/1.1 404) 6 headers in 181 bytes (1 switches on core 0)
Not Found: /HWi69nR2Ju_iduN3g_cVUQLEOCO3d031o2UIqyYZwAsrVo8gXo9MAQE08r0R1xysXgOB0oD18-94A1Ah0z60/
[pid: 4731|app: 0|req: 349/349] 103.219.154.186 () {38 vars in 656 bytes} [Fri Jun 16 06:15:19 2023] GET /HWi69nR2Ju_iduN3g_cVUQLEOCO3d031o2UIqyYZwAsrVo8gXo9MAQE08r0R1xysXgOB0oD18-94A1Ah0z60/ => generated 2338 bytes in 2 msecs (HTTP/1.1 404) 6 headers in 186 bytes (1 switches on core 1)
Not Found: /login
[pid: 4731|app: 0|req: 350/350] 103.219.154.186 () {42 vars in 746 bytes} [Fri Jun 16 06:15:23 2023] GET /login => generated 2094 bytes in 2 msecs (HTTP/1.1 404) 6 headers in 181 bytes (1 switches on core 0)
Not Found: /download/popy
[pid: 4731|app: 0|req: 351/351] 103.219.154.186 () {42 vars in 762 bytes} [Fri Jun 16 06:15:26 2023] GET /download/popy => generated 2118 bytes in 2 msecs (HTTP/1.1 404) 6 headers in 181 bytes (1 switches on core 1)
Not Found: /myApp
[pid: 4731|app: 0|req: 352/352] 219.239.227.203 () {58 vars in 1157 bytes} [Fri Jun 16 06:16:30 2023] GET /myApp => generated 2093 bytes in 3 msecs (HTTP/1.1 404) 6 headers in 186 bytes (1 switches on core 0)
Not Found: /favicon.ico
[pid: 4731|app: 0|req: 353/353] 219.239.227.203 () {56 vars in 1085 bytes} [Fri Jun 16 06:16:31 2023] GET /favicon.ico => generated 2111 bytes in 2 msecs (HTTP/1.1 404) 6 headers in 186 bytes (1 switches on core 1)
[pid: 4731|app: 0|req: 354/354] 219.239.227.203 () {62 vars in 1220 bytes} [Fri Jun 16 06:16:38 2023] GET /admin => generated 0 bytes in 0 msecs (HTTP/1.1 301) 7 headers in 225 bytes (1 switches on core 0)
[pid: 4731|app: 0|req: 355/355] 219.239.227.203 () {62 vars in 1222 bytes} [Fri Jun 16 06:16:38 2023] GET /admin/ => generated 20780 bytes in 48 msecs (HTTP/1.1 200) 9 headers in 460 bytes (1 switches on core 1)
[pid: 4731|app: 0|req: 356/356] 219.239.227.203 () {60 vars in 1232 bytes} [Fri Jun 16 06:16:48 2023] GET /admin/myApp/user/ => generated 43943 bytes in 64 msecs (HTTP/1.1 200) 9 headers in 483 bytes (1 switches on core 0)
[pid: 4731|app: 0|req: 357/357] 219.239.227.203 () {56 vars in 1042 bytes} [Fri Jun 16 06:16:49 2023] GET /admin/jsi18n/ => generated 8398 bytes in 5 msecs (HTTP/1.1 200) 6 headers in 210 bytes (1 switches on core 1)
[pid: 4731|app: 0|req: 358/358] 219.239.227.203 () {60 vars in 1240 bytes} [Fri Jun 16 06:16:52 2023] GET /admin/myApp/question/ => generated 146645 bytes in 155 msecs (HTTP/1.1 200) 9 headers in 484 bytes (1 switches on core 0)
[pid: 4731|app: 0|req: 359/359] 219.239.227.203 () {56 vars in 1046 bytes} [Fri Jun 16 06:16:52 2023] GET /admin/jsi18n/ => generated 8398 bytes in 5 msecs (HTTP/1.1 200) 6 headers in 210 bytes (1 switches on core 1)
Not Found: /
[pid: 4731|app: 0|req: 360/360] 185.233.19.7 () {32 vars in 344 bytes} [Fri Jun 16 06:16:56 2023] GET / => generated 2065 bytes in 3 msecs (HTTP/1.1 404) 6 headers in 186 bytes (1 switches on core 0)
-------------------------
-------------------------
Internal Server Error: /myApp/question/recommend/
Traceback (most recent call last):
  File "/root/anaconda3/envs/software/lib/python3.9/site-packages/django/core/handlers/exception.py", line 47, in inner
    response = get_response(request)
  File "/root/anaconda3/envs/software/lib/python3.9/site-packages/django/core/handlers/base.py", line 181, in _get_response
    response = wrapped_callback(request, *callback_args, **callback_kwargs)
  File "/home/ourProject/soft-ware-project/./myApp/views.py", line 293, in recommend_question
    uid = int(request.GET.get('uid'))
TypeError: int() argument must be a string, a bytes-like object or a number, not 'NoneType'
[pid: 4731|app: 0|req: 362/361] 219.239.227.210 () {42 vars in 966 bytes} [Fri Jun 16 06:16:59 2023] GET /myApp/question/recommend/?tags=%5B%5D => generated 54297 bytes in 32 msecs (HTTP/1.1 500) 6 headers in 207 bytes (1 switches on core 0)
Internal Server Error: /myApp/question/recommend/
Traceback (most recent call last):
  File "/root/anaconda3/envs/software/lib/python3.9/site-packages/django/core/handlers/exception.py", line 47, in inner
    response = get_response(request)
  File "/root/anaconda3/envs/software/lib/python3.9/site-packages/django/core/handlers/base.py", line 181, in _get_response
    response = wrapped_callback(request, *callback_args, **callback_kwargs)
  File "/home/ourProject/soft-ware-project/./myApp/views.py", line 293, in recommend_question
    uid = int(request.GET.get('uid'))
TypeError: int() argument must be a string, a bytes-like object or a number, not 'NoneType'
[pid: 4731|app: 0|req: 362/362] 219.239.227.210 () {42 vars in 966 bytes} [Fri Jun 16 06:16:59 2023] GET /myApp/question/recommend/?tags=%5B%5D => generated 54297 bytes in 32 msecs (HTTP/1.1 500) 6 headers in 207 bytes (1 switches on core 1)
otjFq5YvlRyDe-PaUKmDm2dFXG6w
['求职', '活动', '情感', '好物']
[]
[21, 11, 8]
[pid: 4731|app: 0|req: 363/363] 219.239.227.210 () {42 vars in 1006 bytes} [Fri Jun 16 06:16:59 2023] GET /myApp/user/profile/?code=0b3Ict100t9MaQ1lb0000LoAd61Ict1y => generated 519 bytes in 251 msecs (HTTP/1.1 200) 6 headers in 185 bytes (1 switches on core 0)
-------------------------
Internal Server Error: /myApp/question/recommend/
Traceback (most recent call last):
  File "/root/anaconda3/envs/software/lib/python3.9/site-packages/django/core/handlers/exception.py", line 47, in inner
    response = get_response(request)
  File "/root/anaconda3/envs/software/lib/python3.9/site-packages/django/core/handlers/base.py", line 181, in _get_response
    response = wrapped_callback(request, *callback_args, **callback_kwargs)
  File "/home/ourProject/soft-ware-project/./myApp/views.py", line 293, in recommend_question
    uid = int(request.GET.get('uid'))
TypeError: int() argument must be a string, a bytes-like object or a number, not 'NoneType'
[pid: 4731|app: 0|req: 364/364] 219.239.227.210 () {42 vars in 1176 bytes} [Fri Jun 16 06:17:02 2023] GET /myApp/question/recommend/?tags=%5B%22%E6%B1%82%E8%81%8C%22%2C%22%E6%B4%BB%E5%8A%A8%22%2C%22%E6%83%85%E6%84%9F%22%2C%22%E5%A5%BD%E7%89%A9%22%5D => generated 55107 bytes in 16 msecs (HTTP/1.1 500) 6 headers in 207 bytes (1 switches on core 1)
-----in hot----
[pid: 4731|app: 0|req: 365/365] 219.239.227.210 () {42 vars in 931 bytes} [Fri Jun 16 06:17:03 2023] GET /myApp/question/hot/ => generated 5330 bytes in 11 msecs (HTTP/1.1 200) 6 headers in 186 bytes (1 switches on core 0)
-------------------------
Internal Server Error: /myApp/question/recommend/
Traceback (most recent call last):
  File "/root/anaconda3/envs/software/lib/python3.9/site-packages/django/core/handlers/exception.py", line 47, in inner
    response = get_response(request)
  File "/root/anaconda3/envs/software/lib/python3.9/site-packages/django/core/handlers/base.py", line 181, in _get_response
    response = wrapped_callback(request, *callback_args, **callback_kwargs)
  File "/home/ourProject/soft-ware-project/./myApp/views.py", line 293, in recommend_question
    uid = int(request.GET.get('uid'))
TypeError: int() argument must be a string, a bytes-like object or a number, not 'NoneType'
[pid: 4731|app: 0|req: 366/366] 219.239.227.210 () {42 vars in 1176 bytes} [Fri Jun 16 06:17:04 2023] GET /myApp/question/recommend/?tags=%5B%22%E6%B1%82%E8%81%8C%22%2C%22%E6%B4%BB%E5%8A%A8%22%2C%22%E6%83%85%E6%84%9F%22%2C%22%E5%A5%BD%E7%89%A9%22%5D => generated 55107 bytes in 16 msecs (HTTP/1.1 500) 6 headers in 207 bytes (1 switches on core 1)
-------------------------
-------------------------
Internal Server Error: /myApp/question/recommend/
Traceback (most recent call last):
  File "/root/anaconda3/envs/software/lib/python3.9/site-packages/django/core/handlers/exception.py", line 47, in inner
    response = get_response(request)
  File "/root/anaconda3/envs/software/lib/python3.9/site-packages/django/core/handlers/base.py", line 181, in _get_response
    response = wrapped_callback(request, *callback_args, **callback_kwargs)
  File "/home/ourProject/soft-ware-project/./myApp/views.py", line 293, in recommend_question
    uid = int(request.GET.get('uid'))
TypeError: int() argument must be a string, a bytes-like object or a number, not 'NoneType'
Internal Server Error: /myApp/question/recommend/
Traceback (most recent call last):
  File "/root/anaconda3/envs/software/lib/python3.9/site-packages/django/core/handlers/exception.py", line 47, in inner
    response = get_response(request)
  File "/root/anaconda3/envs/software/lib/python3.9/site-packages/django/core/handlers/base.py", line 181, in _get_response
    response = wrapped_callback(request, *callback_args, **callback_kwargs)
  File "/home/ourProject/soft-ware-project/./myApp/views.py", line 293, in recommend_question
    uid = int(request.GET.get('uid'))
TypeError: int() argument must be a string, a bytes-like object or a number, not 'NoneType'
[pid: 4731|app: 0|req: 368/367] 219.239.227.107 () {42 vars in 968 bytes} [Fri Jun 16 06:28:25 2023] GET /myApp/question/recommend/?tags=%5B%5D => generated 54299 bytes in 33 msecs (HTTP/1.1 500) 6 headers in 207 bytes (1 switches on core 1)
[pid: 4731|app: 0|req: 368/368] 219.239.227.107 () {42 vars in 968 bytes} [Fri Jun 16 06:28:25 2023] GET /myApp/question/recommend/?tags=%5B%5D => generated 54299 bytes in 33 msecs (HTTP/1.1 500) 6 headers in 207 bytes (1 switches on core 0)
otjFq5WU3S5Fx7mHdini-yjwDQ38
['情感', 'TD', '航学', '好物']
[]
[84, 129, 124, 8]
[pid: 4731|app: 0|req: 369/369] 219.239.227.107 () {42 vars in 1008 bytes} [Fri Jun 16 06:28:25 2023] GET /myApp/user/profile/?code=0c1xTX1w3yIbP03IGo1w3Wl0Y24xTX1A => generated 538 bytes in 201 msecs (HTTP/1.1 200) 6 headers in 185 bytes (1 switches on core 1)
-------------------------
Internal Server Error: /myApp/question/recommend/
Traceback (most recent call last):
  File "/root/anaconda3/envs/software/lib/python3.9/site-packages/django/core/handlers/exception.py", line 47, in inner
    response = get_response(request)
  File "/root/anaconda3/envs/software/lib/python3.9/site-packages/django/core/handlers/base.py", line 181, in _get_response
    response = wrapped_callback(request, *callback_args, **callback_kwargs)
  File "/home/ourProject/soft-ware-project/./myApp/views.py", line 293, in recommend_question
    uid = int(request.GET.get('uid'))
TypeError: int() argument must be a string, a bytes-like object or a number, not 'NoneType'
[pid: 4731|app: 0|req: 370/370] 219.239.227.107 () {42 vars in 1146 bytes} [Fri Jun 16 06:28:27 2023] GET /myApp/question/recommend/?tags=%5B%22%E6%83%85%E6%84%9F%22%2C%22TD%22%2C%22%E8%88%AA%E5%AD%A6%22%2C%22%E5%A5%BD%E7%89%A9%22%5D => generated 54993 bytes in 17 msecs (HTTP/1.1 500) 6 headers in 207 bytes (1 switches on core 0)
-------------------------
Internal Server Error: /myApp/question/recommend/
Traceback (most recent call last):
  File "/root/anaconda3/envs/software/lib/python3.9/site-packages/django/core/handlers/exception.py", line 47, in inner
    response = get_response(request)
  File "/root/anaconda3/envs/software/lib/python3.9/site-packages/django/core/handlers/base.py", line 181, in _get_response
    response = wrapped_callback(request, *callback_args, **callback_kwargs)
  File "/home/ourProject/soft-ware-project/./myApp/views.py", line 293, in recommend_question
    uid = int(request.GET.get('uid'))
TypeError: int() argument must be a string, a bytes-like object or a number, not 'NoneType'
[pid: 4731|app: 0|req: 371/371] 219.239.227.107 () {42 vars in 1146 bytes} [Fri Jun 16 06:28:29 2023] GET /myApp/question/recommend/?tags=%5B%22%E6%83%85%E6%84%9F%22%2C%22TD%22%2C%22%E8%88%AA%E5%AD%A6%22%2C%22%E5%A5%BD%E7%89%A9%22%5D => generated 54993 bytes in 16 msecs (HTTP/1.1 500) 6 headers in 207 bytes (1 switches on core 1)
[pid: 4731|app: 0|req: 372/372] 219.239.227.107 () {42 vars in 1012 bytes} [Fri Jun 16 06:28:30 2023] GET /myApp/question/sort/?tag=%E6%B1%82%E8%81%8C&sortBy=ClikeNum => generated 3821 bytes in 9 msecs (HTTP/1.1 200) 6 headers in 186 bytes (1 switches on core 0)
-----in hot----
[pid: 4731|app: 0|req: 373/373] 219.239.227.107 () {42 vars in 933 bytes} [Fri Jun 16 06:28:32 2023] GET /myApp/question/hot/ => generated 5330 bytes in 11 msecs (HTTP/1.1 200) 6 headers in 186 bytes (1 switches on core 1)
-----in hot----
[pid: 4731|app: 0|req: 374/374] 219.239.227.107 () {42 vars in 933 bytes} [Fri Jun 16 06:28:43 2023] GET /myApp/question/hot/ => generated 5330 bytes in 11 msecs (HTTP/1.1 200) 6 headers in 186 bytes (1 switches on core 0)
----------This is search_question------
searchword:演唱会
sortBy:LikeNum
[pid: 4731|app: 0|req: 375/375] 219.239.227.107 () {42 vars in 1046 bytes} [Fri Jun 16 06:28:52 2023] GET /myApp/question/search/?searchword=%E6%BC%94%E5%94%B1%E4%BC%9A&sortBy=LikeNum => generated 3500 bytes in 8 msecs (HTTP/1.1 200) 6 headers in 186 bytes (1 switches on core 1)
----------This is search_question------
searchword:演唱会
sortBy:AnswersNum
[pid: 4731|app: 0|req: 376/376] 219.239.227.107 () {42 vars in 1052 bytes} [Fri Jun 16 06:28:55 2023] GET /myApp/question/search/?searchword=%E6%BC%94%E5%94%B1%E4%BC%9A&sortBy=AnswersNum => generated 3500 bytes in 8 msecs (HTTP/1.1 200) 6 headers in 186 bytes (1 switches on core 0)
----------This is search_question------
searchword:演唱会
sortBy:AnswersNum
[pid: 4731|app: 0|req: 377/377] 219.239.227.107 () {42 vars in 1052 bytes} [Fri Jun 16 06:28:56 2023] GET /myApp/question/search/?searchword=%E6%BC%94%E5%94%B1%E4%BC%9A&sortBy=AnswersNum => generated 3500 bytes in 8 msecs (HTTP/1.1 200) 6 headers in 186 bytes (1 switches on core 1)
----------This is search_question------
searchword:演唱会
sortBy:AnswersNum
[pid: 4731|app: 0|req: 378/378] 219.239.227.107 () {42 vars in 1052 bytes} [Fri Jun 16 06:28:57 2023] GET /myApp/question/search/?searchword=%E6%BC%94%E5%94%B1%E4%BC%9A&sortBy=AnswersNum => generated 3500 bytes in 8 msecs (HTTP/1.1 200) 6 headers in 186 bytes (1 switches on core 0)
-----in hot----
[pid: 4731|app: 0|req: 379/379] 219.239.227.107 () {42 vars in 933 bytes} [Fri Jun 16 06:29:05 2023] GET /myApp/question/hot/ => generated 5330 bytes in 11 msecs (HTTP/1.1 200) 6 headers in 186 bytes (1 switches on core 1)
[pid: 4731|app: 0|req: 380/380] 219.239.227.107 () {42 vars in 950 bytes} [Fri Jun 16 06:29:11 2023] GET /myApp/user/questions/?uid=11 => generated 25602 bytes in 37 msecs (HTTP/1.1 200) 6 headers in 187 bytes (1 switches on core 0)
[pid: 4731|app: 0|req: 381/381] 219.239.227.107 () {42 vars in 946 bytes} [Fri Jun 16 06:29:14 2023] GET /myApp/user/answers/?uid=11 => generated 2964 bytes in 11 msecs (HTTP/1.1 200) 6 headers in 186 bytes (1 switches on core 1)
-----in hot----
[pid: 4731|app: 0|req: 382/382] 219.239.227.107 () {42 vars in 933 bytes} [Fri Jun 16 06:29:17 2023] GET /myApp/question/hot/ => generated 5330 bytes in 11 msecs (HTTP/1.1 200) 6 headers in 186 bytes (1 switches on core 0)
-----in hot----
[pid: 4731|app: 0|req: 383/383] 219.239.227.107 () {42 vars in 933 bytes} [Fri Jun 16 06:31:41 2023] GET /myApp/question/hot/ => generated 5330 bytes in 11 msecs (HTTP/1.1 200) 6 headers in 186 bytes (1 switches on core 1)
-------------------------
Internal Server Error: /myApp/question/recommend/
Traceback (most recent call last):
  File "/root/anaconda3/envs/software/lib/python3.9/site-packages/django/core/handlers/exception.py", line 47, in inner
    response = get_response(request)
  File "/root/anaconda3/envs/software/lib/python3.9/site-packages/django/core/handlers/base.py", line 181, in _get_response
    response = wrapped_callback(request, *callback_args, **callback_kwargs)
  File "/home/ourProject/soft-ware-project/./myApp/views.py", line 293, in recommend_question
    uid = int(request.GET.get('uid'))
TypeError: int() argument must be a string, a bytes-like object or a number, not 'NoneType'
[pid: 4731|app: 0|req: 384/384] 219.239.227.107 () {42 vars in 1146 bytes} [Fri Jun 16 06:31:42 2023] GET /myApp/question/recommend/?tags=%5B%22%E6%83%85%E6%84%9F%22%2C%22TD%22%2C%22%E8%88%AA%E5%AD%A6%22%2C%22%E5%A5%BD%E7%89%A9%22%5D => generated 54993 bytes in 16 msecs (HTTP/1.1 500) 6 headers in 207 bytes (1 switches on core 0)
-----in hot----
[pid: 4731|app: 0|req: 385/385] 219.239.227.107 () {42 vars in 933 bytes} [Fri Jun 16 06:31:43 2023] GET /myApp/question/hot/ => generated 5330 bytes in 11 msecs (HTTP/1.1 200) 6 headers in 186 bytes (1 switches on core 1)
-------------------------
Internal Server Error: /myApp/question/recommend/
Traceback (most recent call last):
  File "/root/anaconda3/envs/software/lib/python3.9/site-packages/django/core/handlers/exception.py", line 47, in inner
    response = get_response(request)
  File "/root/anaconda3/envs/software/lib/python3.9/site-packages/django/core/handlers/base.py", line 181, in _get_response
    response = wrapped_callback(request, *callback_args, **callback_kwargs)
  File "/home/ourProject/soft-ware-project/./myApp/views.py", line 293, in recommend_question
    uid = int(request.GET.get('uid'))
TypeError: int() argument must be a string, a bytes-like object or a number, not 'NoneType'
[pid: 4731|app: 0|req: 386/386] 219.239.227.107 () {42 vars in 1146 bytes} [Fri Jun 16 06:31:44 2023] GET /myApp/question/recommend/?tags=%5B%22%E6%83%85%E6%84%9F%22%2C%22TD%22%2C%22%E8%88%AA%E5%AD%A6%22%2C%22%E5%A5%BD%E7%89%A9%22%5D => generated 54993 bytes in 22 msecs (HTTP/1.1 500) 6 headers in 207 bytes (1 switches on core 0)
-------------------------
-------------------------
Internal Server Error: /myApp/question/recommend/
Traceback (most recent call last):
  File "/root/anaconda3/envs/software/lib/python3.9/site-packages/django/core/handlers/exception.py", line 47, in inner
    response = get_response(request)
  File "/root/anaconda3/envs/software/lib/python3.9/site-packages/django/core/handlers/base.py", line 181, in _get_response
    response = wrapped_callback(request, *callback_args, **callback_kwargs)
  File "/home/ourProject/soft-ware-project/./myApp/views.py", line 293, in recommend_question
    uid = int(request.GET.get('uid'))
TypeError: int() argument must be a string, a bytes-like object or a number, not 'NoneType'
Internal Server Error: /myApp/question/recommend/
Traceback (most recent call last):
  File "/root/anaconda3/envs/software/lib/python3.9/site-packages/django/core/handlers/exception.py", line 47, in inner
    response = get_response(request)
  File "/root/anaconda3/envs/software/lib/python3.9/site-packages/django/core/handlers/base.py", line 181, in _get_response
    response = wrapped_callback(request, *callback_args, **callback_kwargs)
  File "/home/ourProject/soft-ware-project/./myApp/views.py", line 293, in recommend_question
    uid = int(request.GET.get('uid'))
TypeError: int() argument must be a string, a bytes-like object or a number, not 'NoneType'
[pid: 4731|app: 0|req: 388/387] 219.239.227.196 () {42 vars in 966 bytes} [Fri Jun 16 06:31:48 2023] GET /myApp/question/recommend/?tags=%5B%5D => generated 54297 bytes in 33 msecs (HTTP/1.1 500) 6 headers in 207 bytes (1 switches on core 1)
[pid: 4731|app: 0|req: 388/388] 219.239.227.196 () {42 vars in 966 bytes} [Fri Jun 16 06:31:48 2023] GET /myApp/question/recommend/?tags=%5B%5D => generated 54297 bytes in 30 msecs (HTTP/1.1 500) 6 headers in 207 bytes (1 switches on core 0)
otjFq5f3-kgHushuG1TGSHakcfHw
['考研', '活动', '二手', '情感', '好物']
[]
[]
[pid: 4731|app: 0|req: 389/389] 219.239.227.196 () {42 vars in 1006 bytes} [Fri Jun 16 06:31:48 2023] GET /myApp/user/profile/?code=0c39Oj0w3d4KP03hSR1w3gl82k49Oj0v => generated 557 bytes in 283 msecs (HTTP/1.1 200) 6 headers in 185 bytes (1 switches on core 1)
-------------------------
Internal Server Error: /myApp/question/recommend/
Traceback (most recent call last):
  File "/root/anaconda3/envs/software/lib/python3.9/site-packages/django/core/handlers/exception.py", line 47, in inner
    response = get_response(request)
  File "/root/anaconda3/envs/software/lib/python3.9/site-packages/django/core/handlers/base.py", line 181, in _get_response
    response = wrapped_callback(request, *callback_args, **callback_kwargs)
  File "/home/ourProject/soft-ware-project/./myApp/views.py", line 293, in recommend_question
    uid = int(request.GET.get('uid'))
TypeError: int() argument must be a string, a bytes-like object or a number, not 'NoneType'
[pid: 4731|app: 0|req: 390/390] 219.239.227.107 () {42 vars in 1146 bytes} [Fri Jun 16 06:31:48 2023] GET /myApp/question/recommend/?tags=%5B%22%E6%83%85%E6%84%9F%22%2C%22TD%22%2C%22%E8%88%AA%E5%AD%A6%22%2C%22%E5%A5%BD%E7%89%A9%22%5D => generated 54993 bytes in 16 msecs (HTTP/1.1 500) 6 headers in 207 bytes (1 switches on core 0)
-------------------------
Internal Server Error: /myApp/question/recommend/
Traceback (most recent call last):
  File "/root/anaconda3/envs/software/lib/python3.9/site-packages/django/core/handlers/exception.py", line 47, in inner
    response = get_response(request)
  File "/root/anaconda3/envs/software/lib/python3.9/site-packages/django/core/handlers/base.py", line 181, in _get_response
    response = wrapped_callback(request, *callback_args, **callback_kwargs)
  File "/home/ourProject/soft-ware-project/./myApp/views.py", line 293, in recommend_question
    uid = int(request.GET.get('uid'))
TypeError: int() argument must be a string, a bytes-like object or a number, not 'NoneType'
[pid: 4731|app: 0|req: 391/391] 219.239.227.107 () {42 vars in 1146 bytes} [Fri Jun 16 06:31:51 2023] GET /myApp/question/recommend/?tags=%5B%22%E6%83%85%E6%84%9F%22%2C%22TD%22%2C%22%E8%88%AA%E5%AD%A6%22%2C%22%E5%A5%BD%E7%89%A9%22%5D => generated 54993 bytes in 16 msecs (HTTP/1.1 500) 6 headers in 207 bytes (1 switches on core 1)
----------This is search_question------
searchword:keight
sortBy:LikeNum
[pid: 4731|app: 0|req: 392/392] 219.239.227.196 () {42 vars in 1002 bytes} [Fri Jun 16 06:31:52 2023] GET /myApp/question/search/?searchword=keight&sortBy=LikeNum => generated 389 bytes in 4 msecs (HTTP/1.1 200) 6 headers in 185 bytes (1 switches on core 0)
-------------------------
Internal Server Error: /myApp/question/recommend/
Traceback (most recent call last):
  File "/root/anaconda3/envs/software/lib/python3.9/site-packages/django/core/handlers/exception.py", line 47, in inner
    response = get_response(request)
  File "/root/anaconda3/envs/software/lib/python3.9/site-packages/django/core/handlers/base.py", line 181, in _get_response
    response = wrapped_callback(request, *callback_args, **callback_kwargs)
  File "/home/ourProject/soft-ware-project/./myApp/views.py", line 293, in recommend_question
    uid = int(request.GET.get('uid'))
TypeError: int() argument must be a string, a bytes-like object or a number, not 'NoneType'
[pid: 4731|app: 0|req: 393/393] 219.239.227.107 () {42 vars in 1146 bytes} [Fri Jun 16 06:31:54 2023] GET /myApp/question/recommend/?tags=%5B%22%E6%83%85%E6%84%9F%22%2C%22TD%22%2C%22%E8%88%AA%E5%AD%A6%22%2C%22%E5%A5%BD%E7%89%A9%22%5D => generated 54993 bytes in 16 msecs (HTTP/1.1 500) 6 headers in 207 bytes (1 switches on core 1)
----------This is search_question------
searchword:keight
sortBy:AnswersNum
[pid: 4731|app: 0|req: 394/394] 219.239.227.196 () {42 vars in 1008 bytes} [Fri Jun 16 06:32:01 2023] GET /myApp/question/search/?searchword=keight&sortBy=AnswersNum => generated 389 bytes in 4 msecs (HTTP/1.1 200) 6 headers in 185 bytes (1 switches on core 0)
----------This is search_question------
searchword:keight
sortBy:AnswersNum
[pid: 4731|app: 0|req: 395/395] 219.239.227.196 () {42 vars in 1008 bytes} [Fri Jun 16 06:32:02 2023] GET /myApp/question/search/?searchword=keight&sortBy=AnswersNum => generated 389 bytes in 4 msecs (HTTP/1.1 200) 6 headers in 185 bytes (1 switches on core 1)
-------------------------
-------------------------
Internal Server Error: /myApp/question/recommend/
Traceback (most recent call last):
  File "/root/anaconda3/envs/software/lib/python3.9/site-packages/django/core/handlers/exception.py", line 47, in inner
    response = get_response(request)
  File "/root/anaconda3/envs/software/lib/python3.9/site-packages/django/core/handlers/base.py", line 181, in _get_response
    response = wrapped_callback(request, *callback_args, **callback_kwargs)
  File "/home/ourProject/soft-ware-project/./myApp/views.py", line 293, in recommend_question
    uid = int(request.GET.get('uid'))
TypeError: int() argument must be a string, a bytes-like object or a number, not 'NoneType'
[pid: 4731|app: 0|req: 397/396] 219.239.227.196 () {42 vars in 1230 bytes} [Fri Jun 16 06:32:02 2023] GET /myApp/question/recommend/?tags=%5B%22%E8%80%83%E7%A0%94%22%2C%22%E6%B4%BB%E5%8A%A8%22%2C%22%E4%BA%8C%E6%89%8B%22%2C%22%E6%83%85%E6%84%9F%22%2C%22%E5%A5%BD%E7%89%A9%22%5D => generated 55315 bytes in 33 msecs (HTTP/1.1 500) 6 headers in 207 bytes (1 switches on core 0)
Internal Server Error: /myApp/question/recommend/
Traceback (most recent call last):
  File "/root/anaconda3/envs/software/lib/python3.9/site-packages/django/core/handlers/exception.py", line 47, in inner
    response = get_response(request)
  File "/root/anaconda3/envs/software/lib/python3.9/site-packages/django/core/handlers/base.py", line 181, in _get_response
    response = wrapped_callback(request, *callback_args, **callback_kwargs)
  File "/home/ourProject/soft-ware-project/./myApp/views.py", line 293, in recommend_question
    uid = int(request.GET.get('uid'))
TypeError: int() argument must be a string, a bytes-like object or a number, not 'NoneType'
[pid: 4731|app: 0|req: 397/397] 219.239.227.196 () {42 vars in 1230 bytes} [Fri Jun 16 06:32:02 2023] GET /myApp/question/recommend/?tags=%5B%22%E8%80%83%E7%A0%94%22%2C%22%E6%B4%BB%E5%8A%A8%22%2C%22%E4%BA%8C%E6%89%8B%22%2C%22%E6%83%85%E6%84%9F%22%2C%22%E5%A5%BD%E7%89%A9%22%5D => generated 55315 bytes in 31 msecs (HTTP/1.1 500) 6 headers in 207 bytes (1 switches on core 1)
-------------------------
Internal Server Error: /myApp/question/recommend/
Traceback (most recent call last):
  File "/root/anaconda3/envs/software/lib/python3.9/site-packages/django/core/handlers/exception.py", line 47, in inner
    response = get_response(request)
  File "/root/anaconda3/envs/software/lib/python3.9/site-packages/django/core/handlers/base.py", line 181, in _get_response
    response = wrapped_callback(request, *callback_args, **callback_kwargs)
  File "/home/ourProject/soft-ware-project/./myApp/views.py", line 293, in recommend_question
    uid = int(request.GET.get('uid'))
TypeError: int() argument must be a string, a bytes-like object or a number, not 'NoneType'
[pid: 4731|app: 0|req: 398/398] 219.239.227.196 () {42 vars in 1230 bytes} [Fri Jun 16 06:34:49 2023] GET /myApp/question/recommend/?tags=%5B%22%E8%80%83%E7%A0%94%22%2C%22%E6%B4%BB%E5%8A%A8%22%2C%22%E4%BA%8C%E6%89%8B%22%2C%22%E6%83%85%E6%84%9F%22%2C%22%E5%A5%BD%E7%89%A9%22%5D => generated 55315 bytes in 16 msecs (HTTP/1.1 500) 6 headers in 207 bytes (1 switches on core 0)
-------------------------
Internal Server Error: /myApp/question/recommend/
Traceback (most recent call last):
  File "/root/anaconda3/envs/software/lib/python3.9/site-packages/django/core/handlers/exception.py", line 47, in inner
    response = get_response(request)
  File "/root/anaconda3/envs/software/lib/python3.9/site-packages/django/core/handlers/base.py", line 181, in _get_response
    response = wrapped_callback(request, *callback_args, **callback_kwargs)
  File "/home/ourProject/soft-ware-project/./myApp/views.py", line 293, in recommend_question
    uid = int(request.GET.get('uid'))
TypeError: int() argument must be a string, a bytes-like object or a number, not 'NoneType'
[pid: 4731|app: 0|req: 399/399] 219.239.227.210 () {42 vars in 966 bytes} [Fri Jun 16 06:39:42 2023] GET /myApp/question/recommend/?tags=%5B%5D => generated 54297 bytes in 16 msecs (HTTP/1.1 500) 6 headers in 207 bytes (1 switches on core 1)
-------------------------
Internal Server Error: /myApp/question/recommend/
Traceback (most recent call last):
  File "/root/anaconda3/envs/software/lib/python3.9/site-packages/django/core/handlers/exception.py", line 47, in inner
    response = get_response(request)
  File "/root/anaconda3/envs/software/lib/python3.9/site-packages/django/core/handlers/base.py", line 181, in _get_response
    response = wrapped_callback(request, *callback_args, **callback_kwargs)
  File "/home/ourProject/soft-ware-project/./myApp/views.py", line 293, in recommend_question
    uid = int(request.GET.get('uid'))
TypeError: int() argument must be a string, a bytes-like object or a number, not 'NoneType'
[pid: 4731|app: 0|req: 400/400] 219.239.227.210 () {42 vars in 966 bytes} [Fri Jun 16 06:39:42 2023] GET /myApp/question/recommend/?tags=%5B%5D => generated 54297 bytes in 15 msecs (HTTP/1.1 500) 6 headers in 207 bytes (1 switches on core 0)
otjFq5YvlRyDe-PaUKmDm2dFXG6w
['求职', '活动', '情感', '好物']
[]
[21, 11, 8]
[pid: 4731|app: 0|req: 401/401] 219.239.227.210 () {42 vars in 1006 bytes} [Fri Jun 16 06:39:42 2023] GET /myApp/user/profile/?code=0f33lB0w3DA1Q034L03w3G8sEs33lB0g => generated 519 bytes in 332 msecs (HTTP/1.1 200) 6 headers in 185 bytes (1 switches on core 1)
-----in hot----
[pid: 4731|app: 0|req: 402/402] 219.239.227.210 () {42 vars in 931 bytes} [Fri Jun 16 06:39:45 2023] GET /myApp/question/hot/ => generated 5330 bytes in 11 msecs (HTTP/1.1 200) 6 headers in 186 bytes (1 switches on core 0)
-------------------------
Internal Server Error: /myApp/question/recommend/
Traceback (most recent call last):
  File "/root/anaconda3/envs/software/lib/python3.9/site-packages/django/core/handlers/exception.py", line 47, in inner
    response = get_response(request)
  File "/root/anaconda3/envs/software/lib/python3.9/site-packages/django/core/handlers/base.py", line 181, in _get_response
    response = wrapped_callback(request, *callback_args, **callback_kwargs)
  File "/home/ourProject/soft-ware-project/./myApp/views.py", line 293, in recommend_question
    uid = int(request.GET.get('uid'))
TypeError: int() argument must be a string, a bytes-like object or a number, not 'NoneType'
[pid: 4731|app: 0|req: 403/403] 219.239.227.210 () {42 vars in 1176 bytes} [Fri Jun 16 06:39:46 2023] GET /myApp/question/recommend/?tags=%5B%22%E6%B1%82%E8%81%8C%22%2C%22%E6%B4%BB%E5%8A%A8%22%2C%22%E6%83%85%E6%84%9F%22%2C%22%E5%A5%BD%E7%89%A9%22%5D => generated 55107 bytes in 16 msecs (HTTP/1.1 500) 6 headers in 207 bytes (1 switches on core 1)
-------------------------
Internal Server Error: /myApp/question/recommend/
Traceback (most recent call last):
  File "/root/anaconda3/envs/software/lib/python3.9/site-packages/django/core/handlers/exception.py", line 47, in inner
    response = get_response(request)
  File "/root/anaconda3/envs/software/lib/python3.9/site-packages/django/core/handlers/base.py", line 181, in _get_response
    response = wrapped_callback(request, *callback_args, **callback_kwargs)
  File "/home/ourProject/soft-ware-project/./myApp/views.py", line 293, in recommend_question
    uid = int(request.GET.get('uid'))
TypeError: int() argument must be a string, a bytes-like object or a number, not 'NoneType'
[pid: 4731|app: 0|req: 404/404] 219.239.227.210 () {42 vars in 1176 bytes} [Fri Jun 16 06:39:47 2023] GET /myApp/question/recommend/?tags=%5B%22%E6%B1%82%E8%81%8C%22%2C%22%E6%B4%BB%E5%8A%A8%22%2C%22%E6%83%85%E6%84%9F%22%2C%22%E5%A5%BD%E7%89%A9%22%5D => generated 55107 bytes in 16 msecs (HTTP/1.1 500) 6 headers in 207 bytes (1 switches on core 0)
-------------------------
Internal Server Error: /myApp/question/recommend/
Traceback (most recent call last):
  File "/root/anaconda3/envs/software/lib/python3.9/site-packages/django/core/handlers/exception.py", line 47, in inner
    response = get_response(request)
  File "/root/anaconda3/envs/software/lib/python3.9/site-packages/django/core/handlers/base.py", line 181, in _get_response
    response = wrapped_callback(request, *callback_args, **callback_kwargs)
  File "/home/ourProject/soft-ware-project/./myApp/views.py", line 293, in recommend_question
    uid = int(request.GET.get('uid'))
TypeError: int() argument must be a string, a bytes-like object or a number, not 'NoneType'
[pid: 4731|app: 0|req: 405/405] 219.239.227.210 () {42 vars in 1176 bytes} [Fri Jun 16 06:39:50 2023] GET /myApp/question/recommend/?tags=%5B%22%E6%B1%82%E8%81%8C%22%2C%22%E6%B4%BB%E5%8A%A8%22%2C%22%E6%83%85%E6%84%9F%22%2C%22%E5%A5%BD%E7%89%A9%22%5D => generated 55107 bytes in 16 msecs (HTTP/1.1 500) 6 headers in 207 bytes (1 switches on core 1)
-------------------------
Internal Server Error: /myApp/question/recommend/
Traceback (most recent call last):
  File "/root/anaconda3/envs/software/lib/python3.9/site-packages/django/core/handlers/exception.py", line 47, in inner
    response = get_response(request)
  File "/root/anaconda3/envs/software/lib/python3.9/site-packages/django/core/handlers/base.py", line 181, in _get_response
    response = wrapped_callback(request, *callback_args, **callback_kwargs)
  File "/home/ourProject/soft-ware-project/./myApp/views.py", line 293, in recommend_question
    uid = int(request.GET.get('uid'))
TypeError: int() argument must be a string, a bytes-like object or a number, not 'NoneType'
[pid: 4731|app: 0|req: 406/406] 219.239.227.210 () {42 vars in 1176 bytes} [Fri Jun 16 06:39:52 2023] GET /myApp/question/recommend/?tags=%5B%22%E6%B1%82%E8%81%8C%22%2C%22%E6%B4%BB%E5%8A%A8%22%2C%22%E6%83%85%E6%84%9F%22%2C%22%E5%A5%BD%E7%89%A9%22%5D => generated 55107 bytes in 16 msecs (HTTP/1.1 500) 6 headers in 207 bytes (1 switches on core 0)
[pid: 4731|app: 0|req: 407/407] 219.239.227.210 () {42 vars in 1010 bytes} [Fri Jun 16 06:39:54 2023] GET /myApp/question/sort/?tag=%E6%B1%82%E8%81%8C&sortBy=ClikeNum => generated 3821 bytes in 8 msecs (HTTP/1.1 200) 6 headers in 186 bytes (1 switches on core 1)
[pid: 4731|app: 0|req: 408/408] 219.239.227.210 () {42 vars in 1010 bytes} [Fri Jun 16 06:39:55 2023] GET /myApp/question/sort/?tag=%E8%80%83%E7%A0%94&sortBy=ClikeNum => generated 2401 bytes in 7 msecs (HTTP/1.1 200) 6 headers in 186 bytes (1 switches on core 0)
-------------------------
Internal Server Error: /myApp/question/recommend/
Traceback (most recent call last):
  File "/root/anaconda3/envs/software/lib/python3.9/site-packages/django/core/handlers/exception.py", line 47, in inner
    response = get_response(request)
  File "/root/anaconda3/envs/software/lib/python3.9/site-packages/django/core/handlers/base.py", line 181, in _get_response
    response = wrapped_callback(request, *callback_args, **callback_kwargs)
  File "/home/ourProject/soft-ware-project/./myApp/views.py", line 293, in recommend_question
    uid = int(request.GET.get('uid'))
TypeError: int() argument must be a string, a bytes-like object or a number, not 'NoneType'
[pid: 4731|app: 0|req: 409/409] 219.239.227.210 () {42 vars in 1176 bytes} [Fri Jun 16 06:39:56 2023] GET /myApp/question/recommend/?tags=%5B%22%E6%B1%82%E8%81%8C%22%2C%22%E6%B4%BB%E5%8A%A8%22%2C%22%E6%83%85%E6%84%9F%22%2C%22%E5%A5%BD%E7%89%A9%22%5D => generated 55107 bytes in 16 msecs (HTTP/1.1 500) 6 headers in 207 bytes (1 switches on core 1)
-----in hot----
[pid: 4731|app: 0|req: 410/410] 219.239.227.210 () {42 vars in 931 bytes} [Fri Jun 16 06:39:57 2023] GET /myApp/question/hot/ => generated 5330 bytes in 11 msecs (HTTP/1.1 200) 6 headers in 186 bytes (1 switches on core 0)
-------------------------
Internal Server Error: /myApp/question/recommend/
Traceback (most recent call last):
  File "/root/anaconda3/envs/software/lib/python3.9/site-packages/django/core/handlers/exception.py", line 47, in inner
    response = get_response(request)
  File "/root/anaconda3/envs/software/lib/python3.9/site-packages/django/core/handlers/base.py", line 181, in _get_response
    response = wrapped_callback(request, *callback_args, **callback_kwargs)
  File "/home/ourProject/soft-ware-project/./myApp/views.py", line 293, in recommend_question
    uid = int(request.GET.get('uid'))
TypeError: int() argument must be a string, a bytes-like object or a number, not 'NoneType'
[pid: 4731|app: 0|req: 411/411] 219.239.227.210 () {42 vars in 1176 bytes} [Fri Jun 16 06:39:58 2023] GET /myApp/question/recommend/?tags=%5B%22%E6%B1%82%E8%81%8C%22%2C%22%E6%B4%BB%E5%8A%A8%22%2C%22%E6%83%85%E6%84%9F%22%2C%22%E5%A5%BD%E7%89%A9%22%5D => generated 55107 bytes in 16 msecs (HTTP/1.1 500) 6 headers in 207 bytes (1 switches on core 1)
[pid: 4731|app: 0|req: 412/412] 219.239.227.210 () {42 vars in 1010 bytes} [Fri Jun 16 06:39:59 2023] GET /myApp/question/sort/?tag=%E6%B1%82%E8%81%8C&sortBy=ClikeNum => generated 3821 bytes in 8 msecs (HTTP/1.1 200) 6 headers in 186 bytes (1 switches on core 0)
[pid: 4731|app: 0|req: 413/413] 219.239.227.210 () {42 vars in 1010 bytes} [Fri Jun 16 06:40:00 2023] GET /myApp/question/sort/?tag=%E8%80%83%E7%A0%94&sortBy=ClikeNum => generated 2401 bytes in 7 msecs (HTTP/1.1 200) 6 headers in 186 bytes (1 switches on core 1)
[pid: 4731|app: 0|req: 414/414] 219.239.227.210 () {42 vars in 1010 bytes} [Fri Jun 16 06:40:00 2023] GET /myApp/question/sort/?tag=%E4%BF%9D%E7%A0%94&sortBy=ClikeNum => generated 12 bytes in 3 msecs (HTTP/1.1 200) 6 headers in 184 bytes (1 switches on core 0)
[pid: 4731|app: 0|req: 415/415] 219.239.227.210 () {42 vars in 1010 bytes} [Fri Jun 16 06:40:01 2023] GET /myApp/question/sort/?tag=%E6%8C%87%E5%8D%97&sortBy=ClikeNum => generated 17960 bytes in 32 msecs (HTTP/1.1 200) 6 headers in 187 bytes (1 switches on core 1)
[pid: 4731|app: 0|req: 416/416] 219.239.227.210 () {42 vars in 1010 bytes} [Fri Jun 16 06:40:02 2023] GET /myApp/question/sort/?tag=%E6%B4%BB%E5%8A%A8&sortBy=ClikeNum => generated 22167 bytes in 31 msecs (HTTP/1.1 200) 6 headers in 187 bytes (1 switches on core 0)
[pid: 4731|app: 0|req: 417/417] 219.239.227.203 () {60 vars in 1198 bytes} [Fri Jun 16 06:54:43 2023] GET /admin/ => generated 20780 bytes in 31 msecs (HTTP/1.1 200) 9 headers in 460 bytes (1 switches on core 1)
[pid: 4731|app: 0|req: 418/418] 219.239.227.203 () {58 vars in 1207 bytes} [Fri Jun 16 06:54:44 2023] GET /admin/myApp/user/ => generated 43943 bytes in 65 msecs (HTTP/1.1 200) 9 headers in 483 bytes (1 switches on core 0)
[pid: 4731|app: 0|req: 419/419] 219.239.227.203 () {56 vars in 1042 bytes} [Fri Jun 16 06:54:44 2023] GET /admin/jsi18n/ => generated 8398 bytes in 4 msecs (HTTP/1.1 200) 6 headers in 210 bytes (1 switches on core 1)
Not Found: /
[pid: 4731|app: 0|req: 420/420] 172.104.11.46 () {36 vars in 502 bytes} [Fri Jun 16 07:32:36 2023] GET / => generated 2061 bytes in 2 msecs (HTTP/1.1 404) 6 headers in 186 bytes (1 switches on core 0)
Not Found: /autodiscover/autodiscover.json
[pid: 4731|app: 0|req: 421/421] 107.170.248.35 () {36 vars in 501 bytes} [Fri Jun 16 07:47:33 2023] GET /autodiscover/autodiscover.json?@zdi/Powershell => generated 2185 bytes in 2 msecs (HTTP/1.1 404) 6 headers in 186 bytes (1 switches on core 1)
Invalid HTTP_HOST header: '78uwt4cq.ameal.xyz'. You may need to add '78uwt4cq.ameal.xyz' to ALLOWED_HOSTS.
Bad Request: /
[pid: 4731|app: 0|req: 422/422] 54.194.196.203 () {38 vars in 535 bytes} [Fri Jun 16 09:15:05 2023] GET / => generated 57931 bytes in 17 msecs (HTTP/1.1 400) 5 headers in 166 bytes (1 switches on core 0)
Invalid HTTP_HOST header: '78uwt4cq.ameal.xyz'. You may need to add '78uwt4cq.ameal.xyz' to ALLOWED_HOSTS.
Bad Request: /
[pid: 4731|app: 0|req: 423/423] 87.236.176.65 () {38 vars in 500 bytes} [Fri Jun 16 09:42:55 2023] GET / => generated 57872 bytes in 16 msecs (HTTP/1.1 400) 5 headers in 166 bytes (1 switches on core 1)
Not Found: /
[pid: 4731|app: 0|req: 424/424] 80.85.87.239 () {36 vars in 470 bytes} [Fri Jun 16 10:43:06 2023] GET / => generated 2061 bytes in 2 msecs (HTTP/1.1 404) 6 headers in 186 bytes (1 switches on core 0)
-------------------------
Internal Server Error: /myApp/question/recommend/
Traceback (most recent call last):
  File "/root/anaconda3/envs/software/lib/python3.9/site-packages/django/core/handlers/exception.py", line 47, in inner
    response = get_response(request)
  File "/root/anaconda3/envs/software/lib/python3.9/site-packages/django/core/handlers/base.py", line 181, in _get_response
    response = wrapped_callback(request, *callback_args, **callback_kwargs)
  File "/home/ourProject/soft-ware-project/./myApp/views.py", line 293, in recommend_question
    uid = int(request.GET.get('uid'))
TypeError: int() argument must be a string, a bytes-like object or a number, not 'NoneType'
[pid: 4731|app: 0|req: 425/425] 219.239.227.240 () {48 vars in 938 bytes} [Fri Jun 16 12:31:10 2023] GET /myApp/question/recommend/?tags=%5B%5D => generated 54559 bytes in 16 msecs (HTTP/1.1 500) 6 headers in 207 bytes (1 switches on core 1)
-------------------------
Internal Server Error: /myApp/question/recommend/
Traceback (most recent call last):
  File "/root/anaconda3/envs/software/lib/python3.9/site-packages/django/core/handlers/exception.py", line 47, in inner
    response = get_response(request)
  File "/root/anaconda3/envs/software/lib/python3.9/site-packages/django/core/handlers/base.py", line 181, in _get_response
    response = wrapped_callback(request, *callback_args, **callback_kwargs)
  File "/home/ourProject/soft-ware-project/./myApp/views.py", line 293, in recommend_question
    uid = int(request.GET.get('uid'))
TypeError: int() argument must be a string, a bytes-like object or a number, not 'NoneType'
[pid: 4731|app: 0|req: 426/426] 219.239.227.240 () {48 vars in 938 bytes} [Fri Jun 16 12:31:10 2023] GET /myApp/question/recommend/?tags=%5B%5D => generated 54559 bytes in 15 msecs (HTTP/1.1 500) 6 headers in 207 bytes (1 switches on core 0)
otjFq5WU3S5Fx7mHdini-yjwDQ38
['情感', 'TD', '航学', '好物']
[]
[84, 129, 124, 8]
[pid: 4731|app: 0|req: 427/427] 219.239.227.240 () {48 vars in 978 bytes} [Fri Jun 16 12:31:10 2023] GET /myApp/user/profile/?code=0d1U6S2w3KcXN03Htn0w3gc3NU0U6S2i => generated 538 bytes in 269 msecs (HTTP/1.1 200) 6 headers in 185 bytes (1 switches on core 1)
-------------------------
Internal Server Error: /myApp/question/recommend/
Traceback (most recent call last):
  File "/root/anaconda3/envs/software/lib/python3.9/site-packages/django/core/handlers/exception.py", line 47, in inner
    response = get_response(request)
  File "/root/anaconda3/envs/software/lib/python3.9/site-packages/django/core/handlers/base.py", line 181, in _get_response
    response = wrapped_callback(request, *callback_args, **callback_kwargs)
  File "/home/ourProject/soft-ware-project/./myApp/views.py", line 293, in recommend_question
    uid = int(request.GET.get('uid'))
TypeError: int() argument must be a string, a bytes-like object or a number, not 'NoneType'
[pid: 4731|app: 0|req: 428/428] 219.239.227.240 () {48 vars in 1116 bytes} [Fri Jun 16 12:32:31 2023] GET /myApp/question/recommend/?tags=%5B%22%E6%83%85%E6%84%9F%22%2C%22TD%22%2C%22%E8%88%AA%E5%AD%A6%22%2C%22%E5%A5%BD%E7%89%A9%22%5D => generated 55253 bytes in 16 msecs (HTTP/1.1 500) 6 headers in 207 bytes (1 switches on core 0)
[pid: 4731|app: 0|req: 429/429] 219.239.227.240 () {48 vars in 982 bytes} [Fri Jun 16 12:32:36 2023] GET /myApp/question/sort/?tag=%E6%B1%82%E8%81%8C&sortBy=ClikeNum => generated 3821 bytes in 8 msecs (HTTP/1.1 200) 6 headers in 186 bytes (1 switches on core 1)
[pid: 4731|app: 0|req: 430/430] 219.239.227.240 () {48 vars in 982 bytes} [Fri Jun 16 12:32:38 2023] GET /myApp/question/sort/?tag=%E8%80%83%E7%A0%94&sortBy=ClikeNum => generated 2401 bytes in 7 msecs (HTTP/1.1 200) 6 headers in 186 bytes (1 switches on core 0)
Not Found: /
[pid: 4731|app: 0|req: 431/431] 167.248.133.126 () {30 vars in 329 bytes} [Fri Jun 16 12:47:10 2023] GET / => generated 2065 bytes in 2 msecs (HTTP/1.1 404) 6 headers in 186 bytes (1 switches on core 1)
Not Found: /
[pid: 4731|app: 0|req: 432/432] 167.248.133.126 () {36 vars in 459 bytes} [Fri Jun 16 12:47:11 2023] GET / => generated 2060 bytes in 3 msecs (HTTP/1.1 404) 6 headers in 186 bytes (1 switches on core 0)
Not Found: /owa/auth/logon.aspx
[pid: 4731|app: 0|req: 433/433] 107.170.192.15 () {36 vars in 448 bytes} [Fri Jun 16 14:06:45 2023] GET /owa/auth/logon.aspx => generated 2136 bytes in 2 msecs (HTTP/1.1 404) 6 headers in 186 bytes (1 switches on core 1)
Not Found: /owa/auth/x.js
[pid: 4731|app: 0|req: 434/434] 107.170.192.15 () {38 vars in 571 bytes} [Fri Jun 16 14:10:32 2023] GET /owa/auth/x.js => generated 2118 bytes in 2 msecs (HTTP/1.1 404) 6 headers in 186 bytes (1 switches on core 0)
[pid: 4731|app: 0|req: 435/435] 219.239.227.240 () {48 vars in 982 bytes} [Fri Jun 16 14:11:35 2023] GET /myApp/question/sort/?tag=%E8%80%83%E7%A0%94&sortBy=ClikeNum => generated 2401 bytes in 8 msecs (HTTP/1.1 200) 6 headers in 186 bytes (1 switches on core 1)
[pid: 4731|app: 0|req: 436/436] 219.239.227.240 () {48 vars in 982 bytes} [Fri Jun 16 14:11:46 2023] GET /myApp/question/sort/?tag=%E8%80%83%E7%A0%94&sortBy=ClikeNum => generated 2401 bytes in 7 msecs (HTTP/1.1 200) 6 headers in 186 bytes (1 switches on core 0)
[pid: 4731|app: 0|req: 437/437] 219.239.227.240 () {48 vars in 982 bytes} [Fri Jun 16 14:11:48 2023] GET /myApp/question/sort/?tag=%E8%80%83%E7%A0%94&sortBy=ClikeNum => generated 2401 bytes in 9 msecs (HTTP/1.1 200) 6 headers in 186 bytes (1 switches on core 1)
Not Found: /owa/auth/logon.aspx
[pid: 4731|app: 0|req: 438/438] 107.170.252.26 () {36 vars in 505 bytes} [Fri Jun 16 14:16:16 2023] GET /owa/auth/logon.aspx?url=https%3a%2f%2f1%2fecp%2f => generated 2165 bytes in 3 msecs (HTTP/1.1 404) 6 headers in 186 bytes (1 switches on core 0)
Not Found: /
[pid: 4731|app: 0|req: 439/439] 162.243.131.5 () {36 vars in 409 bytes} [Fri Jun 16 14:34:05 2023] GET / => generated 2061 bytes in 2 msecs (HTTP/1.1 404) 6 headers in 186 bytes (1 switches on core 1)
Not Found: /.env
[pid: 4731|app: 0|req: 440/440] 85.92.119.155 () {38 vars in 456 bytes} [Fri Jun 16 15:15:18 2023] GET /.env => generated 2091 bytes in 2 msecs (HTTP/1.1 404) 6 headers in 186 bytes (1 switches on core 0)
Not Found: /
[pid: 4731|app: 0|req: 441/441] 94.102.61.7 () {36 vars in 501 bytes} [Fri Jun 16 15:18:56 2023] GET / => generated 2061 bytes in 2 msecs (HTTP/1.1 404) 6 headers in 186 bytes (1 switches on core 1)
Not Found: /
[pid: 4731|app: 0|req: 442/442] 185.180.143.188 () {36 vars in 505 bytes} [Fri Jun 16 15:50:46 2023] GET / => generated 2061 bytes in 2 msecs (HTTP/1.1 404) 6 headers in 186 bytes (1 switches on core 0)
Not Found: /
[pid: 4731|app: 0|req: 443/443] 85.92.119.155 () {42 vars in 563 bytes} [Fri Jun 16 16:29:19 2023] POST / => generated 2062 bytes in 4 msecs (HTTP/1.1 404) 6 headers in 186 bytes (1 switches on core 1)
Not Found: /
[pid: 4731|app: 0|req: 444/444] 167.248.133.51 () {30 vars in 328 bytes} [Fri Jun 16 16:58:18 2023] GET / => generated 2065 bytes in 2 msecs (HTTP/1.1 404) 6 headers in 186 bytes (1 switches on core 0)
Not Found: /
[pid: 4731|app: 0|req: 445/445] 167.248.133.51 () {36 vars in 458 bytes} [Fri Jun 16 16:58:18 2023] GET / => generated 2060 bytes in 2 msecs (HTTP/1.1 404) 6 headers in 186 bytes (1 switches on core 1)
Not Found: /
[pid: 4731|app: 0|req: 446/446] 185.213.175.62 () {42 vars in 735 bytes} [Fri Jun 16 17:19:41 2023] GET / => generated 2061 bytes in 2 msecs (HTTP/1.1 404) 6 headers in 181 bytes (1 switches on core 0)
Not Found: /
[pid: 4731|app: 0|req: 447/447] 185.213.175.62 () {48 vars in 926 bytes} [Fri Jun 16 17:20:03 2023] POST / => generated 2062 bytes in 2 msecs (HTTP/1.1 404) 6 headers in 181 bytes (1 switches on core 1)
Not Found: /
[pid: 4731|app: 0|req: 448/448] 185.213.175.62 () {48 vars in 938 bytes} [Fri Jun 16 17:20:15 2023] POST / => generated 2062 bytes in 2 msecs (HTTP/1.1 404) 6 headers in 181 bytes (1 switches on core 0)
Not Found: /WuEL
[pid: 4731|app: 0|req: 449/449] 185.213.175.62 () {36 vars in 496 bytes} [Fri Jun 16 17:20:20 2023] GET /WuEL => generated 2091 bytes in 2 msecs (HTTP/1.1 404) 6 headers in 186 bytes (1 switches on core 1)
Not Found: /a
[pid: 4731|app: 0|req: 450/450] 185.213.175.62 () {42 vars in 737 bytes} [Fri Jun 16 17:20:51 2023] GET /a => generated 2082 bytes in 2 msecs (HTTP/1.1 404) 6 headers in 181 bytes (1 switches on core 0)
Not Found: /download/file.ext
[pid: 4731|app: 0|req: 451/451] 185.213.175.62 () {42 vars in 769 bytes} [Fri Jun 16 17:21:23 2023] GET /download/file.ext => generated 2130 bytes in 3 msecs (HTTP/1.1 404) 6 headers in 181 bytes (1 switches on core 1)
Not Found: /SiteLoader
[pid: 4731|app: 0|req: 452/452] 185.213.175.62 () {42 vars in 755 bytes} [Fri Jun 16 17:21:42 2023] GET /SiteLoader => generated 2109 bytes in 2 msecs (HTTP/1.1 404) 6 headers in 181 bytes (1 switches on core 0)
Not Found: /mPlayer
[pid: 4731|app: 0|req: 453/453] 185.213.175.62 () {42 vars in 749 bytes} [Fri Jun 16 17:21:49 2023] GET /mPlayer => generated 2100 bytes in 2 msecs (HTTP/1.1 404) 6 headers in 181 bytes (1 switches on core 1)
Not Found: /
[pid: 4731|app: 0|req: 454/454] 43.158.213.246 () {36 vars in 471 bytes} [Fri Jun 16 19:57:38 2023] GET / => generated 2061 bytes in 2 msecs (HTTP/1.1 404) 6 headers in 186 bytes (1 switches on core 0)
Not Found: /favicon.ico
[pid: 4731|app: 0|req: 455/455] 45.156.128.12 () {36 vars in 525 bytes} [Fri Jun 16 21:14:28 2023] GET /favicon.ico => generated 2112 bytes in 2 msecs (HTTP/1.1 404) 6 headers in 186 bytes (1 switches on core 1)
Not Found: /
[pid: 4731|app: 0|req: 456/456] 106.75.73.178 () {32 vars in 345 bytes} [Sat Jun 17 00:11:53 2023] GET / => generated 2065 bytes in 2 msecs (HTTP/1.1 404) 6 headers in 186 bytes (1 switches on core 0)
Invalid HTTP_HOST header: '[2407:c080:17ef:ffff::7274:db9d]'. You may need to add '[2407:c080:17ef:ffff::7274:db9d]' to ALLOWED_HOSTS.
Bad Request: /
[pid: 4731|app: 0|req: 457/457] 198.19.0.165 () {36 vars in 514 bytes} [Sat Jun 17 01:15:35 2023] GET / => generated 58002 bytes in 16 msecs (HTTP/1.1 400) 5 headers in 166 bytes (1 switches on core 1)
Invalid HTTP_HOST header: '[2407:c080:17ef:ffff::7274:db9d]'. You may need to add '[2407:c080:17ef:ffff::7274:db9d]' to ALLOWED_HOSTS.
Bad Request: /
[pid: 4731|app: 0|req: 458/458] 198.19.80.165 () {36 vars in 515 bytes} [Sat Jun 17 01:15:42 2023] GET / => generated 58003 bytes in 16 msecs (HTTP/1.1 400) 5 headers in 166 bytes (1 switches on core 0)
Invalid HTTP_HOST header: '[2407:c080:17ef:ffff::7274:db9d]'. You may need to add '[2407:c080:17ef:ffff::7274:db9d]' to ALLOWED_HOSTS.
Bad Request: /
[pid: 4731|app: 0|req: 459/459] 198.19.80.165 () {36 vars in 515 bytes} [Sat Jun 17 01:15:52 2023] GET / => generated 58003 bytes in 16 msecs (HTTP/1.1 400) 5 headers in 166 bytes (1 switches on core 1)
Not Found: /
[pid: 4731|app: 0|req: 460/460] 193.118.53.194 () {36 vars in 504 bytes} [Sat Jun 17 01:26:43 2023] GET / => generated 2061 bytes in 2 msecs (HTTP/1.1 404) 6 headers in 186 bytes (1 switches on core 0)
Not Found: /
[pid: 4731|app: 0|req: 461/461] 35.203.211.91 () {32 vars in 615 bytes} [Sat Jun 17 01:29:30 2023] GET / => generated 2065 bytes in 2 msecs (HTTP/1.1 404) 6 headers in 186 bytes (1 switches on core 1)
Not Found: /
[pid: 4731|app: 0|req: 462/462] 34.78.6.216 () {44 vars in 577 bytes} [Sat Jun 17 01:58:57 2023] GET / => generated 2061 bytes in 2 msecs (HTTP/1.1 404) 6 headers in 186 bytes (1 switches on core 0)
Not Found: /.env
[pid: 4731|app: 0|req: 463/463] 109.237.97.227 () {38 vars in 540 bytes} [Sat Jun 17 02:56:51 2023] GET /.env => generated 2091 bytes in 2 msecs (HTTP/1.1 404) 6 headers in 186 bytes (1 switches on core 1)
Not Found: /
[pid: 4731|app: 0|req: 464/464] 106.75.6.90 () {38 vars in 517 bytes} [Sat Jun 17 04:16:48 2023] GET / => generated 2061 bytes in 2 msecs (HTTP/1.1 404) 6 headers in 186 bytes (1 switches on core 0)
-------------------------
-------------------------
Internal Server Error: /myApp/question/recommend/
Traceback (most recent call last):
  File "/root/anaconda3/envs/software/lib/python3.9/site-packages/django/core/handlers/exception.py", line 47, in inner
    response = get_response(request)
  File "/root/anaconda3/envs/software/lib/python3.9/site-packages/django/core/handlers/base.py", line 181, in _get_response
    response = wrapped_callback(request, *callback_args, **callback_kwargs)
  File "/home/ourProject/soft-ware-project/./myApp/views.py", line 293, in recommend_question
    uid = int(request.GET.get('uid'))
TypeError: int() argument must be a string, a bytes-like object or a number, not 'NoneType'
[pid: 4731|app: 0|req: 466/465] 219.239.227.231 () {42 vars in 965 bytes} [Sat Jun 17 04:41:52 2023] GET /myApp/question/recommend/?tags=%5B%5D => generated 54296 bytes in 25 msecs (HTTP/1.1 500) 6 headers in 207 bytes (1 switches on core 1)
Internal Server Error: /myApp/question/recommend/
Traceback (most recent call last):
  File "/root/anaconda3/envs/software/lib/python3.9/site-packages/django/core/handlers/exception.py", line 47, in inner
    response = get_response(request)
  File "/root/anaconda3/envs/software/lib/python3.9/site-packages/django/core/handlers/base.py", line 181, in _get_response
    response = wrapped_callback(request, *callback_args, **callback_kwargs)
  File "/home/ourProject/soft-ware-project/./myApp/views.py", line 293, in recommend_question
    uid = int(request.GET.get('uid'))
TypeError: int() argument must be a string, a bytes-like object or a number, not 'NoneType'
[pid: 4731|app: 0|req: 467/466] 219.239.227.231 () {42 vars in 965 bytes} [Sat Jun 17 04:41:52 2023] GET /myApp/question/recommend/?tags=%5B%5D => generated 54296 bytes in 42 msecs (HTTP/1.1 500) 6 headers in 207 bytes (1 switches on core 0)
otjFq5Y9GFfbIiTp-tgFnOXLgznw
['二手', '情感', '航学']
[27]
[8, 133, 78]
[pid: 4731|app: 0|req: 467/467] 219.239.227.231 () {42 vars in 1005 bytes} [Sat Jun 17 04:41:52 2023] GET /myApp/user/profile/?code=0a17UC1w3ph6P03zYD0w3PwuY247UC1a => generated 503 bytes in 251 msecs (HTTP/1.1 200) 6 headers in 185 bytes (1 switches on core 1)
-------------------------
Internal Server Error: /myApp/question/recommend/
Traceback (most recent call last):
  File "/root/anaconda3/envs/software/lib/python3.9/site-packages/django/core/handlers/exception.py", line 47, in inner
    response = get_response(request)
  File "/root/anaconda3/envs/software/lib/python3.9/site-packages/django/core/handlers/base.py", line 181, in _get_response
    response = wrapped_callback(request, *callback_args, **callback_kwargs)
  File "/home/ourProject/soft-ware-project/./myApp/views.py", line 293, in recommend_question
    uid = int(request.GET.get('uid'))
TypeError: int() argument must be a string, a bytes-like object or a number, not 'NoneType'
[pid: 4731|app: 0|req: 468/468] 219.239.227.231 () {42 vars in 1121 bytes} [Sat Jun 17 04:41:55 2023] GET /myApp/question/recommend/?tags=%5B%22%E4%BA%8C%E6%89%8B%22%2C%22%E6%83%85%E6%84%9F%22%2C%22%E8%88%AA%E5%AD%A6%22%5D => generated 54898 bytes in 16 msecs (HTTP/1.1 500) 6 headers in 207 bytes (1 switches on core 0)
-----in hot----
[pid: 4731|app: 0|req: 469/469] 219.239.227.231 () {42 vars in 930 bytes} [Sat Jun 17 04:41:57 2023] GET /myApp/question/hot/ => generated 5330 bytes in 11 msecs (HTTP/1.1 200) 6 headers in 186 bytes (1 switches on core 1)
-------------------------
Internal Server Error: /myApp/question/recommend/
Traceback (most recent call last):
  File "/root/anaconda3/envs/software/lib/python3.9/site-packages/django/core/handlers/exception.py", line 47, in inner
    response = get_response(request)
  File "/root/anaconda3/envs/software/lib/python3.9/site-packages/django/core/handlers/base.py", line 181, in _get_response
    response = wrapped_callback(request, *callback_args, **callback_kwargs)
  File "/home/ourProject/soft-ware-project/./myApp/views.py", line 293, in recommend_question
    uid = int(request.GET.get('uid'))
TypeError: int() argument must be a string, a bytes-like object or a number, not 'NoneType'
[pid: 4731|app: 0|req: 470/470] 219.239.227.231 () {42 vars in 1121 bytes} [Sat Jun 17 04:41:57 2023] GET /myApp/question/recommend/?tags=%5B%22%E4%BA%8C%E6%89%8B%22%2C%22%E6%83%85%E6%84%9F%22%2C%22%E8%88%AA%E5%AD%A6%22%5D => generated 54898 bytes in 16 msecs (HTTP/1.1 500) 6 headers in 207 bytes (1 switches on core 0)
[pid: 4731|app: 0|req: 471/471] 219.239.227.231 () {42 vars in 1009 bytes} [Sat Jun 17 04:41:58 2023] GET /myApp/question/sort/?tag=%E6%B1%82%E8%81%8C&sortBy=ClikeNum => generated 3821 bytes in 8 msecs (HTTP/1.1 200) 6 headers in 186 bytes (1 switches on core 1)
Not Found: /actuator/health
[pid: 4731|app: 0|req: 472/472] 192.241.206.81 () {36 vars in 440 bytes} [Sat Jun 17 06:15:48 2023] GET /actuator/health => generated 2124 bytes in 2 msecs (HTTP/1.1 404) 6 headers in 186 bytes (1 switches on core 0)
Not Found: /
[pid: 4731|app: 0|req: 473/473] 184.105.139.67 () {36 vars in 506 bytes} [Sat Jun 17 07:05:14 2023] GET / => generated 2061 bytes in 2 msecs (HTTP/1.1 404) 6 headers in 186 bytes (1 switches on core 1)
Not Found: /favicon.ico
[pid: 4731|app: 0|req: 474/474] 184.105.139.67 () {36 vars in 517 bytes} [Sat Jun 17 07:13:15 2023] GET /favicon.ico => generated 2112 bytes in 3 msecs (HTTP/1.1 404) 6 headers in 186 bytes (1 switches on core 0)
Not Found: /
[pid: 4731|app: 0|req: 475/475] 184.105.139.67 () {36 vars in 505 bytes} [Sat Jun 17 07:15:01 2023] GET / => generated 2061 bytes in 2 msecs (HTTP/1.1 404) 6 headers in 186 bytes (1 switches on core 1)
Not Found: /geoserver/web/
[pid: 4731|app: 0|req: 476/476] 184.105.139.67 () {36 vars in 527 bytes} [Sat Jun 17 07:18:07 2023] GET /geoserver/web/ => generated 2121 bytes in 2 msecs (HTTP/1.1 404) 6 headers in 186 bytes (1 switches on core 0)
Not Found: /.git/config
[pid: 4731|app: 0|req: 477/477] 184.105.139.67 () {36 vars in 540 bytes} [Sat Jun 17 07:19:18 2023] GET /.git/config => generated 2112 bytes in 2 msecs (HTTP/1.1 404) 6 headers in 186 bytes (1 switches on core 1)
Not Found: /
[pid: 4731|app: 0|req: 478/478] 172.104.11.4 () {36 vars in 500 bytes} [Sat Jun 17 09:22:18 2023] GET / => generated 2061 bytes in 2 msecs (HTTP/1.1 404) 6 headers in 186 bytes (1 switches on core 0)
-------------------------
-------------------------
Internal Server Error: /myApp/question/recommend/
Traceback (most recent call last):
  File "/root/anaconda3/envs/software/lib/python3.9/site-packages/django/core/handlers/exception.py", line 47, in inner
    response = get_response(request)
  File "/root/anaconda3/envs/software/lib/python3.9/site-packages/django/core/handlers/base.py", line 181, in _get_response
    response = wrapped_callback(request, *callback_args, **callback_kwargs)
  File "/home/ourProject/soft-ware-project/./myApp/views.py", line 293, in recommend_question
    uid = int(request.GET.get('uid'))
TypeError: int() argument must be a string, a bytes-like object or a number, not 'NoneType'
Internal Server Error: /myApp/question/recommend/
Traceback (most recent call last):
  File "/root/anaconda3/envs/software/lib/python3.9/site-packages/django/core/handlers/exception.py", line 47, in inner
    response = get_response(request)
  File "/root/anaconda3/envs/software/lib/python3.9/site-packages/django/core/handlers/base.py", line 181, in _get_response
    response = wrapped_callback(request, *callback_args, **callback_kwargs)
  File "/home/ourProject/soft-ware-project/./myApp/views.py", line 293, in recommend_question
    uid = int(request.GET.get('uid'))
TypeError: int() argument must be a string, a bytes-like object or a number, not 'NoneType'
[pid: 4731|app: 0|req: 480/479] 223.104.41.24 () {42 vars in 964 bytes} [Sat Jun 17 10:30:37 2023] GET /myApp/question/recommend/?tags=%5B%5D => generated 54295 bytes in 32 msecs (HTTP/1.1 500) 6 headers in 207 bytes (1 switches on core 1)
[pid: 4731|app: 0|req: 480/480] 223.104.41.24 () {42 vars in 964 bytes} [Sat Jun 17 10:30:37 2023] GET /myApp/question/recommend/?tags=%5B%5D => generated 54295 bytes in 32 msecs (HTTP/1.1 500) 6 headers in 207 bytes (1 switches on core 0)
otjFq5WU3S5Fx7mHdini-yjwDQ38
['情感', 'TD', '航学', '好物']
[]
[84, 129, 124, 8]
[pid: 4731|app: 0|req: 481/481] 223.104.41.24 () {42 vars in 1004 bytes} [Sat Jun 17 10:30:37 2023] GET /myApp/user/profile/?code=0d1r7H1w3AgkP03GUl1w3UGQzA3r7H1G => generated 538 bytes in 174 msecs (HTTP/1.1 200) 6 headers in 185 bytes (1 switches on core 1)
-------------------------
Internal Server Error: /myApp/question/recommend/
Traceback (most recent call last):
  File "/root/anaconda3/envs/software/lib/python3.9/site-packages/django/core/handlers/exception.py", line 47, in inner
    response = get_response(request)
  File "/root/anaconda3/envs/software/lib/python3.9/site-packages/django/core/handlers/base.py", line 181, in _get_response
    response = wrapped_callback(request, *callback_args, **callback_kwargs)
  File "/home/ourProject/soft-ware-project/./myApp/views.py", line 293, in recommend_question
    uid = int(request.GET.get('uid'))
TypeError: int() argument must be a string, a bytes-like object or a number, not 'NoneType'
[pid: 4731|app: 0|req: 482/482] 223.104.41.24 () {42 vars in 1142 bytes} [Sat Jun 17 10:30:40 2023] GET /myApp/question/recommend/?tags=%5B%22%E6%83%85%E6%84%9F%22%2C%22TD%22%2C%22%E8%88%AA%E5%AD%A6%22%2C%22%E5%A5%BD%E7%89%A9%22%5D => generated 54989 bytes in 16 msecs (HTTP/1.1 500) 6 headers in 207 bytes (1 switches on core 0)
[pid: 4731|app: 0|req: 483/483] 223.104.41.24 () {42 vars in 1008 bytes} [Sat Jun 17 10:30:41 2023] GET /myApp/question/sort/?tag=%E6%B1%82%E8%81%8C&sortBy=ClikeNum => generated 3821 bytes in 8 msecs (HTTP/1.1 200) 6 headers in 186 bytes (1 switches on core 1)
[pid: 4731|app: 0|req: 484/484] 223.104.41.24 () {42 vars in 1008 bytes} [Sat Jun 17 10:30:42 2023] GET /myApp/question/sort/?tag=%E8%80%83%E7%A0%94&sortBy=ClikeNum => generated 2401 bytes in 7 msecs (HTTP/1.1 200) 6 headers in 186 bytes (1 switches on core 0)
[pid: 4731|app: 0|req: 485/485] 223.104.41.24 () {42 vars in 1008 bytes} [Sat Jun 17 10:30:42 2023] GET /myApp/question/sort/?tag=%E8%80%83%E7%A0%94&sortBy=ClikeNum => generated 2401 bytes in 7 msecs (HTTP/1.1 200) 6 headers in 186 bytes (1 switches on core 1)
[pid: 4731|app: 0|req: 486/486] 223.104.41.24 () {42 vars in 1008 bytes} [Sat Jun 17 10:30:44 2023] GET /myApp/question/sort/?tag=%E8%80%83%E7%A0%94&sortBy=ClikeNum => generated 2401 bytes in 7 msecs (HTTP/1.1 200) 6 headers in 186 bytes (1 switches on core 0)
[pid: 4731|app: 0|req: 487/487] 223.104.41.24 () {42 vars in 1008 bytes} [Sat Jun 17 10:30:45 2023] GET /myApp/question/sort/?tag=%E4%BF%9D%E7%A0%94&sortBy=ClikeNum => generated 12 bytes in 3 msecs (HTTP/1.1 200) 6 headers in 184 bytes (1 switches on core 1)
[pid: 4731|app: 0|req: 488/488] 223.104.41.24 () {42 vars in 1008 bytes} [Sat Jun 17 10:30:46 2023] GET /myApp/question/sort/?tag=%E6%8C%87%E5%8D%97&sortBy=ClikeNum => generated 17960 bytes in 26 msecs (HTTP/1.1 200) 6 headers in 187 bytes (1 switches on core 0)
[pid: 4731|app: 0|req: 489/489] 223.104.41.24 () {42 vars in 1008 bytes} [Sat Jun 17 10:30:46 2023] GET /myApp/question/sort/?tag=%E6%B4%BB%E5%8A%A8&sortBy=ClikeNum => generated 22167 bytes in 31 msecs (HTTP/1.1 200) 6 headers in 187 bytes (1 switches on core 1)
[pid: 4731|app: 0|req: 490/490] 223.104.41.24 () {42 vars in 1008 bytes} [Sat Jun 17 10:30:48 2023] GET /myApp/question/sort/?tag=%E5%A4%B1%E6%8B%9B&sortBy=ClikeNum => generated 1644 bytes in 7 msecs (HTTP/1.1 200) 6 headers in 186 bytes (1 switches on core 0)
[pid: 4731|app: 0|req: 491/491] 223.104.41.24 () {42 vars in 1008 bytes} [Sat Jun 17 10:30:48 2023] GET /myApp/question/sort/?tag=%E5%A4%B1%E6%8B%9B&sortBy=ClikeNum => generated 1644 bytes in 6 msecs (HTTP/1.1 200) 6 headers in 186 bytes (1 switches on core 1)
into
into
-----qid----------
63
-----qid----------
63
[pid: 4731|app: 0|req: 493/492] 223.104.41.24 () {42 vars in 944 bytes} [Sat Jun 17 10:30:50 2023] GET /myApp/question/show/?qid=63 => generated 36 bytes in 11 msecs (HTTP/1.1 200) 6 headers in 184 bytes (1 switches on core 1)
[pid: 4731|app: 0|req: 493/493] 223.104.41.24 () {42 vars in 944 bytes} [Sat Jun 17 10:30:50 2023] GET /myApp/question/show/?qid=63 => generated 36 bytes in 11 msecs (HTTP/1.1 200) 6 headers in 184 bytes (1 switches on core 0)
[pid: 4731|app: 0|req: 494/494] 223.104.41.24 () {42 vars in 1008 bytes} [Sat Jun 17 10:30:52 2023] GET /myApp/question/sort/?tag=%E5%A4%B1%E6%8B%9B&sortBy=ClikeNum => generated 1644 bytes in 6 msecs (HTTP/1.1 200) 6 headers in 186 bytes (1 switches on core 1)
[pid: 4731|app: 0|req: 495/495] 223.104.41.24 () {42 vars in 1008 bytes} [Sat Jun 17 10:36:16 2023] GET /myApp/question/sort/?tag=%E5%A4%B1%E6%8B%9B&sortBy=ClikeNum => generated 1644 bytes in 7 msecs (HTTP/1.1 200) 6 headers in 186 bytes (1 switches on core 0)
Not Found: /
[pid: 4731|app: 0|req: 496/496] 183.136.225.32 () {36 vars in 476 bytes} [Sat Jun 17 11:26:13 2023] GET / => generated 2065 bytes in 2 msecs (HTTP/1.1 404) 6 headers in 186 bytes (1 switches on core 1)
Not Found: /
[pid: 4731|app: 0|req: 497/497] 183.136.225.32 () {38 vars in 537 bytes} [Sat Jun 17 11:37:38 2023] GET / => generated 2065 bytes in 2 msecs (HTTP/1.1 404) 6 headers in 186 bytes (1 switches on core 0)
Not Found: /favicon.ico
[pid: 4731|app: 0|req: 498/498] 183.136.225.32 () {38 vars in 559 bytes} [Sat Jun 17 11:37:39 2023] GET /favicon.ico => generated 2116 bytes in 2 msecs (HTTP/1.1 404) 6 headers in 186 bytes (1 switches on core 1)
Not Found: /
[pid: 4731|app: 0|req: 499/499] 54.164.172.162 () {38 vars in 537 bytes} [Sat Jun 17 13:02:50 2023] GET / => generated 2061 bytes in 2 msecs (HTTP/1.1 404) 6 headers in 186 bytes (1 switches on core 0)
Not Found: /
[pid: 4731|app: 0|req: 500/500] 167.94.138.35 () {36 vars in 458 bytes} [Sat Jun 17 13:54:54 2023] GET / => generated 2061 bytes in 2 msecs (HTTP/1.1 404) 6 headers in 186 bytes (1 switches on core 1)
Not Found: /owa/auth/logon.aspx
[pid: 4731|app: 0|req: 501/501] 162.243.140.41 () {36 vars in 505 bytes} [Sat Jun 17 14:17:16 2023] GET /owa/auth/logon.aspx?url=https%3a%2f%2f1%2fecp%2f => generated 2165 bytes in 2 msecs (HTTP/1.1 404) 6 headers in 186 bytes (1 switches on core 0)
Not Found: /
[pid: 4731|app: 0|req: 502/502] 198.199.108.106 () {36 vars in 411 bytes} [Sat Jun 17 14:31:19 2023] GET / => generated 2061 bytes in 2 msecs (HTTP/1.1 404) 6 headers in 186 bytes (1 switches on core 1)
Not Found: /
[pid: 4731|app: 0|req: 503/503] 185.180.140.5 () {36 vars in 503 bytes} [Sat Jun 17 16:49:01 2023] GET / => generated 2061 bytes in 2 msecs (HTTP/1.1 404) 6 headers in 186 bytes (1 switches on core 0)
Not Found: /version
[pid: 4731|app: 0|req: 504/504] 192.241.198.19 () {36 vars in 424 bytes} [Sat Jun 17 18:45:55 2023] GET /version => generated 2100 bytes in 2 msecs (HTTP/1.1 404) 6 headers in 186 bytes (1 switches on core 1)
Not Found: /favicon.ico
[pid: 4731|app: 0|req: 505/505] 45.156.128.7 () {36 vars in 524 bytes} [Sat Jun 17 21:16:21 2023] GET /favicon.ico => generated 2112 bytes in 2 msecs (HTTP/1.1 404) 6 headers in 186 bytes (1 switches on core 0)
Not Found: /
[pid: 4731|app: 0|req: 506/506] 167.248.133.126 () {30 vars in 329 bytes} [Sat Jun 17 21:27:04 2023] GET / => generated 2065 bytes in 2 msecs (HTTP/1.1 404) 6 headers in 186 bytes (1 switches on core 1)
Not Found: /
[pid: 4731|app: 0|req: 507/507] 167.248.133.126 () {36 vars in 460 bytes} [Sat Jun 17 21:27:04 2023] GET / => generated 2061 bytes in 2 msecs (HTTP/1.1 404) 6 headers in 186 bytes (1 switches on core 0)
Not Found: /
[pid: 4731|app: 0|req: 508/508] 35.90.176.78 () {38 vars in 556 bytes} [Sat Jun 17 23:36:24 2023] GET / => generated 2061 bytes in 2 msecs (HTTP/1.1 404) 6 headers in 186 bytes (1 switches on core 1)
Not Found: /autodiscover/autodiscover.json
[pid: 4731|app: 0|req: 509/509] 107.170.236.16 () {36 vars in 501 bytes} [Sat Jun 17 23:38:28 2023] GET /autodiscover/autodiscover.json?@zdi/Powershell => generated 2185 bytes in 2 msecs (HTTP/1.1 404) 6 headers in 186 bytes (1 switches on core 0)
Not Found: /
[pid: 4731|app: 0|req: 510/510] 35.90.176.78 () {38 vars in 525 bytes} [Sat Jun 17 23:42:52 2023] GET / => generated 2061 bytes in 2 msecs (HTTP/1.1 404) 6 headers in 186 bytes (1 switches on core 1)
Not Found: /
[pid: 4731|app: 0|req: 511/511] 34.78.249.41 () {44 vars in 578 bytes} [Sun Jun 18 02:08:28 2023] GET / => generated 2061 bytes in 3 msecs (HTTP/1.1 404) 6 headers in 186 bytes (1 switches on core 0)
Not Found: /favicon.ico
[pid: 4731|app: 0|req: 512/512] 185.180.143.6 () {36 vars in 525 bytes} [Sun Jun 18 03:39:57 2023] GET /favicon.ico => generated 2112 bytes in 2 msecs (HTTP/1.1 404) 6 headers in 186 bytes (1 switches on core 1)
Not Found: /
[pid: 4731|app: 0|req: 513/513] 216.218.206.68 () {36 vars in 506 bytes} [Sun Jun 18 04:04:32 2023] GET / => generated 2061 bytes in 2 msecs (HTTP/1.1 404) 6 headers in 186 bytes (1 switches on core 0)
Not Found: /favicon.ico
[pid: 4731|app: 0|req: 514/514] 216.218.206.68 () {36 vars in 540 bytes} [Sun Jun 18 04:14:14 2023] GET /favicon.ico => generated 2112 bytes in 2 msecs (HTTP/1.1 404) 6 headers in 186 bytes (1 switches on core 1)
Not Found: /dns-query
[pid: 4731|app: 0|req: 515/515] 216.218.206.68 () {36 vars in 626 bytes} [Sun Jun 18 04:14:35 2023] GET /dns-query?name=dnsscan.shadowserver.org&type=A => generated 2147 bytes in 2 msecs (HTTP/1.1 404) 6 headers in 186 bytes (1 switches on core 0)
Not Found: /
[pid: 4731|app: 0|req: 516/516] 216.218.206.68 () {36 vars in 506 bytes} [Sun Jun 18 04:15:16 2023] GET / => generated 2061 bytes in 2 msecs (HTTP/1.1 404) 6 headers in 186 bytes (1 switches on core 1)
Not Found: /geoserver/web/
[pid: 4731|app: 0|req: 517/517] 216.218.206.68 () {36 vars in 497 bytes} [Sun Jun 18 04:18:29 2023] GET /geoserver/web/ => generated 2121 bytes in 2 msecs (HTTP/1.1 404) 6 headers in 186 bytes (1 switches on core 0)
Not Found: /
[pid: 4731|app: 0|req: 518/518] 106.3.146.202 () {40 vars in 732 bytes} [Sun Jun 18 06:13:42 2023] GET / => generated 2061 bytes in 2 msecs (HTTP/1.1 404) 6 headers in 186 bytes (1 switches on core 1)
Not Found: /
[pid: 4731|app: 0|req: 519/519] 106.3.146.202 () {40 vars in 761 bytes} [Sun Jun 18 06:13:45 2023] GET / => generated 2061 bytes in 2 msecs (HTTP/1.1 404) 6 headers in 186 bytes (1 switches on core 0)
Not Found: /favicon.ico
[pid: 4731|app: 0|req: 520/520] 106.3.146.202 () {40 vars in 754 bytes} [Sun Jun 18 06:13:48 2023] GET /favicon.ico => generated 2112 bytes in 2 msecs (HTTP/1.1 404) 6 headers in 186 bytes (1 switches on core 1)
Not Found: /favicon.ico
[pid: 4731|app: 0|req: 521/521] 106.3.146.202 () {40 vars in 783 bytes} [Sun Jun 18 06:13:51 2023] GET /favicon.ico => generated 2112 bytes in 2 msecs (HTTP/1.1 404) 6 headers in 186 bytes (1 switches on core 0)
Not Found: /
[pid: 4731|app: 0|req: 522/522] 167.94.146.57 () {30 vars in 327 bytes} [Sun Jun 18 06:24:51 2023] GET / => generated 2065 bytes in 2 msecs (HTTP/1.1 404) 6 headers in 186 bytes (1 switches on core 1)
Not Found: /
[pid: 4731|app: 0|req: 523/523] 167.94.146.57 () {36 vars in 458 bytes} [Sun Jun 18 06:24:52 2023] GET / => generated 2061 bytes in 2 msecs (HTTP/1.1 404) 6 headers in 186 bytes (1 switches on core 0)
Invalid HTTP_HOST header: '[2407:c080:17ef:ffff::7274:db9d]'. You may need to add '[2407:c080:17ef:ffff::7274:db9d]' to ALLOWED_HOSTS.
Bad Request: /
[pid: 4731|app: 0|req: 524/524] 198.19.80.239 () {36 vars in 515 bytes} [Sun Jun 18 07:45:36 2023] GET / => generated 58003 bytes in 16 msecs (HTTP/1.1 400) 5 headers in 166 bytes (1 switches on core 1)
Invalid HTTP_HOST header: '[2407:c080:17ef:ffff::7274:db9d]'. You may need to add '[2407:c080:17ef:ffff::7274:db9d]' to ALLOWED_HOSTS.
Bad Request: /
[pid: 4731|app: 0|req: 525/525] 198.19.0.239 () {36 vars in 514 bytes} [Sun Jun 18 07:45:37 2023] GET / => generated 58002 bytes in 16 msecs (HTTP/1.1 400) 5 headers in 166 bytes (1 switches on core 0)
Invalid HTTP_HOST header: '[2407:c080:17ef:ffff::7274:db9d]'. You may need to add '[2407:c080:17ef:ffff::7274:db9d]' to ALLOWED_HOSTS.
Bad Request: /
[pid: 4731|app: 0|req: 526/526] 198.19.80.239 () {36 vars in 515 bytes} [Sun Jun 18 07:45:40 2023] GET / => generated 58003 bytes in 16 msecs (HTTP/1.1 400) 5 headers in 166 bytes (1 switches on core 1)
Invalid HTTP_HOST header: '[2407:c080:17ef:ffff::7274:db9d]'. You may need to add '[2407:c080:17ef:ffff::7274:db9d]' to ALLOWED_HOSTS.
Bad Request: /
[pid: 4731|app: 0|req: 527/527] 198.19.0.239 () {36 vars in 514 bytes} [Sun Jun 18 07:45:47 2023] GET / => generated 58002 bytes in 16 msecs (HTTP/1.1 400) 5 headers in 166 bytes (1 switches on core 0)
Not Found: /
[pid: 4731|app: 0|req: 528/528] 159.223.12.224 () {40 vars in 521 bytes} [Sun Jun 18 08:07:36 2023] GET / => generated 2061 bytes in 2 msecs (HTTP/1.1 404) 6 headers in 186 bytes (1 switches on core 1)
Not Found: /
[pid: 4731|app: 0|req: 529/529] 87.236.176.158 () {38 vars in 498 bytes} [Sun Jun 18 08:17:26 2023] GET / => generated 2061 bytes in 4 msecs (HTTP/1.1 404) 6 headers in 186 bytes (1 switches on core 0)
Not Found: /RDWeb
[pid: 4731|app: 0|req: 530/530] 165.22.237.143 () {36 vars in 530 bytes} [Sun Jun 18 08:32:23 2023] GET /RDWeb => generated 2098 bytes in 2 msecs (HTTP/1.1 404) 6 headers in 186 bytes (1 switches on core 1)
Not Found: /Remote
[pid: 4731|app: 0|req: 531/531] 165.22.237.143 () {36 vars in 532 bytes} [Sun Jun 18 08:32:23 2023] GET /Remote => generated 2101 bytes in 2 msecs (HTTP/1.1 404) 6 headers in 186 bytes (1 switches on core 0)
Not Found: /
[pid: 4731|app: 0|req: 532/532] 165.22.237.143 () {36 vars in 520 bytes} [Sun Jun 18 08:32:25 2023] GET / => generated 2065 bytes in 2 msecs (HTTP/1.1 404) 6 headers in 186 bytes (1 switches on core 1)
Not Found: /
[pid: 4731|app: 0|req: 533/533] 162.216.150.34 () {32 vars in 616 bytes} [Sun Jun 18 08:48:39 2023] GET / => generated 2065 bytes in 2 msecs (HTTP/1.1 404) 6 headers in 186 bytes (1 switches on core 0)
Not Found: /
[pid: 4731|app: 0|req: 534/534] 223.111.175.18 () {34 vars in 371 bytes} [Sun Jun 18 09:30:08 2023] GET / => generated 2060 bytes in 2 msecs (HTTP/1.1 404) 6 headers in 186 bytes (1 switches on core 1)
Not Found: /.git/config
[pid: 4731|app: 0|req: 535/535] 92.118.39.109 () {38 vars in 530 bytes} [Sun Jun 18 10:00:02 2023] GET /.git/config => generated 2112 bytes in 2 msecs (HTTP/1.1 404) 6 headers in 186 bytes (1 switches on core 0)
Not Found: /
[pid: 4731|app: 0|req: 536/536] 106.75.6.90 () {38 vars in 540 bytes} [Sun Jun 18 10:17:23 2023] GET / => generated 2061 bytes in 2 msecs (HTTP/1.1 404) 6 headers in 186 bytes (1 switches on core 1)
Not Found: /
[pid: 4731|app: 0|req: 537/537] 106.75.101.67 () {40 vars in 669 bytes} [Sun Jun 18 10:30:25 2023] GET / => generated 2060 bytes in 2 msecs (HTTP/1.1 404) 6 headers in 186 bytes (1 switches on core 0)
Not Found: /favicon.ico
[pid: 4731|app: 0|req: 538/538] 106.75.101.67 () {40 vars in 690 bytes} [Sun Jun 18 10:30:25 2023] GET /favicon.ico => generated 2111 bytes in 2 msecs (HTTP/1.1 404) 6 headers in 186 bytes (1 switches on core 1)
Not Found: /robots.txt
[pid: 4731|app: 0|req: 539/539] 106.75.101.67 () {40 vars in 703 bytes} [Sun Jun 18 10:30:26 2023] GET /robots.txt => generated 2108 bytes in 2 msecs (HTTP/1.1 404) 6 headers in 186 bytes (1 switches on core 0)
Not Found: /sitemap.xml
[pid: 4731|app: 0|req: 540/540] 106.75.101.67 () {40 vars in 700 bytes} [Sun Jun 18 10:30:26 2023] GET /sitemap.xml => generated 2111 bytes in 2 msecs (HTTP/1.1 404) 6 headers in 186 bytes (1 switches on core 1)
Not Found: /
[pid: 4731|app: 0|req: 541/541] 172.105.128.11 () {36 vars in 503 bytes} [Sun Jun 18 11:16:30 2023] GET / => generated 2061 bytes in 2 msecs (HTTP/1.1 404) 6 headers in 186 bytes (1 switches on core 0)
Not Found: /
[pid: 4731|app: 0|req: 542/542] 39.100.66.191 () {30 vars in 323 bytes} [Sun Jun 18 11:37:04 2023] GET / => generated 2061 bytes in 2 msecs (HTTP/1.0 404) 6 headers in 186 bytes (1 switches on core 1)
Not Found: /
[pid: 4731|app: 0|req: 543/543] 39.100.66.191 () {40 vars in 699 bytes} [Sun Jun 18 11:37:10 2023] GET / => generated 2065 bytes in 2 msecs (HTTP/1.1 404) 6 headers in 186 bytes (1 switches on core 0)
Not Found: /sitemap.xml
Not Found: /robots.txt
[pid: 4731|app: 0|req: 545/544] 39.100.66.191 () {32 vars in 376 bytes} [Sun Jun 18 11:37:18 2023] GET /sitemap.xml => generated 2116 bytes in 7 msecs (HTTP/1.1 404) 6 headers in 186 bytes (1 switches on core 1)
[pid: 4731|app: 0|req: 545/545] 39.100.66.191 () {32 vars in 374 bytes} [Sun Jun 18 11:37:18 2023] GET /robots.txt => generated 2113 bytes in 6 msecs (HTTP/1.1 404) 6 headers in 186 bytes (1 switches on core 0)
Not Found: /
[pid: 4731|app: 0|req: 546/546] 167.94.138.50 () {30 vars in 327 bytes} [Sun Jun 18 11:40:37 2023] GET / => generated 2065 bytes in 2 msecs (HTTP/1.1 404) 6 headers in 186 bytes (1 switches on core 1)
Not Found: /
[pid: 4731|app: 0|req: 547/547] 167.94.138.50 () {36 vars in 458 bytes} [Sun Jun 18 11:40:37 2023] GET / => generated 2061 bytes in 2 msecs (HTTP/1.1 404) 6 headers in 186 bytes (1 switches on core 0)
Not Found: /
[pid: 4731|app: 0|req: 548/548] 128.14.209.162 () {36 vars in 504 bytes} [Sun Jun 18 13:35:10 2023] GET / => generated 2061 bytes in 2 msecs (HTTP/1.1 404) 6 headers in 186 bytes (1 switches on core 1)
Not Found: /owa/auth/logon.aspx
[pid: 4731|app: 0|req: 549/549] 192.241.195.226 () {36 vars in 506 bytes} [Sun Jun 18 14:16:48 2023] GET /owa/auth/logon.aspx?url=https%3a%2f%2f1%2fecp%2f => generated 2165 bytes in 2 msecs (HTTP/1.1 404) 6 headers in 186 bytes (1 switches on core 0)
Not Found: /
[pid: 4731|app: 0|req: 550/550] 107.170.241.36 () {36 vars in 410 bytes} [Sun Jun 18 14:34:58 2023] GET / => generated 2061 bytes in 3 msecs (HTTP/1.1 404) 6 headers in 186 bytes (1 switches on core 1)
Not Found: /
[pid: 4731|app: 0|req: 551/551] 182.42.121.213 () {28 vars in 300 bytes} [Sun Jun 18 16:27:31 2023] OPTIONS / => generated 2064 bytes in 2 msecs (HTTP/1.0 404) 6 headers in 186 bytes (1 switches on core 0)
Not Found: /
[pid: 4731|app: 0|req: 552/552] 182.42.121.213 () {38 vars in 481 bytes} [Sun Jun 18 16:28:06 2023] GET / => generated 2061 bytes in 2 msecs (HTTP/1.1 404) 6 headers in 186 bytes (1 switches on core 1)
Not Found: /
[pid: 4731|app: 0|req: 553/553] 206.189.140.181 () {36 vars in 501 bytes} [Sun Jun 18 17:07:28 2023] GET / => generated 2061 bytes in 2 msecs (HTTP/1.1 404) 6 headers in 186 bytes (1 switches on core 0)
Not Found: /t4
[pid: 4731|app: 0|req: 554/554] 206.189.140.181 () {36 vars in 405 bytes} [Sun Jun 18 17:07:30 2023] GET /t4 => generated 2085 bytes in 2 msecs (HTTP/1.1 404) 6 headers in 186 bytes (1 switches on core 1)
Not Found: /favicon.ico
[pid: 4731|app: 0|req: 555/555] 206.189.140.181 () {36 vars in 523 bytes} [Sun Jun 18 17:07:32 2023] GET /favicon.ico => generated 2112 bytes in 2 msecs (HTTP/1.1 404) 6 headers in 186 bytes (1 switches on core 0)
Not Found: /
[pid: 4731|app: 0|req: 556/556] 206.189.140.181 () {40 vars in 583 bytes} [Sun Jun 18 17:07:33 2023] GET / => generated 2061 bytes in 2 msecs (HTTP/1.1 404) 6 headers in 186 bytes (1 switches on core 1)
Not Found: /
[pid: 4731|app: 0|req: 557/557] 106.75.164.148 () {36 vars in 417 bytes} [Sun Jun 18 18:04:33 2023] GET / => generated 2065 bytes in 2 msecs (HTTP/1.1 404) 6 headers in 186 bytes (1 switches on core 0)
Not Found: /
[pid: 4731|app: 0|req: 558/558] 156.146.55.163 () {44 vars in 832 bytes} [Sun Jun 18 19:14:49 2023] GET / => generated 2061 bytes in 2 msecs (HTTP/1.1 404) 6 headers in 181 bytes (1 switches on core 1)
Not Found: /
[pid: 4731|app: 0|req: 559/559] 156.146.55.163 () {42 vars in 803 bytes} [Sun Jun 18 19:14:49 2023] GET / => generated 2061 bytes in 2 msecs (HTTP/1.1 404) 6 headers in 181 bytes (1 switches on core 0)
Not Found: /favicon.ico
[pid: 4731|app: 0|req: 560/560] 45.156.129.7 () {36 vars in 524 bytes} [Sun Jun 18 20:13:35 2023] GET /favicon.ico => generated 2112 bytes in 2 msecs (HTTP/1.1 404) 6 headers in 186 bytes (1 switches on core 1)
Not Found: /actuator/health
[pid: 4731|app: 0|req: 561/561] 192.241.224.18 () {36 vars in 440 bytes} [Sun Jun 18 20:47:23 2023] GET /actuator/health => generated 2124 bytes in 2 msecs (HTTP/1.1 404) 6 headers in 186 bytes (1 switches on core 0)
Not Found: /owa/auth/logon.aspx
[pid: 4731|app: 0|req: 562/562] 162.243.133.12 () {36 vars in 448 bytes} [Sun Jun 18 21:50:00 2023] GET /owa/auth/logon.aspx => generated 2136 bytes in 3 msecs (HTTP/1.1 404) 6 headers in 186 bytes (1 switches on core 1)
Not Found: /ecp/Current/exporttool/microsoft.exchange.ediscovery.exporttool.application
[pid: 4731|app: 0|req: 563/563] 198.199.97.240 () {36 vars in 560 bytes} [Sun Jun 18 21:50:47 2023] GET /ecp/Current/exporttool/microsoft.exchange.ediscovery.exporttool.application => generated 2304 bytes in 2 msecs (HTTP/1.1 404) 6 headers in 186 bytes (1 switches on core 0)
Not Found: /owa/auth/x.js
[pid: 4731|app: 0|req: 564/564] 107.170.252.8 () {38 vars in 570 bytes} [Sun Jun 18 21:53:06 2023] GET /owa/auth/x.js => generated 2118 bytes in 2 msecs (HTTP/1.1 404) 6 headers in 186 bytes (1 switches on core 1)
Not Found: /
[pid: 4731|app: 0|req: 565/565] 111.7.96.149 () {34 vars in 374 bytes} [Sun Jun 18 21:54:07 2023] GET / => generated 2065 bytes in 2 msecs (HTTP/1.1 404) 6 headers in 186 bytes (1 switches on core 0)
Not Found: /.env
[pid: 4731|app: 0|req: 566/566] 85.92.119.155 () {38 vars in 456 bytes} [Sun Jun 18 22:24:24 2023] GET /.env => generated 2091 bytes in 2 msecs (HTTP/1.1 404) 6 headers in 186 bytes (1 switches on core 1)
Not Found: /
[pid: 4731|app: 0|req: 567/567] 111.7.96.173 () {48 vars in 796 bytes} [Sun Jun 18 22:57:52 2023] GET / => generated 2060 bytes in 2 msecs (HTTP/1.1 404) 6 headers in 181 bytes (1 switches on core 0)
Not Found: /
[pid: 4731|app: 0|req: 568/568] 111.7.96.173 () {48 vars in 797 bytes} [Sun Jun 18 22:57:57 2023] GET / => generated 2061 bytes in 2 msecs (HTTP/1.1 404) 6 headers in 181 bytes (1 switches on core 1)
Not Found: /
[pid: 4731|app: 0|req: 569/569] 125.124.4.32 () {48 vars in 796 bytes} [Sun Jun 18 23:01:56 2023] GET / => generated 2060 bytes in 2 msecs (HTTP/1.1 404) 6 headers in 181 bytes (1 switches on core 0)
Not Found: /
[pid: 4731|app: 0|req: 570/570] 58.59.90.50 () {36 vars in 397 bytes} [Mon Jun 19 01:17:34 2023] GET / => generated 2061 bytes in 2 msecs (HTTP/1.1 404) 6 headers in 186 bytes (1 switches on core 1)
Not Found: /
[pid: 4731|app: 0|req: 571/571] 162.142.125.223 () {30 vars in 329 bytes} [Mon Jun 19 01:57:08 2023] GET / => generated 2065 bytes in 2 msecs (HTTP/1.1 404) 6 headers in 186 bytes (1 switches on core 0)
Not Found: /
[pid: 4731|app: 0|req: 572/572] 162.142.125.223 () {36 vars in 460 bytes} [Mon Jun 19 01:57:09 2023] GET / => generated 2061 bytes in 2 msecs (HTTP/1.1 404) 6 headers in 186 bytes (1 switches on core 1)
Not Found: /
[pid: 4731|app: 0|req: 573/573] 34.76.96.55 () {44 vars in 577 bytes} [Mon Jun 19 02:07:22 2023] GET / => generated 2061 bytes in 2 msecs (HTTP/1.1 404) 6 headers in 186 bytes (1 switches on core 0)
Not Found: /dana-na/nc/nc_gina_ver.txt
[pid: 4731|app: 0|req: 574/574] 104.248.152.208 () {36 vars in 573 bytes} [Mon Jun 19 03:59:00 2023] GET /dana-na/nc/nc_gina_ver.txt => generated 2161 bytes in 2 msecs (HTTP/1.1 404) 6 headers in 186 bytes (1 switches on core 1)
Not Found: /dana-cached/hc/HostCheckerInstaller.osx
[pid: 4731|app: 0|req: 575/575] 104.248.152.208 () {36 vars in 599 bytes} [Mon Jun 19 03:59:00 2023] GET /dana-cached/hc/HostCheckerInstaller.osx => generated 2200 bytes in 2 msecs (HTTP/1.1 404) 6 headers in 186 bytes (1 switches on core 0)
Not Found: /
[pid: 4731|app: 0|req: 576/576] 8.219.229.173 () {30 vars in 323 bytes} [Mon Jun 19 04:15:00 2023] GET / => generated 2061 bytes in 2 msecs (HTTP/1.0 404) 6 headers in 186 bytes (1 switches on core 1)
Invalid HTTP_HOST header: '0.0.0.0'. You may need to add '0.0.0.0' to ALLOWED_HOSTS.
Bad Request: /
[pid: 4731|app: 0|req: 577/577] 197.231.197.11 () {34 vars in 359 bytes} [Mon Jun 19 06:21:42 2023] GET / => generated 57254 bytes in 16 msecs (HTTP/1.0 400) 5 headers in 166 bytes (1 switches on core 0)
Not Found: /
[pid: 4731|app: 0|req: 578/578] 74.82.47.2 () {36 vars in 501 bytes} [Mon Jun 19 06:55:57 2023] GET / => generated 2061 bytes in 2 msecs (HTTP/1.1 404) 6 headers in 186 bytes (1 switches on core 1)
Not Found: /
[pid: 4731|app: 0|req: 579/579] 74.82.47.2 () {36 vars in 502 bytes} [Mon Jun 19 07:05:17 2023] GET / => generated 2061 bytes in 2 msecs (HTTP/1.1 404) 6 headers in 186 bytes (1 switches on core 0)
Not Found: /geoserver/web/
[pid: 4731|app: 0|req: 580/580] 74.82.47.2 () {36 vars in 483 bytes} [Mon Jun 19 07:08:23 2023] GET /geoserver/web/ => generated 2121 bytes in 2 msecs (HTTP/1.1 404) 6 headers in 186 bytes (1 switches on core 1)
Not Found: /.git/config
[pid: 4731|app: 0|req: 581/581] 74.82.47.2 () {36 vars in 487 bytes} [Mon Jun 19 07:09:30 2023] GET /.git/config => generated 2112 bytes in 3 msecs (HTTP/1.1 404) 6 headers in 186 bytes (1 switches on core 0)
Not Found: /
[pid: 4731|app: 0|req: 582/582] 34.118.128.97 () {30 vars in 327 bytes} [Mon Jun 19 07:14:13 2023] OPTIONS / => generated 2065 bytes in 2 msecs (HTTP/1.0 404) 6 headers in 186 bytes (1 switches on core 1)
-------------------------
-------------------------
Internal Server Error: /myApp/question/recommend/
Traceback (most recent call last):
  File "/root/anaconda3/envs/software/lib/python3.9/site-packages/django/core/handlers/exception.py", line 47, in inner
    response = get_response(request)
  File "/root/anaconda3/envs/software/lib/python3.9/site-packages/django/core/handlers/base.py", line 181, in _get_response
    response = wrapped_callback(request, *callback_args, **callback_kwargs)
  File "/home/ourProject/soft-ware-project/./myApp/views.py", line 293, in recommend_question
    uid = int(request.GET.get('uid'))
TypeError: int() argument must be a string, a bytes-like object or a number, not 'NoneType'
Internal Server Error: /myApp/question/recommend/
Traceback (most recent call last):
  File "/root/anaconda3/envs/software/lib/python3.9/site-packages/django/core/handlers/exception.py", line 47, in inner
    response = get_response(request)
  File "/root/anaconda3/envs/software/lib/python3.9/site-packages/django/core/handlers/base.py", line 181, in _get_response
    response = wrapped_callback(request, *callback_args, **callback_kwargs)
  File "/home/ourProject/soft-ware-project/./myApp/views.py", line 293, in recommend_question
    uid = int(request.GET.get('uid'))
TypeError: int() argument must be a string, a bytes-like object or a number, not 'NoneType'
[pid: 4731|app: 0|req: 584/583] 219.239.227.158 () {42 vars in 965 bytes} [Mon Jun 19 07:18:28 2023] GET /myApp/question/recommend/?tags=%5B%5D => generated 54296 bytes in 32 msecs (HTTP/1.1 500) 6 headers in 207 bytes (1 switches on core 0)
[pid: 4731|app: 0|req: 585/584] 219.239.227.158 () {42 vars in 965 bytes} [Mon Jun 19 07:18:28 2023] GET /myApp/question/recommend/?tags=%5B%5D => generated 54296 bytes in 34 msecs (HTTP/1.1 500) 6 headers in 207 bytes (1 switches on core 1)
otjFq5Y9GFfbIiTp-tgFnOXLgznw
['二手', '情感', '航学']
[27]
[8, 133, 78]
[pid: 4731|app: 0|req: 585/585] 219.239.227.158 () {42 vars in 1005 bytes} [Mon Jun 19 07:18:28 2023] GET /myApp/user/profile/?code=0a1IL8Ga1aiFwF0RXpHa1Fe7Ae2IL8GT => generated 503 bytes in 241 msecs (HTTP/1.1 200) 6 headers in 185 bytes (1 switches on core 0)
-------------------------
Internal Server Error: /myApp/question/recommend/
Traceback (most recent call last):
  File "/root/anaconda3/envs/software/lib/python3.9/site-packages/django/core/handlers/exception.py", line 47, in inner
    response = get_response(request)
  File "/root/anaconda3/envs/software/lib/python3.9/site-packages/django/core/handlers/base.py", line 181, in _get_response
    response = wrapped_callback(request, *callback_args, **callback_kwargs)
  File "/home/ourProject/soft-ware-project/./myApp/views.py", line 293, in recommend_question
    uid = int(request.GET.get('uid'))
TypeError: int() argument must be a string, a bytes-like object or a number, not 'NoneType'
[pid: 4731|app: 0|req: 586/586] 219.239.227.158 () {42 vars in 1121 bytes} [Mon Jun 19 07:18:31 2023] GET /myApp/question/recommend/?tags=%5B%22%E4%BA%8C%E6%89%8B%22%2C%22%E6%83%85%E6%84%9F%22%2C%22%E8%88%AA%E5%AD%A6%22%5D => generated 54898 bytes in 16 msecs (HTTP/1.1 500) 6 headers in 207 bytes (1 switches on core 1)
-----in hot----
[pid: 4731|app: 0|req: 587/587] 219.239.227.158 () {42 vars in 930 bytes} [Mon Jun 19 07:18:31 2023] GET /myApp/question/hot/ => generated 5330 bytes in 11 msecs (HTTP/1.1 200) 6 headers in 186 bytes (1 switches on core 0)
-------------------------
Internal Server Error: /myApp/question/recommend/
Traceback (most recent call last):
  File "/root/anaconda3/envs/software/lib/python3.9/site-packages/django/core/handlers/exception.py", line 47, in inner
    response = get_response(request)
  File "/root/anaconda3/envs/software/lib/python3.9/site-packages/django/core/handlers/base.py", line 181, in _get_response
    response = wrapped_callback(request, *callback_args, **callback_kwargs)
  File "/home/ourProject/soft-ware-project/./myApp/views.py", line 293, in recommend_question
    uid = int(request.GET.get('uid'))
TypeError: int() argument must be a string, a bytes-like object or a number, not 'NoneType'
[pid: 4731|app: 0|req: 588/588] 219.239.227.158 () {42 vars in 1121 bytes} [Mon Jun 19 07:18:32 2023] GET /myApp/question/recommend/?tags=%5B%22%E4%BA%8C%E6%89%8B%22%2C%22%E6%83%85%E6%84%9F%22%2C%22%E8%88%AA%E5%AD%A6%22%5D => generated 54898 bytes in 16 msecs (HTTP/1.1 500) 6 headers in 207 bytes (1 switches on core 1)
-----in hot----
[pid: 4731|app: 0|req: 589/589] 219.239.227.158 () {42 vars in 930 bytes} [Mon Jun 19 07:18:32 2023] GET /myApp/question/hot/ => generated 5330 bytes in 11 msecs (HTTP/1.1 200) 6 headers in 186 bytes (1 switches on core 0)
[pid: 4731|app: 0|req: 590/590] 219.239.227.158 () {42 vars in 1009 bytes} [Mon Jun 19 07:18:33 2023] GET /myApp/question/sort/?tag=%E6%B1%82%E8%81%8C&sortBy=ClikeNum => generated 3821 bytes in 8 msecs (HTTP/1.1 200) 6 headers in 186 bytes (1 switches on core 1)
-------------------------
Internal Server Error: /myApp/question/recommend/
Traceback (most recent call last):
  File "/root/anaconda3/envs/software/lib/python3.9/site-packages/django/core/handlers/exception.py", line 47, in inner
    response = get_response(request)
  File "/root/anaconda3/envs/software/lib/python3.9/site-packages/django/core/handlers/base.py", line 181, in _get_response
    response = wrapped_callback(request, *callback_args, **callback_kwargs)
  File "/home/ourProject/soft-ware-project/./myApp/views.py", line 293, in recommend_question
    uid = int(request.GET.get('uid'))
TypeError: int() argument must be a string, a bytes-like object or a number, not 'NoneType'
[pid: 4731|app: 0|req: 591/591] 219.239.227.158 () {42 vars in 1121 bytes} [Mon Jun 19 07:18:34 2023] GET /myApp/question/recommend/?tags=%5B%22%E4%BA%8C%E6%89%8B%22%2C%22%E6%83%85%E6%84%9F%22%2C%22%E8%88%AA%E5%AD%A6%22%5D => generated 54898 bytes in 24 msecs (HTTP/1.1 500) 6 headers in 207 bytes (1 switches on core 0)
-----in hot----
[pid: 4731|app: 0|req: 592/592] 219.239.227.158 () {42 vars in 930 bytes} [Mon Jun 19 07:18:34 2023] GET /myApp/question/hot/ => generated 5330 bytes in 11 msecs (HTTP/1.1 200) 6 headers in 186 bytes (1 switches on core 1)
Not Found: /
[pid: 4731|app: 0|req: 593/593] 35.203.210.61 () {32 vars in 615 bytes} [Mon Jun 19 08:36:36 2023] GET / => generated 2065 bytes in 2 msecs (HTTP/1.1 404) 6 headers in 186 bytes (1 switches on core 0)
Not Found: /
[pid: 4731|app: 0|req: 594/594] 117.187.173.74 () {34 vars in 371 bytes} [Mon Jun 19 09:36:11 2023] GET / => generated 2060 bytes in 2 msecs (HTTP/1.1 404) 6 headers in 186 bytes (1 switches on core 1)
Not Found: /
[pid: 4731|app: 0|req: 595/595] 58.59.90.50 () {36 vars in 397 bytes} [Mon Jun 19 09:45:37 2023] GET / => generated 2061 bytes in 2 msecs (HTTP/1.1 404) 6 headers in 186 bytes (1 switches on core 0)
Not Found: /
[pid: 4731|app: 0|req: 596/596] 103.187.191.183 () {28 vars in 297 bytes} [Mon Jun 19 10:06:59 2023] GET / => generated 2060 bytes in 2 msecs (HTTP/1.0 404) 6 headers in 186 bytes (1 switches on core 1)
Not Found: /nmaplowercheck1687169219
[pid: 4731|app: 0|req: 597/597] 103.187.191.255 () {34 vars in 495 bytes} [Mon Jun 19 10:07:00 2023] GET /nmaplowercheck1687169219 => generated 2151 bytes in 2 msecs (HTTP/1.1 404) 6 headers in 186 bytes (1 switches on core 0)
Not Found: /sdk
[pid: 4731|app: 0|req: 598/598] 103.187.191.144 () {36 vars in 483 bytes} [Mon Jun 19 10:07:00 2023] POST /sdk => generated 2089 bytes in 2 msecs (HTTP/1.1 404) 6 headers in 186 bytes (1 switches on core 1)
Not Found: /HNAP1
[pid: 4731|app: 0|req: 599/599] 103.187.191.223 () {34 vars in 457 bytes} [Mon Jun 19 10:07:02 2023] GET /HNAP1 => generated 2094 bytes in 2 msecs (HTTP/1.1 404) 6 headers in 186 bytes (1 switches on core 0)
Not Found: /evox/about
[pid: 4731|app: 0|req: 600/600] 103.187.191.136 () {34 vars in 467 bytes} [Mon Jun 19 10:07:02 2023] GET /evox/about => generated 2109 bytes in 2 msecs (HTTP/1.1 404) 6 headers in 186 bytes (1 switches on core 1)
Not Found: /
[pid: 4731|app: 0|req: 601/601] 103.187.191.223 () {28 vars in 297 bytes} [Mon Jun 19 10:07:03 2023] GET / => generated 2060 bytes in 2 msecs (HTTP/1.0 404) 6 headers in 186 bytes (1 switches on core 0)
Not Found: /
[pid: 4731|app: 0|req: 602/602] 103.187.191.223 () {30 vars in 325 bytes} [Mon Jun 19 10:07:05 2023] GET / => generated 2061 bytes in 2 msecs (HTTP/1.1 404) 6 headers in 186 bytes (1 switches on core 1)
Not Found: /
[pid: 4731|app: 0|req: 603/603] 106.75.16.16 () {40 vars in 680 bytes} [Mon Jun 19 10:20:05 2023] GET / => generated 2060 bytes in 2 msecs (HTTP/1.1 404) 6 headers in 186 bytes (1 switches on core 0)
Not Found: /favicon.ico
[pid: 4731|app: 0|req: 604/604] 106.75.16.16 () {40 vars in 703 bytes} [Mon Jun 19 10:20:06 2023] GET /favicon.ico => generated 2111 bytes in 2 msecs (HTTP/1.1 404) 6 headers in 186 bytes (1 switches on core 1)
Not Found: /sitemap.xml
Not Found: /robots.txt
[pid: 4731|app: 0|req: 606/605] 106.75.16.16 () {40 vars in 694 bytes} [Mon Jun 19 10:20:06 2023] GET /sitemap.xml => generated 2111 bytes in 5 msecs (HTTP/1.1 404) 6 headers in 186 bytes (1 switches on core 0)
[pid: 4731|app: 0|req: 606/606] 106.75.16.16 () {40 vars in 700 bytes} [Mon Jun 19 10:20:06 2023] GET /robots.txt => generated 2108 bytes in 4 msecs (HTTP/1.1 404) 6 headers in 186 bytes (1 switches on core 1)
Not Found: /.env
[pid: 4731|app: 0|req: 607/607] 109.237.98.226 () {38 vars in 540 bytes} [Mon Jun 19 11:52:21 2023] GET /.env => generated 2091 bytes in 2 msecs (HTTP/1.1 404) 6 headers in 186 bytes (1 switches on core 0)
Not Found: /
[pid: 4731|app: 0|req: 608/608] 85.92.119.155 () {42 vars in 563 bytes} [Mon Jun 19 12:13:17 2023] POST / => generated 2062 bytes in 2 msecs (HTTP/1.1 404) 6 headers in 186 bytes (1 switches on core 1)
Not Found: /
[pid: 4731|app: 0|req: 609/609] 45.33.80.243 () {36 vars in 501 bytes} [Mon Jun 19 13:18:08 2023] GET / => generated 2061 bytes in 2 msecs (HTTP/1.1 404) 6 headers in 186 bytes (1 switches on core 0)
Not Found: /owa/auth/logon.aspx
[pid: 4731|app: 0|req: 610/610] 192.241.214.12 () {36 vars in 505 bytes} [Mon Jun 19 14:17:11 2023] GET /owa/auth/logon.aspx?url=https%3a%2f%2f1%2fecp%2f => generated 2165 bytes in 2 msecs (HTTP/1.1 404) 6 headers in 186 bytes (1 switches on core 1)
Not Found: /
[pid: 4731|app: 0|req: 611/611] 107.170.234.10 () {36 vars in 410 bytes} [Mon Jun 19 14:36:20 2023] GET / => generated 2061 bytes in 2 msecs (HTTP/1.1 404) 6 headers in 186 bytes (1 switches on core 0)
Not Found: /favicon.ico
[pid: 4731|app: 0|req: 612/612] 185.180.143.140 () {36 vars in 527 bytes} [Mon Jun 19 16:18:47 2023] GET /favicon.ico => generated 2112 bytes in 2 msecs (HTTP/1.1 404) 6 headers in 186 bytes (1 switches on core 1)
Not Found: /favicon.ico
[pid: 4731|app: 0|req: 613/613] 185.180.143.8 () {36 vars in 525 bytes} [Mon Jun 19 16:41:17 2023] GET /favicon.ico => generated 2112 bytes in 2 msecs (HTTP/1.1 404) 6 headers in 186 bytes (1 switches on core 0)
Not Found: /
[pid: 4731|app: 0|req: 614/614] 106.75.145.229 () {36 vars in 417 bytes} [Mon Jun 19 18:05:04 2023] GET / => generated 2065 bytes in 2 msecs (HTTP/1.1 404) 6 headers in 186 bytes (1 switches on core 1)
Not Found: /
[pid: 4731|app: 0|req: 615/615] 185.233.19.84 () {32 vars in 344 bytes} [Mon Jun 19 19:43:01 2023] GET / => generated 2065 bytes in 2 msecs (HTTP/1.1 404) 6 headers in 186 bytes (1 switches on core 1)
Not Found: /
[pid: 4731|app: 0|req: 616/616] 183.136.225.32 () {36 vars in 476 bytes} [Mon Jun 19 20:15:17 2023] GET / => generated 2065 bytes in 2 msecs (HTTP/1.1 404) 6 headers in 186 bytes (1 switches on core 0)
Not Found: /
[pid: 4731|app: 0|req: 617/617] 183.136.225.32 () {38 vars in 537 bytes} [Mon Jun 19 20:15:17 2023] GET / => generated 2065 bytes in 3 msecs (HTTP/1.1 404) 6 headers in 186 bytes (1 switches on core 1)
Not Found: /favicon.ico
[pid: 4731|app: 0|req: 618/618] 183.136.225.32 () {38 vars in 559 bytes} [Mon Jun 19 20:15:17 2023] GET /favicon.ico => generated 2116 bytes in 2 msecs (HTTP/1.1 404) 6 headers in 186 bytes (1 switches on core 0)
Not Found: /robots.txt
[pid: 4731|app: 0|req: 619/619] 183.136.225.32 () {38 vars in 557 bytes} [Mon Jun 19 20:15:18 2023] GET /robots.txt => generated 2113 bytes in 2 msecs (HTTP/1.1 404) 6 headers in 186 bytes (1 switches on core 1)
Not Found: /
[pid: 4731|app: 0|req: 620/620] 128.1.248.26 () {36 vars in 502 bytes} [Mon Jun 19 21:55:28 2023] GET / => generated 2061 bytes in 2 msecs (HTTP/1.1 404) 6 headers in 186 bytes (1 switches on core 0)
Not Found: /
[pid: 4731|app: 0|req: 621/621] 34.76.158.233 () {44 vars in 580 bytes} [Tue Jun 20 02:23:23 2023] GET / => generated 2061 bytes in 2 msecs (HTTP/1.1 404) 6 headers in 186 bytes (1 switches on core 0)
Not Found: /
[pid: 4731|app: 0|req: 622/622] 167.94.145.57 () {30 vars in 327 bytes} [Tue Jun 20 02:42:13 2023] GET / => generated 2065 bytes in 2 msecs (HTTP/1.1 404) 6 headers in 186 bytes (1 switches on core 1)
Not Found: /
[pid: 4731|app: 0|req: 623/623] 167.94.145.57 () {36 vars in 458 bytes} [Tue Jun 20 02:42:13 2023] GET / => generated 2061 bytes in 2 msecs (HTTP/1.1 404) 6 headers in 186 bytes (1 switches on core 0)
Not Found: /
[pid: 4731|app: 0|req: 624/624] 94.102.61.7 () {36 vars in 501 bytes} [Tue Jun 20 03:03:17 2023] GET / => generated 2061 bytes in 2 msecs (HTTP/1.1 404) 6 headers in 186 bytes (1 switches on core 1)
Not Found: /
[pid: 4731|app: 0|req: 625/625] 104.131.128.8 () {36 vars in 409 bytes} [Tue Jun 20 04:01:35 2023] GET / => generated 2061 bytes in 2 msecs (HTTP/1.1 404) 6 headers in 186 bytes (1 switches on core 0)
Not Found: /
[pid: 4731|app: 0|req: 626/626] 162.142.125.224 () {30 vars in 329 bytes} [Tue Jun 20 04:01:55 2023] GET / => generated 2065 bytes in 2 msecs (HTTP/1.1 404) 6 headers in 186 bytes (1 switches on core 1)
Not Found: /
[pid: 4731|app: 0|req: 627/627] 162.142.125.224 () {36 vars in 460 bytes} [Tue Jun 20 04:01:56 2023] GET / => generated 2061 bytes in 2 msecs (HTTP/1.1 404) 6 headers in 186 bytes (1 switches on core 0)
Not Found: /
[pid: 4731|app: 0|req: 628/628] 216.218.206.66 () {36 vars in 458 bytes} [Tue Jun 20 04:10:36 2023] GET / => generated 2061 bytes in 2 msecs (HTTP/1.1 404) 6 headers in 186 bytes (1 switches on core 1)
Not Found: /dns-query
[pid: 4731|app: 0|req: 629/629] 216.218.206.66 () {36 vars in 626 bytes} [Tue Jun 20 04:18:29 2023] GET /dns-query?name=dnsscan.shadowserver.org&type=A => generated 2147 bytes in 2 msecs (HTTP/1.1 404) 6 headers in 186 bytes (1 switches on core 0)
Not Found: /
[pid: 4731|app: 0|req: 630/630] 216.218.206.66 () {36 vars in 459 bytes} [Tue Jun 20 04:19:34 2023] GET / => generated 2061 bytes in 2 msecs (HTTP/1.1 404) 6 headers in 186 bytes (1 switches on core 1)
Not Found: /.git/config
[pid: 4731|app: 0|req: 631/631] 216.218.206.66 () {36 vars in 491 bytes} [Tue Jun 20 04:24:01 2023] GET /.git/config => generated 2112 bytes in 3 msecs (HTTP/1.1 404) 6 headers in 186 bytes (1 switches on core 0)
Not Found: /.env
[pid: 4731|app: 0|req: 632/632] 95.214.26.182 () {38 vars in 539 bytes} [Tue Jun 20 04:31:38 2023] GET /.env => generated 2091 bytes in 2 msecs (HTTP/1.1 404) 6 headers in 186 bytes (1 switches on core 1)
Not Found: /
[pid: 4731|app: 0|req: 633/633] 95.214.26.182 () {42 vars in 646 bytes} [Tue Jun 20 04:31:39 2023] POST / => generated 2062 bytes in 2 msecs (HTTP/1.1 404) 6 headers in 186 bytes (1 switches on core 0)
Not Found: /
[pid: 4731|app: 0|req: 634/634] 87.236.176.200 () {38 vars in 497 bytes} [Tue Jun 20 05:54:19 2023] GET / => generated 2060 bytes in 2 msecs (HTTP/1.1 404) 6 headers in 186 bytes (1 switches on core 1)
Not Found: /actuator/health
[pid: 4731|app: 0|req: 635/635] 107.170.236.26 () {36 vars in 440 bytes} [Tue Jun 20 06:10:39 2023] GET /actuator/health => generated 2124 bytes in 3 msecs (HTTP/1.1 404) 6 headers in 186 bytes (1 switches on core 0)
Invalid HTTP_HOST header: '[2407:c080:17ef:ffff::7274:db9d]'. You may need to add '[2407:c080:17ef:ffff::7274:db9d]' to ALLOWED_HOSTS.
Bad Request: /
[pid: 4731|app: 0|req: 636/636] 198.19.0.239 () {36 vars in 514 bytes} [Tue Jun 20 06:24:12 2023] GET / => generated 58002 bytes in 16 msecs (HTTP/1.1 400) 5 headers in 166 bytes (1 switches on core 1)
Invalid HTTP_HOST header: '[2407:c080:17ef:ffff::7274:db9d]'. You may need to add '[2407:c080:17ef:ffff::7274:db9d]' to ALLOWED_HOSTS.
Bad Request: /
[pid: 4731|app: 0|req: 637/637] 198.19.80.239 () {36 vars in 515 bytes} [Tue Jun 20 06:24:14 2023] GET / => generated 58003 bytes in 16 msecs (HTTP/1.1 400) 5 headers in 166 bytes (1 switches on core 0)
Invalid HTTP_HOST header: '[2407:c080:17ef:ffff::7274:db9d]'. You may need to add '[2407:c080:17ef:ffff::7274:db9d]' to ALLOWED_HOSTS.
Bad Request: /
[pid: 4731|app: 0|req: 638/638] 198.19.0.239 () {36 vars in 514 bytes} [Tue Jun 20 06:24:19 2023] GET / => generated 58002 bytes in 40 msecs (HTTP/1.1 400) 5 headers in 166 bytes (1 switches on core 1)
Invalid HTTP_HOST header: '[2407:c080:17ef:ffff::7274:db9d]'. You may need to add '[2407:c080:17ef:ffff::7274:db9d]' to ALLOWED_HOSTS.
Bad Request: /
[pid: 4731|app: 0|req: 639/639] 198.19.80.239 () {36 vars in 515 bytes} [Tue Jun 20 06:24:29 2023] GET / => generated 58003 bytes in 16 msecs (HTTP/1.1 400) 5 headers in 166 bytes (1 switches on core 0)
Not Found: /
[pid: 4731|app: 0|req: 640/640] 35.203.210.134 () {32 vars in 616 bytes} [Tue Jun 20 09:20:28 2023] GET / => generated 2065 bytes in 2 msecs (HTTP/1.1 404) 6 headers in 186 bytes (1 switches on core 1)
Not Found: /
[pid: 4731|app: 0|req: 641/641] 185.180.143.137 () {36 vars in 505 bytes} [Tue Jun 20 09:22:32 2023] GET / => generated 2061 bytes in 2 msecs (HTTP/1.1 404) 6 headers in 186 bytes (1 switches on core 0)
Not Found: /
[pid: 4731|app: 0|req: 642/642] 165.232.153.39 () {36 vars in 499 bytes} [Tue Jun 20 12:22:30 2023] GET / => generated 2061 bytes in 2 msecs (HTTP/1.1 404) 6 headers in 186 bytes (1 switches on core 1)
Not Found: /
[pid: 4731|app: 0|req: 643/643] 144.126.214.131 () {36 vars in 509 bytes} [Tue Jun 20 12:38:29 2023] GET / => generated 2060 bytes in 2 msecs (HTTP/1.1 404) 6 headers in 186 bytes (1 switches on core 0)
Not Found: /
[pid: 4731|app: 0|req: 644/644] 128.14.133.58 () {36 vars in 503 bytes} [Tue Jun 20 13:43:26 2023] GET / => generated 2061 bytes in 3 msecs (HTTP/1.1 404) 6 headers in 186 bytes (1 switches on core 1)
Not Found: /
[pid: 4731|app: 0|req: 645/645] 162.243.151.21 () {36 vars in 410 bytes} [Tue Jun 20 14:37:12 2023] GET / => generated 2061 bytes in 2 msecs (HTTP/1.1 404) 6 headers in 186 bytes (1 switches on core 0)
Not Found: /
[pid: 4731|app: 0|req: 646/646] 45.79.181.179 () {36 vars in 502 bytes} [Tue Jun 20 14:55:35 2023] GET / => generated 2061 bytes in 2 msecs (HTTP/1.1 404) 6 headers in 186 bytes (1 switches on core 1)
Not Found: /favicon.ico
[pid: 4731|app: 0|req: 647/647] 185.180.143.140 () {36 vars in 527 bytes} [Tue Jun 20 16:10:55 2023] GET /favicon.ico => generated 2112 bytes in 2 msecs (HTTP/1.1 404) 6 headers in 186 bytes (1 switches on core 1)
Not Found: /cgi-mod/index.cgi
[pid: 4731|app: 0|req: 648/648] 185.180.140.5 () {36 vars in 537 bytes} [Tue Jun 20 16:28:56 2023] GET /cgi-mod/index.cgi => generated 2130 bytes in 2 msecs (HTTP/1.1 404) 6 headers in 186 bytes (1 switches on core 0)
Not Found: /.env
[pid: 4731|app: 0|req: 649/649] 43.134.54.140 () {38 vars in 539 bytes} [Tue Jun 20 18:25:27 2023] GET /.env => generated 2091 bytes in 2 msecs (HTTP/1.1 404) 6 headers in 186 bytes (1 switches on core 1)
Not Found: /
[pid: 4731|app: 0|req: 650/650] 43.134.54.140 () {42 vars in 646 bytes} [Tue Jun 20 18:25:27 2023] POST / => generated 2062 bytes in 2 msecs (HTTP/1.1 404) 6 headers in 186 bytes (1 switches on core 0)
Not Found: /owa/auth/logon.aspx
[pid: 4731|app: 0|req: 651/651] 162.243.133.12 () {36 vars in 448 bytes} [Tue Jun 20 19:11:05 2023] GET /owa/auth/logon.aspx => generated 2136 bytes in 2 msecs (HTTP/1.1 404) 6 headers in 186 bytes (1 switches on core 1)
Not Found: /ecp/Current/exporttool/microsoft.exchange.ediscovery.exporttool.application
[pid: 4731|app: 0|req: 652/652] 162.243.145.13 () {36 vars in 560 bytes} [Tue Jun 20 19:11:52 2023] GET /ecp/Current/exporttool/microsoft.exchange.ediscovery.exporttool.application => generated 2304 bytes in 2 msecs (HTTP/1.1 404) 6 headers in 186 bytes (1 switches on core 0)
Not Found: /owa/auth/x.js
[pid: 4731|app: 0|req: 653/653] 198.199.97.240 () {38 vars in 571 bytes} [Tue Jun 20 19:12:47 2023] GET /owa/auth/x.js => generated 2118 bytes in 2 msecs (HTTP/1.1 404) 6 headers in 186 bytes (1 switches on core 1)
Not Found: /
[pid: 4731|app: 0|req: 654/654] 205.210.31.104 () {32 vars in 616 bytes} [Tue Jun 20 21:03:39 2023] GET / => generated 2065 bytes in 2 msecs (HTTP/1.1 404) 6 headers in 186 bytes (1 switches on core 0)
Not Found: /
[pid: 4731|app: 0|req: 655/655] 213.32.122.82 () {34 vars in 466 bytes} [Tue Jun 20 22:42:08 2023] GET / => generated 2061 bytes in 2 msecs (HTTP/1.1 404) 6 headers in 186 bytes (1 switches on core 1)
Not Found: /
[pid: 4731|app: 0|req: 656/656] 51.158.37.190 () {34 vars in 430 bytes} [Tue Jun 20 23:00:20 2023] GET / => generated 2061 bytes in 2 msecs (HTTP/1.1 404) 6 headers in 186 bytes (1 switches on core 0)
Not Found: /
[pid: 4731|app: 0|req: 657/657] 156.146.55.163 () {44 vars in 833 bytes} [Wed Jun 21 00:30:20 2023] GET / => generated 2061 bytes in 2 msecs (HTTP/1.1 404) 6 headers in 181 bytes (1 switches on core 0)
Not Found: /
[pid: 4731|app: 0|req: 658/658] 156.146.55.163 () {42 vars in 804 bytes} [Wed Jun 21 00:30:20 2023] GET / => generated 2061 bytes in 2 msecs (HTTP/1.1 404) 6 headers in 181 bytes (1 switches on core 1)
Not Found: /
[pid: 4731|app: 0|req: 659/659] 156.146.55.163 () {42 vars in 804 bytes} [Wed Jun 21 00:30:21 2023] GET / => generated 2061 bytes in 2 msecs (HTTP/1.1 404) 6 headers in 181 bytes (1 switches on core 0)
Not Found: /favicon.ico
[pid: 4731|app: 0|req: 660/660] 185.180.143.141 () {36 vars in 527 bytes} [Wed Jun 21 00:31:06 2023] GET /favicon.ico => generated 2112 bytes in 2 msecs (HTTP/1.1 404) 6 headers in 186 bytes (1 switches on core 1)
Not Found: /version
[pid: 4731|app: 0|req: 661/661] 107.170.248.16 () {36 vars in 424 bytes} [Wed Jun 21 01:58:54 2023] GET /version => generated 2100 bytes in 2 msecs (HTTP/1.1 404) 6 headers in 186 bytes (1 switches on core 0)
Not Found: /
[pid: 4731|app: 0|req: 662/662] 47.89.195.210 () {36 vars in 513 bytes} [Wed Jun 21 02:01:30 2023] GET / => generated 2061 bytes in 2 msecs (HTTP/1.1 404) 6 headers in 186 bytes (1 switches on core 1)
Not Found: /Public/home/js/check.js
[pid: 4731|app: 0|req: 663/663] 47.88.94.28 () {36 vars in 557 bytes} [Wed Jun 21 02:01:31 2023] GET /Public/home/js/check.js => generated 2148 bytes in 2 msecs (HTTP/1.1 404) 6 headers in 186 bytes (1 switches on core 0)
Not Found: /
[pid: 4731|app: 0|req: 664/664] 45.156.129.12 () {36 vars in 503 bytes} [Wed Jun 21 02:17:43 2023] GET / => generated 2061 bytes in 2 msecs (HTTP/1.1 404) 6 headers in 186 bytes (1 switches on core 1)
Not Found: /
[pid: 4731|app: 0|req: 665/665] 34.140.130.61 () {44 vars in 579 bytes} [Wed Jun 21 02:20:30 2023] GET / => generated 2061 bytes in 3 msecs (HTTP/1.1 404) 6 headers in 186 bytes (1 switches on core 0)
Not Found: /.git/config
[pid: 4731|app: 0|req: 666/666] 34.205.84.165 () {38 vars in 574 bytes} [Wed Jun 21 02:54:48 2023] GET /.git/config => generated 2112 bytes in 2 msecs (HTTP/1.1 404) 6 headers in 186 bytes (1 switches on core 1)
Not Found: /
[pid: 4731|app: 0|req: 667/667] 185.180.143.71 () {36 vars in 504 bytes} [Wed Jun 21 02:55:02 2023] GET / => generated 2061 bytes in 2 msecs (HTTP/1.1 404) 6 headers in 186 bytes (1 switches on core 0)
Not Found: /yw75
[pid: 4731|app: 0|req: 668/668] 148.153.45.234 () {36 vars in 488 bytes} [Wed Jun 21 02:58:56 2023] GET /yw75 => generated 2095 bytes in 2 msecs (HTTP/1.1 404) 6 headers in 186 bytes (1 switches on core 1)
Not Found: /7exI
[pid: 4731|app: 0|req: 669/669] 148.153.45.234 () {36 vars in 488 bytes} [Wed Jun 21 02:58:59 2023] GET /7exI => generated 2095 bytes in 2 msecs (HTTP/1.1 404) 6 headers in 186 bytes (1 switches on core 0)
Not Found: /aab8
[pid: 4731|app: 0|req: 670/670] 148.153.45.234 () {36 vars in 488 bytes} [Wed Jun 21 02:58:59 2023] GET /aab8 => generated 2095 bytes in 2 msecs (HTTP/1.1 404) 6 headers in 186 bytes (1 switches on core 1)
Not Found: /jquery-3.3.1.slim.min.js
[pid: 4731|app: 0|req: 671/671] 148.153.45.234 () {36 vars in 528 bytes} [Wed Jun 21 02:59:01 2023] GET /jquery-3.3.1.slim.min.js => generated 2155 bytes in 4 msecs (HTTP/1.1 404) 6 headers in 186 bytes (1 switches on core 0)
Not Found: /aab9
[pid: 4731|app: 0|req: 672/672] 148.153.45.234 () {36 vars in 488 bytes} [Wed Jun 21 02:59:01 2023] GET /aab9 => generated 2095 bytes in 2 msecs (HTTP/1.1 404) 6 headers in 186 bytes (1 switches on core 1)
Not Found: /jquery-3.3.2.slim.min.js
[pid: 4731|app: 0|req: 673/673] 148.153.45.234 () {36 vars in 528 bytes} [Wed Jun 21 02:59:03 2023] GET /jquery-3.3.2.slim.min.js => generated 2155 bytes in 2 msecs (HTTP/1.1 404) 6 headers in 186 bytes (1 switches on core 0)
Not Found: /
[pid: 4731|app: 0|req: 674/674] 185.180.143.77 () {36 vars in 499 bytes} [Wed Jun 21 04:20:16 2023] GET / => generated 2061 bytes in 2 msecs (HTTP/1.1 404) 6 headers in 186 bytes (1 switches on core 1)
Not Found: /
[pid: 4731|app: 0|req: 675/675] 183.136.225.31 () {36 vars in 476 bytes} [Wed Jun 21 04:46:59 2023] GET / => generated 2065 bytes in 2 msecs (HTTP/1.1 404) 6 headers in 186 bytes (1 switches on core 0)
Not Found: /favicon.ico
[pid: 4731|app: 0|req: 676/676] 183.136.225.31 () {38 vars in 559 bytes} [Wed Jun 21 04:47:24 2023] GET /favicon.ico => generated 2116 bytes in 2 msecs (HTTP/1.1 404) 6 headers in 186 bytes (1 switches on core 1)
Not Found: /
[pid: 4731|app: 0|req: 677/677] 183.136.225.32 () {36 vars in 476 bytes} [Wed Jun 21 04:56:30 2023] GET / => generated 2065 bytes in 4 msecs (HTTP/1.1 404) 6 headers in 186 bytes (1 switches on core 0)
Not Found: /
[pid: 4731|app: 0|req: 678/678] 183.136.225.32 () {38 vars in 537 bytes} [Wed Jun 21 04:56:30 2023] GET / => generated 2065 bytes in 2 msecs (HTTP/1.1 404) 6 headers in 186 bytes (1 switches on core 1)
Not Found: /favicon.ico
[pid: 4731|app: 0|req: 679/679] 183.136.225.32 () {38 vars in 559 bytes} [Wed Jun 21 04:56:30 2023] GET /favicon.ico => generated 2116 bytes in 3 msecs (HTTP/1.1 404) 6 headers in 186 bytes (1 switches on core 0)
Not Found: /robots.txt
[pid: 4731|app: 0|req: 680/680] 183.136.225.32 () {38 vars in 557 bytes} [Wed Jun 21 04:56:30 2023] GET /robots.txt => generated 2113 bytes in 2 msecs (HTTP/1.1 404) 6 headers in 186 bytes (1 switches on core 1)
Not Found: /
[pid: 4731|app: 0|req: 681/681] 117.62.218.192 () {38 vars in 541 bytes} [Wed Jun 21 06:49:40 2023] GET / => generated 2061 bytes in 2 msecs (HTTP/1.1 404) 6 headers in 186 bytes (1 switches on core 0)
Not Found: /
[pid: 4731|app: 0|req: 682/682] 23.236.125.80 () {32 vars in 394 bytes} [Wed Jun 21 07:26:16 2023] GET / => generated 2061 bytes in 2 msecs (HTTP/1.1 404) 6 headers in 186 bytes (1 switches on core 1)
Not Found: /favicon.ico
[pid: 4731|app: 0|req: 683/683] 23.236.125.80 () {34 vars in 510 bytes} [Wed Jun 21 07:26:39 2023] GET /favicon.ico => generated 2112 bytes in 2 msecs (HTTP/1.1 404) 6 headers in 186 bytes (1 switches on core 0)
Not Found: /robots.txt
[pid: 4731|app: 0|req: 684/684] 23.236.125.80 () {34 vars in 508 bytes} [Wed Jun 21 07:26:43 2023] GET /robots.txt => generated 2109 bytes in 3 msecs (HTTP/1.1 404) 6 headers in 186 bytes (1 switches on core 1)
Not Found: /sitemap.xml
[pid: 4731|app: 0|req: 685/685] 23.236.125.80 () {34 vars in 510 bytes} [Wed Jun 21 07:26:46 2023] GET /sitemap.xml => generated 2112 bytes in 2 msecs (HTTP/1.1 404) 6 headers in 186 bytes (1 switches on core 0)
Invalid HTTP_HOST header: '[2407:c080:17ef:ffff::7274:db9d]'. You may need to add '[2407:c080:17ef:ffff::7274:db9d]' to ALLOWED_HOSTS.
Bad Request: /
[pid: 4731|app: 0|req: 686/686] 198.19.1.69 () {36 vars in 513 bytes} [Wed Jun 21 08:02:01 2023] GET / => generated 58001 bytes in 17 msecs (HTTP/1.1 400) 5 headers in 166 bytes (1 switches on core 1)
Invalid HTTP_HOST header: '[2407:c080:17ef:ffff::7274:db9d]'. You may need to add '[2407:c080:17ef:ffff::7274:db9d]' to ALLOWED_HOSTS.
Bad Request: /
[pid: 4731|app: 0|req: 687/687] 198.19.1.69 () {36 vars in 513 bytes} [Wed Jun 21 08:02:04 2023] GET / => generated 58001 bytes in 16 msecs (HTTP/1.1 400) 5 headers in 166 bytes (1 switches on core 0)
Invalid HTTP_HOST header: '[2407:c080:17ef:ffff::7274:db9d]'. You may need to add '[2407:c080:17ef:ffff::7274:db9d]' to ALLOWED_HOSTS.
Bad Request: /
[pid: 4731|app: 0|req: 688/688] 198.19.1.69 () {36 vars in 513 bytes} [Wed Jun 21 08:02:10 2023] GET / => generated 58001 bytes in 16 msecs (HTTP/1.1 400) 5 headers in 166 bytes (1 switches on core 1)
Invalid HTTP_HOST header: '[2407:c080:17ef:ffff::7274:db9d]'. You may need to add '[2407:c080:17ef:ffff::7274:db9d]' to ALLOWED_HOSTS.
Bad Request: /
[pid: 4731|app: 0|req: 689/689] 198.19.81.69 () {36 vars in 514 bytes} [Wed Jun 21 08:02:22 2023] GET / => generated 58002 bytes in 16 msecs (HTTP/1.1 400) 5 headers in 166 bytes (1 switches on core 0)
Not Found: /
[pid: 4731|app: 0|req: 690/690] 93.174.95.106 () {36 vars in 557 bytes} [Wed Jun 21 08:12:37 2023] GET / => generated 2061 bytes in 2 msecs (HTTP/1.1 404) 6 headers in 186 bytes (1 switches on core 1)
Not Found: /robots.txt
[pid: 4731|app: 0|req: 691/691] 93.174.95.106 () {32 vars in 375 bytes} [Wed Jun 21 08:13:22 2023] GET /robots.txt => generated 2109 bytes in 2 msecs (HTTP/1.1 404) 6 headers in 186 bytes (1 switches on core 0)
Not Found: /sitemap.xml
[pid: 4731|app: 0|req: 692/692] 93.174.95.106 () {32 vars in 377 bytes} [Wed Jun 21 08:13:25 2023] GET /sitemap.xml => generated 2112 bytes in 2 msecs (HTTP/1.1 404) 6 headers in 186 bytes (1 switches on core 1)
Not Found: /favicon.ico
[pid: 4731|app: 0|req: 693/693] 93.174.95.106 () {38 vars in 530 bytes} [Wed Jun 21 08:13:40 2023] GET /favicon.ico => generated 2112 bytes in 2 msecs (HTTP/1.1 404) 6 headers in 186 bytes (1 switches on core 0)
Not Found: /
[pid: 4731|app: 0|req: 694/694] 103.187.191.229 () {36 vars in 501 bytes} [Wed Jun 21 09:38:55 2023] GET / => generated 2061 bytes in 2 msecs (HTTP/1.1 404) 6 headers in 186 bytes (1 switches on core 1)
Not Found: /dns-query
[pid: 4731|app: 0|req: 695/695] 8.209.68.21 () {40 vars in 615 bytes} [Wed Jun 21 09:57:33 2023] GET /dns-query?dns=sHkBAAABAAAAAAAABmdvb2dsZQNjb20AAAEAAQ => generated 2149 bytes in 3 msecs (HTTP/1.1 404) 6 headers in 186 bytes (1 switches on core 0)
Not Found: /dns-query
[pid: 4731|app: 0|req: 696/696] 8.209.68.21 () {42 vars in 558 bytes} [Wed Jun 21 09:57:58 2023] POST /dns-query => generated 2107 bytes in 2 msecs (HTTP/1.1 404) 6 headers in 186 bytes (1 switches on core 1)
Not Found: /dns-query
[pid: 4731|app: 0|req: 697/697] 8.222.253.90 () {42 vars in 559 bytes} [Wed Jun 21 10:24:26 2023] POST /dns-query => generated 2107 bytes in 2 msecs (HTTP/1.1 404) 6 headers in 186 bytes (1 switches on core 0)
Not Found: /dns-query
[pid: 4731|app: 0|req: 698/698] 8.222.253.90 () {40 vars in 616 bytes} [Wed Jun 21 10:26:04 2023] GET /dns-query?dns=ZzgBAAABAAAAAAAABmdvb2dsZQNjb20AAAEAAQ => generated 2149 bytes in 3 msecs (HTTP/1.1 404) 6 headers in 186 bytes (1 switches on core 1)
Not Found: /
[pid: 4731|app: 0|req: 699/699] 117.187.173.43 () {34 vars in 371 bytes} [Wed Jun 21 10:33:36 2023] GET / => generated 2060 bytes in 2 msecs (HTTP/1.1 404) 6 headers in 186 bytes (1 switches on core 0)
Not Found: /
[pid: 4731|app: 0|req: 700/700] 209.222.252.91 () {36 vars in 453 bytes} [Wed Jun 21 11:03:35 2023] GET / => generated 2061 bytes in 2 msecs (HTTP/1.1 404) 6 headers in 186 bytes (1 switches on core 1)
Not Found: /
[pid: 4731|app: 0|req: 701/701] 64.62.197.114 () {36 vars in 457 bytes} [Wed Jun 21 12:09:35 2023] GET / => generated 2061 bytes in 3 msecs (HTTP/1.1 404) 6 headers in 186 bytes (1 switches on core 0)
Not Found: /
[pid: 4731|app: 0|req: 702/702] 111.7.96.149 () {34 vars in 374 bytes} [Wed Jun 21 12:10:16 2023] GET / => generated 2065 bytes in 2 msecs (HTTP/1.1 404) 6 headers in 186 bytes (1 switches on core 1)
Not Found: /
[pid: 4731|app: 0|req: 703/703] 111.7.100.33 () {48 vars in 797 bytes} [Wed Jun 21 12:10:30 2023] GET / => generated 2061 bytes in 3 msecs (HTTP/1.1 404) 6 headers in 181 bytes (1 switches on core 0)
Not Found: /
[pid: 4731|app: 0|req: 704/704] 111.7.100.34 () {48 vars in 796 bytes} [Wed Jun 21 12:10:30 2023] GET / => generated 2060 bytes in 2 msecs (HTTP/1.1 404) 6 headers in 181 bytes (1 switches on core 1)
Not Found: /
[pid: 4731|app: 0|req: 705/705] 36.99.136.129 () {48 vars in 797 bytes} [Wed Jun 21 12:10:35 2023] GET / => generated 2060 bytes in 2 msecs (HTTP/1.1 404) 6 headers in 181 bytes (1 switches on core 0)
Not Found: /favicon.ico
[pid: 4731|app: 0|req: 706/706] 64.62.197.121 () {36 vars in 487 bytes} [Wed Jun 21 12:15:01 2023] GET /favicon.ico => generated 2112 bytes in 2 msecs (HTTP/1.1 404) 6 headers in 186 bytes (1 switches on core 1)
Not Found: /dns-query
[pid: 4731|app: 0|req: 707/707] 64.62.197.108 () {36 vars in 597 bytes} [Wed Jun 21 12:15:44 2023] GET /dns-query?name=dnsscan.shadowserver.org&type=A => generated 2147 bytes in 2 msecs (HTTP/1.1 404) 6 headers in 186 bytes (1 switches on core 0)
Not Found: /
[pid: 4731|app: 0|req: 708/708] 64.62.197.121 () {36 vars in 458 bytes} [Wed Jun 21 12:16:02 2023] GET / => generated 2061 bytes in 2 msecs (HTTP/1.1 404) 6 headers in 186 bytes (1 switches on core 1)
Not Found: /geoserver/web/
[pid: 4731|app: 0|req: 709/709] 64.62.197.111 () {36 vars in 559 bytes} [Wed Jun 21 12:18:10 2023] GET /geoserver/web/ => generated 2121 bytes in 2 msecs (HTTP/1.1 404) 6 headers in 186 bytes (1 switches on core 0)
Not Found: /.git/config
[pid: 4731|app: 0|req: 710/710] 64.62.197.120 () {36 vars in 511 bytes} [Wed Jun 21 12:18:35 2023] GET /.git/config => generated 2112 bytes in 2 msecs (HTTP/1.1 404) 6 headers in 186 bytes (1 switches on core 1)
Not Found: /
[pid: 4731|app: 0|req: 711/711] 223.111.175.122 () {34 vars in 372 bytes} [Wed Jun 21 12:35:45 2023] GET / => generated 2060 bytes in 2 msecs (HTTP/1.1 404) 6 headers in 186 bytes (1 switches on core 0)
Not Found: /
[pid: 4731|app: 0|req: 712/712] 35.203.210.246 () {32 vars in 616 bytes} [Wed Jun 21 12:37:36 2023] GET / => generated 2065 bytes in 2 msecs (HTTP/1.1 404) 6 headers in 186 bytes (1 switches on core 1)
Not Found: /
[pid: 4731|app: 0|req: 713/713] 117.187.173.108 () {34 vars in 373 bytes} [Wed Jun 21 12:48:35 2023] GET / => generated 2061 bytes in 2 msecs (HTTP/1.1 404) 6 headers in 186 bytes (1 switches on core 0)
Not Found: /
[pid: 4731|app: 0|req: 714/714] 106.3.146.202 () {40 vars in 732 bytes} [Wed Jun 21 13:30:28 2023] GET / => generated 2061 bytes in 2 msecs (HTTP/1.1 404) 6 headers in 186 bytes (1 switches on core 1)
Not Found: /
[pid: 4731|app: 0|req: 715/715] 106.3.146.202 () {40 vars in 761 bytes} [Wed Jun 21 13:30:31 2023] GET / => generated 2061 bytes in 2 msecs (HTTP/1.1 404) 6 headers in 186 bytes (1 switches on core 0)
Not Found: /favicon.ico
[pid: 4731|app: 0|req: 716/716] 106.3.146.202 () {40 vars in 754 bytes} [Wed Jun 21 13:30:34 2023] GET /favicon.ico => generated 2112 bytes in 2 msecs (HTTP/1.1 404) 6 headers in 186 bytes (1 switches on core 1)
Not Found: /favicon.ico
[pid: 4731|app: 0|req: 717/717] 106.3.146.202 () {40 vars in 783 bytes} [Wed Jun 21 13:30:37 2023] GET /favicon.ico => generated 2112 bytes in 2 msecs (HTTP/1.1 404) 6 headers in 186 bytes (1 switches on core 0)
Not Found: /
[pid: 4731|app: 0|req: 718/718] 106.75.100.243 () {40 vars in 681 bytes} [Wed Jun 21 13:33:08 2023] GET / => generated 2060 bytes in 2 msecs (HTTP/1.1 404) 6 headers in 186 bytes (1 switches on core 1)
Not Found: /favicon.ico
[pid: 4731|app: 0|req: 719/719] 106.75.100.243 () {40 vars in 706 bytes} [Wed Jun 21 13:33:08 2023] GET /favicon.ico => generated 2111 bytes in 2 msecs (HTTP/1.1 404) 6 headers in 186 bytes (1 switches on core 0)
Not Found: /sitemap.xml
[pid: 4731|app: 0|req: 720/720] 106.75.100.243 () {40 vars in 704 bytes} [Wed Jun 21 13:33:08 2023] GET /sitemap.xml => generated 2111 bytes in 2 msecs (HTTP/1.1 404) 6 headers in 186 bytes (1 switches on core 1)
Not Found: /robots.txt
[pid: 4731|app: 0|req: 721/721] 106.75.100.243 () {40 vars in 689 bytes} [Wed Jun 21 13:33:08 2023] GET /robots.txt => generated 2108 bytes in 2 msecs (HTTP/1.1 404) 6 headers in 186 bytes (1 switches on core 0)
Not Found: /
[pid: 4731|app: 0|req: 722/722] 103.153.254.110 () {42 vars in 647 bytes} [Wed Jun 21 14:32:50 2023] GET / => generated 2065 bytes in 2 msecs (HTTP/1.1 404) 6 headers in 181 bytes (1 switches on core 1)
Not Found: /
[pid: 4731|app: 0|req: 723/723] 162.243.146.31 () {36 vars in 410 bytes} [Wed Jun 21 14:37:22 2023] GET / => generated 2061 bytes in 2 msecs (HTTP/1.1 404) 6 headers in 186 bytes (1 switches on core 0)
Not Found: /
[pid: 4731|app: 0|req: 724/724] 87.236.176.221 () {38 vars in 498 bytes} [Wed Jun 21 15:08:28 2023] GET / => generated 2061 bytes in 2 msecs (HTTP/1.1 404) 6 headers in 186 bytes (1 switches on core 1)
-------------------------
-------------------------
Internal Server Error: /myApp/question/recommend/
Traceback (most recent call last):
  File "/root/anaconda3/envs/software/lib/python3.9/site-packages/django/core/handlers/exception.py", line 47, in inner
    response = get_response(request)
  File "/root/anaconda3/envs/software/lib/python3.9/site-packages/django/core/handlers/base.py", line 181, in _get_response
    response = wrapped_callback(request, *callback_args, **callback_kwargs)
  File "/home/ourProject/soft-ware-project/./myApp/views.py", line 293, in recommend_question
    uid = int(request.GET.get('uid'))
TypeError: int() argument must be a string, a bytes-like object or a number, not 'NoneType'
[pid: 4731|app: 0|req: 726/725] 219.239.227.158 () {42 vars in 965 bytes} [Wed Jun 21 16:08:33 2023] GET /myApp/question/recommend/?tags=%5B%5D => generated 54296 bytes in 33 msecs (HTTP/1.1 500) 6 headers in 207 bytes (1 switches on core 1)
Internal Server Error: /myApp/question/recommend/
Traceback (most recent call last):
  File "/root/anaconda3/envs/software/lib/python3.9/site-packages/django/core/handlers/exception.py", line 47, in inner
    response = get_response(request)
  File "/root/anaconda3/envs/software/lib/python3.9/site-packages/django/core/handlers/base.py", line 181, in _get_response
    response = wrapped_callback(request, *callback_args, **callback_kwargs)
  File "/home/ourProject/soft-ware-project/./myApp/views.py", line 293, in recommend_question
    uid = int(request.GET.get('uid'))
TypeError: int() argument must be a string, a bytes-like object or a number, not 'NoneType'
[pid: 4731|app: 0|req: 727/726] 219.239.227.158 () {42 vars in 965 bytes} [Wed Jun 21 16:08:33 2023] GET /myApp/question/recommend/?tags=%5B%5D => generated 54296 bytes in 36 msecs (HTTP/1.1 500) 6 headers in 207 bytes (1 switches on core 0)
otjFq5Y9GFfbIiTp-tgFnOXLgznw
['二手', '情感', '航学']
[27]
[8, 133, 78]
[pid: 4731|app: 0|req: 727/727] 219.239.227.158 () {42 vars in 1005 bytes} [Wed Jun 21 16:08:33 2023] GET /myApp/user/profile/?code=0c1gEx0w3tUKQ03qkO1w3NDL9v1gEx0S => generated 503 bytes in 223 msecs (HTTP/1.1 200) 6 headers in 185 bytes (1 switches on core 1)
[pid: 4731|app: 0|req: 728/728] 219.239.227.158 () {42 vars in 1009 bytes} [Wed Jun 21 16:08:39 2023] GET /myApp/question/sort/?tag=%E6%B1%82%E8%81%8C&sortBy=ClikeNum => generated 3821 bytes in 8 msecs (HTTP/1.1 200) 6 headers in 186 bytes (1 switches on core 0)
-------------------------
Internal Server Error: /myApp/question/recommend/
Traceback (most recent call last):
  File "/root/anaconda3/envs/software/lib/python3.9/site-packages/django/core/handlers/exception.py", line 47, in inner
    response = get_response(request)
  File "/root/anaconda3/envs/software/lib/python3.9/site-packages/django/core/handlers/base.py", line 181, in _get_response
    response = wrapped_callback(request, *callback_args, **callback_kwargs)
  File "/home/ourProject/soft-ware-project/./myApp/views.py", line 293, in recommend_question
    uid = int(request.GET.get('uid'))
TypeError: int() argument must be a string, a bytes-like object or a number, not 'NoneType'
[pid: 4731|app: 0|req: 729/729] 219.239.227.158 () {42 vars in 1121 bytes} [Wed Jun 21 16:08:40 2023] GET /myApp/question/recommend/?tags=%5B%22%E4%BA%8C%E6%89%8B%22%2C%22%E6%83%85%E6%84%9F%22%2C%22%E8%88%AA%E5%AD%A6%22%5D => generated 54898 bytes in 16 msecs (HTTP/1.1 500) 6 headers in 207 bytes (1 switches on core 1)
-----in hot----
[pid: 4731|app: 0|req: 730/730] 219.239.227.158 () {42 vars in 930 bytes} [Wed Jun 21 16:08:41 2023] GET /myApp/question/hot/ => generated 5330 bytes in 11 msecs (HTTP/1.1 200) 6 headers in 186 bytes (1 switches on core 0)
-------------------------
Internal Server Error: /myApp/question/recommend/
Traceback (most recent call last):
  File "/root/anaconda3/envs/software/lib/python3.9/site-packages/django/core/handlers/exception.py", line 47, in inner
    response = get_response(request)
  File "/root/anaconda3/envs/software/lib/python3.9/site-packages/django/core/handlers/base.py", line 181, in _get_response
    response = wrapped_callback(request, *callback_args, **callback_kwargs)
  File "/home/ourProject/soft-ware-project/./myApp/views.py", line 293, in recommend_question
    uid = int(request.GET.get('uid'))
TypeError: int() argument must be a string, a bytes-like object or a number, not 'NoneType'
[pid: 4731|app: 0|req: 731/731] 219.239.227.158 () {42 vars in 1121 bytes} [Wed Jun 21 16:08:42 2023] GET /myApp/question/recommend/?tags=%5B%22%E4%BA%8C%E6%89%8B%22%2C%22%E6%83%85%E6%84%9F%22%2C%22%E8%88%AA%E5%AD%A6%22%5D => generated 54898 bytes in 16 msecs (HTTP/1.1 500) 6 headers in 207 bytes (1 switches on core 1)
-----in hot----
[pid: 4731|app: 0|req: 732/732] 219.239.227.158 () {42 vars in 930 bytes} [Wed Jun 21 16:08:43 2023] GET /myApp/question/hot/ => generated 5330 bytes in 11 msecs (HTTP/1.1 200) 6 headers in 186 bytes (1 switches on core 0)
-------------------------
Internal Server Error: /myApp/question/recommend/
Traceback (most recent call last):
  File "/root/anaconda3/envs/software/lib/python3.9/site-packages/django/core/handlers/exception.py", line 47, in inner
    response = get_response(request)
  File "/root/anaconda3/envs/software/lib/python3.9/site-packages/django/core/handlers/base.py", line 181, in _get_response
    response = wrapped_callback(request, *callback_args, **callback_kwargs)
  File "/home/ourProject/soft-ware-project/./myApp/views.py", line 293, in recommend_question
    uid = int(request.GET.get('uid'))
TypeError: int() argument must be a string, a bytes-like object or a number, not 'NoneType'
[pid: 4731|app: 0|req: 733/733] 219.239.227.158 () {42 vars in 1121 bytes} [Wed Jun 21 16:08:44 2023] GET /myApp/question/recommend/?tags=%5B%22%E4%BA%8C%E6%89%8B%22%2C%22%E6%83%85%E6%84%9F%22%2C%22%E8%88%AA%E5%AD%A6%22%5D => generated 54898 bytes in 16 msecs (HTTP/1.1 500) 6 headers in 207 bytes (1 switches on core 1)
-----in hot----
[pid: 4731|app: 0|req: 734/734] 219.239.227.158 () {42 vars in 930 bytes} [Wed Jun 21 16:08:46 2023] GET /myApp/question/hot/ => generated 5330 bytes in 11 msecs (HTTP/1.1 200) 6 headers in 186 bytes (1 switches on core 0)
-------------------------
Internal Server Error: /myApp/question/recommend/
Traceback (most recent call last):
  File "/root/anaconda3/envs/software/lib/python3.9/site-packages/django/core/handlers/exception.py", line 47, in inner
    response = get_response(request)
  File "/root/anaconda3/envs/software/lib/python3.9/site-packages/django/core/handlers/base.py", line 181, in _get_response
    response = wrapped_callback(request, *callback_args, **callback_kwargs)
  File "/home/ourProject/soft-ware-project/./myApp/views.py", line 293, in recommend_question
    uid = int(request.GET.get('uid'))
TypeError: int() argument must be a string, a bytes-like object or a number, not 'NoneType'
[pid: 4731|app: 0|req: 735/735] 219.239.227.158 () {42 vars in 1121 bytes} [Wed Jun 21 16:08:47 2023] GET /myApp/question/recommend/?tags=%5B%22%E4%BA%8C%E6%89%8B%22%2C%22%E6%83%85%E6%84%9F%22%2C%22%E8%88%AA%E5%AD%A6%22%5D => generated 54898 bytes in 16 msecs (HTTP/1.1 500) 6 headers in 207 bytes (1 switches on core 1)
[pid: 4731|app: 0|req: 736/736] 219.239.227.158 () {42 vars in 1009 bytes} [Wed Jun 21 16:08:48 2023] GET /myApp/question/sort/?tag=%E6%B1%82%E8%81%8C&sortBy=ClikeNum => generated 3821 bytes in 9 msecs (HTTP/1.1 200) 6 headers in 186 bytes (1 switches on core 0)
-------------------------
Internal Server Error: /myApp/question/recommend/
Traceback (most recent call last):
  File "/root/anaconda3/envs/software/lib/python3.9/site-packages/django/core/handlers/exception.py", line 47, in inner
    response = get_response(request)
  File "/root/anaconda3/envs/software/lib/python3.9/site-packages/django/core/handlers/base.py", line 181, in _get_response
    response = wrapped_callback(request, *callback_args, **callback_kwargs)
  File "/home/ourProject/soft-ware-project/./myApp/views.py", line 293, in recommend_question
    uid = int(request.GET.get('uid'))
TypeError: int() argument must be a string, a bytes-like object or a number, not 'NoneType'
[pid: 4731|app: 0|req: 737/737] 219.239.227.158 () {42 vars in 1121 bytes} [Wed Jun 21 16:08:49 2023] GET /myApp/question/recommend/?tags=%5B%22%E4%BA%8C%E6%89%8B%22%2C%22%E6%83%85%E6%84%9F%22%2C%22%E8%88%AA%E5%AD%A6%22%5D => generated 54898 bytes in 16 msecs (HTTP/1.1 500) 6 headers in 207 bytes (1 switches on core 1)
-----in hot----
[pid: 4731|app: 0|req: 738/738] 219.239.227.158 () {42 vars in 930 bytes} [Wed Jun 21 16:08:50 2023] GET /myApp/question/hot/ => generated 5330 bytes in 11 msecs (HTTP/1.1 200) 6 headers in 186 bytes (1 switches on core 0)
-------------------------
Internal Server Error: /myApp/question/recommend/
Traceback (most recent call last):
  File "/root/anaconda3/envs/software/lib/python3.9/site-packages/django/core/handlers/exception.py", line 47, in inner
    response = get_response(request)
  File "/root/anaconda3/envs/software/lib/python3.9/site-packages/django/core/handlers/base.py", line 181, in _get_response
    response = wrapped_callback(request, *callback_args, **callback_kwargs)
  File "/home/ourProject/soft-ware-project/./myApp/views.py", line 293, in recommend_question
    uid = int(request.GET.get('uid'))
TypeError: int() argument must be a string, a bytes-like object or a number, not 'NoneType'
[pid: 4731|app: 0|req: 739/739] 219.239.227.158 () {42 vars in 1121 bytes} [Wed Jun 21 16:08:51 2023] GET /myApp/question/recommend/?tags=%5B%22%E4%BA%8C%E6%89%8B%22%2C%22%E6%83%85%E6%84%9F%22%2C%22%E8%88%AA%E5%AD%A6%22%5D => generated 54898 bytes in 16 msecs (HTTP/1.1 500) 6 headers in 207 bytes (1 switches on core 1)
[pid: 4731|app: 0|req: 740/740] 219.239.227.158 () {42 vars in 1009 bytes} [Wed Jun 21 16:08:57 2023] GET /myApp/question/sort/?tag=%E6%B1%82%E8%81%8C&sortBy=ClikeNum => generated 3821 bytes in 8 msecs (HTTP/1.1 200) 6 headers in 186 bytes (1 switches on core 0)
-------------------------
Internal Server Error: /myApp/question/recommend/
Traceback (most recent call last):
  File "/root/anaconda3/envs/software/lib/python3.9/site-packages/django/core/handlers/exception.py", line 47, in inner
    response = get_response(request)
  File "/root/anaconda3/envs/software/lib/python3.9/site-packages/django/core/handlers/base.py", line 181, in _get_response
    response = wrapped_callback(request, *callback_args, **callback_kwargs)
  File "/home/ourProject/soft-ware-project/./myApp/views.py", line 293, in recommend_question
    uid = int(request.GET.get('uid'))
TypeError: int() argument must be a string, a bytes-like object or a number, not 'NoneType'
[pid: 4731|app: 0|req: 741/741] 219.239.227.158 () {42 vars in 1121 bytes} [Wed Jun 21 16:08:58 2023] GET /myApp/question/recommend/?tags=%5B%22%E4%BA%8C%E6%89%8B%22%2C%22%E6%83%85%E6%84%9F%22%2C%22%E8%88%AA%E5%AD%A6%22%5D => generated 54898 bytes in 16 msecs (HTTP/1.1 500) 6 headers in 207 bytes (1 switches on core 1)
[pid: 4731|app: 0|req: 742/742] 219.239.227.158 () {42 vars in 1009 bytes} [Wed Jun 21 16:08:58 2023] GET /myApp/question/sort/?tag=%E8%80%83%E7%A0%94&sortBy=ClikeNum => generated 2401 bytes in 7 msecs (HTTP/1.1 200) 6 headers in 186 bytes (1 switches on core 0)
[pid: 4731|app: 0|req: 743/743] 219.239.227.158 () {42 vars in 1009 bytes} [Wed Jun 21 16:08:59 2023] GET /myApp/question/sort/?tag=%E6%B1%82%E8%81%8C&sortBy=ClikeNum => generated 3821 bytes in 8 msecs (HTTP/1.1 200) 6 headers in 186 bytes (1 switches on core 1)
[pid: 4731|app: 0|req: 744/744] 219.239.227.158 () {42 vars in 1009 bytes} [Wed Jun 21 16:09:00 2023] GET /myApp/question/sort/?tag=%E8%80%83%E7%A0%94&sortBy=ClikeNum => generated 2401 bytes in 7 msecs (HTTP/1.1 200) 6 headers in 186 bytes (1 switches on core 0)
[pid: 4731|app: 0|req: 745/745] 219.239.227.158 () {42 vars in 1009 bytes} [Wed Jun 21 16:09:01 2023] GET /myApp/question/sort/?tag=%E4%BF%9D%E7%A0%94&sortBy=ClikeNum => generated 12 bytes in 3 msecs (HTTP/1.1 200) 6 headers in 184 bytes (1 switches on core 1)
[pid: 4731|app: 0|req: 746/746] 219.239.227.158 () {42 vars in 1009 bytes} [Wed Jun 21 16:09:02 2023] GET /myApp/question/sort/?tag=%E6%8C%87%E5%8D%97&sortBy=ClikeNum => generated 17960 bytes in 29 msecs (HTTP/1.1 200) 6 headers in 187 bytes (1 switches on core 0)
[pid: 4731|app: 0|req: 747/747] 219.239.227.158 () {42 vars in 1009 bytes} [Wed Jun 21 16:09:03 2023] GET /myApp/question/sort/?tag=%E6%B4%BB%E5%8A%A8&sortBy=ClikeNum => generated 22167 bytes in 31 msecs (HTTP/1.1 200) 6 headers in 187 bytes (1 switches on core 1)
-------------------------
Internal Server Error: /myApp/question/recommend/
Traceback (most recent call last):
  File "/root/anaconda3/envs/software/lib/python3.9/site-packages/django/core/handlers/exception.py", line 47, in inner
    response = get_response(request)
  File "/root/anaconda3/envs/software/lib/python3.9/site-packages/django/core/handlers/base.py", line 181, in _get_response
    response = wrapped_callback(request, *callback_args, **callback_kwargs)
  File "/home/ourProject/soft-ware-project/./myApp/views.py", line 293, in recommend_question
    uid = int(request.GET.get('uid'))
TypeError: int() argument must be a string, a bytes-like object or a number, not 'NoneType'
[pid: 4731|app: 0|req: 748/748] 219.239.227.158 () {42 vars in 1121 bytes} [Wed Jun 21 16:09:05 2023] GET /myApp/question/recommend/?tags=%5B%22%E4%BA%8C%E6%89%8B%22%2C%22%E6%83%85%E6%84%9F%22%2C%22%E8%88%AA%E5%AD%A6%22%5D => generated 54898 bytes in 16 msecs (HTTP/1.1 500) 6 headers in 207 bytes (1 switches on core 0)
-----in hot----
[pid: 4731|app: 0|req: 749/749] 219.239.227.158 () {42 vars in 930 bytes} [Wed Jun 21 16:09:07 2023] GET /myApp/question/hot/ => generated 5330 bytes in 12 msecs (HTTP/1.1 200) 6 headers in 186 bytes (1 switches on core 1)
-------------------------
Internal Server Error: /myApp/question/recommend/
Traceback (most recent call last):
  File "/root/anaconda3/envs/software/lib/python3.9/site-packages/django/core/handlers/exception.py", line 47, in inner
    response = get_response(request)
  File "/root/anaconda3/envs/software/lib/python3.9/site-packages/django/core/handlers/base.py", line 181, in _get_response
    response = wrapped_callback(request, *callback_args, **callback_kwargs)
  File "/home/ourProject/soft-ware-project/./myApp/views.py", line 293, in recommend_question
    uid = int(request.GET.get('uid'))
TypeError: int() argument must be a string, a bytes-like object or a number, not 'NoneType'
[pid: 4731|app: 0|req: 750/750] 219.239.227.158 () {42 vars in 1121 bytes} [Wed Jun 21 16:09:08 2023] GET /myApp/question/recommend/?tags=%5B%22%E4%BA%8C%E6%89%8B%22%2C%22%E6%83%85%E6%84%9F%22%2C%22%E8%88%AA%E5%AD%A6%22%5D => generated 54898 bytes in 16 msecs (HTTP/1.1 500) 6 headers in 207 bytes (1 switches on core 0)
Not Found: /
[pid: 4731|app: 0|req: 751/751] 43.229.212.2 () {40 vars in 574 bytes} [Wed Jun 21 16:33:35 2023] GET / => generated 2061 bytes in 2 msecs (HTTP/1.1 404) 6 headers in 186 bytes (1 switches on core 1)
Not Found: /favicon.ico
[pid: 4731|app: 0|req: 752/752] 43.229.212.2 () {40 vars in 596 bytes} [Wed Jun 21 16:33:35 2023] GET /favicon.ico => generated 2112 bytes in 2 msecs (HTTP/1.1 404) 6 headers in 186 bytes (1 switches on core 0)
Not Found: /
[pid: 4731|app: 0|req: 753/753] 45.79.181.94 () {36 vars in 501 bytes} [Wed Jun 21 17:08:25 2023] GET / => generated 2061 bytes in 2 msecs (HTTP/1.1 404) 6 headers in 186 bytes (1 switches on core 1)
Not Found: /ab2g
[pid: 4731|app: 0|req: 754/754] 165.232.188.121 () {36 vars in 419 bytes} [Wed Jun 21 17:21:04 2023] GET /ab2g => generated 2091 bytes in 2 msecs (HTTP/1.1 404) 6 headers in 186 bytes (1 switches on core 0)
Not Found: /ab2h
[pid: 4731|app: 0|req: 755/755] 165.232.188.121 () {36 vars in 419 bytes} [Wed Jun 21 17:21:05 2023] GET /ab2h => generated 2091 bytes in 2 msecs (HTTP/1.1 404) 6 headers in 186 bytes (1 switches on core 1)
Not Found: /
[pid: 4731|app: 0|req: 756/756] 165.232.188.121 () {36 vars in 501 bytes} [Wed Jun 21 17:21:13 2023] GET / => generated 2061 bytes in 2 msecs (HTTP/1.1 404) 6 headers in 186 bytes (1 switches on core 0)
Not Found: /t4
[pid: 4731|app: 0|req: 757/757] 165.232.188.121 () {36 vars in 405 bytes} [Wed Jun 21 17:21:16 2023] GET /t4 => generated 2085 bytes in 2 msecs (HTTP/1.1 404) 6 headers in 186 bytes (1 switches on core 1)
Not Found: /favicon.ico
[pid: 4731|app: 0|req: 758/758] 165.232.188.121 () {36 vars in 523 bytes} [Wed Jun 21 17:21:25 2023] GET /favicon.ico => generated 2112 bytes in 2 msecs (HTTP/1.1 404) 6 headers in 186 bytes (1 switches on core 0)
Not Found: /
[pid: 4731|app: 0|req: 759/759] 165.232.188.121 () {40 vars in 583 bytes} [Wed Jun 21 17:21:25 2023] GET / => generated 2061 bytes in 2 msecs (HTTP/1.1 404) 6 headers in 186 bytes (1 switches on core 1)
Not Found: /
[pid: 4731|app: 0|req: 760/760] 106.75.16.16 () {40 vars in 668 bytes} [Wed Jun 21 17:34:21 2023] GET / => generated 2060 bytes in 2 msecs (HTTP/1.1 404) 6 headers in 186 bytes (1 switches on core 0)
Not Found: /favicon.ico
[pid: 4731|app: 0|req: 761/761] 106.75.16.16 () {40 vars in 689 bytes} [Wed Jun 21 17:34:21 2023] GET /favicon.ico => generated 2111 bytes in 2 msecs (HTTP/1.1 404) 6 headers in 186 bytes (1 switches on core 1)
Not Found: /sitemap.xml
[pid: 4731|app: 0|req: 762/762] 106.75.16.16 () {40 vars in 688 bytes} [Wed Jun 21 17:34:21 2023] GET /sitemap.xml => generated 2111 bytes in 2 msecs (HTTP/1.1 404) 6 headers in 186 bytes (1 switches on core 0)
Not Found: /robots.txt
[pid: 4731|app: 0|req: 763/763] 106.75.16.16 () {40 vars in 689 bytes} [Wed Jun 21 17:34:21 2023] GET /robots.txt => generated 2108 bytes in 2 msecs (HTTP/1.1 404) 6 headers in 186 bytes (1 switches on core 1)
Not Found: /
[pid: 4731|app: 0|req: 764/764] 106.75.101.67 () {40 vars in 669 bytes} [Wed Jun 21 18:03:54 2023] GET / => generated 2061 bytes in 4 msecs (HTTP/1.1 404) 6 headers in 186 bytes (1 switches on core 0)
Not Found: /favicon.ico
[pid: 4731|app: 0|req: 765/765] 106.75.101.67 () {40 vars in 702 bytes} [Wed Jun 21 18:03:54 2023] GET /favicon.ico => generated 2112 bytes in 2 msecs (HTTP/1.1 404) 6 headers in 186 bytes (1 switches on core 1)
Not Found: /sitemap.xml
[pid: 4731|app: 0|req: 767/766] 106.75.101.67 () {40 vars in 692 bytes} [Wed Jun 21 18:03:54 2023] GET /sitemap.xml => generated 2112 bytes in 4 msecs (HTTP/1.1 404) 6 headers in 186 bytes (1 switches on core 0)
Not Found: /robots.txt
[pid: 4731|app: 0|req: 767/767] 106.75.101.67 () {40 vars in 704 bytes} [Wed Jun 21 18:03:54 2023] GET /robots.txt => generated 2109 bytes in 4 msecs (HTTP/1.1 404) 6 headers in 186 bytes (1 switches on core 1)
Not Found: /
[pid: 4731|app: 0|req: 768/768] 106.75.142.97 () {36 vars in 416 bytes} [Wed Jun 21 18:09:18 2023] GET / => generated 2065 bytes in 2 msecs (HTTP/1.1 404) 6 headers in 186 bytes (1 switches on core 0)
Not Found: /services/discovery
[pid: 4731|app: 0|req: 769/769] 64.62.197.107 () {44 vars in 812 bytes} [Wed Jun 21 18:27:13 2023] POST /services/discovery => generated 2134 bytes in 2 msecs (HTTP/1.1 404) 6 headers in 186 bytes (1 switches on core 1)
Not Found: /robots.txt
[pid: 4731|app: 0|req: 770/770] 138.246.253.24 () {32 vars in 479 bytes} [Wed Jun 21 18:29:31 2023] GET /robots.txt => generated 2109 bytes in 2 msecs (HTTP/1.1 404) 6 headers in 186 bytes (1 switches on core 0)
Not Found: /
[pid: 4731|app: 0|req: 771/771] 167.248.133.51 () {30 vars in 328 bytes} [Wed Jun 21 20:32:06 2023] GET / => generated 2065 bytes in 2 msecs (HTTP/1.1 404) 6 headers in 186 bytes (1 switches on core 1)
Not Found: /
[pid: 4731|app: 0|req: 772/772] 167.248.133.51 () {36 vars in 459 bytes} [Wed Jun 21 20:32:07 2023] GET / => generated 2061 bytes in 2 msecs (HTTP/1.1 404) 6 headers in 186 bytes (1 switches on core 0)
Not Found: /remote/login
[pid: 4731|app: 0|req: 773/773] 185.180.140.4 () {36 vars in 527 bytes} [Wed Jun 21 20:44:01 2023] GET /remote/login => generated 2115 bytes in 2 msecs (HTTP/1.1 404) 6 headers in 186 bytes (1 switches on core 1)
Not Found: /cgi-mod/index.cgi
[pid: 4731|app: 0|req: 774/774] 185.180.143.138 () {36 vars in 539 bytes} [Wed Jun 21 21:28:32 2023] GET /cgi-mod/index.cgi => generated 2130 bytes in 2 msecs (HTTP/1.1 404) 6 headers in 186 bytes (1 switches on core 0)
Not Found: /ab2g
[pid: 4731|app: 0|req: 775/775] 174.138.47.244 () {36 vars in 418 bytes} [Wed Jun 21 21:34:12 2023] GET /ab2g => generated 2091 bytes in 2 msecs (HTTP/1.1 404) 6 headers in 186 bytes (1 switches on core 1)
Not Found: /ab2h
[pid: 4731|app: 0|req: 776/776] 174.138.47.244 () {36 vars in 418 bytes} [Wed Jun 21 21:34:13 2023] GET /ab2h => generated 2091 bytes in 2 msecs (HTTP/1.1 404) 6 headers in 186 bytes (1 switches on core 0)
Not Found: /autodiscover/autodiscover.json
[pid: 4731|app: 0|req: 777/777] 192.241.192.13 () {36 vars in 501 bytes} [Wed Jun 21 21:58:09 2023] GET /autodiscover/autodiscover.json?@zdi/Powershell => generated 2185 bytes in 2 msecs (HTTP/1.1 404) 6 headers in 186 bytes (1 switches on core 1)
Not Found: /
[pid: 4731|app: 0|req: 778/778] 185.180.143.140 () {36 vars in 505 bytes} [Wed Jun 21 22:12:17 2023] GET / => generated 2061 bytes in 2 msecs (HTTP/1.1 404) 6 headers in 186 bytes (1 switches on core 0)
Not Found: /owa/
[pid: 4731|app: 0|req: 779/779] 185.180.143.140 () {36 vars in 513 bytes} [Wed Jun 21 22:12:20 2023] GET /owa/ => generated 2091 bytes in 3 msecs (HTTP/1.1 404) 6 headers in 186 bytes (1 switches on core 1)
Not Found: /autodiscover/autodiscover.json
[pid: 4731|app: 0|req: 780/780] 185.180.143.140 () {36 vars in 770 bytes} [Wed Jun 21 22:12:21 2023] GET /autodiscover/autodiscover.json?a..foo.var/owa/?&Email=autodiscover/autodiscover.json?a..foo.var&Protocol=XYZ&FooProtocol=%50owershell => generated 2284 bytes in 2 msecs (HTTP/1.1 404) 6 headers in 186 bytes (1 switches on core 0)
Not Found: /favicon.ico
[pid: 4731|app: 0|req: 781/781] 185.180.143.140 () {40 vars in 583 bytes} [Wed Jun 21 22:12:39 2023] GET /favicon.ico => generated 2112 bytes in 3 msecs (HTTP/1.1 404) 6 headers in 186 bytes (1 switches on core 1)
Not Found: /
[pid: 4731|app: 0|req: 782/782] 185.180.143.140 () {36 vars in 505 bytes} [Wed Jun 21 22:12:40 2023] GET / => generated 2061 bytes in 2 msecs (HTTP/1.1 404) 6 headers in 186 bytes (1 switches on core 0)
Not Found: /cgi-bin/config.exp
[pid: 4731|app: 0|req: 783/783] 185.180.143.140 () {36 vars in 541 bytes} [Wed Jun 21 22:12:41 2023] GET /cgi-bin/config.exp => generated 2133 bytes in 2 msecs (HTTP/1.1 404) 6 headers in 186 bytes (1 switches on core 1)
Not Found: /
[pid: 4731|app: 0|req: 784/784] 185.180.143.140 () {36 vars in 505 bytes} [Wed Jun 21 22:12:59 2023] GET / => generated 2061 bytes in 2 msecs (HTTP/1.1 404) 6 headers in 186 bytes (1 switches on core 0)
Not Found: /solr/
[pid: 4731|app: 0|req: 785/785] 185.180.143.140 () {36 vars in 515 bytes} [Wed Jun 21 22:13:00 2023] GET /solr/ => generated 2094 bytes in 2 msecs (HTTP/1.1 404) 6 headers in 186 bytes (1 switches on core 1)
Not Found: /sugar_version.json
[pid: 4731|app: 0|req: 786/786] 185.180.143.140 () {36 vars in 541 bytes} [Wed Jun 21 22:13:18 2023] GET /sugar_version.json => generated 2133 bytes in 2 msecs (HTTP/1.1 404) 6 headers in 186 bytes (1 switches on core 0)
[pid: 4731|app: 0|req: 787/787] 185.180.143.140 () {36 vars in 517 bytes} [Wed Jun 21 22:13:37 2023] GET /admin/ => generated 0 bytes in 3 msecs (HTTP/1.1 302) 9 headers in 352 bytes (1 switches on core 1)
Not Found: /remote/login
[pid: 4731|app: 0|req: 788/788] 185.180.143.140 () {36 vars in 529 bytes} [Wed Jun 21 22:13:38 2023] GET /remote/login => generated 2115 bytes in 3 msecs (HTTP/1.1 404) 6 headers in 186 bytes (1 switches on core 0)
Not Found: /favicon.ico
[pid: 4731|app: 0|req: 789/789] 185.180.143.140 () {36 vars in 527 bytes} [Wed Jun 21 22:13:40 2023] GET /favicon.ico => generated 2112 bytes in 2 msecs (HTTP/1.1 404) 6 headers in 186 bytes (1 switches on core 1)
Not Found: /
[pid: 4731|app: 0|req: 790/790] 83.97.73.89 () {36 vars in 511 bytes} [Thu Jun 22 00:46:02 2023] GET / => generated 2065 bytes in 3 msecs (HTTP/1.1 404) 6 headers in 186 bytes (1 switches on core 0)
Not Found: /
[pid: 4731|app: 0|req: 791/791] 65.49.20.66 () {36 vars in 526 bytes} [Thu Jun 22 01:44:45 2023] GET / => generated 2061 bytes in 4 msecs (HTTP/1.1 404) 6 headers in 186 bytes (1 switches on core 1)
Not Found: /favicon.ico
[pid: 4731|app: 0|req: 792/792] 65.49.20.66 () {36 vars in 525 bytes} [Thu Jun 22 01:50:30 2023] GET /favicon.ico => generated 2112 bytes in 2 msecs (HTTP/1.1 404) 6 headers in 186 bytes (1 switches on core 0)
Not Found: /dns-query
[pid: 4731|app: 0|req: 793/793] 65.49.20.66 () {36 vars in 623 bytes} [Thu Jun 22 01:51:27 2023] GET /dns-query?name=dnsscan.shadowserver.org&type=A => generated 2147 bytes in 2 msecs (HTTP/1.1 404) 6 headers in 186 bytes (1 switches on core 1)
Not Found: /
[pid: 4731|app: 0|req: 794/794] 65.49.20.66 () {36 vars in 525 bytes} [Thu Jun 22 01:51:41 2023] GET / => generated 2061 bytes in 2 msecs (HTTP/1.1 404) 6 headers in 186 bytes (1 switches on core 0)
Not Found: /geoserver/web/
[pid: 4731|app: 0|req: 795/795] 65.49.20.66 () {36 vars in 543 bytes} [Thu Jun 22 01:53:22 2023] GET /geoserver/web/ => generated 2121 bytes in 2 msecs (HTTP/1.1 404) 6 headers in 186 bytes (1 switches on core 1)
Not Found: /.git/config
[pid: 4731|app: 0|req: 796/796] 65.49.20.66 () {36 vars in 488 bytes} [Thu Jun 22 01:53:51 2023] GET /.git/config => generated 2112 bytes in 2 msecs (HTTP/1.1 404) 6 headers in 186 bytes (1 switches on core 0)
Not Found: /Autodiscover/Autodiscover.xml
[pid: 4731|app: 0|req: 797/797] 83.97.73.89 () {40 vars in 650 bytes} [Thu Jun 22 02:01:34 2023] POST /Autodiscover/Autodiscover.xml => generated 2171 bytes in 2 msecs (HTTP/1.1 404) 6 headers in 186 bytes (1 switches on core 1)
Not Found: /
[pid: 4731|app: 0|req: 798/798] 35.240.121.17 () {44 vars in 577 bytes} [Thu Jun 22 02:17:05 2023] GET / => generated 2061 bytes in 3 msecs (HTTP/1.1 404) 6 headers in 186 bytes (1 switches on core 0)
Not Found: /
[pid: 4731|app: 0|req: 799/799] 43.156.249.99 () {36 vars in 470 bytes} [Thu Jun 22 02:39:30 2023] GET / => generated 2061 bytes in 2 msecs (HTTP/1.1 404) 6 headers in 186 bytes (1 switches on core 1)
Not Found: /
[pid: 4731|app: 0|req: 800/800] 103.149.192.11 () {36 vars in 504 bytes} [Thu Jun 22 03:17:58 2023] GET / => generated 2061 bytes in 2 msecs (HTTP/1.1 404) 6 headers in 186 bytes (1 switches on core 0)
Not Found: /ReportServer
[pid: 4731|app: 0|req: 801/801] 162.243.139.21 () {36 vars in 434 bytes} [Thu Jun 22 03:24:41 2023] GET /ReportServer => generated 2115 bytes in 2 msecs (HTTP/1.1 404) 6 headers in 186 bytes (1 switches on core 1)
Not Found: /index.php
[pid: 4731|app: 0|req: 802/802] 83.97.73.89 () {36 vars in 734 bytes} [Thu Jun 22 03:41:47 2023] GET /index.php?s=/Index/\think\app/invokefunction&function=call_user_func_array&vars[0]=md5&vars[1][]=HelloThinkPHP21 => generated 2229 bytes in 2 msecs (HTTP/1.1 404) 6 headers in 186 bytes (1 switches on core 0)
Not Found: /
[pid: 4731|app: 0|req: 803/803] 162.216.149.244 () {32 vars in 617 bytes} [Thu Jun 22 03:56:57 2023] GET / => generated 2065 bytes in 2 msecs (HTTP/1.1 404) 6 headers in 186 bytes (1 switches on core 1)
Not Found: /.git/config
[pid: 4731|app: 0|req: 804/804] 44.200.203.101 () {38 vars in 578 bytes} [Thu Jun 22 03:58:03 2023] GET /.git/config => generated 2112 bytes in 2 msecs (HTTP/1.1 404) 6 headers in 186 bytes (1 switches on core 0)
Not Found: /login
[pid: 4731|app: 0|req: 805/805] 192.241.222.48 () {36 vars in 420 bytes} [Thu Jun 22 04:16:48 2023] GET /login => generated 2094 bytes in 3 msecs (HTTP/1.1 404) 6 headers in 186 bytes (1 switches on core 1)
Not Found: /mifs/.;/services/LogService
[pid: 4731|app: 0|req: 806/806] 83.97.73.89 () {42 vars in 697 bytes} [Thu Jun 22 05:23:50 2023] POST /mifs/.;/services/LogService => generated 2167 bytes in 2 msecs (HTTP/1.1 404) 6 headers in 186 bytes (1 switches on core 0)
Not Found: /.git/config
[pid: 4731|app: 0|req: 807/807] 92.118.39.108 () {38 vars in 530 bytes} [Thu Jun 22 06:42:27 2023] GET /.git/config => generated 2112 bytes in 2 msecs (HTTP/1.1 404) 6 headers in 186 bytes (1 switches on core 1)
Not Found: /_ignition/execute-solution
[pid: 4731|app: 0|req: 808/808] 83.97.73.89 () {38 vars in 616 bytes} [Thu Jun 22 06:42:43 2023] GET /_ignition/execute-solution => generated 2161 bytes in 2 msecs (HTTP/1.1 404) 6 headers in 186 bytes (1 switches on core 0)
Invalid HTTP_HOST header: '[2407:c080:17ef:ffff::7274:db9d]'. You may need to add '[2407:c080:17ef:ffff::7274:db9d]' to ALLOWED_HOSTS.
Bad Request: /
[pid: 4731|app: 0|req: 809/809] 198.19.5.40 () {36 vars in 513 bytes} [Thu Jun 22 07:32:34 2023] GET / => generated 58001 bytes in 16 msecs (HTTP/1.1 400) 5 headers in 166 bytes (1 switches on core 1)
Invalid HTTP_HOST header: '[2407:c080:17ef:ffff::7274:db9d]'. You may need to add '[2407:c080:17ef:ffff::7274:db9d]' to ALLOWED_HOSTS.
Bad Request: /
[pid: 4731|app: 0|req: 810/810] 198.19.85.40 () {36 vars in 514 bytes} [Thu Jun 22 07:32:45 2023] GET / => generated 58002 bytes in 16 msecs (HTTP/1.1 400) 5 headers in 166 bytes (1 switches on core 0)
Invalid HTTP_HOST header: '[2407:c080:17ef:ffff::7274:db9d]'. You may need to add '[2407:c080:17ef:ffff::7274:db9d]' to ALLOWED_HOSTS.
Bad Request: /
[pid: 4731|app: 0|req: 811/811] 198.19.5.40 () {36 vars in 513 bytes} [Thu Jun 22 07:33:01 2023] GET / => generated 58001 bytes in 16 msecs (HTTP/1.1 400) 5 headers in 166 bytes (1 switches on core 1)
Not Found: /
[pid: 4731|app: 0|req: 812/812] 83.97.73.89 () {36 vars in 511 bytes} [Thu Jun 22 07:35:54 2023] GET / => generated 2065 bytes in 2 msecs (HTTP/1.1 404) 6 headers in 186 bytes (1 switches on core 0)
Not Found: /
[pid: 4731|app: 0|req: 813/813] 83.97.73.89 () {38 vars in 564 bytes} [Thu Jun 22 09:00:48 2023] GET / => generated 2065 bytes in 3 msecs (HTTP/1.1 404) 6 headers in 186 bytes (1 switches on core 1)
Not Found: /.env
[pid: 4731|app: 0|req: 814/814] 4.150.55.228 () {38 vars in 452 bytes} [Thu Jun 22 09:49:06 2023] GET /.env => generated 2091 bytes in 2 msecs (HTTP/1.1 404) 6 headers in 186 bytes (1 switches on core 0)
Not Found: /
[pid: 4731|app: 0|req: 815/815] 4.150.55.228 () {42 vars in 559 bytes} [Thu Jun 22 09:49:07 2023] POST / => generated 2062 bytes in 2 msecs (HTTP/1.1 404) 6 headers in 186 bytes (1 switches on core 1)
Not Found: /
[pid: 4731|app: 0|req: 816/816] 83.97.73.89 () {36 vars in 511 bytes} [Thu Jun 22 10:14:38 2023] GET / => generated 2065 bytes in 2 msecs (HTTP/1.1 404) 6 headers in 186 bytes (1 switches on core 0)
Not Found: /actuator/gateway/routes
[pid: 4731|app: 0|req: 817/817] 83.97.73.89 () {36 vars in 557 bytes} [Thu Jun 22 10:53:28 2023] GET /actuator/gateway/routes => generated 2152 bytes in 2 msecs (HTTP/1.1 404) 6 headers in 186 bytes (1 switches on core 1)
Not Found: /
[pid: 4731|app: 0|req: 818/818] 167.94.138.124 () {30 vars in 328 bytes} [Thu Jun 22 11:31:00 2023] GET / => generated 2065 bytes in 2 msecs (HTTP/1.1 404) 6 headers in 186 bytes (1 switches on core 0)
Not Found: /
[pid: 4731|app: 0|req: 819/819] 167.94.138.124 () {36 vars in 459 bytes} [Thu Jun 22 11:31:00 2023] GET / => generated 2061 bytes in 2 msecs (HTTP/1.1 404) 6 headers in 186 bytes (1 switches on core 1)
Not Found: /
[pid: 4731|app: 0|req: 820/820] 185.233.19.9 () {32 vars in 344 bytes} [Thu Jun 22 11:48:43 2023] GET / => generated 2065 bytes in 2 msecs (HTTP/1.1 404) 6 headers in 186 bytes (1 switches on core 0)
Not Found: /
[pid: 4731|app: 0|req: 821/821] 15.204.52.61 () {38 vars in 557 bytes} [Thu Jun 22 12:35:55 2023] GET / => generated 2061 bytes in 2 msecs (HTTP/1.1 404) 6 headers in 181 bytes (1 switches on core 1)
Not Found: /geoserver
[pid: 4731|app: 0|req: 822/822] 83.97.73.89 () {36 vars in 529 bytes} [Thu Jun 22 13:26:43 2023] GET /geoserver => generated 2110 bytes in 2 msecs (HTTP/1.1 404) 6 headers in 186 bytes (1 switches on core 0)
Not Found: /owa/auth/logon.aspx
[pid: 4731|app: 0|req: 823/823] 192.241.233.4 () {36 vars in 504 bytes} [Thu Jun 22 14:19:35 2023] GET /owa/auth/logon.aspx?url=https%3a%2f%2f1%2fecp%2f => generated 2165 bytes in 3 msecs (HTTP/1.1 404) 6 headers in 186 bytes (1 switches on core 1)
Not Found: /
[pid: 4731|app: 0|req: 824/824] 162.243.136.27 () {36 vars in 410 bytes} [Thu Jun 22 14:37:08 2023] GET / => generated 2061 bytes in 2 msecs (HTTP/1.1 404) 6 headers in 186 bytes (1 switches on core 0)
Not Found: /
[pid: 4731|app: 0|req: 825/825] 51.254.49.98 () {38 vars in 557 bytes} [Thu Jun 22 15:12:27 2023] GET / => generated 2061 bytes in 2 msecs (HTTP/1.1 404) 6 headers in 181 bytes (1 switches on core 1)
Not Found: /
[pid: 4731|app: 0|req: 826/826] 213.32.122.82 () {34 vars in 466 bytes} [Thu Jun 22 15:27:54 2023] GET / => generated 2061 bytes in 2 msecs (HTTP/1.1 404) 6 headers in 186 bytes (1 switches on core 0)
Not Found: /favicon.ico
[pid: 4731|app: 0|req: 827/827] 185.180.143.18 () {36 vars in 526 bytes} [Thu Jun 22 15:53:23 2023] GET /favicon.ico => generated 2112 bytes in 2 msecs (HTTP/1.1 404) 6 headers in 186 bytes (1 switches on core 1)
Not Found: /
[pid: 4731|app: 0|req: 828/828] 58.59.90.50 () {36 vars in 397 bytes} [Thu Jun 22 17:06:17 2023] GET / => generated 2061 bytes in 2 msecs (HTTP/1.1 404) 6 headers in 186 bytes (1 switches on core 0)
Not Found: /remote/login
[pid: 4731|app: 0|req: 829/829] 185.180.140.5 () {36 vars in 527 bytes} [Thu Jun 22 17:09:43 2023] GET /remote/login => generated 2115 bytes in 2 msecs (HTTP/1.1 404) 6 headers in 186 bytes (1 switches on core 1)
Not Found: /.env
[pid: 4731|app: 0|req: 830/830] 109.237.97.180 () {38 vars in 540 bytes} [Thu Jun 22 18:01:05 2023] GET /.env => generated 2091 bytes in 2 msecs (HTTP/1.1 404) 6 headers in 186 bytes (1 switches on core 0)
Not Found: /
[pid: 4731|app: 0|req: 831/831] 106.75.176.99 () {36 vars in 416 bytes} [Thu Jun 22 18:04:07 2023] GET / => generated 2065 bytes in 2 msecs (HTTP/1.1 404) 6 headers in 186 bytes (1 switches on core 1)
Not Found: /
[pid: 4731|app: 0|req: 832/832] 106.75.176.99 () {36 vars in 416 bytes} [Thu Jun 22 18:11:36 2023] GET / => generated 2065 bytes in 2 msecs (HTTP/1.1 404) 6 headers in 186 bytes (1 switches on core 0)
Not Found: /
[pid: 4731|app: 0|req: 833/833] 172.105.128.12 () {36 vars in 503 bytes} [Thu Jun 22 19:06:18 2023] GET / => generated 2061 bytes in 2 msecs (HTTP/1.1 404) 6 headers in 186 bytes (1 switches on core 1)
Not Found: /owa/auth/logon.aspx
[pid: 4731|app: 0|req: 834/834] 198.199.117.207 () {36 vars in 449 bytes} [Thu Jun 22 20:13:25 2023] GET /owa/auth/logon.aspx => generated 2136 bytes in 2 msecs (HTTP/1.1 404) 6 headers in 186 bytes (1 switches on core 0)
Not Found: /ecp/Current/exporttool/microsoft.exchange.ediscovery.exporttool.application
[pid: 4731|app: 0|req: 835/835] 198.199.111.75 () {36 vars in 560 bytes} [Thu Jun 22 20:15:22 2023] GET /ecp/Current/exporttool/microsoft.exchange.ediscovery.exporttool.application => generated 2304 bytes in 2 msecs (HTTP/1.1 404) 6 headers in 186 bytes (1 switches on core 1)
Not Found: /owa/auth/x.js
[pid: 4731|app: 0|req: 836/836] 107.170.252.8 () {38 vars in 570 bytes} [Thu Jun 22 20:16:32 2023] GET /owa/auth/x.js => generated 2118 bytes in 2 msecs (HTTP/1.1 404) 6 headers in 186 bytes (1 switches on core 0)
Not Found: /dns-query
[pid: 4731|app: 0|req: 837/837] 8.210.161.5 () {40 vars in 615 bytes} [Thu Jun 22 21:26:56 2023] GET /dns-query?dns=wOIBAAABAAAAAAAABmdvb2dsZQNjb20AAAEAAQ => generated 2149 bytes in 3 msecs (HTTP/1.1 404) 6 headers in 186 bytes (1 switches on core 1)
Not Found: /dns-query
[pid: 4731|app: 0|req: 838/838] 8.210.161.5 () {42 vars in 558 bytes} [Thu Jun 22 21:57:16 2023] POST /dns-query => generated 2107 bytes in 2 msecs (HTTP/1.1 404) 6 headers in 186 bytes (1 switches on core 0)
Not Found: /remote/login
[pid: 4731|app: 0|req: 839/839] 185.180.143.190 () {36 vars in 529 bytes} [Thu Jun 22 23:39:55 2023] GET /remote/login => generated 2115 bytes in 2 msecs (HTTP/1.1 404) 6 headers in 186 bytes (1 switches on core 1)
Not Found: /
[pid: 4731|app: 0|req: 840/840] 162.216.150.238 () {32 vars in 617 bytes} [Fri Jun 23 02:03:35 2023] GET / => generated 2065 bytes in 2 msecs (HTTP/1.1 404) 6 headers in 186 bytes (1 switches on core 0)
Not Found: /
[pid: 4731|app: 0|req: 841/841] 192.241.206.18 () {36 vars in 410 bytes} [Fri Jun 23 03:04:41 2023] GET / => generated 2061 bytes in 2 msecs (HTTP/1.1 404) 6 headers in 186 bytes (1 switches on core 1)
Not Found: /
[pid: 4731|app: 0|req: 842/842] 107.170.233.28 () {36 vars in 410 bytes} [Fri Jun 23 03:04:42 2023] GET / => generated 2061 bytes in 2 msecs (HTTP/1.1 404) 6 headers in 186 bytes (1 switches on core 0)
Not Found: /owa/
[pid: 4731|app: 0|req: 843/843] 185.180.143.81 () {36 vars in 512 bytes} [Fri Jun 23 03:12:59 2023] GET /owa/ => generated 2091 bytes in 2 msecs (HTTP/1.1 404) 6 headers in 186 bytes (1 switches on core 1)
Not Found: /
[pid: 4731|app: 0|req: 844/844] 34.79.162.186 () {44 vars in 579 bytes} [Fri Jun 23 03:32:56 2023] GET / => generated 2061 bytes in 2 msecs (HTTP/1.1 404) 6 headers in 186 bytes (1 switches on core 0)
Invalid HTTP_HOST header: '[2407:c080:17ef:ffff::7274:db9d]'. You may need to add '[2407:c080:17ef:ffff::7274:db9d]' to ALLOWED_HOSTS.
Bad Request: /
[pid: 4731|app: 0|req: 845/845] 198.19.4.211 () {36 vars in 514 bytes} [Fri Jun 23 05:00:14 2023] GET / => generated 58002 bytes in 15 msecs (HTTP/1.1 400) 5 headers in 166 bytes (1 switches on core 1)
Invalid HTTP_HOST header: '[2407:c080:17ef:ffff::7274:db9d]'. You may need to add '[2407:c080:17ef:ffff::7274:db9d]' to ALLOWED_HOSTS.
Bad Request: /
[pid: 4731|app: 0|req: 846/846] 198.19.84.211 () {36 vars in 515 bytes} [Fri Jun 23 05:00:17 2023] GET / => generated 58003 bytes in 16 msecs (HTTP/1.1 400) 5 headers in 166 bytes (1 switches on core 0)
Invalid HTTP_HOST header: '[2407:c080:17ef:ffff::7274:db9d]'. You may need to add '[2407:c080:17ef:ffff::7274:db9d]' to ALLOWED_HOSTS.
Bad Request: /
[pid: 4731|app: 0|req: 847/847] 198.19.84.211 () {36 vars in 515 bytes} [Fri Jun 23 05:00:24 2023] GET / => generated 58003 bytes in 16 msecs (HTTP/1.1 400) 5 headers in 166 bytes (1 switches on core 1)
Not Found: /
[pid: 4731|app: 0|req: 848/848] 128.14.141.34 () {36 vars in 503 bytes} [Fri Jun 23 05:05:21 2023] GET / => generated 2061 bytes in 2 msecs (HTTP/1.1 404) 6 headers in 186 bytes (1 switches on core 0)
Not Found: /
[pid: 4731|app: 0|req: 849/849] 83.97.73.89 () {36 vars in 511 bytes} [Fri Jun 23 05:25:20 2023] GET / => generated 2065 bytes in 2 msecs (HTTP/1.1 404) 6 headers in 186 bytes (1 switches on core 1)
Not Found: /
[pid: 4731|app: 0|req: 850/850] 45.156.129.2 () {36 vars in 502 bytes} [Fri Jun 23 05:50:05 2023] GET / => generated 2061 bytes in 2 msecs (HTTP/1.1 404) 6 headers in 186 bytes (1 switches on core 0)
Not Found: /
[pid: 4731|app: 0|req: 851/851] 54.162.228.201 () {38 vars in 537 bytes} [Fri Jun 23 06:11:20 2023] GET / => generated 2061 bytes in 2 msecs (HTTP/1.1 404) 6 headers in 186 bytes (1 switches on core 1)
Invalid HTTP_HOST header: '[2407:c080:17ef:ffff::7274:db9d]'. You may need to add '[2407:c080:17ef:ffff::7274:db9d]' to ALLOWED_HOSTS.
Bad Request: /
[pid: 4731|app: 0|req: 852/852] 198.19.5.40 () {36 vars in 513 bytes} [Fri Jun 23 06:35:18 2023] GET / => generated 58001 bytes in 16 msecs (HTTP/1.1 400) 5 headers in 166 bytes (1 switches on core 0)
Invalid HTTP_HOST header: '[2407:c080:17ef:ffff::7274:db9d]'. You may need to add '[2407:c080:17ef:ffff::7274:db9d]' to ALLOWED_HOSTS.
Bad Request: /
[pid: 4731|app: 0|req: 853/853] 198.19.5.40 () {36 vars in 513 bytes} [Fri Jun 23 06:35:22 2023] GET / => generated 58001 bytes in 15 msecs (HTTP/1.1 400) 5 headers in 166 bytes (1 switches on core 1)
Invalid HTTP_HOST header: '[2407:c080:17ef:ffff::7274:db9d]'. You may need to add '[2407:c080:17ef:ffff::7274:db9d]' to ALLOWED_HOSTS.
Bad Request: /
[pid: 4731|app: 0|req: 854/854] 198.19.85.40 () {36 vars in 514 bytes} [Fri Jun 23 06:35:48 2023] GET / => generated 58002 bytes in 17 msecs (HTTP/1.1 400) 5 headers in 166 bytes (1 switches on core 0)
Not Found: /vendor/phpunit/phpunit/src/Util/PHP/eval-stdin.php
[pid: 4731|app: 0|req: 855/855] 83.97.73.89 () {40 vars in 726 bytes} [Fri Jun 23 07:12:06 2023] POST /vendor/phpunit/phpunit/src/Util/PHP/eval-stdin.php => generated 2234 bytes in 2 msecs (HTTP/1.1 404) 6 headers in 186 bytes (1 switches on core 1)
Not Found: /
[pid: 4731|app: 0|req: 856/856] 20.203.44.176 () {38 vars in 539 bytes} [Fri Jun 23 07:15:53 2023] GET / => generated 2065 bytes in 2 msecs (HTTP/1.1 404) 6 headers in 186 bytes (1 switches on core 0)
Not Found: /
[pid: 4731|app: 0|req: 857/857] 223.111.175.15 () {34 vars in 372 bytes} [Fri Jun 23 07:20:16 2023] GET / => generated 2061 bytes in 2 msecs (HTTP/1.1 404) 6 headers in 186 bytes (1 switches on core 1)
Not Found: /
[pid: 4731|app: 0|req: 858/858] 106.75.73.30 () {40 vars in 669 bytes} [Fri Jun 23 07:29:28 2023] GET / => generated 2061 bytes in 3 msecs (HTTP/1.1 404) 6 headers in 186 bytes (1 switches on core 0)
Not Found: /favicon.ico
[pid: 4731|app: 0|req: 859/859] 106.75.73.30 () {40 vars in 701 bytes} [Fri Jun 23 07:29:29 2023] GET /favicon.ico => generated 2112 bytes in 2 msecs (HTTP/1.1 404) 6 headers in 186 bytes (1 switches on core 1)
Not Found: /robots.txt
[pid: 4731|app: 0|req: 860/860] 106.75.73.30 () {40 vars in 690 bytes} [Fri Jun 23 07:29:29 2023] GET /robots.txt => generated 2109 bytes in 2 msecs (HTTP/1.1 404) 6 headers in 186 bytes (1 switches on core 0)
Not Found: /sitemap.xml
[pid: 4731|app: 0|req: 861/861] 106.75.73.30 () {40 vars in 705 bytes} [Fri Jun 23 07:29:29 2023] GET /sitemap.xml => generated 2112 bytes in 2 msecs (HTTP/1.1 404) 6 headers in 186 bytes (1 switches on core 1)
Not Found: /
[pid: 4731|app: 0|req: 862/862] 185.233.19.38 () {40 vars in 630 bytes} [Fri Jun 23 07:54:16 2023] GET / => generated 2061 bytes in 3 msecs (HTTP/1.1 404) 6 headers in 186 bytes (1 switches on core 0)
Not Found: /favicon.ico
[pid: 4731|app: 0|req: 863/863] 185.233.19.38 () {40 vars in 652 bytes} [Fri Jun 23 07:54:20 2023] GET /favicon.ico => generated 2112 bytes in 2 msecs (HTTP/1.1 404) 6 headers in 186 bytes (1 switches on core 1)
Not Found: /
[pid: 4731|app: 0|req: 864/864] 128.14.134.134 () {36 vars in 504 bytes} [Fri Jun 23 07:55:52 2023] GET / => generated 2061 bytes in 3 msecs (HTTP/1.1 404) 6 headers in 186 bytes (1 switches on core 0)
Not Found: /index.php
[pid: 4731|app: 0|req: 865/865] 83.97.73.89 () {36 vars in 734 bytes} [Fri Jun 23 08:51:55 2023] GET /index.php?s=/Index/\think\app/invokefunction&function=call_user_func_array&vars[0]=md5&vars[1][]=HelloThinkPHP21 => generated 2229 bytes in 2 msecs (HTTP/1.1 404) 6 headers in 186 bytes (1 switches on core 1)
Not Found: /
[pid: 4731|app: 0|req: 866/866] 64.62.197.211 () {36 vars in 508 bytes} [Fri Jun 23 09:50:29 2023] GET / => generated 2061 bytes in 2 msecs (HTTP/1.1 404) 6 headers in 186 bytes (1 switches on core 0)
Not Found: /favicon.ico
[pid: 4731|app: 0|req: 867/867] 64.62.197.203 () {36 vars in 538 bytes} [Fri Jun 23 09:57:54 2023] GET /favicon.ico => generated 2112 bytes in 2 msecs (HTTP/1.1 404) 6 headers in 186 bytes (1 switches on core 1)
Not Found: /dns-query
[pid: 4731|app: 0|req: 868/868] 64.62.197.201 () {36 vars in 564 bytes} [Fri Jun 23 09:59:03 2023] GET /dns-query?name=dnsscan.shadowserver.org&type=A => generated 2147 bytes in 2 msecs (HTTP/1.1 404) 6 headers in 186 bytes (1 switches on core 0)
Not Found: /
[pid: 4731|app: 0|req: 869/869] 64.62.197.205 () {36 vars in 508 bytes} [Fri Jun 23 09:59:22 2023] GET / => generated 2061 bytes in 2 msecs (HTTP/1.1 404) 6 headers in 186 bytes (1 switches on core 1)
Not Found: /geoserver/web/
[pid: 4731|app: 0|req: 870/870] 64.62.197.199 () {36 vars in 533 bytes} [Fri Jun 23 10:01:30 2023] GET /geoserver/web/ => generated 2121 bytes in 2 msecs (HTTP/1.1 404) 6 headers in 186 bytes (1 switches on core 0)
Not Found: /.git/config
[pid: 4731|app: 0|req: 871/871] 64.62.197.211 () {36 vars in 480 bytes} [Fri Jun 23 10:02:23 2023] GET /.git/config => generated 2112 bytes in 3 msecs (HTTP/1.1 404) 6 headers in 186 bytes (1 switches on core 1)
Not Found: /
[pid: 4731|app: 0|req: 872/872] 83.97.73.89 () {36 vars in 570 bytes} [Fri Jun 23 10:19:55 2023] GET /?XDEBUG_SESSION_START=phpstorm => generated 2095 bytes in 2 msecs (HTTP/1.1 404) 6 headers in 186 bytes (1 switches on core 0)
Not Found: /
[pid: 4731|app: 0|req: 873/873] 128.14.134.134 () {36 vars in 504 bytes} [Fri Jun 23 10:23:48 2023] GET / => generated 2061 bytes in 2 msecs (HTTP/1.1 404) 6 headers in 186 bytes (1 switches on core 1)
Not Found: /mifs/.;/services/LogService
[pid: 4731|app: 0|req: 874/874] 83.97.73.89 () {42 vars in 697 bytes} [Fri Jun 23 11:15:14 2023] POST /mifs/.;/services/LogService => generated 2167 bytes in 2 msecs (HTTP/1.1 404) 6 headers in 186 bytes (1 switches on core 0)
Not Found: /console/
[pid: 4731|app: 0|req: 875/875] 83.97.73.89 () {36 vars in 527 bytes} [Fri Jun 23 11:45:13 2023] GET /console/ => generated 2107 bytes in 2 msecs (HTTP/1.1 404) 6 headers in 186 bytes (1 switches on core 1)
Not Found: /Telerik.Web.UI.WebResource.axd
[pid: 4731|app: 0|req: 876/876] 45.156.128.12 () {36 vars in 580 bytes} [Fri Jun 23 12:43:08 2023] GET /Telerik.Web.UI.WebResource.axd?type=rau => generated 2178 bytes in 2 msecs (HTTP/1.1 404) 6 headers in 186 bytes (1 switches on core 0)
Not Found: /
[pid: 4731|app: 0|req: 877/877] 88.80.189.236 () {36 vars in 471 bytes} [Fri Jun 23 12:57:39 2023] GET / => generated 2061 bytes in 2 msecs (HTTP/1.1 404) 6 headers in 186 bytes (1 switches on core 0)
Not Found: /owa/auth/logon.aspx
[pid: 4731|app: 0|req: 878/878] 192.241.211.53 () {36 vars in 505 bytes} [Fri Jun 23 14:18:33 2023] GET /owa/auth/logon.aspx?url=https%3a%2f%2f1%2fecp%2f => generated 2165 bytes in 2 msecs (HTTP/1.1 404) 6 headers in 186 bytes (1 switches on core 1)
Not Found: /
[pid: 4731|app: 0|req: 879/879] 162.243.136.16 () {36 vars in 410 bytes} [Fri Jun 23 14:35:56 2023] GET / => generated 2061 bytes in 2 msecs (HTTP/1.1 404) 6 headers in 186 bytes (1 switches on core 0)
Not Found: /
[pid: 4731|app: 0|req: 880/880] 83.97.73.89 () {38 vars in 564 bytes} [Fri Jun 23 15:23:15 2023] GET / => generated 2065 bytes in 2 msecs (HTTP/1.1 404) 6 headers in 186 bytes (1 switches on core 1)
Not Found: /
[pid: 4731|app: 0|req: 881/881] 185.180.143.141 () {36 vars in 505 bytes} [Fri Jun 23 16:23:51 2023] GET / => generated 2061 bytes in 2 msecs (HTTP/1.1 404) 6 headers in 186 bytes (1 switches on core 0)
Not Found: /
[pid: 4731|app: 0|req: 882/882] 106.75.142.97 () {36 vars in 416 bytes} [Fri Jun 23 18:08:06 2023] GET / => generated 2065 bytes in 2 msecs (HTTP/1.1 404) 6 headers in 186 bytes (1 switches on core 0)
Not Found: /actuator/gateway/routes
[pid: 4731|app: 0|req: 883/883] 83.97.73.89 () {36 vars in 557 bytes} [Fri Jun 23 18:22:56 2023] GET /actuator/gateway/routes => generated 2152 bytes in 2 msecs (HTTP/1.1 404) 6 headers in 186 bytes (1 switches on core 1)
Not Found: /dns-query
[pid: 4731|app: 0|req: 884/884] 47.74.90.127 () {42 vars in 559 bytes} [Fri Jun 23 18:25:28 2023] POST /dns-query => generated 2107 bytes in 2 msecs (HTTP/1.1 404) 6 headers in 186 bytes (1 switches on core 0)
Not Found: /dns-query
[pid: 4731|app: 0|req: 885/885] 47.74.90.127 () {40 vars in 616 bytes} [Fri Jun 23 18:28:04 2023] GET /dns-query?dns=KqEBAAABAAAAAAAABmdvb2dsZQNjb20AAAEAAQ => generated 2149 bytes in 2 msecs (HTTP/1.1 404) 6 headers in 186 bytes (1 switches on core 1)
Not Found: /autodiscover/autodiscover.json
[pid: 4731|app: 0|req: 886/886] 107.170.242.11 () {36 vars in 501 bytes} [Fri Jun 23 19:09:32 2023] GET /autodiscover/autodiscover.json?@zdi/Powershell => generated 2185 bytes in 2 msecs (HTTP/1.1 404) 6 headers in 186 bytes (1 switches on core 0)
Not Found: /
[pid: 4731|app: 0|req: 887/887] 198.235.24.209 () {32 vars in 616 bytes} [Fri Jun 23 20:01:38 2023] GET / => generated 2065 bytes in 3 msecs (HTTP/1.1 404) 6 headers in 186 bytes (1 switches on core 1)
Not Found: /
[pid: 4731|app: 0|req: 888/888] 94.102.61.7 () {36 vars in 501 bytes} [Fri Jun 23 20:06:06 2023] GET / => generated 2061 bytes in 2 msecs (HTTP/1.1 404) 6 headers in 186 bytes (1 switches on core 0)
Not Found: /
[pid: 4731|app: 0|req: 889/889] 185.180.143.50 () {36 vars in 504 bytes} [Fri Jun 23 20:31:48 2023] GET / => generated 2061 bytes in 2 msecs (HTTP/1.1 404) 6 headers in 186 bytes (1 switches on core 1)
Not Found: /
[pid: 4731|app: 0|req: 890/890] 45.33.80.243 () {36 vars in 501 bytes} [Fri Jun 23 21:21:00 2023] GET / => generated 2061 bytes in 2 msecs (HTTP/1.1 404) 6 headers in 186 bytes (1 switches on core 0)
[pid: 4731|app: 0|req: 891/891] 31.7.63.42 () {38 vars in 626 bytes} [Fri Jun 23 22:36:34 2023] GET /admin/.git/config => generated 0 bytes in 1 msecs (HTTP/1.1 302) 9 headers in 363 bytes (1 switches on core 1)
Not Found: /
[pid: 4731|app: 0|req: 892/892] 128.14.133.58 () {36 vars in 503 bytes} [Fri Jun 23 22:55:21 2023] GET / => generated 2061 bytes in 2 msecs (HTTP/1.1 404) 6 headers in 186 bytes (1 switches on core 0)
Not Found: /web/.git/config
[pid: 4731|app: 0|req: 893/893] 31.7.63.42 () {38 vars in 533 bytes} [Sat Jun 24 00:44:18 2023] GET /web/.git/config => generated 2124 bytes in 3 msecs (HTTP/1.1 404) 6 headers in 186 bytes (1 switches on core 1)
Not Found: /blog/.git/config
[pid: 4731|app: 0|req: 894/894] 31.7.63.42 () {38 vars in 537 bytes} [Sat Jun 24 00:45:15 2023] GET /blog/.git/config => generated 2127 bytes in 3 msecs (HTTP/1.1 404) 6 headers in 186 bytes (1 switches on core 0)
Not Found: /storage/.git/config
[pid: 4731|app: 0|req: 895/895] 31.7.63.42 () {38 vars in 572 bytes} [Sat Jun 24 00:46:22 2023] GET /storage/.git/config => generated 2136 bytes in 2 msecs (HTTP/1.1 404) 6 headers in 186 bytes (1 switches on core 1)
Not Found: /secure/.git/config
[pid: 4731|app: 0|req: 896/896] 31.7.63.42 () {38 vars in 574 bytes} [Sat Jun 24 00:47:19 2023] GET /secure/.git/config => generated 2133 bytes in 2 msecs (HTTP/1.1 404) 6 headers in 186 bytes (1 switches on core 0)
Not Found: /source/.git/config
[pid: 4731|app: 0|req: 897/897] 31.7.63.42 () {38 vars in 592 bytes} [Sat Jun 24 00:48:21 2023] GET /source/.git/config => generated 2133 bytes in 2 msecs (HTTP/1.1 404) 6 headers in 186 bytes (1 switches on core 1)
Not Found: /fonts/.git/config
[pid: 4731|app: 0|req: 898/898] 31.7.63.42 () {38 vars in 568 bytes} [Sat Jun 24 00:49:08 2023] GET /fonts/.git/config => generated 2130 bytes in 2 msecs (HTTP/1.1 404) 6 headers in 186 bytes (1 switches on core 0)
Not Found: /icons/.git/config
[pid: 4731|app: 0|req: 899/899] 31.7.63.42 () {38 vars in 584 bytes} [Sat Jun 24 00:49:51 2023] GET /icons/.git/config => generated 2130 bytes in 2 msecs (HTTP/1.1 404) 6 headers in 186 bytes (1 switches on core 1)
Not Found: /theme/.git/config
[pid: 4731|app: 0|req: 900/900] 31.7.63.42 () {38 vars in 490 bytes} [Sat Jun 24 00:49:54 2023] GET /theme/.git/config => generated 2130 bytes in 2 msecs (HTTP/1.1 404) 6 headers in 186 bytes (1 switches on core 0)
Not Found: /site/.git/config
[pid: 4731|app: 0|req: 901/901] 31.7.63.42 () {38 vars in 562 bytes} [Sat Jun 24 00:51:23 2023] GET /site/.git/config => generated 2127 bytes in 2 msecs (HTTP/1.1 404) 6 headers in 186 bytes (1 switches on core 1)
Not Found: /tmp/.git/config
[pid: 4731|app: 0|req: 902/902] 31.7.63.42 () {38 vars in 587 bytes} [Sat Jun 24 00:51:50 2023] GET /tmp/.git/config => generated 2124 bytes in 2 msecs (HTTP/1.1 404) 6 headers in 186 bytes (1 switches on core 0)
Not Found: /include/.git/config
[pid: 4731|app: 0|req: 903/903] 31.7.63.42 () {38 vars in 561 bytes} [Sat Jun 24 00:56:07 2023] GET /include/.git/config => generated 2136 bytes in 2 msecs (HTTP/1.1 404) 6 headers in 186 bytes (1 switches on core 1)
Not Found: /test/.git/config
[pid: 4731|app: 0|req: 904/904] 31.7.63.42 () {38 vars in 534 bytes} [Sat Jun 24 00:57:58 2023] GET /test/.git/config => generated 2127 bytes in 2 msecs (HTTP/1.1 404) 6 headers in 186 bytes (1 switches on core 0)
Not Found: /sources/.git/config
[pid: 4731|app: 0|req: 905/905] 31.7.63.42 () {38 vars in 572 bytes} [Sat Jun 24 00:58:23 2023] GET /sources/.git/config => generated 2136 bytes in 3 msecs (HTTP/1.1 404) 6 headers in 186 bytes (1 switches on core 1)
Not Found: /media/.git/config
[pid: 4731|app: 0|req: 906/906] 31.7.63.42 () {38 vars in 563 bytes} [Sat Jun 24 00:59:03 2023] GET /media/.git/config => generated 2130 bytes in 2 msecs (HTTP/1.1 404) 6 headers in 186 bytes (1 switches on core 0)
Not Found: /forum/.git/config
[pid: 4731|app: 0|req: 907/907] 31.7.63.42 () {38 vars in 569 bytes} [Sat Jun 24 00:59:35 2023] GET /forum/.git/config => generated 2130 bytes in 2 msecs (HTTP/1.1 404) 6 headers in 186 bytes (1 switches on core 1)
Not Found: /src/.git/config
[pid: 4731|app: 0|req: 908/908] 31.7.63.42 () {38 vars in 564 bytes} [Sat Jun 24 01:00:08 2023] GET /src/.git/config => generated 2124 bytes in 2 msecs (HTTP/1.1 404) 6 headers in 186 bytes (1 switches on core 0)
Not Found: /upload/.git/config
[pid: 4731|app: 0|req: 909/909] 31.7.63.42 () {38 vars in 577 bytes} [Sat Jun 24 01:00:31 2023] GET /upload/.git/config => generated 2133 bytes in 2 msecs (HTTP/1.1 404) 6 headers in 186 bytes (1 switches on core 1)
Not Found: /public/.git/config
[pid: 4731|app: 0|req: 910/910] 31.7.63.42 () {38 vars in 598 bytes} [Sat Jun 24 01:00:56 2023] GET /public/.git/config => generated 2133 bytes in 2 msecs (HTTP/1.1 404) 6 headers in 186 bytes (1 switches on core 0)
Not Found: /tests/.git/config
[pid: 4731|app: 0|req: 911/911] 31.7.63.42 () {38 vars in 555 bytes} [Sat Jun 24 01:01:47 2023] GET /tests/.git/config => generated 2130 bytes in 2 msecs (HTTP/1.1 404) 6 headers in 186 bytes (1 switches on core 1)
Not Found: /templates/.git/config
[pid: 4731|app: 0|req: 912/912] 31.7.63.42 () {38 vars in 511 bytes} [Sat Jun 24 01:01:54 2023] GET /templates/.git/config => generated 2142 bytes in 2 msecs (HTTP/1.1 404) 6 headers in 186 bytes (1 switches on core 0)
Not Found: /api/.git/config
[pid: 4731|app: 0|req: 913/913] 31.7.63.42 () {38 vars in 554 bytes} [Sat Jun 24 01:02:17 2023] GET /api/.git/config => generated 2124 bytes in 2 msecs (HTTP/1.1 404) 6 headers in 186 bytes (1 switches on core 1)
Not Found: /login/.git/config
[pid: 4731|app: 0|req: 914/914] 31.7.63.42 () {38 vars in 534 bytes} [Sat Jun 24 01:03:13 2023] GET /login/.git/config => generated 2130 bytes in 2 msecs (HTTP/1.1 404) 6 headers in 186 bytes (1 switches on core 0)
Not Found: /themes/.git/config
[pid: 4731|app: 0|req: 915/915] 31.7.63.42 () {38 vars in 578 bytes} [Sat Jun 24 01:03:47 2023] GET /themes/.git/config => generated 2133 bytes in 2 msecs (HTTP/1.1 404) 6 headers in 186 bytes (1 switches on core 1)
Not Found: /private/.git/config
[pid: 4731|app: 0|req: 916/916] 31.7.63.42 () {38 vars in 593 bytes} [Sat Jun 24 01:03:53 2023] GET /private/.git/config => generated 2136 bytes in 2 msecs (HTTP/1.1 404) 6 headers in 186 bytes (1 switches on core 0)
Not Found: /locale/.git/config
[pid: 4731|app: 0|req: 917/917] 31.7.63.42 () {38 vars in 575 bytes} [Sat Jun 24 01:04:52 2023] GET /locale/.git/config => generated 2133 bytes in 2 msecs (HTTP/1.1 404) 6 headers in 186 bytes (1 switches on core 1)
Not Found: /system/.git/config
[pid: 4731|app: 0|req: 918/918] 31.7.63.42 () {38 vars in 541 bytes} [Sat Jun 24 01:05:06 2023] GET /system/.git/config => generated 2133 bytes in 2 msecs (HTTP/1.1 404) 6 headers in 186 bytes (1 switches on core 0)
Not Found: /users/.git/config
[pid: 4731|app: 0|req: 919/919] 31.7.63.42 () {38 vars in 578 bytes} [Sat Jun 24 01:05:11 2023] GET /users/.git/config => generated 2130 bytes in 2 msecs (HTTP/1.1 404) 6 headers in 186 bytes (1 switches on core 1)
Not Found: /plugins/.git/config
[pid: 4731|app: 0|req: 920/920] 31.7.63.42 () {38 vars in 521 bytes} [Sat Jun 24 01:09:05 2023] GET /plugins/.git/config => generated 2136 bytes in 2 msecs (HTTP/1.1 404) 6 headers in 186 bytes (1 switches on core 0)
Not Found: /models/.git/config
[pid: 4731|app: 0|req: 921/921] 31.7.63.42 () {38 vars in 569 bytes} [Sat Jun 24 01:09:26 2023] GET /models/.git/config => generated 2133 bytes in 2 msecs (HTTP/1.1 404) 6 headers in 186 bytes (1 switches on core 1)
Not Found: /db/.git/config
[pid: 4731|app: 0|req: 922/922] 31.7.63.42 () {38 vars in 579 bytes} [Sat Jun 24 01:10:15 2023] GET /db/.git/config => generated 2121 bytes in 2 msecs (HTTP/1.1 404) 6 headers in 186 bytes (1 switches on core 0)
Not Found: /uploads/.git/config
[pid: 4731|app: 0|req: 923/923] 31.7.63.42 () {38 vars in 530 bytes} [Sat Jun 24 01:11:11 2023] GET /uploads/.git/config => generated 2136 bytes in 3 msecs (HTTP/1.1 404) 6 headers in 186 bytes (1 switches on core 1)
[pid: 4731|app: 0|req: 924/924] 31.7.63.42 () {38 vars in 516 bytes} [Sat Jun 24 01:11:25 2023] GET /admin/.git/config => generated 0 bytes in 1 msecs (HTTP/1.1 302) 9 headers in 363 bytes (1 switches on core 0)
Not Found: /user/.git/config
[pid: 4731|app: 0|req: 925/925] 31.7.63.42 () {38 vars in 520 bytes} [Sat Jun 24 01:11:33 2023] GET /user/.git/config => generated 2127 bytes in 2 msecs (HTTP/1.1 404) 6 headers in 186 bytes (1 switches on core 1)
Not Found: /store/.git/config
[pid: 4731|app: 0|req: 926/926] 31.7.63.42 () {38 vars in 495 bytes} [Sat Jun 24 01:14:46 2023] GET /store/.git/config => generated 2130 bytes in 2 msecs (HTTP/1.1 404) 6 headers in 186 bytes (1 switches on core 0)
Not Found: /vendor/.git/config
[pid: 4731|app: 0|req: 927/927] 31.7.63.42 () {38 vars in 593 bytes} [Sat Jun 24 01:15:52 2023] GET /vendor/.git/config => generated 2133 bytes in 2 msecs (HTTP/1.1 404) 6 headers in 186 bytes (1 switches on core 1)
Not Found: /dev/.git/config
[pid: 4731|app: 0|req: 928/928] 31.7.63.42 () {38 vars in 554 bytes} [Sat Jun 24 01:16:00 2023] GET /dev/.git/config => generated 2124 bytes in 2 msecs (HTTP/1.1 404) 6 headers in 186 bytes (1 switches on core 0)
Not Found: /template/.git/config
[pid: 4731|app: 0|req: 929/929] 31.7.63.42 () {38 vars in 520 bytes} [Sat Jun 24 01:16:19 2023] GET /template/.git/config => generated 2139 bytes in 2 msecs (HTTP/1.1 404) 6 headers in 186 bytes (1 switches on core 1)
Not Found: /opt/.git/config
[pid: 4731|app: 0|req: 930/930] 31.7.63.42 () {38 vars in 581 bytes} [Sat Jun 24 01:16:33 2023] GET /opt/.git/config => generated 2124 bytes in 2 msecs (HTTP/1.1 404) 6 headers in 186 bytes (1 switches on core 0)
Not Found: /favicon.ico
[pid: 4731|app: 0|req: 931/931] 185.180.143.18 () {36 vars in 526 bytes} [Sat Jun 24 01:18:50 2023] GET /favicon.ico => generated 2112 bytes in 2 msecs (HTTP/1.1 404) 6 headers in 186 bytes (1 switches on core 1)
Not Found: /modules/.git/config
[pid: 4731|app: 0|req: 932/932] 31.7.63.42 () {38 vars in 578 bytes} [Sat Jun 24 01:19:23 2023] GET /modules/.git/config => generated 2136 bytes in 2 msecs (HTTP/1.1 404) 6 headers in 186 bytes (1 switches on core 0)
Not Found: /lib/.git/config
[pid: 4731|app: 0|req: 933/933] 31.7.63.42 () {38 vars in 584 bytes} [Sat Jun 24 01:19:25 2023] GET /lib/.git/config => generated 2124 bytes in 2 msecs (HTTP/1.1 404) 6 headers in 186 bytes (1 switches on core 1)
Not Found: /cms/.git/config
[pid: 4731|app: 0|req: 934/934] 31.7.63.42 () {38 vars in 582 bytes} [Sat Jun 24 01:20:03 2023] GET /cms/.git/config => generated 2124 bytes in 2 msecs (HTTP/1.1 404) 6 headers in 186 bytes (1 switches on core 0)
Not Found: /backup/.git/config
[pid: 4731|app: 0|req: 935/935] 31.7.63.42 () {38 vars in 561 bytes} [Sat Jun 24 01:21:46 2023] GET /backup/.git/config => generated 2133 bytes in 2 msecs (HTTP/1.1 404) 6 headers in 186 bytes (1 switches on core 1)
Not Found: /model/.git/config
[pid: 4731|app: 0|req: 936/936] 31.7.63.42 () {38 vars in 562 bytes} [Sat Jun 24 01:26:57 2023] GET /model/.git/config => generated 2130 bytes in 2 msecs (HTTP/1.1 404) 6 headers in 186 bytes (1 switches on core 0)
Not Found: /includes/.git/config
[pid: 4731|app: 0|req: 937/937] 31.7.63.42 () {38 vars in 516 bytes} [Sat Jun 24 01:27:13 2023] GET /includes/.git/config => generated 2139 bytes in 2 msecs (HTTP/1.1 404) 6 headers in 186 bytes (1 switches on core 1)
Not Found: /js/.git/config
[pid: 4731|app: 0|req: 938/938] 31.7.63.42 () {38 vars in 557 bytes} [Sat Jun 24 01:37:45 2023] GET /js/.git/config => generated 2121 bytes in 3 msecs (HTTP/1.1 404) 6 headers in 186 bytes (1 switches on core 0)
Not Found: /version
[pid: 4731|app: 0|req: 939/939] 107.170.231.37 () {36 vars in 424 bytes} [Sat Jun 24 02:12:08 2023] GET /version => generated 2100 bytes in 2 msecs (HTTP/1.1 404) 6 headers in 186 bytes (1 switches on core 1)
Not Found: /.env
[pid: 4731|app: 0|req: 940/940] 109.237.98.226 () {38 vars in 540 bytes} [Sat Jun 24 02:12:27 2023] GET /.env => generated 2091 bytes in 2 msecs (HTTP/1.1 404) 6 headers in 186 bytes (1 switches on core 0)
Not Found: /
[pid: 4731|app: 0|req: 941/941] 128.14.141.34 () {36 vars in 503 bytes} [Sat Jun 24 02:14:28 2023] GET / => generated 2061 bytes in 2 msecs (HTTP/1.1 404) 6 headers in 186 bytes (1 switches on core 1)
Not Found: /remote/login
[pid: 4731|app: 0|req: 942/942] 45.143.223.10 () {38 vars in 487 bytes} [Sat Jun 24 02:29:50 2023] GET /remote/login?lang=en => generated 2123 bytes in 2 msecs (HTTP/1.1 404) 6 headers in 186 bytes (1 switches on core 0)
Not Found: /
[pid: 4731|app: 0|req: 943/943] 162.142.125.225 () {36 vars in 460 bytes} [Sat Jun 24 03:23:07 2023] GET / => generated 2061 bytes in 2 msecs (HTTP/1.1 404) 6 headers in 186 bytes (1 switches on core 1)
Not Found: /
[pid: 4731|app: 0|req: 944/944] 35.233.62.116 () {44 vars in 579 bytes} [Sat Jun 24 03:51:49 2023] GET / => generated 2061 bytes in 2 msecs (HTTP/1.1 404) 6 headers in 186 bytes (1 switches on core 0)
Not Found: /
[pid: 4731|app: 0|req: 945/945] 156.146.55.163 () {44 vars in 833 bytes} [Sat Jun 24 04:49:07 2023] GET / => generated 2061 bytes in 4 msecs (HTTP/1.1 404) 6 headers in 181 bytes (1 switches on core 1)
Not Found: /
[pid: 4731|app: 0|req: 946/946] 156.146.55.163 () {42 vars in 804 bytes} [Sat Jun 24 04:49:08 2023] GET / => generated 2061 bytes in 2 msecs (HTTP/1.1 404) 6 headers in 181 bytes (1 switches on core 0)
Not Found: /
[pid: 4731|app: 0|req: 947/947] 156.146.55.163 () {42 vars in 804 bytes} [Sat Jun 24 04:49:09 2023] GET / => generated 2061 bytes in 2 msecs (HTTP/1.1 404) 6 headers in 181 bytes (1 switches on core 1)
Invalid HTTP_HOST header: '[2407:c080:17ef:ffff::7274:db9d]'. You may need to add '[2407:c080:17ef:ffff::7274:db9d]' to ALLOWED_HOSTS.
Bad Request: /
[pid: 4731|app: 0|req: 948/948] 198.19.86.127 () {36 vars in 515 bytes} [Sat Jun 24 05:19:05 2023] GET / => generated 58003 bytes in 15 msecs (HTTP/1.1 400) 5 headers in 166 bytes (1 switches on core 0)
Invalid HTTP_HOST header: '[2407:c080:17ef:ffff::7274:db9d]'. You may need to add '[2407:c080:17ef:ffff::7274:db9d]' to ALLOWED_HOSTS.
Bad Request: /
[pid: 4731|app: 0|req: 949/949] 198.19.86.127 () {36 vars in 515 bytes} [Sat Jun 24 05:19:12 2023] GET / => generated 58003 bytes in 16 msecs (HTTP/1.1 400) 5 headers in 166 bytes (1 switches on core 1)
Invalid HTTP_HOST header: '[2407:c080:17ef:ffff::7274:db9d]'. You may need to add '[2407:c080:17ef:ffff::7274:db9d]' to ALLOWED_HOSTS.
Bad Request: /
[pid: 4731|app: 0|req: 950/950] 198.19.6.127 () {36 vars in 515 bytes} [Sat Jun 24 05:19:25 2023] GET / => generated 58003 bytes in 16 msecs (HTTP/1.1 400) 5 headers in 166 bytes (1 switches on core 0)
Not Found: /
[pid: 4731|app: 0|req: 951/951] 117.62.218.192 () {38 vars in 541 bytes} [Sat Jun 24 06:30:26 2023] GET / => generated 2061 bytes in 2 msecs (HTTP/1.1 404) 6 headers in 186 bytes (1 switches on core 1)
Not Found: /
[pid: 4731|app: 0|req: 952/952] 64.62.197.235 () {36 vars in 458 bytes} [Sat Jun 24 09:34:28 2023] GET / => generated 2061 bytes in 2 msecs (HTTP/1.1 404) 6 headers in 186 bytes (1 switches on core 0)
Not Found: /
[pid: 4731|app: 0|req: 953/953] 162.142.125.224 () {30 vars in 329 bytes} [Sat Jun 24 09:38:54 2023] GET / => generated 2065 bytes in 2 msecs (HTTP/1.1 404) 6 headers in 186 bytes (1 switches on core 1)
Not Found: /
[pid: 4731|app: 0|req: 954/954] 162.142.125.224 () {36 vars in 460 bytes} [Sat Jun 24 09:38:54 2023] GET / => generated 2061 bytes in 2 msecs (HTTP/1.1 404) 6 headers in 186 bytes (1 switches on core 0)
Not Found: /favicon.ico
[pid: 4731|app: 0|req: 955/955] 64.62.197.237 () {36 vars in 527 bytes} [Sat Jun 24 09:39:48 2023] GET /favicon.ico => generated 2112 bytes in 2 msecs (HTTP/1.1 404) 6 headers in 186 bytes (1 switches on core 1)
Not Found: /dns-query
[pid: 4731|app: 0|req: 956/956] 64.62.197.236 () {36 vars in 613 bytes} [Sat Jun 24 09:40:39 2023] GET /dns-query?name=dnsscan.shadowserver.org&type=A => generated 2147 bytes in 2 msecs (HTTP/1.1 404) 6 headers in 186 bytes (1 switches on core 0)
Not Found: /
[pid: 4731|app: 0|req: 957/957] 64.62.197.239 () {36 vars in 457 bytes} [Sat Jun 24 09:40:56 2023] GET / => generated 2061 bytes in 2 msecs (HTTP/1.1 404) 6 headers in 186 bytes (1 switches on core 1)
Not Found: /geoserver/web/
[pid: 4731|app: 0|req: 958/958] 64.62.197.230 () {36 vars in 533 bytes} [Sat Jun 24 09:42:58 2023] GET /geoserver/web/ => generated 2121 bytes in 2 msecs (HTTP/1.1 404) 6 headers in 186 bytes (1 switches on core 0)
Not Found: /.git/config
[pid: 4731|app: 0|req: 959/959] 64.62.197.233 () {36 vars in 527 bytes} [Sat Jun 24 09:43:26 2023] GET /.git/config => generated 2112 bytes in 2 msecs (HTTP/1.1 404) 6 headers in 186 bytes (1 switches on core 1)
Not Found: /.env
[pid: 4731|app: 0|req: 960/960] 109.237.97.180 () {38 vars in 540 bytes} [Sat Jun 24 09:48:18 2023] GET /.env => generated 2091 bytes in 3 msecs (HTTP/1.1 404) 6 headers in 186 bytes (1 switches on core 0)
Not Found: /actuator/health
[pid: 4731|app: 0|req: 961/961] 192.241.235.23 () {36 vars in 440 bytes} [Sat Jun 24 10:40:33 2023] GET /actuator/health => generated 2124 bytes in 2 msecs (HTTP/1.1 404) 6 headers in 186 bytes (1 switches on core 1)
Not Found: /
[pid: 4731|app: 0|req: 962/962] 185.233.19.22 () {32 vars in 345 bytes} [Sat Jun 24 10:56:36 2023] GET / => generated 2065 bytes in 2 msecs (HTTP/1.1 404) 6 headers in 186 bytes (1 switches on core 0)
Not Found: /
[pid: 4731|app: 0|req: 963/963] 103.153.254.110 () {42 vars in 647 bytes} [Sat Jun 24 12:31:31 2023] GET / => generated 2065 bytes in 2 msecs (HTTP/1.1 404) 6 headers in 181 bytes (1 switches on core 1)
Not Found: /dns-query
[pid: 4731|app: 0|req: 964/964] 47.90.254.226 () {40 vars in 617 bytes} [Sat Jun 24 12:31:34 2023] GET /dns-query?dns=ikIBAAABAAAAAAAABmdvb2dsZQNjb20AAAEAAQ => generated 2149 bytes in 2 msecs (HTTP/1.1 404) 6 headers in 186 bytes (1 switches on core 0)
Not Found: /
[pid: 4731|app: 0|req: 965/965] 185.233.19.12 () {32 vars in 345 bytes} [Sat Jun 24 12:49:02 2023] GET / => generated 2065 bytes in 2 msecs (HTTP/1.1 404) 6 headers in 186 bytes (1 switches on core 1)
Not Found: /vendor/phpunit/phpunit/src/Util/PHP/eval-stdin.php
[pid: 4731|app: 0|req: 966/966] 83.97.73.89 () {38 vars in 638 bytes} [Sat Jun 24 13:10:04 2023] GET /vendor/phpunit/phpunit/src/Util/PHP/eval-stdin.php => generated 2233 bytes in 2 msecs (HTTP/1.1 404) 6 headers in 186 bytes (1 switches on core 0)
Not Found: /dns-query
[pid: 4731|app: 0|req: 967/967] 47.90.254.226 () {42 vars in 560 bytes} [Sat Jun 24 13:25:48 2023] POST /dns-query => generated 2107 bytes in 30 msecs (HTTP/1.1 404) 6 headers in 186 bytes (1 switches on core 1)
Not Found: /index.php
[pid: 4731|app: 0|req: 968/968] 83.97.73.89 () {36 vars in 734 bytes} [Sat Jun 24 13:45:28 2023] GET /index.php?s=/Index/\think\app/invokefunction&function=call_user_func_array&vars[0]=md5&vars[1][]=HelloThinkPHP21 => generated 2229 bytes in 2 msecs (HTTP/1.1 404) 6 headers in 186 bytes (1 switches on core 0)
Not Found: /
[pid: 4731|app: 0|req: 969/969] 162.216.150.73 () {32 vars in 616 bytes} [Sat Jun 24 13:55:07 2023] GET / => generated 2065 bytes in 2 msecs (HTTP/1.1 404) 6 headers in 186 bytes (1 switches on core 1)
Not Found: /
[pid: 4731|app: 0|req: 970/970] 87.236.176.156 () {38 vars in 498 bytes} [Sat Jun 24 14:02:11 2023] GET / => generated 2061 bytes in 2 msecs (HTTP/1.1 404) 6 headers in 186 bytes (1 switches on core 0)
Not Found: /owa/auth/logon.aspx
[pid: 4731|app: 0|req: 971/971] 198.199.108.106 () {36 vars in 506 bytes} [Sat Jun 24 14:14:49 2023] GET /owa/auth/logon.aspx?url=https%3a%2f%2f1%2fecp%2f => generated 2165 bytes in 2 msecs (HTTP/1.1 404) 6 headers in 186 bytes (1 switches on core 1)
Not Found: /
[pid: 4731|app: 0|req: 972/972] 83.97.73.89 () {36 vars in 570 bytes} [Sat Jun 24 15:14:56 2023] GET /?XDEBUG_SESSION_START=phpstorm => generated 2095 bytes in 2 msecs (HTTP/1.1 404) 6 headers in 186 bytes (1 switches on core 0)
Not Found: /favicon.ico
[pid: 4731|app: 0|req: 973/973] 185.180.143.11 () {36 vars in 526 bytes} [Sat Jun 24 15:42:23 2023] GET /favicon.ico => generated 2112 bytes in 2 msecs (HTTP/1.1 404) 6 headers in 186 bytes (1 switches on core 1)
Not Found: /mifs/.;/services/LogService
[pid: 4731|app: 0|req: 974/974] 83.97.73.89 () {42 vars in 697 bytes} [Sat Jun 24 15:46:36 2023] POST /mifs/.;/services/LogService => generated 2167 bytes in 2 msecs (HTTP/1.1 404) 6 headers in 186 bytes (1 switches on core 0)
Not Found: /geoserver
[pid: 4731|app: 0|req: 975/975] 83.97.73.89 () {36 vars in 529 bytes} [Sat Jun 24 16:35:08 2023] GET /geoserver => generated 2110 bytes in 2 msecs (HTTP/1.1 404) 6 headers in 186 bytes (1 switches on core 1)
Not Found: /remote/login
[pid: 4731|app: 0|req: 976/976] 185.224.128.113 () {38 vars in 578 bytes} [Sat Jun 24 17:39:40 2023] GET /remote/login?lang=en => generated 2123 bytes in 2 msecs (HTTP/1.1 404) 6 headers in 186 bytes (1 switches on core 0)
Not Found: /owa/auth/logon.aspx
[pid: 4731|app: 0|req: 977/977] 162.243.140.44 () {36 vars in 448 bytes} [Sat Jun 24 19:38:18 2023] GET /owa/auth/logon.aspx => generated 2136 bytes in 2 msecs (HTTP/1.1 404) 6 headers in 186 bytes (1 switches on core 1)
Not Found: /ecp/Current/exporttool/microsoft.exchange.ediscovery.exporttool.application
[pid: 4731|app: 0|req: 978/978] 198.199.92.121 () {36 vars in 560 bytes} [Sat Jun 24 19:39:49 2023] GET /ecp/Current/exporttool/microsoft.exchange.ediscovery.exporttool.application => generated 2304 bytes in 2 msecs (HTTP/1.1 404) 6 headers in 186 bytes (1 switches on core 0)
Not Found: /owa/auth/x.js
[pid: 4731|app: 0|req: 979/979] 107.170.192.15 () {38 vars in 571 bytes} [Sat Jun 24 19:40:21 2023] GET /owa/auth/x.js => generated 2118 bytes in 2 msecs (HTTP/1.1 404) 6 headers in 186 bytes (1 switches on core 1)
Not Found: /
[pid: 4731|app: 0|req: 980/980] 172.105.128.12 () {36 vars in 502 bytes} [Sat Jun 24 22:52:45 2023] GET / => generated 2061 bytes in 2 msecs (HTTP/1.1 404) 6 headers in 186 bytes (1 switches on core 0)
Not Found: /vicidial/welcome.php
[pid: 4731|app: 0|req: 981/981] 185.224.128.113 () {38 vars in 548 bytes} [Sat Jun 24 23:56:50 2023] GET /vicidial/welcome.php => generated 2139 bytes in 2 msecs (HTTP/1.1 404) 6 headers in 186 bytes (1 switches on core 1)
-------------------------
Internal Server Error: /myApp/question/recommend/
Traceback (most recent call last):
  File "/root/anaconda3/envs/software/lib/python3.9/site-packages/django/core/handlers/exception.py", line 47, in inner
    response = get_response(request)
  File "/root/anaconda3/envs/software/lib/python3.9/site-packages/django/core/handlers/base.py", line 181, in _get_response
    response = wrapped_callback(request, *callback_args, **callback_kwargs)
  File "/home/ourProject/soft-ware-project/./myApp/views.py", line 293, in recommend_question
    uid = int(request.GET.get('uid'))
TypeError: int() argument must be a string, a bytes-like object or a number, not 'NoneType'
[pid: 4731|app: 0|req: 982/982] 120.244.34.152 () {50 vars in 972 bytes} [Sun Jun 25 00:34:50 2023] GET /myApp/question/recommend/?tags=%5B%5D => generated 54713 bytes in 16 msecs (HTTP/1.1 500) 6 headers in 207 bytes (1 switches on core 0)
-------------------------
Internal Server Error: /myApp/question/recommend/
Traceback (most recent call last):
  File "/root/anaconda3/envs/software/lib/python3.9/site-packages/django/core/handlers/exception.py", line 47, in inner
    response = get_response(request)
  File "/root/anaconda3/envs/software/lib/python3.9/site-packages/django/core/handlers/base.py", line 181, in _get_response
    response = wrapped_callback(request, *callback_args, **callback_kwargs)
  File "/home/ourProject/soft-ware-project/./myApp/views.py", line 293, in recommend_question
    uid = int(request.GET.get('uid'))
TypeError: int() argument must be a string, a bytes-like object or a number, not 'NoneType'
[pid: 4731|app: 0|req: 984/983] 120.244.34.152 () {50 vars in 972 bytes} [Sun Jun 25 00:34:50 2023] GET /myApp/question/recommend/?tags=%5B%5D => generated 54713 bytes in 18 msecs (HTTP/1.1 500) 6 headers in 207 bytes (1 switches on core 1)
otjFq5Y9GFfbIiTp-tgFnOXLgznw
['二手', '情感', '航学']
[27]
[8, 133, 78]
[pid: 4731|app: 0|req: 984/984] 120.244.34.152 () {50 vars in 1012 bytes} [Sun Jun 25 00:34:50 2023] GET /myApp/user/profile/?code=0b1DGKkl2jbXxb4naUkl2RDuYB1DGKkx => generated 503 bytes in 255 msecs (HTTP/1.1 200) 6 headers in 185 bytes (1 switches on core 0)
-----in hot----
[pid: 4731|app: 0|req: 985/985] 120.244.34.152 () {50 vars in 937 bytes} [Sun Jun 25 00:34:51 2023] GET /myApp/question/hot/ => generated 5330 bytes in 11 msecs (HTTP/1.1 200) 6 headers in 186 bytes (1 switches on core 1)
-------------------------
Internal Server Error: /myApp/question/recommend/
Traceback (most recent call last):
  File "/root/anaconda3/envs/software/lib/python3.9/site-packages/django/core/handlers/exception.py", line 47, in inner
    response = get_response(request)
  File "/root/anaconda3/envs/software/lib/python3.9/site-packages/django/core/handlers/base.py", line 181, in _get_response
    response = wrapped_callback(request, *callback_args, **callback_kwargs)
  File "/home/ourProject/soft-ware-project/./myApp/views.py", line 293, in recommend_question
    uid = int(request.GET.get('uid'))
TypeError: int() argument must be a string, a bytes-like object or a number, not 'NoneType'
[pid: 4731|app: 0|req: 986/986] 120.244.34.152 () {50 vars in 1128 bytes} [Sun Jun 25 00:34:51 2023] GET /myApp/question/recommend/?tags=%5B%22%E4%BA%8C%E6%89%8B%22%2C%22%E6%83%85%E6%84%9F%22%2C%22%E8%88%AA%E5%AD%A6%22%5D => generated 55315 bytes in 16 msecs (HTTP/1.1 500) 6 headers in 207 bytes (1 switches on core 0)
[pid: 4731|app: 0|req: 987/987] 120.244.34.152 () {50 vars in 1016 bytes} [Sun Jun 25 00:34:52 2023] GET /myApp/question/sort/?tag=%E6%B1%82%E8%81%8C&sortBy=ClikeNum => generated 3821 bytes in 8 msecs (HTTP/1.1 200) 6 headers in 186 bytes (1 switches on core 1)
[pid: 4731|app: 0|req: 988/988] 120.244.34.152 () {50 vars in 1016 bytes} [Sun Jun 25 00:34:53 2023] GET /myApp/question/sort/?tag=%E8%80%83%E7%A0%94&sortBy=ClikeNum => generated 2401 bytes in 7 msecs (HTTP/1.1 200) 6 headers in 186 bytes (1 switches on core 0)
[pid: 4731|app: 0|req: 989/989] 120.244.34.152 () {50 vars in 1016 bytes} [Sun Jun 25 00:34:53 2023] GET /myApp/question/sort/?tag=%E4%BF%9D%E7%A0%94&sortBy=ClikeNum => generated 12 bytes in 4 msecs (HTTP/1.1 200) 6 headers in 184 bytes (1 switches on core 1)
[pid: 4731|app: 0|req: 990/990] 120.244.34.152 () {50 vars in 1016 bytes} [Sun Jun 25 00:34:54 2023] GET /myApp/question/sort/?tag=%E6%8C%87%E5%8D%97&sortBy=ClikeNum => generated 17960 bytes in 27 msecs (HTTP/1.1 200) 6 headers in 187 bytes (1 switches on core 0)
Not Found: /
[pid: 4731|app: 0|req: 991/991] 64.62.197.24 () {36 vars in 526 bytes} [Sun Jun 25 01:34:29 2023] GET / => generated 2061 bytes in 2 msecs (HTTP/1.1 404) 6 headers in 186 bytes (1 switches on core 1)
Not Found: /
[pid: 4731|app: 0|req: 992/992] 83.97.73.89 () {36 vars in 511 bytes} [Sun Jun 25 03:38:30 2023] GET / => generated 2065 bytes in 2 msecs (HTTP/1.1 404) 6 headers in 186 bytes (1 switches on core 0)
Not Found: /
[pid: 4731|app: 0|req: 993/993] 34.78.6.216 () {44 vars in 576 bytes} [Sun Jun 25 04:02:50 2023] GET / => generated 2061 bytes in 2 msecs (HTTP/1.1 404) 6 headers in 186 bytes (1 switches on core 1)
Not Found: /Autodiscover/Autodiscover.xml
[pid: 4731|app: 0|req: 994/994] 83.97.73.89 () {40 vars in 650 bytes} [Sun Jun 25 05:05:57 2023] POST /Autodiscover/Autodiscover.xml => generated 2171 bytes in 2 msecs (HTTP/1.1 404) 6 headers in 186 bytes (1 switches on core 0)
Not Found: /
[pid: 4731|app: 0|req: 995/995] 106.3.146.202 () {40 vars in 732 bytes} [Sun Jun 25 05:23:17 2023] GET / => generated 2061 bytes in 2 msecs (HTTP/1.1 404) 6 headers in 186 bytes (1 switches on core 1)
Not Found: /
[pid: 4731|app: 0|req: 996/996] 106.3.146.202 () {40 vars in 761 bytes} [Sun Jun 25 05:23:20 2023] GET / => generated 2061 bytes in 2 msecs (HTTP/1.1 404) 6 headers in 186 bytes (1 switches on core 0)
Not Found: /favicon.ico
[pid: 4731|app: 0|req: 997/997] 106.3.146.202 () {40 vars in 754 bytes} [Sun Jun 25 05:23:23 2023] GET /favicon.ico => generated 2112 bytes in 2 msecs (HTTP/1.1 404) 6 headers in 186 bytes (1 switches on core 1)
Not Found: /favicon.ico
[pid: 4731|app: 0|req: 998/998] 106.3.146.202 () {40 vars in 783 bytes} [Sun Jun 25 05:23:26 2023] GET /favicon.ico => generated 2112 bytes in 2 msecs (HTTP/1.1 404) 6 headers in 186 bytes (1 switches on core 0)
Not Found: /autodiscover/autodiscover.json
[pid: 4731|app: 0|req: 999/999] 107.170.235.15 () {36 vars in 501 bytes} [Sun Jun 25 05:23:35 2023] GET /autodiscover/autodiscover.json?@zdi/Powershell => generated 2185 bytes in 2 msecs (HTTP/1.1 404) 6 headers in 186 bytes (1 switches on core 1)
Not Found: /
[pid: 4731|app: 0|req: 1000/1000] 35.203.210.61 () {32 vars in 615 bytes} [Sun Jun 25 05:45:10 2023] GET / => generated 2065 bytes in 2 msecs (HTTP/1.1 404) 6 headers in 186 bytes (1 switches on core 0)
...The work of process 4731 is done. Seeya!
worker 1 killed successfully (pid: 4731)
Respawned uWSGI worker 1 (new pid: 329816)
Not Found: /vendor/phpunit/phpunit/src/Util/PHP/eval-stdin.php
[pid: 329816|app: 0|req: 1001/1001] 83.97.73.89 () {40 vars in 726 bytes} [Sun Jun 25 05:58:52 2023] POST /vendor/phpunit/phpunit/src/Util/PHP/eval-stdin.php => generated 2234 bytes in 18 msecs (HTTP/1.1 404) 6 headers in 186 bytes (1 switches on core 0)
Not Found: /
[pid: 329816|app: 0|req: 1002/1002] 117.62.218.192 () {38 vars in 541 bytes} [Sun Jun 25 06:21:46 2023] GET / => generated 2061 bytes in 3 msecs (HTTP/1.1 404) 6 headers in 186 bytes (1 switches on core 1)
Not Found: /console/
[pid: 329816|app: 0|req: 1003/1003] 83.97.73.89 () {36 vars in 527 bytes} [Sun Jun 25 06:57:05 2023] GET /console/ => generated 2107 bytes in 2 msecs (HTTP/1.1 404) 6 headers in 186 bytes (1 switches on core 0)
Not Found: /
[pid: 329816|app: 0|req: 1004/1004] 152.32.131.34 () {40 vars in 629 bytes} [Sun Jun 25 07:30:48 2023] GET / => generated 2060 bytes in 2 msecs (HTTP/1.1 404) 6 headers in 186 bytes (1 switches on core 1)
Not Found: /favicon.ico
[pid: 329816|app: 0|req: 1005/1005] 152.32.131.34 () {40 vars in 651 bytes} [Sun Jun 25 07:30:49 2023] GET /favicon.ico => generated 2111 bytes in 2 msecs (HTTP/1.1 404) 6 headers in 186 bytes (1 switches on core 0)
Not Found: /_ignition/execute-solution
[pid: 329816|app: 0|req: 1006/1006] 83.97.73.89 () {38 vars in 616 bytes} [Sun Jun 25 07:42:55 2023] GET /_ignition/execute-solution => generated 2161 bytes in 2 msecs (HTTP/1.1 404) 6 headers in 186 bytes (1 switches on core 1)
Not Found: /
[pid: 329816|app: 0|req: 1007/1007] 83.97.73.89 () {36 vars in 511 bytes} [Sun Jun 25 08:14:09 2023] GET / => generated 2065 bytes in 2 msecs (HTTP/1.1 404) 6 headers in 186 bytes (1 switches on core 0)
Not Found: /
[pid: 329816|app: 0|req: 1008/1008] 31.7.60.114 () {42 vars in 643 bytes} [Sun Jun 25 08:54:29 2023] GET / => generated 2065 bytes in 3 msecs (HTTP/1.1 404) 6 headers in 181 bytes (1 switches on core 1)
Not Found: /
[pid: 329816|app: 0|req: 1009/1009] 83.97.73.89 () {38 vars in 564 bytes} [Sun Jun 25 08:59:15 2023] GET / => generated 2065 bytes in 2 msecs (HTTP/1.1 404) 6 headers in 186 bytes (1 switches on core 0)
-------------------------
-------------------------
Internal Server Error: /myApp/question/recommend/
Traceback (most recent call last):
  File "/root/anaconda3/envs/software/lib/python3.9/site-packages/django/core/handlers/exception.py", line 47, in inner
    response = get_response(request)
  File "/root/anaconda3/envs/software/lib/python3.9/site-packages/django/core/handlers/base.py", line 181, in _get_response
    response = wrapped_callback(request, *callback_args, **callback_kwargs)
  File "/home/ourProject/soft-ware-project/./myApp/views.py", line 293, in recommend_question
    uid = int(request.GET.get('uid'))
TypeError: int() argument must be a string, a bytes-like object or a number, not 'NoneType'
[pid: 329816|app: 0|req: 1011/1010] 223.104.41.57 () {42 vars in 964 bytes} [Sun Jun 25 09:22:26 2023] GET /myApp/question/recommend/?tags=%5B%5D => generated 53659 bytes in 34 msecs (HTTP/1.1 500) 6 headers in 207 bytes (1 switches on core 1)
Internal Server Error: /myApp/question/recommend/
Traceback (most recent call last):
  File "/root/anaconda3/envs/software/lib/python3.9/site-packages/django/core/handlers/exception.py", line 47, in inner
    response = get_response(request)
  File "/root/anaconda3/envs/software/lib/python3.9/site-packages/django/core/handlers/base.py", line 181, in _get_response
    response = wrapped_callback(request, *callback_args, **callback_kwargs)
  File "/home/ourProject/soft-ware-project/./myApp/views.py", line 293, in recommend_question
    uid = int(request.GET.get('uid'))
TypeError: int() argument must be a string, a bytes-like object or a number, not 'NoneType'
[pid: 329816|app: 0|req: 1012/1011] 223.104.41.57 () {42 vars in 964 bytes} [Sun Jun 25 09:22:26 2023] GET /myApp/question/recommend/?tags=%5B%5D => generated 53659 bytes in 39 msecs (HTTP/1.1 500) 6 headers in 207 bytes (1 switches on core 0)
otjFq5WU3S5Fx7mHdini-yjwDQ38
['情感', 'TD', '航学', '好物']
[]
[84, 129, 124, 8]
[pid: 329816|app: 0|req: 1012/1012] 223.104.41.57 () {42 vars in 1004 bytes} [Sun Jun 25 09:22:26 2023] GET /myApp/user/profile/?code=0d1zyXFa1onGyF0WcBJa15cqwk0zyXFI => generated 538 bytes in 246 msecs (HTTP/1.1 200) 6 headers in 185 bytes (1 switches on core 1)
-------------------------
Internal Server Error: /myApp/question/recommend/
Traceback (most recent call last):
  File "/root/anaconda3/envs/software/lib/python3.9/site-packages/django/core/handlers/exception.py", line 47, in inner
    response = get_response(request)
  File "/root/anaconda3/envs/software/lib/python3.9/site-packages/django/core/handlers/base.py", line 181, in _get_response
    response = wrapped_callback(request, *callback_args, **callback_kwargs)
  File "/home/ourProject/soft-ware-project/./myApp/views.py", line 293, in recommend_question
    uid = int(request.GET.get('uid'))
TypeError: int() argument must be a string, a bytes-like object or a number, not 'NoneType'
[pid: 329816|app: 0|req: 1013/1013] 223.104.41.57 () {42 vars in 1142 bytes} [Sun Jun 25 09:22:31 2023] GET /myApp/question/recommend/?tags=%5B%22%E6%83%85%E6%84%9F%22%2C%22TD%22%2C%22%E8%88%AA%E5%AD%A6%22%2C%22%E5%A5%BD%E7%89%A9%22%5D => generated 54353 bytes in 15 msecs (HTTP/1.1 500) 6 headers in 207 bytes (1 switches on core 0)
[pid: 329816|app: 0|req: 1014/1014] 223.104.41.57 () {42 vars in 1008 bytes} [Sun Jun 25 09:22:32 2023] GET /myApp/question/sort/?tag=%E6%B1%82%E8%81%8C&sortBy=ClikeNum => generated 3821 bytes in 9 msecs (HTTP/1.1 200) 6 headers in 186 bytes (1 switches on core 1)
-----in hot----
[pid: 329816|app: 0|req: 1015/1015] 223.104.41.57 () {42 vars in 929 bytes} [Sun Jun 25 09:22:33 2023] GET /myApp/question/hot/ => generated 5330 bytes in 11 msecs (HTTP/1.1 200) 6 headers in 186 bytes (1 switches on core 0)
Not Found: /owa/auth/logon.aspx
[pid: 329816|app: 0|req: 1016/1016] 192.241.227.38 () {36 vars in 505 bytes} [Sun Jun 25 14:18:09 2023] GET /owa/auth/logon.aspx?url=https%3a%2f%2f1%2fecp%2f => generated 2165 bytes in 2 msecs (HTTP/1.1 404) 6 headers in 186 bytes (1 switches on core 0)
Not Found: /
[pid: 329816|app: 0|req: 1017/1017] 198.199.96.57 () {36 vars in 409 bytes} [Sun Jun 25 14:38:05 2023] GET / => generated 2061 bytes in 2 msecs (HTTP/1.1 404) 6 headers in 186 bytes (1 switches on core 1)
Not Found: /GehH
[pid: 329816|app: 0|req: 1018/1018] 148.153.45.234 () {36 vars in 488 bytes} [Sun Jun 25 15:05:26 2023] GET /GehH => generated 2095 bytes in 3 msecs (HTTP/1.1 404) 6 headers in 186 bytes (1 switches on core 0)
Not Found: /ws1B
[pid: 329816|app: 0|req: 1019/1019] 148.153.45.234 () {36 vars in 488 bytes} [Sun Jun 25 15:05:27 2023] GET /ws1B => generated 2095 bytes in 2 msecs (HTTP/1.1 404) 6 headers in 186 bytes (1 switches on core 1)
Not Found: /aab8
[pid: 329816|app: 0|req: 1020/1020] 148.153.45.234 () {36 vars in 488 bytes} [Sun Jun 25 15:05:28 2023] GET /aab8 => generated 2095 bytes in 2 msecs (HTTP/1.1 404) 6 headers in 186 bytes (1 switches on core 0)
Not Found: /jquery-3.3.1.slim.min.js
[pid: 329816|app: 0|req: 1021/1021] 148.153.45.234 () {36 vars in 528 bytes} [Sun Jun 25 15:05:30 2023] GET /jquery-3.3.1.slim.min.js => generated 2155 bytes in 3 msecs (HTTP/1.1 404) 6 headers in 186 bytes (1 switches on core 1)
Not Found: /aab9
[pid: 329816|app: 0|req: 1022/1022] 148.153.45.234 () {36 vars in 488 bytes} [Sun Jun 25 15:05:32 2023] GET /aab9 => generated 2095 bytes in 2 msecs (HTTP/1.1 404) 6 headers in 186 bytes (1 switches on core 0)
Not Found: /jquery-3.3.2.slim.min.js
[pid: 329816|app: 0|req: 1023/1023] 148.153.45.234 () {36 vars in 528 bytes} [Sun Jun 25 15:05:32 2023] GET /jquery-3.3.2.slim.min.js => generated 2155 bytes in 2 msecs (HTTP/1.1 404) 6 headers in 186 bytes (1 switches on core 1)
Not Found: /.git/config
[pid: 329816|app: 0|req: 1024/1024] 31.7.63.42 () {38 vars in 564 bytes} [Sun Jun 25 20:04:26 2023] GET /.git/config => generated 2112 bytes in 2 msecs (HTTP/1.1 404) 6 headers in 186 bytes (1 switches on core 0)
Not Found: /
[pid: 329816|app: 0|req: 1025/1025] 140.246.73.84 () {28 vars in 299 bytes} [Sun Jun 25 20:41:01 2023] OPTIONS / => generated 2064 bytes in 4 msecs (HTTP/1.0 404) 6 headers in 186 bytes (1 switches on core 1)
Not Found: /
[pid: 329816|app: 0|req: 1026/1026] 140.246.73.84 () {38 vars in 480 bytes} [Sun Jun 25 20:41:21 2023] GET / => generated 2061 bytes in 2 msecs (HTTP/1.1 404) 6 headers in 186 bytes (1 switches on core 0)
Not Found: /favicon.ico
[pid: 329816|app: 0|req: 1027/1027] 45.156.129.7 () {36 vars in 524 bytes} [Sun Jun 25 21:49:17 2023] GET /favicon.ico => generated 2112 bytes in 2 msecs (HTTP/1.1 404) 6 headers in 186 bytes (1 switches on core 1)
Not Found: /
[pid: 329816|app: 0|req: 1028/1028] 167.94.146.60 () {30 vars in 327 bytes} [Sun Jun 25 22:49:08 2023] GET / => generated 2065 bytes in 2 msecs (HTTP/1.1 404) 6 headers in 186 bytes (1 switches on core 0)
Not Found: /
[pid: 329816|app: 0|req: 1029/1029] 167.94.146.60 () {36 vars in 458 bytes} [Sun Jun 25 22:49:08 2023] GET / => generated 2061 bytes in 2 msecs (HTTP/1.1 404) 6 headers in 186 bytes (1 switches on core 1)
Invalid HTTP_HOST header: '[2407:c080:17ef:ffff::7274:db9d]'. You may need to add '[2407:c080:17ef:ffff::7274:db9d]' to ALLOWED_HOSTS.
Bad Request: /
[pid: 329816|app: 0|req: 1030/1030] 198.19.0.165 () {36 vars in 514 bytes} [Sun Jun 25 23:02:12 2023] GET / => generated 57366 bytes in 16 msecs (HTTP/1.1 400) 5 headers in 166 bytes (1 switches on core 0)
Invalid HTTP_HOST header: '[2407:c080:17ef:ffff::7274:db9d]'. You may need to add '[2407:c080:17ef:ffff::7274:db9d]' to ALLOWED_HOSTS.
Bad Request: /
[pid: 329816|app: 0|req: 1031/1031] 198.19.80.165 () {36 vars in 515 bytes} [Sun Jun 25 23:02:15 2023] GET / => generated 57367 bytes in 17 msecs (HTTP/1.1 400) 5 headers in 166 bytes (1 switches on core 1)
Invalid HTTP_HOST header: '[2407:c080:17ef:ffff::7274:db9d]'. You may need to add '[2407:c080:17ef:ffff::7274:db9d]' to ALLOWED_HOSTS.
Bad Request: /
[pid: 329816|app: 0|req: 1032/1032] 198.19.80.165 () {36 vars in 515 bytes} [Sun Jun 25 23:02:21 2023] GET / => generated 57367 bytes in 18 msecs (HTTP/1.1 400) 5 headers in 166 bytes (1 switches on core 0)
Invalid HTTP_HOST header: '[2407:c080:17ef:ffff::7274:db9d]'. You may need to add '[2407:c080:17ef:ffff::7274:db9d]' to ALLOWED_HOSTS.
Bad Request: /
[pid: 329816|app: 0|req: 1033/1033] 198.19.0.165 () {36 vars in 514 bytes} [Sun Jun 25 23:02:30 2023] GET / => generated 57366 bytes in 21 msecs (HTTP/1.1 400) 5 headers in 166 bytes (1 switches on core 1)
Not Found: /
[pid: 329816|app: 0|req: 1034/1034] 167.248.133.186 () {36 vars in 460 bytes} [Sun Jun 25 23:09:24 2023] GET / => generated 2061 bytes in 2 msecs (HTTP/1.1 404) 6 headers in 186 bytes (1 switches on core 0)
Not Found: /
[pid: 329816|app: 0|req: 1035/1035] 172.105.128.13 () {36 vars in 503 bytes} [Mon Jun 26 01:27:44 2023] GET / => generated 2061 bytes in 2 msecs (HTTP/1.1 404) 6 headers in 186 bytes (1 switches on core 1)
Not Found: /ab2g
[pid: 329816|app: 0|req: 1036/1036] 167.99.187.142 () {36 vars in 418 bytes} [Mon Jun 26 01:37:31 2023] GET /ab2g => generated 2091 bytes in 2 msecs (HTTP/1.1 404) 6 headers in 186 bytes (1 switches on core 0)
Not Found: /ab2h
[pid: 329816|app: 0|req: 1037/1037] 167.99.187.142 () {36 vars in 418 bytes} [Mon Jun 26 01:37:32 2023] GET /ab2h => generated 2091 bytes in 2 msecs (HTTP/1.1 404) 6 headers in 186 bytes (1 switches on core 1)
Not Found: /
[pid: 329816|app: 0|req: 1038/1038] 58.59.90.50 () {36 vars in 397 bytes} [Mon Jun 26 01:37:47 2023] GET / => generated 2061 bytes in 2 msecs (HTTP/1.1 404) 6 headers in 186 bytes (1 switches on core 0)
Not Found: /
[pid: 329816|app: 0|req: 1039/1039] 71.6.232.24 () {36 vars in 501 bytes} [Mon Jun 26 02:30:06 2023] GET / => generated 2061 bytes in 2 msecs (HTTP/1.1 404) 6 headers in 186 bytes (1 switches on core 1)
Not Found: /actuator/health
[pid: 329816|app: 0|req: 1040/1040] 198.199.98.40 () {36 vars in 439 bytes} [Mon Jun 26 02:31:59 2023] GET /actuator/health => generated 2124 bytes in 2 msecs (HTTP/1.1 404) 6 headers in 186 bytes (1 switches on core 0)
Not Found: /
[pid: 329816|app: 0|req: 1041/1041] 179.43.182.6 () {36 vars in 505 bytes} [Mon Jun 26 02:41:34 2023] HEAD / => generated 2066 bytes in 2 msecs (HTTP/1.1 404) 6 headers in 186 bytes (1 switches on core 1)
Not Found: /
[pid: 329816|app: 0|req: 1042/1042] 142.4.218.114 () {38 vars in 558 bytes} [Mon Jun 26 02:44:47 2023] GET / => generated 2061 bytes in 2 msecs (HTTP/1.1 404) 6 headers in 181 bytes (1 switches on core 0)
Not Found: /
[pid: 329816|app: 0|req: 1043/1043] 178.32.197.88 () {38 vars in 558 bytes} [Mon Jun 26 02:56:51 2023] GET / => generated 2061 bytes in 2 msecs (HTTP/1.1 404) 6 headers in 181 bytes (1 switches on core 1)
Not Found: /
[pid: 329816|app: 0|req: 1044/1044] 54.153.113.183 () {36 vars in 520 bytes} [Mon Jun 26 03:35:23 2023] GET / => generated 2065 bytes in 2 msecs (HTTP/1.1 404) 6 headers in 186 bytes (1 switches on core 0)
Not Found: /.env
[pid: 329816|app: 0|req: 1045/1045] 109.237.98.226 () {38 vars in 540 bytes} [Mon Jun 26 03:46:17 2023] GET /.env => generated 2091 bytes in 2 msecs (HTTP/1.1 404) 6 headers in 186 bytes (1 switches on core 1)
Not Found: /
[pid: 329816|app: 0|req: 1046/1046] 51.254.49.96 () {38 vars in 557 bytes} [Mon Jun 26 04:05:58 2023] GET / => generated 2061 bytes in 2 msecs (HTTP/1.1 404) 6 headers in 181 bytes (1 switches on core 0)
Not Found: /
[pid: 329816|app: 0|req: 1047/1047] 51.254.49.111 () {38 vars in 558 bytes} [Mon Jun 26 04:07:54 2023] GET / => generated 2061 bytes in 2 msecs (HTTP/1.1 404) 6 headers in 181 bytes (1 switches on core 1)
Not Found: /
[pid: 329816|app: 0|req: 1048/1048] 34.76.158.233 () {44 vars in 578 bytes} [Mon Jun 26 04:23:46 2023] GET / => generated 2061 bytes in 2 msecs (HTTP/1.1 404) 6 headers in 186 bytes (1 switches on core 0)
Not Found: /
[pid: 329816|app: 0|req: 1049/1049] 64.62.197.83 () {36 vars in 511 bytes} [Mon Jun 26 06:47:35 2023] GET / => generated 2061 bytes in 2 msecs (HTTP/1.1 404) 6 headers in 186 bytes (1 switches on core 1)
Not Found: /favicon.ico
[pid: 329816|app: 0|req: 1050/1050] 64.62.197.88 () {36 vars in 528 bytes} [Mon Jun 26 06:53:13 2023] GET /favicon.ico => generated 2112 bytes in 2 msecs (HTTP/1.1 404) 6 headers in 186 bytes (1 switches on core 0)
Not Found: /dns-query
[pid: 329816|app: 0|req: 1051/1051] 64.62.197.79 () {36 vars in 596 bytes} [Mon Jun 26 06:54:24 2023] GET /dns-query?name=dnsscan.shadowserver.org&type=A => generated 2147 bytes in 2 msecs (HTTP/1.1 404) 6 headers in 186 bytes (1 switches on core 1)
Not Found: /
[pid: 329816|app: 0|req: 1052/1052] 64.62.197.77 () {36 vars in 511 bytes} [Mon Jun 26 06:54:44 2023] GET / => generated 2061 bytes in 2 msecs (HTTP/1.1 404) 6 headers in 186 bytes (1 switches on core 0)
Not Found: /geoserver/web/
[pid: 329816|app: 0|req: 1053/1053] 64.62.197.80 () {36 vars in 495 bytes} [Mon Jun 26 06:56:46 2023] GET /geoserver/web/ => generated 2121 bytes in 2 msecs (HTTP/1.1 404) 6 headers in 186 bytes (1 switches on core 1)
Not Found: /.git/config
[pid: 329816|app: 0|req: 1054/1054] 64.62.197.88 () {36 vars in 525 bytes} [Mon Jun 26 06:57:10 2023] GET /.git/config => generated 2112 bytes in 2 msecs (HTTP/1.1 404) 6 headers in 186 bytes (1 switches on core 0)
Not Found: /
[pid: 329816|app: 0|req: 1055/1055] 35.187.113.38 () {30 vars in 327 bytes} [Mon Jun 26 07:08:04 2023] OPTIONS / => generated 2065 bytes in 2 msecs (HTTP/1.0 404) 6 headers in 186 bytes (1 switches on core 1)
Not Found: /
[pid: 329816|app: 0|req: 1056/1056] 185.233.19.84 () {32 vars in 345 bytes} [Mon Jun 26 08:09:22 2023] GET / => generated 2065 bytes in 4 msecs (HTTP/1.1 404) 6 headers in 186 bytes (1 switches on core 0)
Not Found: /.env
[pid: 329816|app: 0|req: 1057/1057] 109.237.97.180 () {38 vars in 540 bytes} [Mon Jun 26 08:24:38 2023] GET /.env => generated 2091 bytes in 3 msecs (HTTP/1.1 404) 6 headers in 186 bytes (1 switches on core 1)
Not Found: /
[pid: 329816|app: 0|req: 1058/1058] 167.94.138.124 () {30 vars in 328 bytes} [Mon Jun 26 08:33:07 2023] GET / => generated 2065 bytes in 2 msecs (HTTP/1.1 404) 6 headers in 186 bytes (1 switches on core 0)
Not Found: /
[pid: 329816|app: 0|req: 1059/1059] 167.94.138.124 () {36 vars in 459 bytes} [Mon Jun 26 08:33:09 2023] GET / => generated 2061 bytes in 2 msecs (HTTP/1.1 404) 6 headers in 186 bytes (1 switches on core 1)
Not Found: /
[pid: 329816|app: 0|req: 1060/1060] 47.92.83.71 () {30 vars in 321 bytes} [Mon Jun 26 09:49:57 2023] GET / => generated 2061 bytes in 3 msecs (HTTP/1.0 404) 6 headers in 186 bytes (1 switches on core 0)
Not Found: /
[pid: 329816|app: 0|req: 1061/1061] 47.92.83.71 () {40 vars in 697 bytes} [Mon Jun 26 09:49:57 2023] GET / => generated 2065 bytes in 2 msecs (HTTP/1.1 404) 6 headers in 186 bytes (1 switches on core 1)
Not Found: /robots.txt
[pid: 329816|app: 0|req: 1063/1062] 47.92.83.71 () {32 vars in 372 bytes} [Mon Jun 26 09:49:57 2023] GET /robots.txt => generated 2113 bytes in 4 msecs (HTTP/1.1 404) 6 headers in 186 bytes (1 switches on core 0)
Not Found: /sitemap.xml
[pid: 329816|app: 0|req: 1063/1063] 47.92.83.71 () {32 vars in 374 bytes} [Mon Jun 26 09:49:57 2023] GET /sitemap.xml => generated 2116 bytes in 4 msecs (HTTP/1.1 404) 6 headers in 186 bytes (1 switches on core 1)
Not Found: /
[pid: 329816|app: 0|req: 1064/1064] 156.146.55.163 () {44 vars in 833 bytes} [Mon Jun 26 10:32:16 2023] GET / => generated 2061 bytes in 2 msecs (HTTP/1.1 404) 6 headers in 181 bytes (1 switches on core 0)
Not Found: /
[pid: 329816|app: 0|req: 1065/1065] 156.146.55.163 () {42 vars in 804 bytes} [Mon Jun 26 10:32:16 2023] GET / => generated 2061 bytes in 2 msecs (HTTP/1.1 404) 6 headers in 181 bytes (1 switches on core 1)
Not Found: /
[pid: 329816|app: 0|req: 1066/1066] 156.146.55.163 () {42 vars in 804 bytes} [Mon Jun 26 10:32:16 2023] GET / => generated 2061 bytes in 2 msecs (HTTP/1.1 404) 6 headers in 181 bytes (1 switches on core 0)
Not Found: /
[pid: 329816|app: 0|req: 1067/1067] 183.136.225.32 () {36 vars in 476 bytes} [Mon Jun 26 10:40:50 2023] GET / => generated 2065 bytes in 2 msecs (HTTP/1.1 404) 6 headers in 186 bytes (1 switches on core 1)
Not Found: /ab2g
[pid: 329816|app: 0|req: 1068/1068] 142.93.224.16 () {36 vars in 417 bytes} [Mon Jun 26 10:46:19 2023] GET /ab2g => generated 2091 bytes in 3 msecs (HTTP/1.1 404) 6 headers in 186 bytes (1 switches on core 0)
Not Found: /ab2h
[pid: 329816|app: 0|req: 1069/1069] 142.93.224.16 () {36 vars in 417 bytes} [Mon Jun 26 10:46:20 2023] GET /ab2h => generated 2091 bytes in 2 msecs (HTTP/1.1 404) 6 headers in 186 bytes (1 switches on core 1)
Not Found: /
[pid: 329816|app: 0|req: 1070/1070] 142.93.224.16 () {36 vars in 499 bytes} [Mon Jun 26 10:46:29 2023] GET / => generated 2061 bytes in 2 msecs (HTTP/1.1 404) 6 headers in 186 bytes (1 switches on core 0)
Not Found: /t4
[pid: 329816|app: 0|req: 1071/1071] 142.93.224.16 () {36 vars in 403 bytes} [Mon Jun 26 10:46:32 2023] GET /t4 => generated 2085 bytes in 2 msecs (HTTP/1.1 404) 6 headers in 186 bytes (1 switches on core 1)
Not Found: /favicon.ico
[pid: 329816|app: 0|req: 1072/1072] 142.93.224.16 () {36 vars in 521 bytes} [Mon Jun 26 10:46:34 2023] GET /favicon.ico => generated 2112 bytes in 2 msecs (HTTP/1.1 404) 6 headers in 186 bytes (1 switches on core 0)
Not Found: /
[pid: 329816|app: 0|req: 1073/1073] 142.93.224.16 () {40 vars in 581 bytes} [Mon Jun 26 10:46:35 2023] GET / => generated 2061 bytes in 2 msecs (HTTP/1.1 404) 6 headers in 186 bytes (1 switches on core 1)
Not Found: /
[pid: 329816|app: 0|req: 1074/1074] 183.136.225.32 () {38 vars in 537 bytes} [Mon Jun 26 10:51:54 2023] GET / => generated 2065 bytes in 2 msecs (HTTP/1.1 404) 6 headers in 186 bytes (1 switches on core 0)
Not Found: /favicon.ico
[pid: 329816|app: 0|req: 1075/1075] 183.136.225.32 () {38 vars in 559 bytes} [Mon Jun 26 10:51:55 2023] GET /favicon.ico => generated 2116 bytes in 2 msecs (HTTP/1.1 404) 6 headers in 186 bytes (1 switches on core 1)
Not Found: /robots.txt
[pid: 329816|app: 0|req: 1076/1076] 183.136.225.32 () {38 vars in 557 bytes} [Mon Jun 26 10:51:57 2023] GET /robots.txt => generated 2113 bytes in 2 msecs (HTTP/1.1 404) 6 headers in 186 bytes (1 switches on core 0)
Not Found: /
[pid: 329816|app: 0|req: 1077/1077] 83.97.73.89 () {38 vars in 564 bytes} [Mon Jun 26 13:20:08 2023] GET / => generated 2065 bytes in 3 msecs (HTTP/1.1 404) 6 headers in 186 bytes (1 switches on core 1)
Not Found: /
[pid: 329816|app: 0|req: 1078/1078] 162.216.150.90 () {32 vars in 616 bytes} [Mon Jun 26 13:46:17 2023] GET / => generated 2065 bytes in 2 msecs (HTTP/1.1 404) 6 headers in 186 bytes (1 switches on core 0)
Not Found: /
[pid: 329816|app: 0|req: 1079/1079] 192.241.214.22 () {36 vars in 410 bytes} [Mon Jun 26 14:38:51 2023] GET / => generated 2061 bytes in 2 msecs (HTTP/1.1 404) 6 headers in 186 bytes (1 switches on core 1)
Not Found: /
[pid: 329816|app: 0|req: 1080/1080] 83.97.73.89 () {36 vars in 511 bytes} [Mon Jun 26 15:26:44 2023] GET / => generated 2065 bytes in 2 msecs (HTTP/1.1 404) 6 headers in 186 bytes (1 switches on core 0)
Not Found: /geoserver
[pid: 329816|app: 0|req: 1081/1081] 83.97.73.89 () {36 vars in 529 bytes} [Mon Jun 26 15:55:30 2023] GET /geoserver => generated 2110 bytes in 2 msecs (HTTP/1.1 404) 6 headers in 186 bytes (1 switches on core 1)
Not Found: /
[pid: 329816|app: 0|req: 1082/1082] 185.180.140.5 () {36 vars in 503 bytes} [Mon Jun 26 17:52:58 2023] GET / => generated 2061 bytes in 2 msecs (HTTP/1.1 404) 6 headers in 186 bytes (1 switches on core 0)
Not Found: /autodiscover/autodiscover.json
[pid: 329816|app: 0|req: 1083/1083] 198.199.95.14 () {36 vars in 500 bytes} [Mon Jun 26 18:27:13 2023] GET /autodiscover/autodiscover.json?@zdi/Powershell => generated 2185 bytes in 2 msecs (HTTP/1.1 404) 6 headers in 186 bytes (1 switches on core 1)
Not Found: /
[pid: 329816|app: 0|req: 1084/1084] 80.82.77.139 () {36 vars in 556 bytes} [Mon Jun 26 20:37:27 2023] GET / => generated 2061 bytes in 3 msecs (HTTP/1.1 404) 6 headers in 186 bytes (1 switches on core 0)
Not Found: /robots.txt
[pid: 329816|app: 0|req: 1085/1085] 80.82.77.139 () {32 vars in 374 bytes} [Mon Jun 26 20:37:40 2023] GET /robots.txt => generated 2109 bytes in 2 msecs (HTTP/1.1 404) 6 headers in 186 bytes (1 switches on core 1)
Not Found: /sitemap.xml
[pid: 329816|app: 0|req: 1086/1086] 80.82.77.139 () {32 vars in 376 bytes} [Mon Jun 26 20:37:40 2023] GET /sitemap.xml => generated 2112 bytes in 2 msecs (HTTP/1.1 404) 6 headers in 186 bytes (1 switches on core 0)
Not Found: /.well-known/security.txt
[pid: 329816|app: 0|req: 1087/1087] 80.82.77.139 () {32 vars in 402 bytes} [Mon Jun 26 20:37:41 2023] GET /.well-known/security.txt => generated 2151 bytes in 2 msecs (HTTP/1.1 404) 6 headers in 186 bytes (1 switches on core 1)
Not Found: /favicon.ico
[pid: 329816|app: 0|req: 1088/1088] 80.82.77.139 () {38 vars in 562 bytes} [Mon Jun 26 20:37:43 2023] GET /favicon.ico => generated 2112 bytes in 2 msecs (HTTP/1.1 404) 6 headers in 186 bytes (1 switches on core 0)
Not Found: /
[pid: 329816|app: 0|req: 1089/1089] 66.240.236.116 () {36 vars in 410 bytes} [Tue Jun 27 00:31:06 2023] GET / => generated 2061 bytes in 2 msecs (HTTP/1.1 404) 6 headers in 186 bytes (1 switches on core 1)
Not Found: /owa/auth/logon.aspx
[pid: 329816|app: 0|req: 1090/1090] 107.170.192.15 () {36 vars in 448 bytes} [Tue Jun 27 01:28:25 2023] GET /owa/auth/logon.aspx => generated 2136 bytes in 2 msecs (HTTP/1.1 404) 6 headers in 186 bytes (1 switches on core 0)
Not Found: /ecp/Current/exporttool/microsoft.exchange.ediscovery.exporttool.application
[pid: 329816|app: 0|req: 1091/1091] 162.243.145.13 () {36 vars in 560 bytes} [Tue Jun 27 01:28:29 2023] GET /ecp/Current/exporttool/microsoft.exchange.ediscovery.exporttool.application => generated 2304 bytes in 2 msecs (HTTP/1.1 404) 6 headers in 186 bytes (1 switches on core 1)
Not Found: /owa/auth/x.js
[pid: 329816|app: 0|req: 1092/1092] 107.170.252.8 () {38 vars in 570 bytes} [Tue Jun 27 01:30:54 2023] GET /owa/auth/x.js => generated 2118 bytes in 2 msecs (HTTP/1.1 404) 6 headers in 186 bytes (1 switches on core 0)
Not Found: /
[pid: 329816|app: 0|req: 1093/1093] 184.105.139.70 () {36 vars in 495 bytes} [Tue Jun 27 01:32:07 2023] GET / => generated 2061 bytes in 3 msecs (HTTP/1.1 404) 6 headers in 186 bytes (1 switches on core 1)
Not Found: /favicon.ico
[pid: 329816|app: 0|req: 1094/1094] 184.105.139.70 () {36 vars in 481 bytes} [Tue Jun 27 01:39:41 2023] GET /favicon.ico => generated 2112 bytes in 4 msecs (HTTP/1.1 404) 6 headers in 186 bytes (1 switches on core 0)
Not Found: /dns-query
[pid: 329816|app: 0|req: 1095/1095] 184.105.139.70 () {36 vars in 567 bytes} [Tue Jun 27 01:41:07 2023] GET /dns-query?name=dnsscan.shadowserver.org&type=A => generated 2147 bytes in 2 msecs (HTTP/1.1 404) 6 headers in 186 bytes (1 switches on core 1)
Not Found: /
[pid: 329816|app: 0|req: 1096/1096] 184.105.139.70 () {36 vars in 495 bytes} [Tue Jun 27 01:42:06 2023] GET / => generated 2061 bytes in 2 msecs (HTTP/1.1 404) 6 headers in 186 bytes (1 switches on core 0)
Not Found: /geoserver/web/
[pid: 329816|app: 0|req: 1097/1097] 184.105.139.70 () {36 vars in 534 bytes} [Tue Jun 27 01:45:24 2023] GET /geoserver/web/ => generated 2121 bytes in 2 msecs (HTTP/1.1 404) 6 headers in 186 bytes (1 switches on core 1)
Not Found: /.git/config
[pid: 329816|app: 0|req: 1098/1098] 184.105.139.70 () {36 vars in 479 bytes} [Tue Jun 27 01:46:16 2023] GET /.git/config => generated 2112 bytes in 2 msecs (HTTP/1.1 404) 6 headers in 186 bytes (1 switches on core 0)
Not Found: /version
[pid: 329816|app: 0|req: 1099/1099] 192.241.239.4 () {36 vars in 423 bytes} [Tue Jun 27 02:12:32 2023] GET /version => generated 2100 bytes in 3 msecs (HTTP/1.1 404) 6 headers in 186 bytes (1 switches on core 1)
Not Found: /
[pid: 329816|app: 0|req: 1100/1100] 192.241.230.41 () {36 vars in 410 bytes} [Tue Jun 27 02:37:25 2023] GET / => generated 2061 bytes in 2 msecs (HTTP/1.1 404) 6 headers in 186 bytes (1 switches on core 0)
Not Found: /
[pid: 329816|app: 0|req: 1101/1101] 172.104.11.4 () {36 vars in 501 bytes} [Tue Jun 27 03:51:41 2023] GET / => generated 2061 bytes in 2 msecs (HTTP/1.1 404) 6 headers in 186 bytes (1 switches on core 1)
Not Found: /
[pid: 329816|app: 0|req: 1102/1102] 103.187.191.195 () {28 vars in 297 bytes} [Tue Jun 27 04:02:37 2023] GET / => generated 2060 bytes in 2 msecs (HTTP/1.0 404) 6 headers in 186 bytes (1 switches on core 0)
Not Found: /sdk
[pid: 329816|app: 0|req: 1103/1103] 103.187.191.182 () {36 vars in 483 bytes} [Tue Jun 27 04:02:38 2023] POST /sdk => generated 2089 bytes in 2 msecs (HTTP/1.1 404) 6 headers in 186 bytes (1 switches on core 1)
Not Found: /nmaplowercheck1687838557
[pid: 329816|app: 0|req: 1104/1104] 103.187.191.182 () {34 vars in 495 bytes} [Tue Jun 27 04:02:39 2023] GET /nmaplowercheck1687838557 => generated 2151 bytes in 2 msecs (HTTP/1.1 404) 6 headers in 186 bytes (1 switches on core 0)
Not Found: /evox/about
[pid: 329816|app: 0|req: 1105/1105] 103.187.191.182 () {34 vars in 467 bytes} [Tue Jun 27 04:02:41 2023] GET /evox/about => generated 2109 bytes in 2 msecs (HTTP/1.1 404) 6 headers in 186 bytes (1 switches on core 1)
Not Found: /HNAP1
[pid: 329816|app: 0|req: 1106/1106] 103.187.191.182 () {34 vars in 457 bytes} [Tue Jun 27 04:02:41 2023] GET /HNAP1 => generated 2094 bytes in 3 msecs (HTTP/1.1 404) 6 headers in 186 bytes (1 switches on core 0)
Not Found: /
[pid: 329816|app: 0|req: 1107/1107] 103.187.191.182 () {28 vars in 297 bytes} [Tue Jun 27 04:02:42 2023] GET / => generated 2060 bytes in 2 msecs (HTTP/1.0 404) 6 headers in 186 bytes (1 switches on core 1)
Not Found: /
[pid: 329816|app: 0|req: 1108/1108] 103.187.191.182 () {30 vars in 325 bytes} [Tue Jun 27 04:02:43 2023] GET / => generated 2061 bytes in 2 msecs (HTTP/1.1 404) 6 headers in 186 bytes (1 switches on core 0)
Not Found: /
[pid: 329816|app: 0|req: 1109/1109] 103.187.191.183 () {36 vars in 501 bytes} [Tue Jun 27 04:05:07 2023] GET / => generated 2061 bytes in 2 msecs (HTTP/1.1 404) 6 headers in 186 bytes (1 switches on core 1)
Not Found: /php.php
[pid: 329816|app: 0|req: 1110/1110] 161.35.74.176 () {40 vars in 557 bytes} [Tue Jun 27 04:18:53 2023] GET /php.php => generated 2100 bytes in 2 msecs (HTTP/1.1 404) 6 headers in 181 bytes (1 switches on core 0)
Not Found: /phpinfo.php
[pid: 329816|app: 0|req: 1111/1111] 161.35.74.176 () {40 vars in 575 bytes} [Tue Jun 27 04:18:54 2023] GET /phpinfo.php => generated 2112 bytes in 2 msecs (HTTP/1.1 404) 6 headers in 181 bytes (1 switches on core 1)
Not Found: /info.php
[pid: 329816|app: 0|req: 1112/1112] 161.35.74.176 () {40 vars in 557 bytes} [Tue Jun 27 04:18:55 2023] GET /info.php => generated 2103 bytes in 2 msecs (HTTP/1.1 404) 6 headers in 181 bytes (1 switches on core 0)
Not Found: /infophp.php
[pid: 329816|app: 0|req: 1113/1113] 161.35.74.176 () {40 vars in 567 bytes} [Tue Jun 27 04:18:55 2023] GET /infophp.php => generated 2112 bytes in 2 msecs (HTTP/1.1 404) 6 headers in 181 bytes (1 switches on core 1)
Not Found: /php_info.php
[pid: 329816|app: 0|req: 1114/1114] 161.35.74.176 () {40 vars in 569 bytes} [Tue Jun 27 04:18:56 2023] GET /php_info.php => generated 2115 bytes in 2 msecs (HTTP/1.1 404) 6 headers in 181 bytes (1 switches on core 0)
Not Found: /test.php
[pid: 329816|app: 0|req: 1115/1115] 161.35.74.176 () {40 vars in 573 bytes} [Tue Jun 27 04:18:57 2023] GET /test.php => generated 2103 bytes in 2 msecs (HTTP/1.1 404) 6 headers in 181 bytes (1 switches on core 1)
Not Found: /i.php
[pid: 329816|app: 0|req: 1116/1116] 161.35.74.176 () {40 vars in 555 bytes} [Tue Jun 27 04:18:58 2023] GET /i.php => generated 2094 bytes in 2 msecs (HTTP/1.1 404) 6 headers in 181 bytes (1 switches on core 0)
Not Found: /asdf.php
[pid: 329816|app: 0|req: 1117/1117] 161.35.74.176 () {40 vars in 556 bytes} [Tue Jun 27 04:18:58 2023] GET /asdf.php => generated 2103 bytes in 2 msecs (HTTP/1.1 404) 6 headers in 181 bytes (1 switches on core 1)
Not Found: /pinfo.php
[pid: 329816|app: 0|req: 1118/1118] 161.35.74.176 () {40 vars in 570 bytes} [Tue Jun 27 04:18:59 2023] GET /pinfo.php => generated 2106 bytes in 3 msecs (HTTP/1.1 404) 6 headers in 181 bytes (1 switches on core 0)
Not Found: /phpversion.php
[pid: 329816|app: 0|req: 1119/1119] 161.35.74.176 () {40 vars in 585 bytes} [Tue Jun 27 04:19:01 2023] GET /phpversion.php => generated 2121 bytes in 2 msecs (HTTP/1.1 404) 6 headers in 181 bytes (1 switches on core 1)
Not Found: /time.php
[pid: 329816|app: 0|req: 1120/1120] 161.35.74.176 () {40 vars in 554 bytes} [Tue Jun 27 04:19:02 2023] GET /time.php => generated 2103 bytes in 2 msecs (HTTP/1.1 404) 6 headers in 181 bytes (1 switches on core 0)
Not Found: /index.php
[pid: 329816|app: 0|req: 1121/1121] 161.35.74.176 () {40 vars in 558 bytes} [Tue Jun 27 04:19:02 2023] GET /index.php => generated 2106 bytes in 2 msecs (HTTP/1.1 404) 6 headers in 181 bytes (1 switches on core 1)
Not Found: /temp.php
[pid: 329816|app: 0|req: 1122/1122] 161.35.74.176 () {40 vars in 562 bytes} [Tue Jun 27 04:19:03 2023] GET /temp.php => generated 2103 bytes in 3 msecs (HTTP/1.1 404) 6 headers in 181 bytes (1 switches on core 0)
Not Found: /old_phpinfo.php
[pid: 329816|app: 0|req: 1123/1123] 161.35.74.176 () {40 vars in 586 bytes} [Tue Jun 27 04:19:04 2023] GET /old_phpinfo.php => generated 2124 bytes in 3 msecs (HTTP/1.1 404) 6 headers in 181 bytes (1 switches on core 1)
Not Found: /infos.php
[pid: 329816|app: 0|req: 1124/1124] 161.35.74.176 () {40 vars in 575 bytes} [Tue Jun 27 04:19:05 2023] GET /infos.php => generated 2106 bytes in 2 msecs (HTTP/1.1 404) 6 headers in 181 bytes (1 switches on core 0)
Not Found: /linusadmin-phpinfo.php
[pid: 329816|app: 0|req: 1125/1125] 161.35.74.176 () {40 vars in 601 bytes} [Tue Jun 27 04:19:05 2023] GET /linusadmin-phpinfo.php => generated 2145 bytes in 2 msecs (HTTP/1.1 404) 6 headers in 181 bytes (1 switches on core 1)
Not Found: /php-info.php
[pid: 329816|app: 0|req: 1126/1126] 161.35.74.176 () {40 vars in 564 bytes} [Tue Jun 27 04:19:07 2023] GET /php-info.php => generated 2115 bytes in 2 msecs (HTTP/1.1 404) 6 headers in 181 bytes (1 switches on core 0)
Not Found: /dashboard/phpinfo.php
[pid: 329816|app: 0|req: 1127/1127] 161.35.74.176 () {40 vars in 600 bytes} [Tue Jun 27 04:19:09 2023] GET /dashboard/phpinfo.php => generated 2142 bytes in 2 msecs (HTTP/1.1 404) 6 headers in 181 bytes (1 switches on core 1)
Not Found: /_profiler/phpinfo.php
[pid: 329816|app: 0|req: 1128/1128] 161.35.74.176 () {40 vars in 588 bytes} [Tue Jun 27 04:19:10 2023] GET /_profiler/phpinfo.php => generated 2142 bytes in 2 msecs (HTTP/1.1 404) 6 headers in 181 bytes (1 switches on core 0)
Not Found: /_profiler/phpinfo
[pid: 329816|app: 0|req: 1129/1129] 161.35.74.176 () {40 vars in 593 bytes} [Tue Jun 27 04:19:11 2023] GET /_profiler/phpinfo => generated 2130 bytes in 2 msecs (HTTP/1.1 404) 6 headers in 181 bytes (1 switches on core 1)
Not Found: /
[pid: 329816|app: 0|req: 1130/1130] 161.35.74.176 () {40 vars in 559 bytes} [Tue Jun 27 04:19:11 2023] GET /?phpinfo=1 => generated 2071 bytes in 2 msecs (HTTP/1.1 404) 6 headers in 181 bytes (1 switches on core 0)
Not Found: /
[pid: 329816|app: 0|req: 1131/1131] 128.14.134.134 () {36 vars in 504 bytes} [Tue Jun 27 04:45:16 2023] GET / => generated 2061 bytes in 2 msecs (HTTP/1.1 404) 6 headers in 186 bytes (1 switches on core 1)
Not Found: /
[pid: 329816|app: 0|req: 1132/1132] 34.78.6.216 () {44 vars in 577 bytes} [Tue Jun 27 04:57:26 2023] GET / => generated 2061 bytes in 2 msecs (HTTP/1.1 404) 6 headers in 186 bytes (1 switches on core 0)
Not Found: /
[pid: 329816|app: 0|req: 1133/1133] 94.102.61.7 () {36 vars in 501 bytes} [Tue Jun 27 05:48:11 2023] GET / => generated 2061 bytes in 2 msecs (HTTP/1.1 404) 6 headers in 186 bytes (1 switches on core 1)
Not Found: /
[pid: 329816|app: 0|req: 1134/1134] 83.97.73.89 () {36 vars in 511 bytes} [Tue Jun 27 07:39:17 2023] GET / => generated 2065 bytes in 2 msecs (HTTP/1.1 404) 6 headers in 186 bytes (1 switches on core 0)
Not Found: /
[pid: 329816|app: 0|req: 1135/1135] 35.203.210.92 () {32 vars in 615 bytes} [Tue Jun 27 08:19:44 2023] GET / => generated 2065 bytes in 2 msecs (HTTP/1.1 404) 6 headers in 186 bytes (1 switches on core 1)
Not Found: /vendor/phpunit/phpunit/src/Util/PHP/eval-stdin.php
[pid: 329816|app: 0|req: 1136/1136] 83.97.73.89 () {40 vars in 726 bytes} [Tue Jun 27 09:46:43 2023] POST /vendor/phpunit/phpunit/src/Util/PHP/eval-stdin.php => generated 2234 bytes in 2 msecs (HTTP/1.1 404) 6 headers in 186 bytes (1 switches on core 0)
Not Found: /actuator/health
[pid: 329816|app: 0|req: 1137/1137] 192.241.231.32 () {36 vars in 440 bytes} [Tue Jun 27 10:59:34 2023] GET /actuator/health => generated 2124 bytes in 2 msecs (HTTP/1.1 404) 6 headers in 186 bytes (1 switches on core 1)
Not Found: /index.php
[pid: 329816|app: 0|req: 1138/1138] 83.97.73.89 () {36 vars in 734 bytes} [Tue Jun 27 11:29:04 2023] GET /index.php?s=/Index/\think\app/invokefunction&function=call_user_func_array&vars[0]=md5&vars[1][]=HelloThinkPHP21 => generated 2229 bytes in 2 msecs (HTTP/1.1 404) 6 headers in 186 bytes (1 switches on core 0)
Not Found: /
[pid: 329816|app: 0|req: 1139/1139] 83.97.73.89 () {36 vars in 570 bytes} [Tue Jun 27 11:54:11 2023] GET /?XDEBUG_SESSION_START=phpstorm => generated 2095 bytes in 2 msecs (HTTP/1.1 404) 6 headers in 186 bytes (1 switches on core 1)
Not Found: /mifs/.;/services/LogService
[pid: 329816|app: 0|req: 1140/1140] 83.97.73.89 () {42 vars in 697 bytes} [Tue Jun 27 12:45:44 2023] POST /mifs/.;/services/LogService => generated 2167 bytes in 2 msecs (HTTP/1.1 404) 6 headers in 186 bytes (1 switches on core 0)
Not Found: /robots.txt
[pid: 329816|app: 0|req: 1141/1141] 138.246.253.24 () {32 vars in 479 bytes} [Tue Jun 27 13:21:04 2023] GET /robots.txt => generated 2109 bytes in 2 msecs (HTTP/1.1 404) 6 headers in 186 bytes (1 switches on core 1)
Not Found: /console/
[pid: 329816|app: 0|req: 1142/1142] 83.97.73.89 () {36 vars in 527 bytes} [Tue Jun 27 14:28:42 2023] GET /console/ => generated 2107 bytes in 2 msecs (HTTP/1.1 404) 6 headers in 186 bytes (1 switches on core 0)
Not Found: /
[pid: 329816|app: 0|req: 1143/1143] 159.203.192.34 () {36 vars in 410 bytes} [Tue Jun 27 14:39:28 2023] GET / => generated 2061 bytes in 2 msecs (HTTP/1.1 404) 6 headers in 186 bytes (1 switches on core 1)
Not Found: /_ignition/execute-solution
[pid: 329816|app: 0|req: 1144/1144] 83.97.73.89 () {38 vars in 616 bytes} [Tue Jun 27 14:58:33 2023] GET /_ignition/execute-solution => generated 2161 bytes in 2 msecs (HTTP/1.1 404) 6 headers in 186 bytes (1 switches on core 0)
Not Found: /
[pid: 329816|app: 0|req: 1145/1145] 83.97.73.89 () {36 vars in 511 bytes} [Tue Jun 27 15:38:34 2023] GET / => generated 2065 bytes in 2 msecs (HTTP/1.1 404) 6 headers in 186 bytes (1 switches on core 1)
Not Found: /
[pid: 329816|app: 0|req: 1146/1146] 167.94.138.33 () {30 vars in 327 bytes} [Tue Jun 27 16:57:20 2023] GET / => generated 2065 bytes in 2 msecs (HTTP/1.1 404) 6 headers in 186 bytes (1 switches on core 0)
Not Found: /
[pid: 329816|app: 0|req: 1147/1147] 167.94.138.33 () {36 vars in 458 bytes} [Tue Jun 27 16:57:21 2023] GET / => generated 2061 bytes in 2 msecs (HTTP/1.1 404) 6 headers in 186 bytes (1 switches on core 1)
Not Found: /actuator/gateway/routes
[pid: 329816|app: 0|req: 1148/1148] 83.97.73.89 () {36 vars in 557 bytes} [Tue Jun 27 17:05:02 2023] GET /actuator/gateway/routes => generated 2152 bytes in 2 msecs (HTTP/1.1 404) 6 headers in 186 bytes (1 switches on core 0)
Not Found: /WfKT
[pid: 329816|app: 0|req: 1149/1149] 148.153.56.82 () {36 vars in 487 bytes} [Tue Jun 27 20:23:09 2023] GET /WfKT => generated 2095 bytes in 2 msecs (HTTP/1.1 404) 6 headers in 186 bytes (1 switches on core 1)
Not Found: /YCnS
[pid: 329816|app: 0|req: 1150/1150] 148.153.56.82 () {36 vars in 487 bytes} [Tue Jun 27 20:23:10 2023] GET /YCnS => generated 2095 bytes in 2 msecs (HTTP/1.1 404) 6 headers in 186 bytes (1 switches on core 0)
Not Found: /aab8
[pid: 329816|app: 0|req: 1151/1151] 148.153.56.82 () {36 vars in 487 bytes} [Tue Jun 27 20:23:10 2023] GET /aab8 => generated 2095 bytes in 2 msecs (HTTP/1.1 404) 6 headers in 186 bytes (1 switches on core 1)
Not Found: /jquery-3.3.1.slim.min.js
[pid: 329816|app: 0|req: 1152/1152] 148.153.56.82 () {36 vars in 527 bytes} [Tue Jun 27 20:23:11 2023] GET /jquery-3.3.1.slim.min.js => generated 2155 bytes in 2 msecs (HTTP/1.1 404) 6 headers in 186 bytes (1 switches on core 0)
Not Found: /aab9
[pid: 329816|app: 0|req: 1153/1153] 148.153.56.82 () {36 vars in 487 bytes} [Tue Jun 27 20:23:11 2023] GET /aab9 => generated 2095 bytes in 2 msecs (HTTP/1.1 404) 6 headers in 186 bytes (1 switches on core 1)
Not Found: /jquery-3.3.2.slim.min.js
[pid: 329816|app: 0|req: 1154/1154] 148.153.56.82 () {36 vars in 527 bytes} [Tue Jun 27 20:23:12 2023] GET /jquery-3.3.2.slim.min.js => generated 2155 bytes in 2 msecs (HTTP/1.1 404) 6 headers in 186 bytes (1 switches on core 0)
Invalid HTTP_HOST header: '78uwt4cq.ameal.xyz'. You may need to add '78uwt4cq.ameal.xyz' to ALLOWED_HOSTS.
Bad Request: /
[pid: 329816|app: 0|req: 1155/1155] 87.236.176.16 () {38 vars in 500 bytes} [Tue Jun 27 20:24:50 2023] GET / => generated 57236 bytes in 16 msecs (HTTP/1.1 400) 5 headers in 166 bytes (1 switches on core 1)
Not Found: /
[pid: 329816|app: 0|req: 1156/1156] 111.7.96.149 () {34 vars in 374 bytes} [Tue Jun 27 21:04:35 2023] GET / => generated 2065 bytes in 2 msecs (HTTP/1.1 404) 6 headers in 186 bytes (1 switches on core 0)
Not Found: /
[pid: 329816|app: 0|req: 1157/1157] 36.99.136.128 () {48 vars in 797 bytes} [Tue Jun 27 21:05:31 2023] GET / => generated 2060 bytes in 2 msecs (HTTP/1.1 404) 6 headers in 181 bytes (1 switches on core 1)
Not Found: /
[pid: 329816|app: 0|req: 1158/1158] 36.99.136.129 () {48 vars in 797 bytes} [Tue Jun 27 21:05:33 2023] GET / => generated 2060 bytes in 2 msecs (HTTP/1.1 404) 6 headers in 181 bytes (1 switches on core 0)
Not Found: /
[pid: 329816|app: 0|req: 1159/1159] 36.99.136.137 () {48 vars in 798 bytes} [Tue Jun 27 21:05:52 2023] GET / => generated 2061 bytes in 2 msecs (HTTP/1.1 404) 6 headers in 181 bytes (1 switches on core 1)
Not Found: /
[pid: 329816|app: 0|req: 1160/1160] 104.140.148.78 () {46 vars in 634 bytes} [Tue Jun 27 21:35:52 2023] POST / => generated 2062 bytes in 2 msecs (HTTP/1.1 404) 6 headers in 181 bytes (1 switches on core 0)
Not Found: /favicon.ico
[pid: 329816|app: 0|req: 1161/1161] 185.180.143.141 () {36 vars in 527 bytes} [Tue Jun 27 22:12:58 2023] GET /favicon.ico => generated 2112 bytes in 2 msecs (HTTP/1.1 404) 6 headers in 186 bytes (1 switches on core 1)
Not Found: /
[pid: 329816|app: 0|req: 1162/1162] 167.248.133.126 () {30 vars in 329 bytes} [Tue Jun 27 22:23:02 2023] GET / => generated 2065 bytes in 2 msecs (HTTP/1.1 404) 6 headers in 186 bytes (1 switches on core 0)
Not Found: /
[pid: 329816|app: 0|req: 1163/1163] 167.248.133.126 () {36 vars in 460 bytes} [Tue Jun 27 22:23:02 2023] GET / => generated 2061 bytes in 2 msecs (HTTP/1.1 404) 6 headers in 186 bytes (1 switches on core 1)
Not Found: /ab2g
[pid: 329816|app: 0|req: 1164/1164] 104.248.149.124 () {36 vars in 419 bytes} [Tue Jun 27 22:38:30 2023] GET /ab2g => generated 2091 bytes in 2 msecs (HTTP/1.1 404) 6 headers in 186 bytes (1 switches on core 0)
Not Found: /ab2h
[pid: 329816|app: 0|req: 1165/1165] 104.248.149.124 () {36 vars in 419 bytes} [Tue Jun 27 22:38:31 2023] GET /ab2h => generated 2091 bytes in 2 msecs (HTTP/1.1 404) 6 headers in 186 bytes (1 switches on core 1)
Not Found: /
[pid: 329816|app: 0|req: 1166/1166] 104.248.149.124 () {36 vars in 501 bytes} [Tue Jun 27 22:38:39 2023] GET / => generated 2061 bytes in 2 msecs (HTTP/1.1 404) 6 headers in 186 bytes (1 switches on core 0)
Not Found: /t4
[pid: 329816|app: 0|req: 1167/1167] 104.248.149.124 () {36 vars in 405 bytes} [Tue Jun 27 22:38:41 2023] GET /t4 => generated 2085 bytes in 2 msecs (HTTP/1.1 404) 6 headers in 186 bytes (1 switches on core 1)
Not Found: /favicon.ico
[pid: 329816|app: 0|req: 1168/1168] 104.248.149.124 () {36 vars in 523 bytes} [Tue Jun 27 22:38:44 2023] GET /favicon.ico => generated 2112 bytes in 2 msecs (HTTP/1.1 404) 6 headers in 186 bytes (1 switches on core 0)
Not Found: /
[pid: 329816|app: 0|req: 1169/1169] 104.248.149.124 () {40 vars in 583 bytes} [Tue Jun 27 22:38:45 2023] GET / => generated 2061 bytes in 2 msecs (HTTP/1.1 404) 6 headers in 186 bytes (1 switches on core 1)
Not Found: /
[pid: 329816|app: 0|req: 1170/1170] 87.236.176.208 () {38 vars in 498 bytes} [Tue Jun 27 23:16:07 2023] GET / => generated 2061 bytes in 2 msecs (HTTP/1.1 404) 6 headers in 186 bytes (1 switches on core 0)
Not Found: /
[pid: 329816|app: 0|req: 1171/1171] 162.216.150.155 () {32 vars in 617 bytes} [Tue Jun 27 23:31:46 2023] GET / => generated 2065 bytes in 2 msecs (HTTP/1.1 404) 6 headers in 186 bytes (1 switches on core 1)
Invalid HTTP_HOST header: '[2407:c080:17ef:ffff::7274:db9d]'. You may need to add '[2407:c080:17ef:ffff::7274:db9d]' to ALLOWED_HOSTS.
Bad Request: /
[pid: 329816|app: 0|req: 1172/1172] 198.19.86.234 () {36 vars in 515 bytes} [Tue Jun 27 23:34:47 2023] GET / => generated 57367 bytes in 16 msecs (HTTP/1.1 400) 5 headers in 166 bytes (1 switches on core 0)
Invalid HTTP_HOST header: '[2407:c080:17ef:ffff::7274:db9d]'. You may need to add '[2407:c080:17ef:ffff::7274:db9d]' to ALLOWED_HOSTS.
Bad Request: /
[pid: 329816|app: 0|req: 1173/1173] 198.19.86.234 () {36 vars in 515 bytes} [Tue Jun 27 23:34:48 2023] GET / => generated 57367 bytes in 15 msecs (HTTP/1.1 400) 5 headers in 166 bytes (1 switches on core 1)
Invalid HTTP_HOST header: '[2407:c080:17ef:ffff::7274:db9d]'. You may need to add '[2407:c080:17ef:ffff::7274:db9d]' to ALLOWED_HOSTS.
Bad Request: /
[pid: 329816|app: 0|req: 1174/1174] 198.19.86.234 () {36 vars in 515 bytes} [Tue Jun 27 23:34:52 2023] GET / => generated 57367 bytes in 15 msecs (HTTP/1.1 400) 5 headers in 166 bytes (1 switches on core 0)
Invalid HTTP_HOST header: '[2407:c080:17ef:ffff::7274:db9d]'. You may need to add '[2407:c080:17ef:ffff::7274:db9d]' to ALLOWED_HOSTS.
Bad Request: /
[pid: 329816|app: 0|req: 1175/1175] 198.19.86.234 () {36 vars in 515 bytes} [Tue Jun 27 23:34:58 2023] GET / => generated 57367 bytes in 15 msecs (HTTP/1.1 400) 5 headers in 166 bytes (1 switches on core 1)
Not Found: /
[pid: 329816|app: 0|req: 1176/1176] 34.79.162.186 () {44 vars in 578 bytes} [Wed Jun 28 05:05:22 2023] GET / => generated 2061 bytes in 2 msecs (HTTP/1.1 404) 6 headers in 186 bytes (1 switches on core 0)
Not Found: /
[pid: 329816|app: 0|req: 1177/1177] 66.175.213.4 () {36 vars in 501 bytes} [Wed Jun 28 05:53:47 2023] GET / => generated 2061 bytes in 2 msecs (HTTP/1.1 404) 6 headers in 186 bytes (1 switches on core 1)
Not Found: /
[pid: 329816|app: 0|req: 1178/1178] 83.97.73.89 () {36 vars in 511 bytes} [Wed Jun 28 07:54:24 2023] GET / => generated 2065 bytes in 2 msecs (HTTP/1.1 404) 6 headers in 186 bytes (1 switches on core 0)
Not Found: /Autodiscover/Autodiscover.xml
[pid: 329816|app: 0|req: 1179/1179] 83.97.73.89 () {40 vars in 650 bytes} [Wed Jun 28 08:11:53 2023] POST /Autodiscover/Autodiscover.xml => generated 2171 bytes in 2 msecs (HTTP/1.1 404) 6 headers in 186 bytes (1 switches on core 1)
Invalid HTTP_HOST header: '[2407:c080:17ef:ffff::7274:db9d]'. You may need to add '[2407:c080:17ef:ffff::7274:db9d]' to ALLOWED_HOSTS.
Bad Request: /
[pid: 329816|app: 0|req: 1180/1180] 198.19.13.166 () {36 vars in 515 bytes} [Wed Jun 28 08:44:24 2023] GET / => generated 57367 bytes in 15 msecs (HTTP/1.1 400) 5 headers in 166 bytes (1 switches on core 0)
Invalid HTTP_HOST header: '[2407:c080:17ef:ffff::7274:db9d]'. You may need to add '[2407:c080:17ef:ffff::7274:db9d]' to ALLOWED_HOSTS.
Bad Request: /
[pid: 329816|app: 0|req: 1181/1181] 198.19.13.166 () {36 vars in 515 bytes} [Wed Jun 28 08:44:41 2023] GET / => generated 57367 bytes in 16 msecs (HTTP/1.1 400) 5 headers in 166 bytes (1 switches on core 1)
Not Found: /vendor/phpunit/phpunit/src/Util/PHP/eval-stdin.php
[pid: 329816|app: 0|req: 1182/1182] 83.97.73.89 () {40 vars in 726 bytes} [Wed Jun 28 09:07:16 2023] POST /vendor/phpunit/phpunit/src/Util/PHP/eval-stdin.php => generated 2234 bytes in 2 msecs (HTTP/1.1 404) 6 headers in 186 bytes (1 switches on core 0)
Not Found: /.env
[pid: 329816|app: 0|req: 1183/1183] 109.237.98.226 () {38 vars in 540 bytes} [Wed Jun 28 09:29:45 2023] GET /.env => generated 2091 bytes in 2 msecs (HTTP/1.1 404) 6 headers in 186 bytes (1 switches on core 1)
Not Found: /
[pid: 329816|app: 0|req: 1184/1184] 64.62.197.84 () {36 vars in 504 bytes} [Wed Jun 28 09:47:40 2023] GET / => generated 2061 bytes in 2 msecs (HTTP/1.1 404) 6 headers in 186 bytes (1 switches on core 0)
Not Found: /favicon.ico
[pid: 329816|app: 0|req: 1185/1185] 64.62.197.85 () {36 vars in 479 bytes} [Wed Jun 28 09:58:32 2023] GET /favicon.ico => generated 2112 bytes in 2 msecs (HTTP/1.1 404) 6 headers in 186 bytes (1 switches on core 1)
Not Found: /dns-query
[pid: 329816|app: 0|req: 1186/1186] 64.62.197.78 () {36 vars in 619 bytes} [Wed Jun 28 09:59:59 2023] GET /dns-query?name=dnsscan.shadowserver.org&type=A => generated 2147 bytes in 2 msecs (HTTP/1.1 404) 6 headers in 186 bytes (1 switches on core 0)
Not Found: /
[pid: 329816|app: 0|req: 1187/1187] 64.62.197.78 () {36 vars in 503 bytes} [Wed Jun 28 10:01:26 2023] GET / => generated 2061 bytes in 2 msecs (HTTP/1.1 404) 6 headers in 186 bytes (1 switches on core 1)
Not Found: /geoserver/web/
[pid: 329816|app: 0|req: 1188/1188] 64.62.197.89 () {36 vars in 483 bytes} [Wed Jun 28 10:06:29 2023] GET /geoserver/web/ => generated 2121 bytes in 2 msecs (HTTP/1.1 404) 6 headers in 186 bytes (1 switches on core 0)
Not Found: /.git/config
[pid: 329816|app: 0|req: 1189/1189] 64.62.197.87 () {36 vars in 489 bytes} [Wed Jun 28 10:08:13 2023] GET /.git/config => generated 2112 bytes in 3 msecs (HTTP/1.1 404) 6 headers in 186 bytes (1 switches on core 1)
Not Found: /vendor/phpunit/phpunit/src/Util/PHP/eval-stdin.php
[pid: 329816|app: 0|req: 1190/1190] 83.97.73.89 () {38 vars in 638 bytes} [Wed Jun 28 10:28:10 2023] GET /vendor/phpunit/phpunit/src/Util/PHP/eval-stdin.php => generated 2233 bytes in 4 msecs (HTTP/1.1 404) 6 headers in 186 bytes (1 switches on core 0)
Not Found: /
[pid: 329816|app: 0|req: 1191/1191] 205.210.31.194 () {32 vars in 616 bytes} [Wed Jun 28 10:54:37 2023] GET / => generated 2065 bytes in 2 msecs (HTTP/1.1 404) 6 headers in 186 bytes (1 switches on core 1)
Not Found: /index.php
[pid: 329816|app: 0|req: 1192/1192] 83.97.73.89 () {36 vars in 734 bytes} [Wed Jun 28 10:57:54 2023] GET /index.php?s=/Index/\think\app/invokefunction&function=call_user_func_array&vars[0]=md5&vars[1][]=HelloThinkPHP21 => generated 2229 bytes in 2 msecs (HTTP/1.1 404) 6 headers in 186 bytes (1 switches on core 0)
Not Found: /
[pid: 329816|app: 0|req: 1193/1193] 156.146.55.163 () {44 vars in 833 bytes} [Wed Jun 28 11:37:33 2023] GET / => generated 2061 bytes in 2 msecs (HTTP/1.1 404) 6 headers in 181 bytes (1 switches on core 1)
Not Found: /
[pid: 329816|app: 0|req: 1194/1194] 156.146.55.163 () {42 vars in 804 bytes} [Wed Jun 28 11:37:34 2023] GET / => generated 2061 bytes in 2 msecs (HTTP/1.1 404) 6 headers in 181 bytes (1 switches on core 0)
Not Found: /
[pid: 329816|app: 0|req: 1195/1195] 156.146.55.163 () {42 vars in 804 bytes} [Wed Jun 28 11:37:34 2023] GET / => generated 2061 bytes in 2 msecs (HTTP/1.1 404) 6 headers in 181 bytes (1 switches on core 1)
Not Found: /
[pid: 329816|app: 0|req: 1196/1196] 83.97.73.89 () {36 vars in 570 bytes} [Wed Jun 28 12:20:48 2023] GET /?XDEBUG_SESSION_START=phpstorm => generated 2095 bytes in 2 msecs (HTTP/1.1 404) 6 headers in 186 bytes (1 switches on core 0)
Not Found: /dns-query
[pid: 329816|app: 0|req: 1197/1197] 47.88.31.213 () {40 vars in 616 bytes} [Wed Jun 28 12:24:17 2023] GET /dns-query?dns=V9gBAAABAAAAAAAABmdvb2dsZQNjb20AAAEAAQ => generated 2149 bytes in 2 msecs (HTTP/1.1 404) 6 headers in 186 bytes (1 switches on core 1)
Not Found: /
[pid: 329816|app: 0|req: 1198/1198] 83.97.73.89 () {38 vars in 564 bytes} [Wed Jun 28 14:04:53 2023] GET / => generated 2065 bytes in 2 msecs (HTTP/1.1 404) 6 headers in 186 bytes (1 switches on core 0)
Not Found: /ab2g
[pid: 329816|app: 0|req: 1199/1199] 170.64.138.169 () {36 vars in 418 bytes} [Wed Jun 28 14:18:07 2023] GET /ab2g => generated 2091 bytes in 2 msecs (HTTP/1.1 404) 6 headers in 186 bytes (1 switches on core 1)
Not Found: /ab2h
[pid: 329816|app: 0|req: 1200/1200] 170.64.138.169 () {36 vars in 418 bytes} [Wed Jun 28 14:18:08 2023] GET /ab2h => generated 2091 bytes in 2 msecs (HTTP/1.1 404) 6 headers in 186 bytes (1 switches on core 0)
Not Found: /
[pid: 329816|app: 0|req: 1201/1201] 170.64.138.169 () {36 vars in 500 bytes} [Wed Jun 28 14:18:19 2023] GET / => generated 2061 bytes in 2 msecs (HTTP/1.1 404) 6 headers in 186 bytes (1 switches on core 1)
Not Found: /t4
[pid: 329816|app: 0|req: 1202/1202] 170.64.138.169 () {36 vars in 404 bytes} [Wed Jun 28 14:18:23 2023] GET /t4 => generated 2085 bytes in 2 msecs (HTTP/1.1 404) 6 headers in 186 bytes (1 switches on core 0)
Not Found: /favicon.ico
[pid: 329816|app: 0|req: 1203/1203] 170.64.138.169 () {36 vars in 522 bytes} [Wed Jun 28 14:18:26 2023] GET /favicon.ico => generated 2112 bytes in 2 msecs (HTTP/1.1 404) 6 headers in 186 bytes (1 switches on core 1)
Not Found: /
[pid: 329816|app: 0|req: 1204/1204] 170.64.138.169 () {40 vars in 582 bytes} [Wed Jun 28 14:18:28 2023] GET / => generated 2061 bytes in 2 msecs (HTTP/1.1 404) 6 headers in 186 bytes (1 switches on core 0)
Not Found: /owa/auth/logon.aspx
[pid: 329816|app: 0|req: 1205/1205] 192.241.227.35 () {36 vars in 505 bytes} [Wed Jun 28 14:22:02 2023] GET /owa/auth/logon.aspx?url=https%3a%2f%2f1%2fecp%2f => generated 2165 bytes in 2 msecs (HTTP/1.1 404) 6 headers in 186 bytes (1 switches on core 1)
Not Found: /
[pid: 329816|app: 0|req: 1206/1206] 162.243.130.4 () {36 vars in 409 bytes} [Wed Jun 28 14:41:01 2023] GET / => generated 2061 bytes in 2 msecs (HTTP/1.1 404) 6 headers in 186 bytes (1 switches on core 0)
Not Found: /
[pid: 329816|app: 0|req: 1207/1207] 106.3.146.202 () {40 vars in 732 bytes} [Wed Jun 28 15:23:44 2023] GET / => generated 2061 bytes in 4 msecs (HTTP/1.1 404) 6 headers in 186 bytes (1 switches on core 1)
Not Found: /
[pid: 329816|app: 0|req: 1208/1208] 106.3.146.202 () {40 vars in 761 bytes} [Wed Jun 28 15:23:47 2023] GET / => generated 2061 bytes in 2 msecs (HTTP/1.1 404) 6 headers in 186 bytes (1 switches on core 0)
Not Found: /favicon.ico
[pid: 329816|app: 0|req: 1209/1209] 106.3.146.202 () {40 vars in 754 bytes} [Wed Jun 28 15:23:50 2023] GET /favicon.ico => generated 2112 bytes in 2 msecs (HTTP/1.1 404) 6 headers in 186 bytes (1 switches on core 1)
Not Found: /favicon.ico
[pid: 329816|app: 0|req: 1210/1210] 106.3.146.202 () {40 vars in 783 bytes} [Wed Jun 28 15:23:53 2023] GET /favicon.ico => generated 2112 bytes in 2 msecs (HTTP/1.1 404) 6 headers in 186 bytes (1 switches on core 0)
Not Found: /geoserver
[pid: 329816|app: 0|req: 1211/1211] 83.97.73.89 () {36 vars in 529 bytes} [Wed Jun 28 16:15:30 2023] GET /geoserver => generated 2110 bytes in 2 msecs (HTTP/1.1 404) 6 headers in 186 bytes (1 switches on core 1)
Not Found: /favicon.ico
[pid: 329816|app: 0|req: 1212/1212] 45.156.129.7 () {36 vars in 524 bytes} [Wed Jun 28 17:09:03 2023] GET /favicon.ico => generated 2112 bytes in 2 msecs (HTTP/1.1 404) 6 headers in 186 bytes (1 switches on core 0)
Invalid HTTP_HOST header: '0.0.0.0'. You may need to add '0.0.0.0' to ALLOWED_HOSTS.
Bad Request: /
[pid: 329816|app: 0|req: 1213/1213] 185.62.38.205 () {34 vars in 358 bytes} [Wed Jun 28 17:37:28 2023] GET / => generated 56617 bytes in 16 msecs (HTTP/1.0 400) 5 headers in 166 bytes (1 switches on core 1)
Not Found: /favicon.ico
[pid: 329816|app: 0|req: 1214/1214] 185.180.140.5 () {36 vars in 525 bytes} [Wed Jun 28 17:44:45 2023] GET /favicon.ico => generated 2112 bytes in 2 msecs (HTTP/1.1 404) 6 headers in 186 bytes (1 switches on core 0)
Not Found: /
[pid: 329816|app: 0|req: 1215/1215] 167.94.145.59 () {30 vars in 327 bytes} [Wed Jun 28 19:19:05 2023] GET / => generated 2065 bytes in 2 msecs (HTTP/1.1 404) 6 headers in 186 bytes (1 switches on core 1)
Not Found: /
[pid: 329816|app: 0|req: 1216/1216] 167.94.145.59 () {36 vars in 458 bytes} [Wed Jun 28 19:19:05 2023] GET / => generated 2061 bytes in 2 msecs (HTTP/1.1 404) 6 headers in 186 bytes (1 switches on core 0)
Not Found: /
[pid: 329816|app: 0|req: 1217/1217] 185.233.19.103 () {32 vars in 346 bytes} [Wed Jun 28 20:41:57 2023] GET / => generated 2065 bytes in 2 msecs (HTTP/1.1 404) 6 headers in 186 bytes (1 switches on core 1)
Not Found: /ecp/Current/exporttool/microsoft.exchange.ediscovery.exporttool.application
[pid: 329816|app: 0|req: 1218/1218] 198.199.111.75 () {36 vars in 560 bytes} [Wed Jun 28 22:32:53 2023] GET /ecp/Current/exporttool/microsoft.exchange.ediscovery.exporttool.application => generated 2304 bytes in 3 msecs (HTTP/1.1 404) 6 headers in 186 bytes (1 switches on core 0)
Not Found: /.git/config
[pid: 329816|app: 0|req: 1219/1219] 31.7.63.42 () {38 vars in 550 bytes} [Wed Jun 28 22:33:50 2023] GET /.git/config => generated 2112 bytes in 2 msecs (HTTP/1.1 404) 6 headers in 186 bytes (1 switches on core 1)
Not Found: /owa/auth/x.js
[pid: 329816|app: 0|req: 1220/1220] 192.241.201.18 () {38 vars in 571 bytes} [Wed Jun 28 22:35:24 2023] GET /owa/auth/x.js => generated 2118 bytes in 2 msecs (HTTP/1.1 404) 6 headers in 186 bytes (1 switches on core 0)
Not Found: /.amazon_aws
[pid: 329816|app: 0|req: 1221/1221] 52.162.218.19 () {38 vars in 553 bytes} [Wed Jun 28 23:25:21 2023] GET /.amazon_aws => generated 2112 bytes in 2 msecs (HTTP/1.1 404) 6 headers in 186 bytes (1 switches on core 1)
Not Found: /.amazon_aws
[pid: 329816|app: 0|req: 1222/1222] 52.162.218.19 () {42 vars in 668 bytes} [Wed Jun 28 23:25:25 2023] POST /.amazon_aws => generated 2113 bytes in 2 msecs (HTTP/1.1 404) 6 headers in 186 bytes (1 switches on core 0)
Not Found: /
[pid: 329816|app: 0|req: 1223/1223] 185.180.143.72 () {36 vars in 504 bytes} [Thu Jun 29 01:01:35 2023] GET / => generated 2061 bytes in 2 msecs (HTTP/1.1 404) 6 headers in 186 bytes (1 switches on core 1)
Not Found: /
[pid: 329816|app: 0|req: 1224/1224] 211.145.38.60 () {32 vars in 345 bytes} [Thu Jun 29 02:46:58 2023] GET / => generated 2065 bytes in 2 msecs (HTTP/1.0 404) 6 headers in 186 bytes (1 switches on core 0)
Not Found: /.git/config
[pid: 329816|app: 0|req: 1225/1225] 193.32.162.158 () {38 vars in 531 bytes} [Thu Jun 29 02:56:53 2023] GET /.git/config => generated 2112 bytes in 2 msecs (HTTP/1.1 404) 6 headers in 186 bytes (1 switches on core 1)
Not Found: /ReportServer
[pid: 329816|app: 0|req: 1226/1226] 198.199.109.203 () {36 vars in 435 bytes} [Thu Jun 29 03:25:06 2023] GET /ReportServer => generated 2115 bytes in 3 msecs (HTTP/1.1 404) 6 headers in 186 bytes (1 switches on core 0)
Not Found: /
[pid: 329816|app: 0|req: 1227/1227] 162.142.125.226 () {30 vars in 329 bytes} [Thu Jun 29 03:46:54 2023] GET / => generated 2065 bytes in 2 msecs (HTTP/1.1 404) 6 headers in 186 bytes (1 switches on core 1)
Not Found: /
[pid: 329816|app: 0|req: 1228/1228] 162.142.125.226 () {36 vars in 460 bytes} [Thu Jun 29 03:46:54 2023] GET / => generated 2061 bytes in 2 msecs (HTTP/1.1 404) 6 headers in 186 bytes (1 switches on core 0)
Not Found: /login
[pid: 329816|app: 0|req: 1229/1229] 192.241.206.6 () {36 vars in 419 bytes} [Thu Jun 29 04:15:46 2023] GET /login => generated 2094 bytes in 2 msecs (HTTP/1.1 404) 6 headers in 186 bytes (1 switches on core 1)
Not Found: /
[pid: 329816|app: 0|req: 1230/1230] 34.140.130.61 () {44 vars in 579 bytes} [Thu Jun 29 05:14:01 2023] GET / => generated 2061 bytes in 2 msecs (HTTP/1.1 404) 6 headers in 186 bytes (1 switches on core 0)
Not Found: /favicon.ico
[pid: 329816|app: 0|req: 1231/1231] 13.40.57.102 () {36 vars in 465 bytes} [Thu Jun 29 05:58:15 2023] GET /favicon.ico => generated 2112 bytes in 2 msecs (HTTP/1.1 404) 6 headers in 186 bytes (1 switches on core 1)
Not Found: /
[pid: 329816|app: 0|req: 1232/1232] 162.216.149.7 () {32 vars in 615 bytes} [Thu Jun 29 07:04:15 2023] GET / => generated 2065 bytes in 2 msecs (HTTP/1.1 404) 6 headers in 186 bytes (1 switches on core 0)
Not Found: /
[pid: 329816|app: 0|req: 1233/1233] 64.62.197.224 () {36 vars in 458 bytes} [Thu Jun 29 07:04:21 2023] GET / => generated 2061 bytes in 2 msecs (HTTP/1.1 404) 6 headers in 186 bytes (1 switches on core 1)
Not Found: /favicon.ico
[pid: 329816|app: 0|req: 1234/1234] 64.62.197.220 () {36 vars in 490 bytes} [Thu Jun 29 07:09:19 2023] GET /favicon.ico => generated 2112 bytes in 2 msecs (HTTP/1.1 404) 6 headers in 186 bytes (1 switches on core 0)
Not Found: /dns-query
[pid: 329816|app: 0|req: 1235/1235] 64.62.197.220 () {36 vars in 576 bytes} [Thu Jun 29 07:10:17 2023] GET /dns-query?name=dnsscan.shadowserver.org&type=A => generated 2147 bytes in 2 msecs (HTTP/1.1 404) 6 headers in 186 bytes (1 switches on core 1)
Not Found: /
[pid: 329816|app: 0|req: 1236/1236] 64.62.197.226 () {36 vars in 457 bytes} [Thu Jun 29 07:10:36 2023] GET / => generated 2061 bytes in 2 msecs (HTTP/1.1 404) 6 headers in 186 bytes (1 switches on core 0)
Not Found: /geoserver/web/
[pid: 329816|app: 0|req: 1237/1237] 64.62.197.219 () {36 vars in 527 bytes} [Thu Jun 29 07:12:40 2023] GET /geoserver/web/ => generated 2121 bytes in 2 msecs (HTTP/1.1 404) 6 headers in 186 bytes (1 switches on core 1)
Not Found: /.git/config
[pid: 329816|app: 0|req: 1238/1238] 64.62.197.225 () {36 vars in 550 bytes} [Thu Jun 29 07:13:03 2023] GET /.git/config => generated 2112 bytes in 2 msecs (HTTP/1.1 404) 6 headers in 186 bytes (1 switches on core 0)
Not Found: /
[pid: 329816|app: 0|req: 1239/1239] 83.97.73.89 () {36 vars in 511 bytes} [Thu Jun 29 07:24:41 2023] GET / => generated 2065 bytes in 2 msecs (HTTP/1.1 404) 6 headers in 186 bytes (1 switches on core 1)
Not Found: /
[pid: 329816|app: 0|req: 1240/1240] 58.59.90.50 () {36 vars in 397 bytes} [Thu Jun 29 08:37:05 2023] GET / => generated 2061 bytes in 2 msecs (HTTP/1.1 404) 6 headers in 186 bytes (1 switches on core 0)
Not Found: /Autodiscover/Autodiscover.xml
[pid: 329816|app: 0|req: 1241/1241] 83.97.73.89 () {40 vars in 650 bytes} [Thu Jun 29 08:43:04 2023] POST /Autodiscover/Autodiscover.xml => generated 2171 bytes in 2 msecs (HTTP/1.1 404) 6 headers in 186 bytes (1 switches on core 1)
Not Found: /vendor/phpunit/phpunit/src/Util/PHP/eval-stdin.php
[pid: 329816|app: 0|req: 1242/1242] 83.97.73.89 () {40 vars in 726 bytes} [Thu Jun 29 09:06:03 2023] POST /vendor/phpunit/phpunit/src/Util/PHP/eval-stdin.php => generated 2234 bytes in 3 msecs (HTTP/1.1 404) 6 headers in 186 bytes (1 switches on core 0)
Not Found: /vendor/phpunit/phpunit/src/Util/PHP/eval-stdin.php
[pid: 329816|app: 0|req: 1243/1243] 83.97.73.89 () {38 vars in 638 bytes} [Thu Jun 29 10:01:24 2023] GET /vendor/phpunit/phpunit/src/Util/PHP/eval-stdin.php => generated 2233 bytes in 2 msecs (HTTP/1.1 404) 6 headers in 186 bytes (1 switches on core 1)
Not Found: /index.php
[pid: 329816|app: 0|req: 1244/1244] 83.97.73.89 () {36 vars in 734 bytes} [Thu Jun 29 11:03:45 2023] GET /index.php?s=/Index/\think\app/invokefunction&function=call_user_func_array&vars[0]=md5&vars[1][]=HelloThinkPHP21 => generated 2229 bytes in 2 msecs (HTTP/1.1 404) 6 headers in 186 bytes (1 switches on core 0)
Not Found: /
[pid: 329816|app: 0|req: 1245/1245] 83.97.73.89 () {36 vars in 570 bytes} [Thu Jun 29 11:44:28 2023] GET /?XDEBUG_SESSION_START=phpstorm => generated 2095 bytes in 3 msecs (HTTP/1.1 404) 6 headers in 186 bytes (1 switches on core 1)
Invalid HTTP_HOST header: '[2407:c080:17ef:ffff::7274:db9d]'. You may need to add '[2407:c080:17ef:ffff::7274:db9d]' to ALLOWED_HOSTS.
Bad Request: /
[pid: 329816|app: 0|req: 1246/1246] 198.19.3.171 () {36 vars in 514 bytes} [Thu Jun 29 12:08:48 2023] GET / => generated 57366 bytes in 16 msecs (HTTP/1.1 400) 5 headers in 166 bytes (1 switches on core 0)
Invalid HTTP_HOST header: '[2407:c080:17ef:ffff::7274:db9d]'. You may need to add '[2407:c080:17ef:ffff::7274:db9d]' to ALLOWED_HOSTS.
Bad Request: /
[pid: 329816|app: 0|req: 1247/1247] 198.19.83.171 () {36 vars in 515 bytes} [Thu Jun 29 12:08:57 2023] GET / => generated 57367 bytes in 16 msecs (HTTP/1.1 400) 5 headers in 166 bytes (1 switches on core 1)
Invalid HTTP_HOST header: '[2407:c080:17ef:ffff::7274:db9d]'. You may need to add '[2407:c080:17ef:ffff::7274:db9d]' to ALLOWED_HOSTS.
Bad Request: /
[pid: 329816|app: 0|req: 1248/1248] 198.19.3.171 () {36 vars in 514 bytes} [Thu Jun 29 12:09:10 2023] GET / => generated 57366 bytes in 18 msecs (HTTP/1.1 400) 5 headers in 166 bytes (1 switches on core 0)
Not Found: /mifs/.;/services/LogService
[pid: 329816|app: 0|req: 1249/1249] 83.97.73.89 () {42 vars in 697 bytes} [Thu Jun 29 12:55:51 2023] POST /mifs/.;/services/LogService => generated 2167 bytes in 2 msecs (HTTP/1.1 404) 6 headers in 186 bytes (1 switches on core 1)
Not Found: /favicon.ico
[pid: 329816|app: 0|req: 1250/1250] 18.130.0.45 () {36 vars in 464 bytes} [Thu Jun 29 13:40:39 2023] GET /favicon.ico => generated 2112 bytes in 2 msecs (HTTP/1.1 404) 6 headers in 186 bytes (1 switches on core 0)
Not Found: /favicon.ico
[pid: 329816|app: 0|req: 1251/1251] 18.130.0.45 () {36 vars in 464 bytes} [Thu Jun 29 13:42:59 2023] GET /favicon.ico => generated 2112 bytes in 2 msecs (HTTP/1.1 404) 6 headers in 186 bytes (1 switches on core 1)
Not Found: /manage/account/login
[pid: 329816|app: 0|req: 1252/1252] 18.130.0.45 () {36 vars in 482 bytes} [Thu Jun 29 13:45:08 2023] GET /manage/account/login => generated 2139 bytes in 2 msecs (HTTP/1.1 404) 6 headers in 186 bytes (1 switches on core 0)
Not Found: /manage/account/login
[pid: 329816|app: 0|req: 1253/1253] 18.130.0.45 () {36 vars in 482 bytes} [Thu Jun 29 13:47:52 2023] GET /manage/account/login => generated 2139 bytes in 2 msecs (HTTP/1.1 404) 6 headers in 186 bytes (1 switches on core 1)
[pid: 329816|app: 0|req: 1254/1254] 18.130.0.45 () {36 vars in 474 bytes} [Thu Jun 29 13:50:13 2023] GET /admin/index.html => generated 0 bytes in 36 msecs (HTTP/1.1 302) 9 headers in 362 bytes (1 switches on core 0)
[pid: 329816|app: 0|req: 1255/1255] 18.130.0.45 () {36 vars in 474 bytes} [Thu Jun 29 13:52:56 2023] GET /admin/index.html => generated 0 bytes in 1 msecs (HTTP/1.1 302) 9 headers in 362 bytes (1 switches on core 1)
Not Found: /index.html
[pid: 329816|app: 0|req: 1256/1256] 18.130.0.45 () {36 vars in 462 bytes} [Thu Jun 29 13:55:08 2023] GET /index.html => generated 2109 bytes in 2 msecs (HTTP/1.1 404) 6 headers in 186 bytes (1 switches on core 0)
Not Found: /index.html
[pid: 329816|app: 0|req: 1257/1257] 18.130.0.45 () {36 vars in 462 bytes} [Thu Jun 29 13:58:04 2023] GET /index.html => generated 2109 bytes in 2 msecs (HTTP/1.1 404) 6 headers in 186 bytes (1 switches on core 1)
Not Found: /+CSCOE+/logon.html
[pid: 329816|app: 0|req: 1258/1258] 18.130.0.45 () {36 vars in 478 bytes} [Thu Jun 29 14:00:39 2023] GET /+CSCOE+/logon.html => generated 2133 bytes in 2 msecs (HTTP/1.1 404) 6 headers in 186 bytes (1 switches on core 0)
Not Found: /+CSCOE+/logon.html
[pid: 329816|app: 0|req: 1259/1259] 18.130.0.45 () {36 vars in 478 bytes} [Thu Jun 29 14:03:09 2023] GET /+CSCOE+/logon.html => generated 2133 bytes in 2 msecs (HTTP/1.1 404) 6 headers in 186 bytes (1 switches on core 1)
Not Found: /cgi-bin/login.cgi
[pid: 329816|app: 0|req: 1260/1260] 18.130.0.45 () {36 vars in 476 bytes} [Thu Jun 29 14:05:19 2023] GET /cgi-bin/login.cgi => generated 2130 bytes in 2 msecs (HTTP/1.1 404) 6 headers in 186 bytes (1 switches on core 0)
Not Found: /cgi-bin/login.cgi
[pid: 329816|app: 0|req: 1261/1261] 18.130.0.45 () {36 vars in 476 bytes} [Thu Jun 29 14:06:56 2023] GET /cgi-bin/login.cgi => generated 2130 bytes in 2 msecs (HTTP/1.1 404) 6 headers in 186 bytes (1 switches on core 1)
Not Found: /
[pid: 329816|app: 0|req: 1262/1262] 18.130.0.45 () {36 vars in 442 bytes} [Thu Jun 29 14:08:26 2023] GET / => generated 2061 bytes in 2 msecs (HTTP/1.1 404) 6 headers in 186 bytes (1 switches on core 0)
Not Found: /console/
[pid: 329816|app: 0|req: 1263/1263] 83.97.73.89 () {36 vars in 527 bytes} [Thu Jun 29 14:21:03 2023] GET /console/ => generated 2107 bytes in 2 msecs (HTTP/1.1 404) 6 headers in 186 bytes (1 switches on core 1)
Not Found: /owa/auth/logon.aspx
[pid: 329816|app: 0|req: 1264/1264] 107.170.243.22 () {36 vars in 505 bytes} [Thu Jun 29 14:23:04 2023] GET /owa/auth/logon.aspx?url=https%3a%2f%2f1%2fecp%2f => generated 2165 bytes in 2 msecs (HTTP/1.1 404) 6 headers in 186 bytes (1 switches on core 0)
Not Found: /
[pid: 329816|app: 0|req: 1265/1265] 128.1.248.26 () {36 vars in 502 bytes} [Thu Jun 29 15:05:00 2023] GET / => generated 2061 bytes in 2 msecs (HTTP/1.1 404) 6 headers in 186 bytes (1 switches on core 1)
Not Found: /
[pid: 329816|app: 0|req: 1266/1266] 83.97.73.89 () {36 vars in 511 bytes} [Thu Jun 29 15:39:59 2023] GET / => generated 2065 bytes in 2 msecs (HTTP/1.1 404) 6 headers in 186 bytes (1 switches on core 0)
Not Found: /
[pid: 329816|app: 0|req: 1267/1267] 104.200.144.73 () {38 vars in 510 bytes} [Thu Jun 29 16:27:33 2023] GET / => generated 2061 bytes in 2 msecs (HTTP/1.1 404) 6 headers in 186 bytes (1 switches on core 1)
Not Found: /actuator/gateway/routes
[pid: 329816|app: 0|req: 1268/1268] 83.97.73.89 () {36 vars in 557 bytes} [Thu Jun 29 17:15:45 2023] GET /actuator/gateway/routes => generated 2152 bytes in 2 msecs (HTTP/1.1 404) 6 headers in 186 bytes (1 switches on core 0)
Not Found: /
[pid: 329816|app: 0|req: 1269/1269] 1.83.125.151 () {34 vars in 467 bytes} [Thu Jun 29 17:55:27 2023] GET / => generated 2061 bytes in 2 msecs (HTTP/1.1 404) 6 headers in 186 bytes (1 switches on core 1)
Not Found: /.git/config
[pid: 329816|app: 0|req: 1270/1270] 193.32.162.159 () {38 vars in 531 bytes} [Thu Jun 29 21:27:24 2023] GET /.git/config => generated 2112 bytes in 2 msecs (HTTP/1.1 404) 6 headers in 186 bytes (1 switches on core 0)
Not Found: /.env
[pid: 329816|app: 0|req: 1271/1271] 109.237.98.226 () {38 vars in 540 bytes} [Thu Jun 29 21:27:49 2023] GET /.env => generated 2091 bytes in 2 msecs (HTTP/1.1 404) 6 headers in 186 bytes (1 switches on core 1)
Not Found: /favicon.ico
[pid: 329816|app: 0|req: 1272/1272] 45.156.128.7 () {36 vars in 524 bytes} [Thu Jun 29 22:06:00 2023] GET /favicon.ico => generated 2112 bytes in 2 msecs (HTTP/1.1 404) 6 headers in 186 bytes (1 switches on core 0)
Not Found: /actuator/health
[pid: 329816|app: 0|req: 1273/1273] 192.241.206.81 () {36 vars in 440 bytes} [Thu Jun 29 22:50:03 2023] GET /actuator/health => generated 2124 bytes in 3 msecs (HTTP/1.1 404) 6 headers in 186 bytes (1 switches on core 1)
Not Found: /
[pid: 329816|app: 0|req: 1274/1274] 128.1.248.26 () {36 vars in 502 bytes} [Thu Jun 29 23:07:08 2023] GET / => generated 2061 bytes in 2 msecs (HTTP/1.1 404) 6 headers in 186 bytes (1 switches on core 0)
Not Found: /showLogin.cc
[pid: 329816|app: 0|req: 1275/1275] 128.1.248.26 () {36 vars in 526 bytes} [Thu Jun 29 23:07:14 2023] GET /showLogin.cc => generated 2115 bytes in 2 msecs (HTTP/1.1 404) 6 headers in 186 bytes (1 switches on core 1)
Not Found: /
[pid: 329816|app: 0|req: 1276/1276] 103.149.192.85 () {36 vars in 504 bytes} [Thu Jun 29 23:17:33 2023] GET / => generated 2061 bytes in 2 msecs (HTTP/1.1 404) 6 headers in 186 bytes (1 switches on core 0)
Not Found: /
[pid: 329816|app: 0|req: 1277/1277] 118.123.105.85 () {30 vars in 358 bytes} [Fri Jun 30 00:14:51 2023] GET / => generated 2060 bytes in 2 msecs (HTTP/1.0 404) 6 headers in 186 bytes (1 switches on core 1)
Not Found: /favicon.ico
[pid: 329816|app: 0|req: 1278/1278] 118.123.105.85 () {36 vars in 561 bytes} [Fri Jun 30 00:14:51 2023] GET /favicon.ico => generated 2112 bytes in 2 msecs (HTTP/1.1 404) 6 headers in 186 bytes (1 switches on core 0)
Not Found: /robots.txt
[pid: 329816|app: 0|req: 1279/1279] 118.123.105.85 () {36 vars in 559 bytes} [Fri Jun 30 00:14:51 2023] GET /robots.txt => generated 2109 bytes in 2 msecs (HTTP/1.1 404) 6 headers in 186 bytes (1 switches on core 1)
Not Found: /.well-known/security.txt
[pid: 329816|app: 0|req: 1280/1280] 118.123.105.85 () {36 vars in 587 bytes} [Fri Jun 30 00:14:52 2023] GET /.well-known/security.txt => generated 2151 bytes in 2 msecs (HTTP/1.1 404) 6 headers in 186 bytes (1 switches on core 0)
Not Found: /
[pid: 329816|app: 0|req: 1281/1281] 205.210.31.164 () {32 vars in 616 bytes} [Fri Jun 30 00:55:51 2023] GET / => generated 2065 bytes in 2 msecs (HTTP/1.1 404) 6 headers in 186 bytes (1 switches on core 1)
Not Found: /2Smj
[pid: 329816|app: 0|req: 1282/1282] 148.153.45.234 () {36 vars in 488 bytes} [Fri Jun 30 02:15:33 2023] GET /2Smj => generated 2095 bytes in 2 msecs (HTTP/1.1 404) 6 headers in 186 bytes (1 switches on core 0)
Not Found: /XKvD
[pid: 329816|app: 0|req: 1283/1283] 148.153.45.234 () {36 vars in 488 bytes} [Fri Jun 30 02:15:35 2023] GET /XKvD => generated 2095 bytes in 2 msecs (HTTP/1.1 404) 6 headers in 186 bytes (1 switches on core 1)
Not Found: /aab8
[pid: 329816|app: 0|req: 1284/1284] 148.153.45.234 () {36 vars in 488 bytes} [Fri Jun 30 02:15:35 2023] GET /aab8 => generated 2095 bytes in 2 msecs (HTTP/1.1 404) 6 headers in 186 bytes (1 switches on core 0)
Not Found: /jquery-3.3.1.slim.min.js
[pid: 329816|app: 0|req: 1285/1285] 148.153.45.234 () {36 vars in 528 bytes} [Fri Jun 30 02:15:37 2023] GET /jquery-3.3.1.slim.min.js => generated 2155 bytes in 2 msecs (HTTP/1.1 404) 6 headers in 186 bytes (1 switches on core 1)
Not Found: /aab9
[pid: 329816|app: 0|req: 1286/1286] 148.153.45.234 () {36 vars in 488 bytes} [Fri Jun 30 02:15:38 2023] GET /aab9 => generated 2095 bytes in 2 msecs (HTTP/1.1 404) 6 headers in 186 bytes (1 switches on core 0)
Not Found: /jquery-3.3.2.slim.min.js
[pid: 329816|app: 0|req: 1287/1287] 148.153.45.234 () {36 vars in 528 bytes} [Fri Jun 30 02:15:38 2023] GET /jquery-3.3.2.slim.min.js => generated 2155 bytes in 2 msecs (HTTP/1.1 404) 6 headers in 186 bytes (1 switches on core 1)
Not Found: /version
[pid: 329816|app: 0|req: 1288/1288] 198.199.98.123 () {36 vars in 424 bytes} [Fri Jun 30 03:15:36 2023] GET /version => generated 2100 bytes in 2 msecs (HTTP/1.1 404) 6 headers in 186 bytes (1 switches on core 0)
Not Found: /ab2g
[pid: 329816|app: 0|req: 1289/1289] 64.227.128.155 () {36 vars in 418 bytes} [Fri Jun 30 03:52:29 2023] GET /ab2g => generated 2091 bytes in 2 msecs (HTTP/1.1 404) 6 headers in 186 bytes (1 switches on core 1)
Not Found: /ab2h
[pid: 329816|app: 0|req: 1290/1290] 64.227.128.155 () {36 vars in 418 bytes} [Fri Jun 30 03:52:31 2023] GET /ab2h => generated 2091 bytes in 3 msecs (HTTP/1.1 404) 6 headers in 186 bytes (1 switches on core 0)
Not Found: /
[pid: 329816|app: 0|req: 1291/1291] 64.227.128.155 () {36 vars in 500 bytes} [Fri Jun 30 03:52:36 2023] GET / => generated 2061 bytes in 2 msecs (HTTP/1.1 404) 6 headers in 186 bytes (1 switches on core 1)
Not Found: /t4
[pid: 329816|app: 0|req: 1292/1292] 64.227.128.155 () {36 vars in 404 bytes} [Fri Jun 30 03:52:39 2023] GET /t4 => generated 2085 bytes in 2 msecs (HTTP/1.1 404) 6 headers in 186 bytes (1 switches on core 0)
Not Found: /
[pid: 329816|app: 0|req: 1293/1293] 167.94.146.60 () {30 vars in 327 bytes} [Fri Jun 30 04:19:30 2023] GET / => generated 2065 bytes in 2 msecs (HTTP/1.1 404) 6 headers in 186 bytes (1 switches on core 1)
Not Found: /
[pid: 329816|app: 0|req: 1294/1294] 167.94.146.60 () {36 vars in 458 bytes} [Fri Jun 30 04:19:31 2023] GET / => generated 2061 bytes in 2 msecs (HTTP/1.1 404) 6 headers in 186 bytes (1 switches on core 0)
Not Found: /
[pid: 329816|app: 0|req: 1295/1295] 34.78.249.41 () {44 vars in 578 bytes} [Fri Jun 30 05:25:39 2023] GET / => generated 2061 bytes in 2 msecs (HTTP/1.1 404) 6 headers in 186 bytes (1 switches on core 1)
Not Found: /
[pid: 329816|app: 0|req: 1296/1296] 156.146.55.163 () {44 vars in 833 bytes} [Fri Jun 30 05:29:41 2023] GET / => generated 2061 bytes in 2 msecs (HTTP/1.1 404) 6 headers in 181 bytes (1 switches on core 0)
Not Found: /
[pid: 329816|app: 0|req: 1297/1297] 156.146.55.163 () {42 vars in 804 bytes} [Fri Jun 30 05:29:41 2023] GET / => generated 2061 bytes in 2 msecs (HTTP/1.1 404) 6 headers in 181 bytes (1 switches on core 1)
Not Found: /
[pid: 329816|app: 0|req: 1298/1298] 156.146.55.163 () {42 vars in 804 bytes} [Fri Jun 30 05:29:41 2023] GET / => generated 2061 bytes in 2 msecs (HTTP/1.1 404) 6 headers in 181 bytes (1 switches on core 0)
Not Found: /
[pid: 329816|app: 0|req: 1299/1299] 113.125.155.226 () {28 vars in 301 bytes} [Fri Jun 30 06:04:27 2023] OPTIONS / => generated 2064 bytes in 2 msecs (HTTP/1.0 404) 6 headers in 186 bytes (1 switches on core 1)
Not Found: /
[pid: 329816|app: 0|req: 1300/1300] 113.125.155.226 () {38 vars in 482 bytes} [Fri Jun 30 06:04:49 2023] GET / => generated 2061 bytes in 2 msecs (HTTP/1.1 404) 6 headers in 186 bytes (1 switches on core 0)
Not Found: /
[pid: 329816|app: 0|req: 1301/1301] 83.97.73.89 () {36 vars in 511 bytes} [Fri Jun 30 08:04:53 2023] GET / => generated 2065 bytes in 2 msecs (HTTP/1.1 404) 6 headers in 186 bytes (1 switches on core 1)
Not Found: /
[pid: 329816|app: 0|req: 1302/1302] 65.49.20.66 () {36 vars in 510 bytes} [Fri Jun 30 08:45:07 2023] GET / => generated 2061 bytes in 2 msecs (HTTP/1.1 404) 6 headers in 186 bytes (1 switches on core 0)
Not Found: /Autodiscover/Autodiscover.xml
[pid: 329816|app: 0|req: 1303/1303] 83.97.73.89 () {40 vars in 650 bytes} [Fri Jun 30 08:49:20 2023] POST /Autodiscover/Autodiscover.xml => generated 2171 bytes in 2 msecs (HTTP/1.1 404) 6 headers in 186 bytes (1 switches on core 1)
Not Found: /favicon.ico
[pid: 329816|app: 0|req: 1304/1304] 65.49.20.66 () {36 vars in 528 bytes} [Fri Jun 30 08:51:06 2023] GET /favicon.ico => generated 2112 bytes in 2 msecs (HTTP/1.1 404) 6 headers in 186 bytes (1 switches on core 0)
Not Found: /dns-query
[pid: 329816|app: 0|req: 1305/1305] 65.49.20.66 () {36 vars in 572 bytes} [Fri Jun 30 08:52:24 2023] GET /dns-query?name=dnsscan.shadowserver.org&type=A => generated 2147 bytes in 2 msecs (HTTP/1.1 404) 6 headers in 186 bytes (1 switches on core 1)
Not Found: /
[pid: 329816|app: 0|req: 1306/1306] 65.49.20.66 () {36 vars in 509 bytes} [Fri Jun 30 08:52:43 2023] GET / => generated 2061 bytes in 2 msecs (HTTP/1.1 404) 6 headers in 186 bytes (1 switches on core 0)
Not Found: /geoserver/web/
[pid: 329816|app: 0|req: 1307/1307] 65.49.20.66 () {36 vars in 531 bytes} [Fri Jun 30 08:54:36 2023] GET /geoserver/web/ => generated 2121 bytes in 2 msecs (HTTP/1.1 404) 6 headers in 186 bytes (1 switches on core 1)
Not Found: /.git/config
[pid: 329816|app: 0|req: 1308/1308] 65.49.20.66 () {36 vars in 509 bytes} [Fri Jun 30 08:54:59 2023] GET /.git/config => generated 2112 bytes in 2 msecs (HTTP/1.1 404) 6 headers in 186 bytes (1 switches on core 0)
Not Found: /ab2g
[pid: 329816|app: 0|req: 1309/1309] 161.35.152.163 () {36 vars in 418 bytes} [Fri Jun 30 09:07:49 2023] GET /ab2g => generated 2091 bytes in 2 msecs (HTTP/1.1 404) 6 headers in 186 bytes (1 switches on core 1)
Not Found: /ab2h
[pid: 329816|app: 0|req: 1310/1310] 161.35.152.163 () {36 vars in 418 bytes} [Fri Jun 30 09:07:50 2023] GET /ab2h => generated 2091 bytes in 2 msecs (HTTP/1.1 404) 6 headers in 186 bytes (1 switches on core 0)
Not Found: /
[pid: 329816|app: 0|req: 1311/1311] 161.35.152.163 () {36 vars in 500 bytes} [Fri Jun 30 09:07:59 2023] GET / => generated 2061 bytes in 2 msecs (HTTP/1.1 404) 6 headers in 186 bytes (1 switches on core 1)
Not Found: /t4
[pid: 329816|app: 0|req: 1312/1312] 161.35.152.163 () {36 vars in 404 bytes} [Fri Jun 30 09:08:02 2023] GET /t4 => generated 2085 bytes in 2 msecs (HTTP/1.1 404) 6 headers in 186 bytes (1 switches on core 0)
Not Found: /favicon.ico
[pid: 329816|app: 0|req: 1313/1313] 161.35.152.163 () {36 vars in 522 bytes} [Fri Jun 30 09:08:04 2023] GET /favicon.ico => generated 2112 bytes in 2 msecs (HTTP/1.1 404) 6 headers in 186 bytes (1 switches on core 1)
Not Found: /
[pid: 329816|app: 0|req: 1314/1314] 161.35.152.163 () {40 vars in 582 bytes} [Fri Jun 30 09:08:06 2023] GET / => generated 2061 bytes in 2 msecs (HTTP/1.1 404) 6 headers in 186 bytes (1 switches on core 0)
Not Found: /
[pid: 329816|app: 0|req: 1315/1315] 220.94.228.163 () {36 vars in 500 bytes} [Fri Jun 30 09:43:18 2023] GET / => generated 2061 bytes in 2 msecs (HTTP/1.1 404) 6 headers in 186 bytes (1 switches on core 1)
Not Found: /autodiscover/autodiscover.json
[pid: 329816|app: 0|req: 1316/1316] 79.124.59.86 () {40 vars in 747 bytes} [Fri Jun 30 10:00:09 2023] GET /autodiscover/autodiscover.json?@test.com/owa/?&Email=autodiscover/autodiscover.json%3F@test.com => generated 2238 bytes in 2 msecs (HTTP/1.1 404) 6 headers in 181 bytes (1 switches on core 0)
Not Found: /autodiscover/autodiscover.json
[pid: 329816|app: 0|req: 1317/1317] 79.124.59.86 () {40 vars in 738 bytes} [Fri Jun 30 10:00:10 2023] GET /autodiscover/autodiscover.json?@test.com/mapi/nspi/?&Email=autodiscover/autodiscover.json%3F@test.com => generated 2244 bytes in 2 msecs (HTTP/1.1 404) 6 headers in 181 bytes (1 switches on core 1)
Not Found: /
[pid: 329816|app: 0|req: 1318/1318] 64.225.10.185 () {38 vars in 485 bytes} [Fri Jun 30 10:05:33 2023] GET / => generated 2061 bytes in 2 msecs (HTTP/1.1 404) 6 headers in 186 bytes (1 switches on core 0)
Not Found: /favicon.ico
[pid: 329816|app: 0|req: 1319/1319] 64.225.10.185 () {46 vars in 639 bytes} [Fri Jun 30 10:05:34 2023] GET /favicon.ico => generated 2112 bytes in 2 msecs (HTTP/1.1 404) 6 headers in 186 bytes (1 switches on core 1)
Not Found: /
[pid: 329816|app: 0|req: 1320/1320] 88.80.186.6 () {36 vars in 469 bytes} [Fri Jun 30 11:00:03 2023] GET / => generated 2061 bytes in 2 msecs (HTTP/1.1 404) 6 headers in 186 bytes (1 switches on core 0)
Not Found: /vendor/phpunit/phpunit/src/Util/PHP/eval-stdin.php
[pid: 329816|app: 0|req: 1321/1321] 83.97.73.89 () {38 vars in 638 bytes} [Fri Jun 30 11:07:01 2023] GET /vendor/phpunit/phpunit/src/Util/PHP/eval-stdin.php => generated 2233 bytes in 2 msecs (HTTP/1.1 404) 6 headers in 186 bytes (1 switches on core 1)
Not Found: /
[pid: 329816|app: 0|req: 1322/1322] 20.203.40.116 () {38 vars in 539 bytes} [Fri Jun 30 12:07:37 2023] GET / => generated 2065 bytes in 2 msecs (HTTP/1.1 404) 6 headers in 186 bytes (1 switches on core 0)
-------------------------
-------------------------
Internal Server Error: /myApp/question/recommend/
Traceback (most recent call last):
  File "/root/anaconda3/envs/software/lib/python3.9/site-packages/django/core/handlers/exception.py", line 47, in inner
    response = get_response(request)
  File "/root/anaconda3/envs/software/lib/python3.9/site-packages/django/core/handlers/base.py", line 181, in _get_response
    response = wrapped_callback(request, *callback_args, **callback_kwargs)
  File "/home/ourProject/soft-ware-project/./myApp/views.py", line 293, in recommend_question
    uid = int(request.GET.get('uid'))
TypeError: int() argument must be a string, a bytes-like object or a number, not 'NoneType'
[pid: 329816|app: 0|req: 1324/1323] 223.104.40.141 () {42 vars in 965 bytes} [Fri Jun 30 12:10:56 2023] GET /myApp/question/recommend/?tags=%5B%5D => generated 53660 bytes in 33 msecs (HTTP/1.1 500) 6 headers in 207 bytes (1 switches on core 1)
Internal Server Error: /myApp/question/recommend/
Traceback (most recent call last):
  File "/root/anaconda3/envs/software/lib/python3.9/site-packages/django/core/handlers/exception.py", line 47, in inner
    response = get_response(request)
  File "/root/anaconda3/envs/software/lib/python3.9/site-packages/django/core/handlers/base.py", line 181, in _get_response
    response = wrapped_callback(request, *callback_args, **callback_kwargs)
  File "/home/ourProject/soft-ware-project/./myApp/views.py", line 293, in recommend_question
    uid = int(request.GET.get('uid'))
TypeError: int() argument must be a string, a bytes-like object or a number, not 'NoneType'
[pid: 329816|app: 0|req: 1325/1324] 223.104.40.141 () {42 vars in 965 bytes} [Fri Jun 30 12:10:56 2023] GET /myApp/question/recommend/?tags=%5B%5D => generated 53660 bytes in 36 msecs (HTTP/1.1 500) 6 headers in 207 bytes (1 switches on core 0)
otjFq5WU3S5Fx7mHdini-yjwDQ38
['情感', 'TD', '航学', '好物']
[]
[84, 129, 124, 8]
[pid: 329816|app: 0|req: 1325/1325] 223.104.40.141 () {42 vars in 1005 bytes} [Fri Jun 30 12:10:56 2023] GET /myApp/user/profile/?code=0f1CK9Ha1QF9yF0iIQIa126WfO3CK9HS => generated 538 bytes in 209 msecs (HTTP/1.1 200) 6 headers in 185 bytes (1 switches on core 1)
[pid: 329816|app: 0|req: 1326/1326] 223.104.40.141 () {42 vars in 947 bytes} [Fri Jun 30 12:11:13 2023] GET /myApp/user/questions/?uid=11 => generated 25602 bytes in 36 msecs (HTTP/1.1 200) 6 headers in 187 bytes (1 switches on core 0)
[pid: 329816|app: 0|req: 1327/1327] 223.104.40.141 () {42 vars in 943 bytes} [Fri Jun 30 12:11:17 2023] GET /myApp/user/answers/?uid=11 => generated 2964 bytes in 12 msecs (HTTP/1.1 200) 6 headers in 186 bytes (1 switches on core 1)
-------------------------
Internal Server Error: /myApp/question/recommend/
Traceback (most recent call last):
  File "/root/anaconda3/envs/software/lib/python3.9/site-packages/django/core/handlers/exception.py", line 47, in inner
    response = get_response(request)
  File "/root/anaconda3/envs/software/lib/python3.9/site-packages/django/core/handlers/base.py", line 181, in _get_response
    response = wrapped_callback(request, *callback_args, **callback_kwargs)
  File "/home/ourProject/soft-ware-project/./myApp/views.py", line 293, in recommend_question
    uid = int(request.GET.get('uid'))
TypeError: int() argument must be a string, a bytes-like object or a number, not 'NoneType'
[pid: 329816|app: 0|req: 1328/1328] 223.104.40.141 () {42 vars in 1143 bytes} [Fri Jun 30 12:11:43 2023] GET /myApp/question/recommend/?tags=%5B%22%E6%83%85%E6%84%9F%22%2C%22TD%22%2C%22%E8%88%AA%E5%AD%A6%22%2C%22%E5%A5%BD%E7%89%A9%22%5D => generated 54354 bytes in 15 msecs (HTTP/1.1 500) 6 headers in 207 bytes (1 switches on core 0)
-----in hot----
[pid: 329816|app: 0|req: 1329/1329] 223.104.40.141 () {42 vars in 930 bytes} [Fri Jun 30 12:11:45 2023] GET /myApp/question/hot/ => generated 5330 bytes in 11 msecs (HTTP/1.1 200) 6 headers in 186 bytes (1 switches on core 1)
[pid: 329816|app: 0|req: 1330/1330] 223.104.40.141 () {42 vars in 1009 bytes} [Fri Jun 30 12:11:49 2023] GET /myApp/question/sort/?tag=%E4%BF%9D%E7%A0%94&sortBy=ClikeNum => generated 12 bytes in 3 msecs (HTTP/1.1 200) 6 headers in 184 bytes (1 switches on core 0)
[pid: 329816|app: 0|req: 1331/1331] 223.104.40.141 () {42 vars in 1009 bytes} [Fri Jun 30 12:11:51 2023] GET /myApp/question/sort/?tag=%E6%B1%82%E8%81%8C&sortBy=ClikeNum => generated 3821 bytes in 8 msecs (HTTP/1.1 200) 6 headers in 186 bytes (1 switches on core 1)
----------This is search_question------
searchword:赶紧去
sortBy:LikeNum
[pid: 329816|app: 0|req: 1332/1332] 223.104.40.141 () {42 vars in 1043 bytes} [Fri Jun 30 12:11:57 2023] GET /myApp/question/search/?searchword=%E8%B5%B6%E7%B4%A7%E5%8E%BB&sortBy=LikeNum => generated 12 bytes in 4 msecs (HTTP/1.1 200) 6 headers in 184 bytes (1 switches on core 0)
----------This is search_question------
searchword:票
sortBy:LikeNum
[pid: 329816|app: 0|req: 1333/1333] 223.104.40.141 () {42 vars in 1007 bytes} [Fri Jun 30 12:12:03 2023] GET /myApp/question/search/?searchword=%E7%A5%A8&sortBy=LikeNum => generated 5811 bytes in 11 msecs (HTTP/1.1 200) 6 headers in 186 bytes (1 switches on core 1)
----------This is search_question------
searchword:票
sortBy:AnswersNum
[pid: 329816|app: 0|req: 1334/1334] 223.104.40.141 () {42 vars in 1013 bytes} [Fri Jun 30 12:12:08 2023] GET /myApp/question/search/?searchword=%E7%A5%A8&sortBy=AnswersNum => generated 5811 bytes in 11 msecs (HTTP/1.1 200) 6 headers in 186 bytes (1 switches on core 0)
into
-----qid----------
52
[pid: 329816|app: 0|req: 1335/1335] 223.104.40.141 () {42 vars in 945 bytes} [Fri Jun 30 12:12:11 2023] GET /myApp/question/show/?qid=52 => generated 36 bytes in 10 msecs (HTTP/1.1 200) 6 headers in 184 bytes (1 switches on core 1)
into
-----qid----------
52
[pid: 329816|app: 0|req: 1336/1336] 223.104.40.141 () {42 vars in 945 bytes} [Fri Jun 30 12:12:11 2023] GET /myApp/question/show/?qid=52 => generated 36 bytes in 9 msecs (HTTP/1.1 200) 6 headers in 184 bytes (1 switches on core 0)
----------This is search_question------
searchword:票
sortBy:AnswersNum
[pid: 329816|app: 0|req: 1337/1337] 223.104.40.141 () {42 vars in 1013 bytes} [Fri Jun 30 12:12:13 2023] GET /myApp/question/search/?searchword=%E7%A5%A8&sortBy=AnswersNum => generated 5811 bytes in 12 msecs (HTTP/1.1 200) 6 headers in 186 bytes (1 switches on core 1)
[pid: 329816|app: 0|req: 1339/1338] 223.104.40.141 () {42 vars in 1009 bytes} [Fri Jun 30 12:12:13 2023] GET /myApp/question/sort/?tag=%E6%B1%82%E8%81%8C&sortBy=ClikeNum => generated 3821 bytes in 12 msecs (HTTP/1.1 200) 6 headers in 186 bytes (1 switches on core 0)
[pid: 329816|app: 0|req: 1339/1339] 223.104.40.141 () {42 vars in 1009 bytes} [Fri Jun 30 12:12:13 2023] GET /myApp/question/sort/?tag=%E6%B1%82%E8%81%8C&sortBy=ClikeNum => generated 3821 bytes in 15 msecs (HTTP/1.1 200) 6 headers in 186 bytes (1 switches on core 1)
-------------------------
Internal Server Error: /myApp/question/recommend/
Traceback (most recent call last):
  File "/root/anaconda3/envs/software/lib/python3.9/site-packages/django/core/handlers/exception.py", line 47, in inner
    response = get_response(request)
  File "/root/anaconda3/envs/software/lib/python3.9/site-packages/django/core/handlers/base.py", line 181, in _get_response
    response = wrapped_callback(request, *callback_args, **callback_kwargs)
  File "/home/ourProject/soft-ware-project/./myApp/views.py", line 293, in recommend_question
    uid = int(request.GET.get('uid'))
TypeError: int() argument must be a string, a bytes-like object or a number, not 'NoneType'
[pid: 329816|app: 0|req: 1340/1340] 223.104.40.141 () {42 vars in 1143 bytes} [Fri Jun 30 12:12:15 2023] GET /myApp/question/recommend/?tags=%5B%22%E6%83%85%E6%84%9F%22%2C%22TD%22%2C%22%E8%88%AA%E5%AD%A6%22%2C%22%E5%A5%BD%E7%89%A9%22%5D => generated 54354 bytes in 16 msecs (HTTP/1.1 500) 6 headers in 207 bytes (1 switches on core 0)
[pid: 329816|app: 0|req: 1341/1341] 223.104.40.141 () {42 vars in 1009 bytes} [Fri Jun 30 12:12:18 2023] GET /myApp/question/sort/?tag=%E6%B1%82%E8%81%8C&sortBy=ClikeNum => generated 3821 bytes in 8 msecs (HTTP/1.1 200) 6 headers in 186 bytes (1 switches on core 1)
[pid: 329816|app: 0|req: 1342/1342] 223.104.40.141 () {42 vars in 1009 bytes} [Fri Jun 30 12:12:18 2023] GET /myApp/question/sort/?tag=%E8%80%83%E7%A0%94&sortBy=ClikeNum => generated 2401 bytes in 7 msecs (HTTP/1.1 200) 6 headers in 186 bytes (1 switches on core 0)
[pid: 329816|app: 0|req: 1344/1343] 223.104.40.141 () {42 vars in 1009 bytes} [Fri Jun 30 12:12:25 2023] GET /myApp/question/sort/?tag=%E8%80%83%E7%A0%94&sortBy=ClikeNum => generated 2401 bytes in 10 msecs (HTTP/1.1 200) 6 headers in 186 bytes (1 switches on core 0)
[pid: 329816|app: 0|req: 1344/1344] 223.104.40.141 () {42 vars in 1009 bytes} [Fri Jun 30 12:12:25 2023] GET /myApp/question/sort/?tag=%E8%80%83%E7%A0%94&sortBy=ClikeNum => generated 2401 bytes in 12 msecs (HTTP/1.1 200) 6 headers in 186 bytes (1 switches on core 1)
[pid: 329816|app: 0|req: 1345/1345] 223.104.40.141 () {42 vars in 1009 bytes} [Fri Jun 30 12:12:28 2023] GET /myApp/question/sort/?tag=%E6%B1%82%E8%81%8C&sortBy=ClikeNum => generated 3821 bytes in 9 msecs (HTTP/1.1 200) 6 headers in 186 bytes (1 switches on core 0)
[pid: 329816|app: 0|req: 1346/1346] 223.104.40.141 () {42 vars in 1009 bytes} [Fri Jun 30 12:12:29 2023] GET /myApp/question/sort/?tag=%E6%B1%82%E8%81%8C&sortBy=ClikeNum => generated 3821 bytes in 8 msecs (HTTP/1.1 200) 6 headers in 186 bytes (1 switches on core 1)
[pid: 329816|app: 0|req: 1347/1347] 223.104.40.141 () {42 vars in 1009 bytes} [Fri Jun 30 12:12:30 2023] GET /myApp/question/sort/?tag=%E8%80%83%E7%A0%94&sortBy=ClikeNum => generated 2401 bytes in 9 msecs (HTTP/1.1 200) 6 headers in 186 bytes (1 switches on core 0)
[pid: 329816|app: 0|req: 1348/1348] 223.104.40.141 () {42 vars in 1009 bytes} [Fri Jun 30 12:12:31 2023] GET /myApp/question/sort/?tag=%E4%BF%9D%E7%A0%94&sortBy=ClikeNum => generated 12 bytes in 3 msecs (HTTP/1.1 200) 6 headers in 184 bytes (1 switches on core 1)
[pid: 329816|app: 0|req: 1349/1349] 223.104.40.141 () {42 vars in 1009 bytes} [Fri Jun 30 12:12:32 2023] GET /myApp/question/sort/?tag=%E6%8C%87%E5%8D%97&sortBy=ClikeNum => generated 17960 bytes in 26 msecs (HTTP/1.1 200) 6 headers in 187 bytes (1 switches on core 0)
[pid: 329816|app: 0|req: 1350/1350] 223.104.40.141 () {42 vars in 1009 bytes} [Fri Jun 30 12:12:33 2023] GET /myApp/question/sort/?tag=%E6%B4%BB%E5%8A%A8&sortBy=ClikeNum => generated 22167 bytes in 31 msecs (HTTP/1.1 200) 6 headers in 187 bytes (1 switches on core 1)
[pid: 329816|app: 0|req: 1351/1351] 223.104.40.141 () {42 vars in 1009 bytes} [Fri Jun 30 12:12:34 2023] GET /myApp/question/sort/?tag=%E5%A4%B1%E6%8B%9B&sortBy=ClikeNum => generated 1644 bytes in 6 msecs (HTTP/1.1 200) 6 headers in 186 bytes (1 switches on core 0)
-----in hot----
[pid: 329816|app: 0|req: 1352/1352] 223.104.40.141 () {42 vars in 930 bytes} [Fri Jun 30 12:12:36 2023] GET /myApp/question/hot/ => generated 5330 bytes in 11 msecs (HTTP/1.1 200) 6 headers in 186 bytes (1 switches on core 1)
-------------------------
Internal Server Error: /myApp/question/recommend/
Traceback (most recent call last):
  File "/root/anaconda3/envs/software/lib/python3.9/site-packages/django/core/handlers/exception.py", line 47, in inner
    response = get_response(request)
  File "/root/anaconda3/envs/software/lib/python3.9/site-packages/django/core/handlers/base.py", line 181, in _get_response
    response = wrapped_callback(request, *callback_args, **callback_kwargs)
  File "/home/ourProject/soft-ware-project/./myApp/views.py", line 293, in recommend_question
    uid = int(request.GET.get('uid'))
TypeError: int() argument must be a string, a bytes-like object or a number, not 'NoneType'
[pid: 329816|app: 0|req: 1353/1353] 223.104.40.141 () {42 vars in 1143 bytes} [Fri Jun 30 12:12:36 2023] GET /myApp/question/recommend/?tags=%5B%22%E6%83%85%E6%84%9F%22%2C%22TD%22%2C%22%E8%88%AA%E5%AD%A6%22%2C%22%E5%A5%BD%E7%89%A9%22%5D => generated 54354 bytes in 16 msecs (HTTP/1.1 500) 6 headers in 207 bytes (1 switches on core 0)
[pid: 329816|app: 0|req: 1354/1354] 223.104.40.141 () {42 vars in 1009 bytes} [Fri Jun 30 12:12:50 2023] GET /myApp/question/sort/?tag=%E6%B1%82%E8%81%8C&sortBy=ClikeNum => generated 3821 bytes in 8 msecs (HTTP/1.1 200) 6 headers in 186 bytes (1 switches on core 1)
-------------------------
Internal Server Error: /myApp/question/recommend/
Traceback (most recent call last):
  File "/root/anaconda3/envs/software/lib/python3.9/site-packages/django/core/handlers/exception.py", line 47, in inner
    response = get_response(request)
  File "/root/anaconda3/envs/software/lib/python3.9/site-packages/django/core/handlers/base.py", line 181, in _get_response
    response = wrapped_callback(request, *callback_args, **callback_kwargs)
  File "/home/ourProject/soft-ware-project/./myApp/views.py", line 293, in recommend_question
    uid = int(request.GET.get('uid'))
TypeError: int() argument must be a string, a bytes-like object or a number, not 'NoneType'
[pid: 329816|app: 0|req: 1355/1355] 223.104.40.141 () {42 vars in 1143 bytes} [Fri Jun 30 12:12:51 2023] GET /myApp/question/recommend/?tags=%5B%22%E6%83%85%E6%84%9F%22%2C%22TD%22%2C%22%E8%88%AA%E5%AD%A6%22%2C%22%E5%A5%BD%E7%89%A9%22%5D => generated 54354 bytes in 16 msecs (HTTP/1.1 500) 6 headers in 207 bytes (1 switches on core 0)
[pid: 329816|app: 0|req: 1356/1356] 223.104.40.141 () {42 vars in 1009 bytes} [Fri Jun 30 12:12:53 2023] GET /myApp/question/sort/?tag=%E6%B1%82%E8%81%8C&sortBy=ClikeNum => generated 3821 bytes in 8 msecs (HTTP/1.1 200) 6 headers in 186 bytes (1 switches on core 1)
-------------------------
Internal Server Error: /myApp/question/recommend/
Traceback (most recent call last):
  File "/root/anaconda3/envs/software/lib/python3.9/site-packages/django/core/handlers/exception.py", line 47, in inner
    response = get_response(request)
  File "/root/anaconda3/envs/software/lib/python3.9/site-packages/django/core/handlers/base.py", line 181, in _get_response
    response = wrapped_callback(request, *callback_args, **callback_kwargs)
  File "/home/ourProject/soft-ware-project/./myApp/views.py", line 293, in recommend_question
    uid = int(request.GET.get('uid'))
TypeError: int() argument must be a string, a bytes-like object or a number, not 'NoneType'
[pid: 329816|app: 0|req: 1357/1357] 223.104.40.141 () {42 vars in 1143 bytes} [Fri Jun 30 12:12:58 2023] GET /myApp/question/recommend/?tags=%5B%22%E6%83%85%E6%84%9F%22%2C%22TD%22%2C%22%E8%88%AA%E5%AD%A6%22%2C%22%E5%A5%BD%E7%89%A9%22%5D => generated 54354 bytes in 16 msecs (HTTP/1.1 500) 6 headers in 207 bytes (1 switches on core 0)
-------------------------
Internal Server Error: /myApp/question/recommend/
Traceback (most recent call last):
  File "/root/anaconda3/envs/software/lib/python3.9/site-packages/django/core/handlers/exception.py", line 47, in inner
    response = get_response(request)
  File "/root/anaconda3/envs/software/lib/python3.9/site-packages/django/core/handlers/base.py", line 181, in _get_response
    response = wrapped_callback(request, *callback_args, **callback_kwargs)
  File "/home/ourProject/soft-ware-project/./myApp/views.py", line 293, in recommend_question
    uid = int(request.GET.get('uid'))
TypeError: int() argument must be a string, a bytes-like object or a number, not 'NoneType'
[pid: 329816|app: 0|req: 1358/1358] 223.104.40.141 () {42 vars in 1143 bytes} [Fri Jun 30 12:13:04 2023] GET /myApp/question/recommend/?tags=%5B%22%E6%83%85%E6%84%9F%22%2C%22TD%22%2C%22%E8%88%AA%E5%AD%A6%22%2C%22%E5%A5%BD%E7%89%A9%22%5D => generated 54354 bytes in 16 msecs (HTTP/1.1 500) 6 headers in 207 bytes (1 switches on core 1)
[pid: 329816|app: 0|req: 1359/1359] 223.104.40.141 () {42 vars in 1009 bytes} [Fri Jun 30 12:13:08 2023] GET /myApp/question/sort/?tag=%E5%A5%BD%E7%89%A9&sortBy=ClikeNum => generated 10253 bytes in 18 msecs (HTTP/1.1 200) 6 headers in 187 bytes (1 switches on core 0)
into
into
-----qid----------
68
-----qid----------
68
[pid: 329816|app: 0|req: 1361/1360] 223.104.40.141 () {42 vars in 945 bytes} [Fri Jun 30 12:13:14 2023] GET /myApp/question/show/?qid=68 => generated 290 bytes in 14 msecs (HTTP/1.1 200) 6 headers in 185 bytes (1 switches on core 0)
[pid: 329816|app: 0|req: 1361/1361] 223.104.40.141 () {42 vars in 945 bytes} [Fri Jun 30 12:13:14 2023] GET /myApp/question/show/?qid=68 => generated 290 bytes in 14 msecs (HTTP/1.1 200) 6 headers in 185 bytes (1 switches on core 1)
[pid: 329816|app: 0|req: 1362/1362] 223.104.40.141 () {42 vars in 985 bytes} [Fri Jun 30 12:13:17 2023] GET /myApp/answer/like/?type=0&action=1&id=68&uid=11 => generated 500 bytes in 17 msecs (HTTP/1.1 200) 6 headers in 185 bytes (1 switches on core 0)
-------In the new_answer----------
uid:11
qid:68
anscontent: 我去！
2023-06-30 20:13:31
[pid: 329816|app: 0|req: 1363/1363] 223.104.40.141 () {42 vars in 1115 bytes} [Fri Jun 30 12:13:31 2023] GET /myApp/answer/release/?uid=11&qid=68&anscontent=%E6%88%91%E5%8E%BB%EF%BC%81&anstime=2023%2F06%2F30%2020%3A13%3A31 => generated 28 bytes in 127 msecs (HTTP/1.1 200) 6 headers in 184 bytes (1 switches on core 1)
into
-----qid----------
68
[pid: 329816|app: 0|req: 1364/1364] 223.104.40.141 () {42 vars in 945 bytes} [Fri Jun 30 12:13:31 2023] GET /myApp/question/show/?qid=68 => generated 541 bytes in 11 msecs (HTTP/1.1 200) 6 headers in 185 bytes (1 switches on core 0)
[pid: 329816|app: 0|req: 1365/1365] 223.104.40.141 () {42 vars in 985 bytes} [Fri Jun 30 12:13:35 2023] GET /myApp/answer/like/?type=1&action=1&id=26&uid=11 => generated 502 bytes in 18 msecs (HTTP/1.1 200) 6 headers in 185 bytes (1 switches on core 1)
into
-----qid----------
68
[pid: 329816|app: 0|req: 1366/1366] 223.104.40.141 () {42 vars in 945 bytes} [Fri Jun 30 12:13:35 2023] GET /myApp/question/show/?qid=68 => generated 541 bytes in 12 msecs (HTTP/1.1 200) 6 headers in 185 bytes (1 switches on core 0)
into
-----qid----------
68
[pid: 329816|app: 0|req: 1367/1367] 223.104.40.141 () {42 vars in 945 bytes} [Fri Jun 30 12:13:43 2023] GET /myApp/question/show/?qid=68 => generated 541 bytes in 12 msecs (HTTP/1.1 200) 6 headers in 185 bytes (1 switches on core 1)
[pid: 329816|app: 0|req: 1368/1368] 223.104.40.141 () {42 vars in 1009 bytes} [Fri Jun 30 12:13:45 2023] GET /myApp/question/sort/?tag=%E5%A5%BD%E7%89%A9&sortBy=ClikeNum => generated 10253 bytes in 18 msecs (HTTP/1.1 200) 6 headers in 187 bytes (1 switches on core 0)
Not Found: /
[pid: 329816|app: 0|req: 1369/1369] 35.203.211.245 () {32 vars in 616 bytes} [Fri Jun 30 12:47:02 2023] GET / => generated 2065 bytes in 2 msecs (HTTP/1.1 404) 6 headers in 186 bytes (1 switches on core 1)
Not Found: /
[pid: 329816|app: 0|req: 1370/1370] 83.97.73.89 () {36 vars in 570 bytes} [Fri Jun 30 12:56:49 2023] GET /?XDEBUG_SESSION_START=phpstorm => generated 2095 bytes in 2 msecs (HTTP/1.1 404) 6 headers in 186 bytes (1 switches on core 0)
Not Found: /mifs/.;/services/LogService
[pid: 329816|app: 0|req: 1371/1371] 83.97.73.89 () {42 vars in 697 bytes} [Fri Jun 30 13:31:40 2023] POST /mifs/.;/services/LogService => generated 2167 bytes in 2 msecs (HTTP/1.1 404) 6 headers in 186 bytes (1 switches on core 1)
Not Found: /
[pid: 329816|app: 0|req: 1372/1372] 213.32.49.132 () {40 vars in 571 bytes} [Fri Jun 30 13:45:38 2023] GET / => generated 2061 bytes in 2 msecs (HTTP/1.1 404) 6 headers in 186 bytes (1 switches on core 0)
Not Found: /owa/auth/logon.aspx
[pid: 329816|app: 0|req: 1373/1373] 198.199.105.130 () {36 vars in 506 bytes} [Fri Jun 30 14:19:30 2023] GET /owa/auth/logon.aspx?url=https%3a%2f%2f1%2fecp%2f => generated 2165 bytes in 3 msecs (HTTP/1.1 404) 6 headers in 186 bytes (1 switches on core 1)
[pid: 329816|app: 0|req: 1374/1374] 111.201.49.184 () {58 vars in 1115 bytes} [Fri Jun 30 14:37:29 2023] GET /admin/ => generated 0 bytes in 1 msecs (HTTP/1.1 302) 9 headers in 352 bytes (1 switches on core 0)
[pid: 329816|app: 0|req: 1375/1375] 111.201.49.184 () {58 vars in 1152 bytes} [Fri Jun 30 14:37:29 2023] GET /admin/login/?next=/admin/ => generated 4054 bytes in 16 msecs (HTTP/1.1 200) 9 headers in 482 bytes (1 switches on core 1)
Not Found: /favicon.ico
[pid: 329816|app: 0|req: 1376/1376] 111.201.49.184 () {56 vars in 1061 bytes} [Fri Jun 30 14:37:30 2023] GET /favicon.ico => generated 2111 bytes in 2 msecs (HTTP/1.1 404) 6 headers in 186 bytes (1 switches on core 0)
[pid: 329816|app: 0|req: 1377/1377] 111.201.49.184 () {68 vars in 1408 bytes} [Fri Jun 30 14:37:31 2023] POST /admin/login/?next=/admin/ => generated 0 bytes in 173 msecs (HTTP/1.1 302) 11 headers in 646 bytes (1 switches on core 1)
[pid: 329816|app: 0|req: 1378/1378] 111.201.49.184 () {62 vars in 1261 bytes} [Fri Jun 30 14:37:31 2023] GET /admin/ => generated 20780 bytes in 25 msecs (HTTP/1.1 200) 9 headers in 460 bytes (1 switches on core 0)
[pid: 329816|app: 0|req: 1379/1379] 111.201.49.184 () {60 vars in 1239 bytes} [Fri Jun 30 14:37:35 2023] GET /admin/myApp/question/ => generated 146645 bytes in 157 msecs (HTTP/1.1 200) 9 headers in 484 bytes (1 switches on core 1)
[pid: 329816|app: 0|req: 1380/1380] 111.201.49.184 () {56 vars in 1045 bytes} [Fri Jun 30 14:37:35 2023] GET /admin/jsi18n/ => generated 8398 bytes in 5 msecs (HTTP/1.1 200) 6 headers in 210 bytes (1 switches on core 0)
Not Found: /
[pid: 329816|app: 0|req: 1381/1381] 192.241.201.8 () {36 vars in 409 bytes} [Fri Jun 30 14:41:39 2023] GET / => generated 2061 bytes in 2 msecs (HTTP/1.1 404) 6 headers in 186 bytes (1 switches on core 1)
Not Found: /console/
[pid: 329816|app: 0|req: 1382/1382] 83.97.73.89 () {36 vars in 527 bytes} [Fri Jun 30 14:54:11 2023] GET /console/ => generated 2107 bytes in 43 msecs (HTTP/1.1 404) 6 headers in 186 bytes (1 switches on core 0)
